[Sun Aug  2 18:50:43 2026] [INFO] INIT: uD3TN starting up... [components/ud3tn/init.c:39]
[Sun Aug  2 18:50:43 2026] [INFO] INIT: Configured to use EID "dtn://alice.dtn/" and BPv7 [components/ud3tn/init.c:61]
[Sun Aug  2 18:50:43 2026] [WARNING] AgentManager: No AAP 2.0 secret specified - all clients can dispatch and control the FIB! [components/ud3tn/agent_manager.c:60]
[Sun Aug  2 18:50:43 2026] [INFO] BundleProcessor: BPA initialized for "dtn://alice.dtn/", status reports disabled [components/ud3tn/bundle_processor.c:258]
[Sun Aug  2 18:50:43 2026] [INFO] AgentManager: Agent for receiving ADUs registered for sink_id echo with no. 1 [components/ud3tn/agent_manager.c:227]
[Sun Aug  2 18:50:43 2026] [INFO] TCP: CLA tcpclv3 is now listening on [*]:4224 [components/cla/posix/cla_tcp_common.c:180]
[Sun Aug  2 18:50:43 2026] [INFO] AppAgent: Listening on /tmp/alice.socket [components/agents/posix/application_agent.c:668]
[Sun Aug  2 18:50:43 2026] [INFO] AAP2Agent: Listening on /tmp/alice.aap2.socket [components/aap2/aap2_agent.c:1701]
[Sun Aug  2 18:50:43 2026] [INFO] AAP2Agent: Accepted connection from UNIX Domain Socket. [components/aap2/aap2_agent.c:259]
[Sun Aug  2 18:50:43 2026] [INFO] AAP2Agent: Received request to subscribe for EID "<NULL>" + dispatch bundles. [components/aap2/aap2_agent.c:555]
[Sun Aug  2 18:50:43 2026] [INFO] AgentManager: Agent for dispatching bundles registered with no. 2 [components/ud3tn/agent_manager.c:301]
[Sun Aug  2 18:50:43 2026] [INFO] AAP2Agent: Switching control flow! [components/aap2/aap2_agent.c:676]
[Sun Aug  2 18:50:43 2026] [INFO] AAP2Agent: Accepted connection from UNIX Domain Socket. [components/aap2/aap2_agent.c:259]
[Sun Aug  2 18:50:43 2026] [INFO] AAP2Agent: Received request to register for EID "<NULL>" + FIB updates. [components/aap2/aap2_agent.c:555]
[Sun Aug  2 18:50:43 2026] [INFO] AgentManager: Agent for modifying FIB entries registered with no. 3 [components/ud3tn/agent_manager.c:253]
[Sun Aug  2 18:50:43 2026] [INFO] System error reported in TCP - connect(): Connection refused [components/cla/posix/cla_tcp_util.c:201]
[Sun Aug  2 18:50:43 2026] [WARNING] TCP: Failed to connect to [127.0.0.1]:4225 [components/cla/posix/cla_tcp_util.c:217]
[Sun Aug  2 18:50:43 2026] [INFO] TCP: Last connection attempt was less than 1000 ms ago, delaying next attempt. [components/cla/posix/cla_tcp_common.c:397]
[Sun Aug  2 18:50:44 2026] [INFO] System error reported in TCP - connect(): Connection refused [components/cla/posix/cla_tcp_util.c:201]
[Sun Aug  2 18:50:44 2026] [WARNING] TCP: Failed to connect to [127.0.0.1]:4225 [components/cla/posix/cla_tcp_util.c:217]
[Sun Aug  2 18:50:44 2026] [INFO] TCP: Last connection attempt was less than 1000 ms ago, delaying next attempt. [components/cla/posix/cla_tcp_common.c:397]
[Sun Aug  2 18:50:45 2026] [INFO] System error reported in TCP - connect(): Connection refused [components/cla/posix/cla_tcp_util.c:201]
[Sun Aug  2 18:50:45 2026] [WARNING] TCP: Failed to connect to [127.0.0.1]:4225 [components/cla/posix/cla_tcp_util.c:217]
[Sun Aug  2 18:50:45 2026] [INFO] TCP: Last connection attempt was less than 1000 ms ago, delaying next attempt. [components/cla/posix/cla_tcp_common.c:397]
[Sun Aug  2 18:50:46 2026] [INFO] System error reported in TCP - connect(): Connection refused [components/cla/posix/cla_tcp_util.c:201]
[Sun Aug  2 18:50:46 2026] [WARNING] TCP: Failed to connect to [127.0.0.1]:4225 [components/cla/posix/cla_tcp_util.c:217]
[Sun Aug  2 18:50:46 2026] [INFO] TCP: Last connection attempt was less than 1000 ms ago, delaying next attempt. [components/cla/posix/cla_tcp_common.c:397]
[Sun Aug  2 18:50:47 2026] [INFO] TCPCLv3: Connected successfully to "127.0.0.1:4225" [components/cla/posix/cla_tcpclv3.c:317]
[Sun Aug  2 18:50:47 2026] [INFO] TCPCLv3: Handshake performed with "127.0.0.1:4225", reports EID "dtn://unibo.dtn/" [components/cla/posix/cla_tcpclv3.c:183]
[Sun Aug  2 18:50:50 2026] [INFO] AAP2Agent: Accepted connection from UNIX Domain Socket. [components/aap2/aap2_agent.c:259]
[Sun Aug  2 18:50:50 2026] [INFO] AAP2Agent: Received request to register for EID "dtn://alice.dtn/charon". [components/aap2/aap2_agent.c:555]
[Sun Aug  2 18:50:50 2026] [INFO] AgentManager: Agent for sending ADUs registered for sink_id charon with no. 4 [components/ud3tn/agent_manager.c:227]
[Sun Aug  2 18:50:50 2026] [INFO] AAP2Agent: Accepted connection from UNIX Domain Socket. [components/aap2/aap2_agent.c:259]
[Sun Aug  2 18:50:50 2026] [INFO] AAP2Agent: Received request to subscribe for EID "dtn://alice.dtn/charon". [components/aap2/aap2_agent.c:555]
[Sun Aug  2 18:50:50 2026] [INFO] AgentManager: Agent for receiving ADUs registered for sink_id charon with no. 5 [components/ud3tn/agent_manager.c:227]
[Sun Aug  2 18:50:50 2026] [INFO] AAP2Agent: Switching control flow! [components/aap2/aap2_agent.c:676]
