[bundle_receiver] listening on addr 21  (timeout=3000 ms per bundle)
[0;34mRDP 0x559eb70b8610: Received in S 0: syn 1, ack 0, eack 0, rst 0, seq_nr 58086, ack_nr     0, packet_len 29 (24)
[0;0m[0;34mRDP 0x559eb70b8610: SYN-Received
[0;0m[0;34mRDP 0x559eb70b8610: window size 4, conn timeout 1000, packet timeout 1000, delayed acks: 1, ack timeout 250, ack each 2 packet
[0;0m[0;34mRDP 0x559eb70b8610: Send CMP S 2: syn 1, ack 1, eack 0, rst 0, seq_nr 37271, ack_nr 58086, packet_len 5 (0)
[0;0m[0;34mRDP 0x559eb70b8610: Received in S 2: syn 0, ack 1, eack 0, rst 0, seq_nr 58087, ack_nr 37271, packet_len 5 (0)
[0;0m[0;34mRDP 0x559eb70b8610: NC: Connection OPEN
[0;0m[0;34mRDP 0x559eb70b8610: TX Element Free, time 22686789, seq 37271, una 37272
[0;0m[0;34mRDP 0x559eb70b8610: Wake Tx task (check timeouts)
[0;0m[0;34mRDP 0x559eb70b8610: Received in S 3: syn 0, ack 1, eack 0, rst 0, seq_nr 58087, ack_nr 37271, packet_len 49 (44)
[0;0m[0;34mRDP 0x559eb70b8610: Wake Tx task (check timeouts)
[0;0m[0;34mcsp_sfp_recv_fp: 20:59, fragment 36/36
[0;0mRECV_BUNDLE bundle_seq=1 n=1 bytes=36
[0;34mRDP 0x559eb70b8610: Wake Tx task (check timeouts)
[0;0m[0;34mRDP 0x559eb70b8610: Wake Tx task (check timeouts)
[0;0m[0;34mRDP 0x559eb70b8610: Received in S 3: syn 0, ack 1, eack 0, rst 0, seq_nr 58088, ack_nr 37271, packet_len 5 (0)
[0;0m[0;34mRDP 0x559eb70b8610: Send CMP S 3: syn 0, ack 1, eack 0, rst 0, seq_nr 37272, ack_nr 58087, packet_len 5 (0)
[0;0m[0;34mRDP 0x559eb70b8610: Wake Tx task (check timeouts)
[0;0m[0;34mRDP 0x559eb70b8610: Received in S 3: syn 0, ack 1, eack 0, rst 0, seq_nr 58088, ack_nr 37271, packet_len 49 (44)
[0;0m[0;34mRDP 0x559eb70b8610: Wake Tx task (check timeouts)
[0;0m[0;34mcsp_sfp_recv_fp: 20:59, fragment 36/36
[0;0mRECV_BUNDLE bundle_seq=2 n=1 bytes=36
[0;34mRDP 0x559eb70b8610: Wake Tx task (check timeouts)
[0;0m[0;34mRDP 0x559eb70b8610: Wake Tx task (check timeouts)
[0;0m[0;34mRDP 0x559eb70b8610: Send CMP S 3: syn 0, ack 1, eack 0, rst 0, seq_nr 37272, ack_nr 58088, packet_len 5 (0)
[0;0m[0;34mRDP 0x559eb70b8610: Wake Tx task (check timeouts)
[0;0m[0;34mRDP 0x559eb70b8610: Received in S 3: syn 0, ack 1, eack 0, rst 0, seq_nr 58089, ack_nr 37271, packet_len 5 (0)
[0;0m[0;34mRDP 0x559eb70b8610: Wake Tx task (check timeouts)
[0;0m[0;34mRDP 0x559eb70b8610: Received in S 3: syn 0, ack 1, eack 0, rst 0, seq_nr 58089, ack_nr 37271, packet_len 49 (44)
[0;0m[0;34mRDP 0x559eb70b8610: Wake Tx task (check timeouts)
[0;0m[0;34mcsp_sfp_recv_fp: 20:59, fragment 36/36
[0;0mRECV_BUNDLE bundle_seq=3 n=1 bytes=36
[0;34mRDP 0x559eb70b8610: Wake Tx task (check timeouts)
[0;0m[0;34mRDP 0x559eb70b8610: Wake Tx task (check timeouts)
[0;0m[0;34mRDP 0x559eb70b8610: Received in S 3: syn 0, ack 1, eack 0, rst 0, seq_nr 58090, ack_nr 37271, packet_len 5 (0)
[0;0m[0;34mRDP 0x559eb70b8610: Send CMP S 3: syn 0, ack 1, eack 0, rst 0, seq_nr 37272, ack_nr 58089, packet_len 5 (0)
[0;0m[0;34mRDP 0x559eb70b8610: Wake Tx task (check timeouts)
[0;0m[0;34mRDP 0x559eb70b8610: Received in S 3: syn 0, ack 1, eack 0, rst 0, seq_nr 58090, ack_nr 37271, packet_len 49 (44)
[0;0m[0;34mRDP 0x559eb70b8610: Wake Tx task (check timeouts)
[0;0m[0;34mcsp_sfp_recv_fp: 20:59, fragment 36/36
[0;0mRECV_BUNDLE bundle_seq=4 n=1 bytes=36
[0;34mRDP 0x559eb70b8610: Wake Tx task (check timeouts)
[0;0m[0;34mRDP 0x559eb70b8610: Wake Tx task (check timeouts)
[0;0m[0;34mRDP 0x559eb70b8610: Send CMP S 3: syn 0, ack 1, eack 0, rst 0, seq_nr 37272, ack_nr 58090, packet_len 5 (0)
[0;0m[0;34mRDP 0x559eb70b8610: Wake Tx task (check timeouts)
[0;0m[0;34mRDP 0x559eb70b8610: Received in S 3: syn 0, ack 1, eack 0, rst 0, seq_nr 58091, ack_nr 37271, packet_len 5 (0)
[0;0m[0;34mRDP 0x559eb70b8610: Wake Tx task (check timeouts)
[0;0m[0;34mRDP 0x559eb70b8610: Received in S 3: syn 0, ack 1, eack 0, rst 0, seq_nr 58091, ack_nr 37271, packet_len 49 (44)
[0;0m[0;34mRDP 0x559eb70b8610: Wake Tx task (check timeouts)
[0;0m[0;34mcsp_sfp_recv_fp: 20:59, fragment 36/36
[0;0mRECV_BUNDLE bundle_seq=5 n=1 bytes=36
[0;34mRDP 0x559eb70b8610: Wake Tx task (check timeouts)
[0;0m[0;34mRDP 0x559eb70b8610: Wake Tx task (check timeouts)
[0;0m[0;34mRDP 0x559eb70b8610: Send CMP S 3: syn 0, ack 1, eack 0, rst 0, seq_nr 37272, ack_nr 58091, packet_len 5 (0)
[0;0m[0;34mRDP 0x559eb70b8610: Wake Tx task (check timeouts)
[0;0m[0;34mRDP 0x559eb70b8610: Received in S 3: syn 0, ack 1, eack 0, rst 0, seq_nr 58092, ack_nr 37271, packet_len 5 (0)
[0;0m[0;34mRDP 0x559eb70b8610: Wake Tx task (check timeouts)
[0;0m[0;34mRDP 0x559eb70b8610: Received in S 3: syn 0, ack 1, eack 0, rst 0, seq_nr 58092, ack_nr 37271, packet_len 49 (44)
[0;0m[0;34mRDP 0x559eb70b8610: Wake Tx task (check timeouts)
[0;0m[0;34mcsp_sfp_recv_fp: 20:59, fragment 36/36
[0;0mRECV_BUNDLE bundle_seq=6 n=1 bytes=36
[0;34mRDP 0x559eb70b8610: Wake Tx task (check timeouts)
[0;0m[0;34mRDP 0x559eb70b8610: Wake Tx task (check timeouts)
[0;0m[0;34mRDP 0x559eb70b8610: Received in S 3: syn 0, ack 1, eack 0, rst 0, seq_nr 58093, ack_nr 37271, packet_len 5 (0)
[0;0m[0;34mRDP 0x559eb70b8610: Send CMP S 3: syn 0, ack 1, eack 0, rst 0, seq_nr 37272, ack_nr 58092, packet_len 5 (0)
[0;0m[0;34mRDP 0x559eb70b8610: Wake Tx task (check timeouts)
[0;0m[0;34mRDP 0x559eb70b8610: Received in S 3: syn 0, ack 1, eack 0, rst 0, seq_nr 58093, ack_nr 37271, packet_len 49 (44)
[0;0m[0;34mRDP 0x559eb70b8610: Wake Tx task (check timeouts)
[0;0m[0;34mcsp_sfp_recv_fp: 20:59, fragment 36/36
[0;0mRECV_BUNDLE bundle_seq=7 n=1 bytes=36
[0;34mRDP 0x559eb70b8610: Wake Tx task (check timeouts)
[0;0m[0;34mRDP 0x559eb70b8610: Wake Tx task (check timeouts)
[0;0m[0;34mRDP 0x559eb70b8610: Received in S 3: syn 0, ack 1, eack 0, rst 0, seq_nr 58094, ack_nr 37271, packet_len 5 (0)
[0;0m[0;34mRDP 0x559eb70b8610: Send CMP S 3: syn 0, ack 1, eack 0, rst 0, seq_nr 37272, ack_nr 58093, packet_len 5 (0)
[0;0m[0;34mRDP 0x559eb70b8610: Wake Tx task (check timeouts)
[0;0m[0;34mRDP 0x559eb70b8610: Received in S 3: syn 0, ack 1, eack 0, rst 0, seq_nr 58094, ack_nr 37271, packet_len 49 (44)
[0;0m[0;34mRDP 0x559eb70b8610: Wake Tx task (check timeouts)
[0;0m[0;34mcsp_sfp_recv_fp: 20:59, fragment 36/36
[0;0mRECV_BUNDLE bundle_seq=8 n=1 bytes=36
[0;34mRDP 0x559eb70b8610: Wake Tx task (check timeouts)
[0;0m[0;34mRDP 0x559eb70b8610: Wake Tx task (check timeouts)
[0;0m[0;34mRDP 0x559eb70b8610: Received in S 3: syn 0, ack 1, eack 0, rst 0, seq_nr 58095, ack_nr 37271, packet_len 5 (0)
[0;0m[0;34mRDP 0x559eb70b8610: Send CMP S 3: syn 0, ack 1, eack 0, rst 0, seq_nr 37272, ack_nr 58094, packet_len 5 (0)
[0;0m[0;34mRDP 0x559eb70b8610: Wake Tx task (check timeouts)
[0;0m[0;34mRDP 0x559eb70b8610: Received in S 3: syn 0, ack 1, eack 0, rst 0, seq_nr 58095, ack_nr 37271, packet_len 49 (44)
[0;0m[0;34mRDP 0x559eb70b8610: Wake Tx task (check timeouts)
[0;0m[0;34mcsp_sfp_recv_fp: 20:59, fragment 36/36
[0;0mRECV_BUNDLE bundle_seq=9 n=1 bytes=36
[0;34mRDP 0x559eb70b8610: Wake Tx task (check timeouts)
[0;0m[0;34mRDP 0x559eb70b8610: Wake Tx task (check timeouts)
[0;0m[0;34mRDP 0x559eb70b8610: Received in S 3: syn 0, ack 1, eack 0, rst 0, seq_nr 58096, ack_nr 37271, packet_len 5 (0)
[0;0m[0;34mRDP 0x559eb70b8610: Send CMP S 3: syn 0, ack 1, eack 0, rst 0, seq_nr 37272, ack_nr 58095, packet_len 5 (0)
[0;0m[0;34mRDP 0x559eb70b8610: Wake Tx task (check timeouts)
[0;0m[0;34mRDP 0x559eb70b8610: Received in S 3: syn 0, ack 1, eack 0, rst 0, seq_nr 58096, ack_nr 37271, packet_len 49 (44)
[0;0m[0;34mRDP 0x559eb70b8610: Wake Tx task (check timeouts)
[0;0m[0;34mcsp_sfp_recv_fp: 20:59, fragment 36/36
[0;0mRECV_BUNDLE bundle_seq=10 n=1 bytes=36
[0;34mRDP 0x559eb70b8610: Wake Tx task (check timeouts)
[0;0m[0;34mRDP 0x559eb70b8610: Wake Tx task (check timeouts)
[0;0m[0;34mRDP 0x559eb70b8610: Received in S 3: syn 0, ack 1, eack 0, rst 0, seq_nr 58097, ack_nr 37271, packet_len 5 (0)
[0;0m[0;34mRDP 0x559eb70b8610: Send CMP S 3: syn 0, ack 1, eack 0, rst 0, seq_nr 37272, ack_nr 58096, packet_len 5 (0)
[0;0m[0;34mRDP 0x559eb70b8610: Wake Tx task (check timeouts)
[0;0m[0;34mRDP 0x559eb70b8610: Received in S 3: syn 0, ack 1, eack 0, rst 0, seq_nr 58097, ack_nr 37271, packet_len 49 (44)
[0;0m[0;34mRDP 0x559eb70b8610: Wake Tx task (check timeouts)
[0;0m[0;34mcsp_sfp_recv_fp: 20:59, fragment 36/36
[0;0mRECV_BUNDLE bundle_seq=11 n=1 bytes=36
[0;34mRDP 0x559eb70b8610: Wake Tx task (check timeouts)
[0;0m[0;34mRDP 0x559eb70b8610: Wake Tx task (check timeouts)
[0;0m[0;34mRDP 0x559eb70b8610: Send CMP S 3: syn 0, ack 1, eack 0, rst 0, seq_nr 37272, ack_nr 58097, packet_len 5 (0)
[0;0m[0;34mRDP 0x559eb70b8610: Wake Tx task (check timeouts)
[0;0m[0;34mRDP 0x559eb70b8610: Received in S 3: syn 0, ack 1, eack 0, rst 0, seq_nr 58098, ack_nr 37271, packet_len 5 (0)
[0;0m[0;34mRDP 0x559eb70b8610: Wake Tx task (check timeouts)
[0;0m[0;34mRDP 0x559eb70b8610: Received in S 3: syn 0, ack 1, eack 0, rst 0, seq_nr 58098, ack_nr 37271, packet_len 49 (44)
[0;0m[0;34mRDP 0x559eb70b8610: Wake Tx task (check timeouts)
[0;0m[0;34mcsp_sfp_recv_fp: 20:59, fragment 36/36
[0;0mRECV_BUNDLE bundle_seq=12 n=1 bytes=36
[0;34mRDP 0x559eb70b8610: Wake Tx task (check timeouts)
[0;0m[0;34mRDP 0x559eb70b8610: Wake Tx task (check timeouts)
[0;0m[0;34mRDP 0x559eb70b8610: Received in S 3: syn 0, ack 1, eack 0, rst 0, seq_nr 58099, ack_nr 37271, packet_len 5 (0)
[0;0m[0;34mRDP 0x559eb70b8610: Send CMP S 3: syn 0, ack 1, eack 0, rst 0, seq_nr 37272, ack_nr 58098, packet_len 5 (0)
[0;0m[0;34mRDP 0x559eb70b8610: Wake Tx task (check timeouts)
[0;0m[0;34mRDP 0x559eb70b8610: Received in S 3: syn 0, ack 1, eack 0, rst 0, seq_nr 58099, ack_nr 37271, packet_len 49 (44)
[0;0m[0;34mRDP 0x559eb70b8610: Wake Tx task (check timeouts)
[0;0m[0;34mcsp_sfp_recv_fp: 20:59, fragment 36/36
[0;0mRECV_BUNDLE bundle_seq=13 n=1 bytes=36
[0;34mRDP 0x559eb70b8610: Wake Tx task (check timeouts)
[0;0m[0;34mRDP 0x559eb70b8610: Wake Tx task (check timeouts)
[0;0m[0;34mRDP 0x559eb70b8610: Send CMP S 3: syn 0, ack 1, eack 0, rst 0, seq_nr 37272, ack_nr 58099, packet_len 5 (0)
[0;0m[0;34mRDP 0x559eb70b8610: Wake Tx task (check timeouts)
[0;0m[0;34mRDP 0x559eb70b8610: Received in S 3: syn 0, ack 1, eack 0, rst 0, seq_nr 58100, ack_nr 37271, packet_len 5 (0)
[0;0m[0;34mRDP 0x559eb70b8610: Wake Tx task (check timeouts)
[0;0m[0;34mRDP 0x559eb70b8610: Received in S 3: syn 0, ack 1, eack 0, rst 0, seq_nr 58100, ack_nr 37271, packet_len 49 (44)
[0;0m[0;34mRDP 0x559eb70b8610: Wake Tx task (check timeouts)
[0;0m[0;34mcsp_sfp_recv_fp: 20:59, fragment 36/36
[0;0mRECV_BUNDLE bundle_seq=14 n=1 bytes=36
[0;34mRDP 0x559eb70b8610: Wake Tx task (check timeouts)
[0;0m[0;34mRDP 0x559eb70b8610: Wake Tx task (check timeouts)
[0;0m[0;34mRDP 0x559eb70b8610: Received in S 3: syn 0, ack 1, eack 0, rst 0, seq_nr 58101, ack_nr 37271, packet_len 5 (0)
[0;0m[0;34mRDP 0x559eb70b8610: Send CMP S 3: syn 0, ack 1, eack 0, rst 0, seq_nr 37272, ack_nr 58100, packet_len 5 (0)
[0;0m[0;34mRDP 0x559eb70b8610: Wake Tx task (check timeouts)
[0;0m[0;34mRDP 0x559eb70b8610: Received in S 3: syn 0, ack 1, eack 0, rst 0, seq_nr 58101, ack_nr 37271, packet_len 49 (44)
[0;0m[0;34mRDP 0x559eb70b8610: Wake Tx task (check timeouts)
[0;0m[0;34mcsp_sfp_recv_fp: 20:59, fragment 36/36
[0;0mRECV_BUNDLE bundle_seq=15 n=1 bytes=36
[0;34mRDP 0x559eb70b8610: Wake Tx task (check timeouts)
[0;0m[0;34mRDP 0x559eb70b8610: Wake Tx task (check timeouts)
[0;0m[0;34mRDP 0x559eb70b8610: Send CMP S 3: syn 0, ack 1, eack 0, rst 0, seq_nr 37272, ack_nr 58101, packet_len 5 (0)
[0;0m[0;34mRDP 0x559eb70b8610: Wake Tx task (check timeouts)
[0;0m[0;34mRDP 0x559eb70b8610: Received in S 3: syn 0, ack 1, eack 0, rst 0, seq_nr 58102, ack_nr 37271, packet_len 5 (0)
[0;0m[0;34mRDP 0x559eb70b8610: Wake Tx task (check timeouts)
[0;0m[0;34mRDP 0x559eb70b8610: Received in S 3: syn 0, ack 1, eack 0, rst 0, seq_nr 58102, ack_nr 37271, packet_len 49 (44)
[0;0m[0;34mRDP 0x559eb70b8610: Wake Tx task (check timeouts)
[0;0m[0;34mcsp_sfp_recv_fp: 20:59, fragment 36/36
[0;0mRECV_BUNDLE bundle_seq=16 n=1 bytes=36
[0;34mRDP 0x559eb70b8610: Wake Tx task (check timeouts)
[0;0m[0;34mRDP 0x559eb70b8610: Wake Tx task (check timeouts)
[0;0m[0;34mRDP 0x559eb70b8610: Send CMP S 3: syn 0, ack 1, eack 0, rst 0, seq_nr 37272, ack_nr 58102, packet_len 5 (0)
[0;0m[0;34mRDP 0x559eb70b8610: Wake Tx task (check timeouts)
[0;0m[0;34mRDP 0x559eb70b8610: Received in S 3: syn 0, ack 1, eack 0, rst 0, seq_nr 58103, ack_nr 37271, packet_len 5 (0)
[0;0m[0;34mRDP 0x559eb70b8610: Wake Tx task (check timeouts)
[0;0m[0;34mRDP 0x559eb70b8610: Received in S 3: syn 0, ack 1, eack 0, rst 0, seq_nr 58103, ack_nr 37271, packet_len 49 (44)
[0;0m[0;34mRDP 0x559eb70b8610: Wake Tx task (check timeouts)
[0;0m[0;34mcsp_sfp_recv_fp: 20:59, fragment 36/36
[0;0mRECV_BUNDLE bundle_seq=17 n=1 bytes=36
[0;34mRDP 0x559eb70b8610: Wake Tx task (check timeouts)
[0;0m[0;34mRDP 0x559eb70b8610: Wake Tx task (check timeouts)
[0;0m[0;34mRDP 0x559eb70b8610: Received in S 3: syn 0, ack 1, eack 0, rst 0, seq_nr 58104, ack_nr 37271, packet_len 5 (0)
[0;0m[0;34mRDP 0x559eb70b8610: Send CMP S 3: syn 0, ack 1, eack 0, rst 0, seq_nr 37272, ack_nr 58103, packet_len 5 (0)
[0;0m[0;34mRDP 0x559eb70b8610: Wake Tx task (check timeouts)
[0;0m[0;34mRDP 0x559eb70b8610: Received in S 3: syn 0, ack 1, eack 0, rst 0, seq_nr 58104, ack_nr 37271, packet_len 49 (44)
[0;0m[0;34mRDP 0x559eb70b8610: Wake Tx task (check timeouts)
[0;0m[0;34mcsp_sfp_recv_fp: 20:59, fragment 36/36
[0;0mRECV_BUNDLE bundle_seq=18 n=1 bytes=36
[0;34mRDP 0x559eb70b8610: Wake Tx task (check timeouts)
[0;0m[0;34mRDP 0x559eb70b8610: Wake Tx task (check timeouts)
[0;0m[0;34mRDP 0x559eb70b8610: Send CMP S 3: syn 0, ack 1, eack 0, rst 0, seq_nr 37272, ack_nr 58104, packet_len 5 (0)
[0;0m[0;34mRDP 0x559eb70b8610: Wake Tx task (check timeouts)
[0;0m[0;34mRDP 0x559eb70b8610: Received in S 3: syn 0, ack 1, eack 0, rst 0, seq_nr 58105, ack_nr 37271, packet_len 5 (0)
[0;0m[0;34mRDP 0x559eb70b8610: Wake Tx task (check timeouts)
[0;0m[0;34mRDP 0x559eb70b8610: Received in S 3: syn 0, ack 1, eack 0, rst 0, seq_nr 58105, ack_nr 37271, packet_len 49 (44)
[0;0m[0;34mRDP 0x559eb70b8610: Wake Tx task (check timeouts)
[0;0m[0;34mcsp_sfp_recv_fp: 20:59, fragment 36/36
[0;0mRECV_BUNDLE bundle_seq=19 n=1 bytes=36
[0;34mRDP 0x559eb70b8610: Wake Tx task (check timeouts)
[0;0m[0;34mRDP 0x559eb70b8610: Wake Tx task (check timeouts)
[0;0m[0;34mRDP 0x559eb70b8610: Received in S 3: syn 0, ack 1, eack 0, rst 0, seq_nr 58106, ack_nr 37271, packet_len 5 (0)
[0;0m[0;34mRDP 0x559eb70b8610: Send CMP S 3: syn 0, ack 1, eack 0, rst 0, seq_nr 37272, ack_nr 58105, packet_len 5 (0)
[0;0m[0;34mRDP 0x559eb70b8610: Wake Tx task (check timeouts)
[0;0m[0;34mRDP 0x559eb70b8610: Received in S 3: syn 0, ack 1, eack 0, rst 0, seq_nr 58106, ack_nr 37271, packet_len 49 (44)
[0;0m[0;34mRDP 0x559eb70b8610: Wake Tx task (check timeouts)
[0;0m[0;34mcsp_sfp_recv_fp: 20:59, fragment 36/36
[0;0mRECV_BUNDLE bundle_seq=20 n=1 bytes=36
[0;34mRDP 0x559eb70b8610: Wake Tx task (check timeouts)
[0;0m[0;34mRDP 0x559eb70b8610: Wake Tx task (check timeouts)
[0;0m[0;34mRDP 0x559eb70b8610: Received in S 3: syn 0, ack 1, eack 0, rst 0, seq_nr 58107, ack_nr 37271, packet_len 5 (0)
[0;0m[0;34mRDP 0x559eb70b8610: Send CMP S 3: syn 0, ack 1, eack 0, rst 0, seq_nr 37272, ack_nr 58106, packet_len 5 (0)
[0;0m[0;34mRDP 0x559eb70b8610: Wake Tx task (check timeouts)
[0;0m[0;34mRDP 0x559eb70b8610: Received in S 3: syn 0, ack 1, eack 0, rst 0, seq_nr 58107, ack_nr 37271, packet_len 49 (44)
[0;0m[0;34mRDP 0x559eb70b8610: Wake Tx task (check timeouts)
[0;0m[0;34mcsp_sfp_recv_fp: 20:59, fragment 36/36
[0;0mRECV_BUNDLE bundle_seq=21 n=1 bytes=36
[0;34mRDP 0x559eb70b8610: Wake Tx task (check timeouts)
[0;0m[0;34mRDP 0x559eb70b8610: Wake Tx task (check timeouts)
[0;0m[0;34mRDP 0x559eb70b8610: Received in S 3: syn 0, ack 1, eack 0, rst 0, seq_nr 58108, ack_nr 37271, packet_len 5 (0)
[0;0m[0;34mRDP 0x559eb70b8610: Send CMP S 3: syn 0, ack 1, eack 0, rst 0, seq_nr 37272, ack_nr 58107, packet_len 5 (0)
[0;0m[0;34mRDP 0x559eb70b8610: Wake Tx task (check timeouts)
[0;0m[0;34mRDP 0x559eb70b8610: Received in S 3: syn 0, ack 1, eack 0, rst 0, seq_nr 58108, ack_nr 37271, packet_len 49 (44)
[0;0m[0;34mRDP 0x559eb70b8610: Wake Tx task (check timeouts)
[0;0m[0;34mcsp_sfp_recv_fp: 20:59, fragment 36/36
[0;0mRECV_BUNDLE bundle_seq=22 n=1 bytes=36
[0;34mRDP 0x559eb70b8610: Wake Tx task (check timeouts)
[0;0m[0;34mRDP 0x559eb70b8610: Wake Tx task (check timeouts)
[0;0m[0;34mRDP 0x559eb70b8610: Received in S 3: syn 0, ack 1, eack 0, rst 0, seq_nr 58109, ack_nr 37271, packet_len 5 (0)
[0;0m[0;34mRDP 0x559eb70b8610: Send CMP S 3: syn 0, ack 1, eack 0, rst 0, seq_nr 37272, ack_nr 58108, packet_len 5 (0)
[0;0m[0;34mRDP 0x559eb70b8610: Wake Tx task (check timeouts)
[0;0m[0;34mRDP 0x559eb70b8610: Received in S 3: syn 0, ack 1, eack 0, rst 0, seq_nr 58109, ack_nr 37271, packet_len 49 (44)
[0;0m[0;34mRDP 0x559eb70b8610: Wake Tx task (check timeouts)
[0;0m[0;34mcsp_sfp_recv_fp: 20:59, fragment 36/36
[0;0mRECV_BUNDLE bundle_seq=23 n=1 bytes=36
[0;34mRDP 0x559eb70b8610: Wake Tx task (check timeouts)
[0;0m[0;34mRDP 0x559eb70b8610: Wake Tx task (check timeouts)
[0;0m[0;34mRDP 0x559eb70b8610: Received in S 3: syn 0, ack 1, eack 0, rst 0, seq_nr 58110, ack_nr 37271, packet_len 5 (0)
[0;0m[0;34mRDP 0x559eb70b8610: Send CMP S 3: syn 0, ack 1, eack 0, rst 0, seq_nr 37272, ack_nr 58109, packet_len 5 (0)
[0;0m[0;34mRDP 0x559eb70b8610: Wake Tx task (check timeouts)
[0;0m[0;34mRDP 0x559eb70b8610: Received in S 3: syn 0, ack 1, eack 0, rst 0, seq_nr 58110, ack_nr 37271, packet_len 49 (44)
[0;0m[0;34mRDP 0x559eb70b8610: Wake Tx task (check timeouts)
[0;0m[0;34mcsp_sfp_recv_fp: 20:59, fragment 36/36
[0;0mRECV_BUNDLE bundle_seq=24 n=1 bytes=36
[0;34mRDP 0x559eb70b8610: Wake Tx task (check timeouts)
[0;0m[0;34mRDP 0x559eb70b8610: Wake Tx task (check timeouts)
[0;0m[0;34mRDP 0x559eb70b8610: Send CMP S 3: syn 0, ack 1, eack 0, rst 0, seq_nr 37272, ack_nr 58110, packet_len 5 (0)
[0;0m[0;34mRDP 0x559eb70b8610: Wake Tx task (check timeouts)
[0;0m[0;34mRDP 0x559eb70b8610: Received in S 3: syn 0, ack 1, eack 0, rst 0, seq_nr 58111, ack_nr 37271, packet_len 5 (0)
[0;0m[0;34mRDP 0x559eb70b8610: Wake Tx task (check timeouts)
[0;0m[0;34mRDP 0x559eb70b8610: Received in S 3: syn 0, ack 1, eack 0, rst 0, seq_nr 58111, ack_nr 37271, packet_len 49 (44)
[0;0m[0;34mRDP 0x559eb70b8610: Wake Tx task (check timeouts)
[0;0m[0;34mcsp_sfp_recv_fp: 20:59, fragment 36/36
[0;0mRECV_BUNDLE bundle_seq=25 n=1 bytes=36
[0;34mRDP 0x559eb70b8610: Wake Tx task (check timeouts)
[0;0m[0;34mRDP 0x559eb70b8610: Wake Tx task (check timeouts)
[0;0m[0;34mRDP 0x559eb70b8610: Received in S 3: syn 0, ack 1, eack 0, rst 0, seq_nr 58112, ack_nr 37271, packet_len 5 (0)
[0;0m[0;34mRDP 0x559eb70b8610: Send CMP S 3: syn 0, ack 1, eack 0, rst 0, seq_nr 37272, ack_nr 58111, packet_len 5 (0)
[0;0m[0;34mRDP 0x559eb70b8610: Wake Tx task (check timeouts)
[0;0m[0;34mRDP 0x559eb70b8610: Received in S 3: syn 0, ack 1, eack 0, rst 0, seq_nr 58112, ack_nr 37271, packet_len 49 (44)
[0;0m[0;34mRDP 0x559eb70b8610: Wake Tx task (check timeouts)
[0;0m[0;34mcsp_sfp_recv_fp: 20:59, fragment 36/36
[0;0mRECV_BUNDLE bundle_seq=26 n=1 bytes=36
[0;34mRDP 0x559eb70b8610: Wake Tx task (check timeouts)
[0;0m[0;34mRDP 0x559eb70b8610: Wake Tx task (check timeouts)
[0;0m[0;34mRDP 0x559eb70b8610: Send CMP S 3: syn 0, ack 1, eack 0, rst 0, seq_nr 37272, ack_nr 58112, packet_len 5 (0)
[0;0m[0;34mRDP 0x559eb70b8610: Wake Tx task (check timeouts)
[0;0m[0;34mRDP 0x559eb70b8610: Received in S 3: syn 0, ack 1, eack 0, rst 0, seq_nr 58113, ack_nr 37271, packet_len 5 (0)
[0;0m[0;34mRDP 0x559eb70b8610: Wake Tx task (check timeouts)
[0;0m[0;34mRDP 0x559eb70b8610: Received in S 3: syn 0, ack 1, eack 0, rst 0, seq_nr 58113, ack_nr 37271, packet_len 49 (44)
[0;0m[0;34mRDP 0x559eb70b8610: Wake Tx task (check timeouts)
[0;0m[0;34mcsp_sfp_recv_fp: 20:59, fragment 36/36
[0;0mRECV_BUNDLE bundle_seq=27 n=1 bytes=36
[0;34mRDP 0x559eb70b8610: Wake Tx task (check timeouts)
[0;0m[0;34mRDP 0x559eb70b8610: Wake Tx task (check timeouts)
[0;0m[0;34mRDP 0x559eb70b8610: Received in S 3: syn 0, ack 1, eack 0, rst 0, seq_nr 58114, ack_nr 37271, packet_len 5 (0)
[0;0m[0;34mRDP 0x559eb70b8610: Send CMP S 3: syn 0, ack 1, eack 0, rst 0, seq_nr 37272, ack_nr 58113, packet_len 5 (0)
[0;0m[0;34mRDP 0x559eb70b8610: Wake Tx task (check timeouts)
[0;0m[0;34mRDP 0x559eb70b8610: Received in S 3: syn 0, ack 1, eack 0, rst 0, seq_nr 58114, ack_nr 37271, packet_len 49 (44)
[0;0m[0;34mRDP 0x559eb70b8610: Wake Tx task (check timeouts)
[0;0m[0;34mcsp_sfp_recv_fp: 20:59, fragment 36/36
[0;0mRECV_BUNDLE bundle_seq=28 n=1 bytes=36
[0;34mRDP 0x559eb70b8610: Wake Tx task (check timeouts)
[0;0m[0;34mRDP 0x559eb70b8610: Wake Tx task (check timeouts)
[0;0m[0;34mRDP 0x559eb70b8610: Received in S 3: syn 0, ack 1, eack 0, rst 0, seq_nr 58115, ack_nr 37271, packet_len 5 (0)
[0;0m[0;34mRDP 0x559eb70b8610: Send CMP S 3: syn 0, ack 1, eack 0, rst 0, seq_nr 37272, ack_nr 58114, packet_len 5 (0)
[0;0m[0;34mRDP 0x559eb70b8610: Wake Tx task (check timeouts)
[0;0m[0;34mRDP 0x559eb70b8610: Received in S 3: syn 0, ack 1, eack 0, rst 0, seq_nr 58115, ack_nr 37271, packet_len 49 (44)
[0;0m[0;34mRDP 0x559eb70b8610: Wake Tx task (check timeouts)
[0;0m[0;34mcsp_sfp_recv_fp: 20:59, fragment 36/36
[0;0mRECV_BUNDLE bundle_seq=29 n=1 bytes=36
[0;34mRDP 0x559eb70b8610: Wake Tx task (check timeouts)
[0;0m[0;34mRDP 0x559eb70b8610: Wake Tx task (check timeouts)
[0;0m[0;34mRDP 0x559eb70b8610: Send CMP S 3: syn 0, ack 1, eack 0, rst 0, seq_nr 37272, ack_nr 58115, packet_len 5 (0)
[0;0m[0;34mRDP 0x559eb70b8610: Wake Tx task (check timeouts)
[0;0m[0;34mRDP 0x559eb70b8610: Received in S 3: syn 0, ack 1, eack 0, rst 0, seq_nr 58116, ack_nr 37271, packet_len 5 (0)
[0;0m[0;34mRDP 0x559eb70b8610: Wake Tx task (check timeouts)
[0;0m[0;34mRDP 0x559eb70b8610: Received in S 3: syn 0, ack 1, eack 0, rst 0, seq_nr 58116, ack_nr 37271, packet_len 49 (44)
[0;0m[0;34mRDP 0x559eb70b8610: Wake Tx task (check timeouts)
[0;0m[0;34mcsp_sfp_recv_fp: 20:59, fragment 36/36
[0;0mRECV_BUNDLE bundle_seq=30 n=1 bytes=36
[0;34mRDP 0x559eb70b8610: Wake Tx task (check timeouts)
[0;0m[0;34mRDP 0x559eb70b8610: Wake Tx task (check timeouts)
[0;0m[0;34mRDP 0x559eb70b8610: Received in S 3: syn 0, ack 1, eack 0, rst 0, seq_nr 58117, ack_nr 37271, packet_len 5 (0)
[0;0m[0;34mRDP 0x559eb70b8610: Send CMP S 3: syn 0, ack 1, eack 0, rst 0, seq_nr 37272, ack_nr 58116, packet_len 5 (0)
[0;0m[0;34mRDP 0x559eb70b8610: Wake Tx task (check timeouts)
[0;0m[0;34mRDP 0x559eb70b8610: Received in S 3: syn 0, ack 1, eack 0, rst 0, seq_nr 58117, ack_nr 37271, packet_len 49 (44)
[0;0m[0;34mRDP 0x559eb70b8610: Wake Tx task (check timeouts)
[0;0m[0;34mcsp_sfp_recv_fp: 20:59, fragment 36/36
[0;0mRECV_BUNDLE bundle_seq=31 n=1 bytes=36
[0;34mRDP 0x559eb70b8610: Wake Tx task (check timeouts)
[0;0m[0;34mRDP 0x559eb70b8610: Wake Tx task (check timeouts)
[0;0m[0;34mRDP 0x559eb70b8610: Received in S 3: syn 0, ack 1, eack 0, rst 0, seq_nr 58118, ack_nr 37271, packet_len 5 (0)
[0;0m[0;34mRDP 0x559eb70b8610: Send CMP S 3: syn 0, ack 1, eack 0, rst 0, seq_nr 37272, ack_nr 58117, packet_len 5 (0)
[0;0m[0;34mRDP 0x559eb70b8610: Wake Tx task (check timeouts)
[0;0m[0;34mRDP 0x559eb70b8610: Received in S 3: syn 0, ack 1, eack 0, rst 0, seq_nr 58118, ack_nr 37271, packet_len 49 (44)
[0;0m[0;34mRDP 0x559eb70b8610: Wake Tx task (check timeouts)
[0;0m[0;34mcsp_sfp_recv_fp: 20:59, fragment 36/36
[0;0mRECV_BUNDLE bundle_seq=32 n=1 bytes=36
[0;34mRDP 0x559eb70b8610: Wake Tx task (check timeouts)
[0;0m[0;34mRDP 0x559eb70b8610: Wake Tx task (check timeouts)
[0;0m[0;34mRDP 0x559eb70b8610: Received in S 3: syn 0, ack 1, eack 0, rst 0, seq_nr 58119, ack_nr 37271, packet_len 5 (0)
[0;0m[0;34mRDP 0x559eb70b8610: Send CMP S 3: syn 0, ack 1, eack 0, rst 0, seq_nr 37272, ack_nr 58118, packet_len 5 (0)
[0;0m[0;34mRDP 0x559eb70b8610: Wake Tx task (check timeouts)
[0;0m[0;34mRDP 0x559eb70b8610: Received in S 3: syn 0, ack 1, eack 0, rst 0, seq_nr 58119, ack_nr 37271, packet_len 49 (44)
[0;0m[0;34mRDP 0x559eb70b8610: Wake Tx task (check timeouts)
[0;0m[0;34mcsp_sfp_recv_fp: 20:59, fragment 36/36
[0;0mRECV_BUNDLE bundle_seq=33 n=1 bytes=36
[0;34mRDP 0x559eb70b8610: Wake Tx task (check timeouts)
[0;0m[0;34mRDP 0x559eb70b8610: Wake Tx task (check timeouts)
[0;0m[0;34mRDP 0x559eb70b8610: Received in S 3: syn 0, ack 1, eack 0, rst 0, seq_nr 58120, ack_nr 37271, packet_len 5 (0)
[0;0m[0;34mRDP 0x559eb70b8610: Send CMP S 3: syn 0, ack 1, eack 0, rst 0, seq_nr 37272, ack_nr 58119, packet_len 5 (0)
[0;0m[0;34mRDP 0x559eb70b8610: Wake Tx task (check timeouts)
[0;0m[0;34mRDP 0x559eb70b8610: Received in S 3: syn 0, ack 1, eack 0, rst 0, seq_nr 58120, ack_nr 37271, packet_len 49 (44)
[0;0m[0;34mRDP 0x559eb70b8610: Wake Tx task (check timeouts)
[0;0m[0;34mcsp_sfp_recv_fp: 20:59, fragment 36/36
[0;0mRECV_BUNDLE bundle_seq=34 n=1 bytes=36
cspcl_recv_bundle: Operation timed out -- stopping
[0;34mRDP 0x559eb70b8610: Wake Tx task (check timeouts)
[0;0m[0;34mRDP 0x559eb70b8610: Wake Tx task (check timeouts)
[0;0m[0;34mRDP 0x559eb70b8610: Received in S 3: syn 0, ack 1, eack 0, rst 0, seq_nr 58121, ack_nr 37271, packet_len 5 (0)
[0;0m[0;34mRDP 0x559eb70b8610: Send CMP S 3: syn 0, ack 1, eack 0, rst 0, seq_nr 37272, ack_nr 58120, packet_len 5 (0)
[0;0m[0;34mRDP 0x559eb70b8610: Wake Tx task (check timeouts)
[0;0m[0;34mRDP 0x559eb70b8610: Wake Tx task (check timeouts)
[0;0m[0;34mRDP 0x559eb70b8610: Wake Tx task (check timeouts)
[0;0m[0;34mRDP 0x559eb70b8610: Send CMP S 3: syn 0, ack 1, eack 0, rst 0, seq_nr 37272, ack_nr 58120, packet_len 5 (0)
[0;0m[0;34mRDP 0x559eb70b8610: Wake Tx task (check timeouts)
[0;0m[0;34mRDP 0x559eb70b8610: Wake Tx task (check timeouts)
[0;0m[0;34mRDP 0x559eb70b8610: Wake Tx task (check timeouts)
[0;0m[0;34mRDP 0x559eb70b8610: Send CMP S 3: syn 0, ack 1, eack 0, rst 0, seq_nr 37272, ack_nr 58120, packet_len 5 (0)
[0;0m[0;34mRDP 0x559eb70b8610: Wake Tx task (check timeouts)
[0;0m[0;34mRDP 0x559eb70b8610: Wake Tx task (check timeouts)
[0;0m[0;34mRDP 0x559eb70b8610: Wake Tx task (check timeouts)
[0;0m[0;34mRDP 0x559eb70b8610: Send CMP S 3: syn 0, ack 1, eack 0, rst 0, seq_nr 37272, ack_nr 58120, packet_len 5 (0)
[0;0m[0;34mRDP 0x559eb70b8610: Wake Tx task (check timeouts)
[0;0m[0;34mRDP 0x559eb70b8610: Wake Tx task (check timeouts)
[0;0m[0;34mRDP 0x559eb70b8610: Wake Tx task (check timeouts)
[0;0m[0;34mRDP 0x559eb70b8610: Send CMP S 3: syn 0, ack 1, eack 0, rst 0, seq_nr 37272, ack_nr 58120, packet_len 5 (0)
[0;0m[0;34mRDP 0x559eb70b8610: Wake Tx task (check timeouts)
[0;0m[0;34mRDP 0x559eb70b8610: Wake Tx task (check timeouts)
[0;0m[0;34mRDP 0x559eb70b8610: Wake Tx task (check timeouts)
[0;0m[0;34mRDP 0x559eb70b8610: Send CMP S 3: syn 0, ack 1, eack 0, rst 0, seq_nr 37272, ack_nr 58120, packet_len 5 (0)
[0;0m[0;34mRDP 0x559eb70b8610: Wake Tx task (check timeouts)
[0;0m[0;34mRDP 0x559eb70b8610: Wake Tx task (check timeouts)
[0;0m[0;34mRDP 0x559eb70b8610: Wake Tx task (check timeouts)
[0;0m[0;34mRDP 0x559eb70b8610: Send CMP S 3: syn 0, ack 1, eack 0, rst 0, seq_nr 37272, ack_nr 58120, packet_len 5 (0)
[0;0m[0;34mRDP 0x559eb70b8610: Wake Tx task (check timeouts)
[0;0m[0;34mRDP 0x559eb70b8610: Wake Tx task (check timeouts)
[0;0m[0;34mRDP 0x559eb70b8610: Wake Tx task (check timeouts)
[0;0m[0;34mRDP 0x559eb70b8610: Send CMP S 3: syn 0, ack 1, eack 0, rst 0, seq_nr 37272, ack_nr 58120, packet_len 5 (0)
[0;0m[0;34mRDP 0x559eb70b8610: Wake Tx task (check timeouts)
[0;0m[0;34mRDP 0x559eb70b8610: Wake Tx task (check timeouts)
[0;0m[0;34mRDP 0x559eb70b8610: Wake Tx task (check timeouts)
[0;0m[0;34mRDP 0x559eb70b8610: Send CMP S 3: syn 0, ack 1, eack 0, rst 0, seq_nr 37272, ack_nr 58120, packet_len 5 (0)
[0;0m[0;34mRDP 0x559eb70b8610: Wake Tx task (check timeouts)
[0;0m[0;34mRDP 0x559eb70b8610: Wake Tx task (check timeouts)
[0;0m[0;34mRDP 0x559eb70b8610: Wake Tx task (check timeouts)
[0;0m[0;34mRDP 0x559eb70b8610: Send CMP S 3: syn 0, ack 1, eack 0, rst 0, seq_nr 37272, ack_nr 58120, packet_len 5 (0)
[0;0m[0;34mRDP 0x559eb70b8610: Wake Tx task (check timeouts)
[0;0m
--- bundle measurement summary ---
bundles received: 34
unit latency: min=0.212 ms  mean=0.425 ms  max=1.499 ms  stddev=0.236 ms  (n=34 units)
throughput: 2.62 bundles/sec  2.6 units/sec-equivalent  0.1 kB/s
3: syn 0, ack 1, eack 0, rst 0, seq_nr 58119, ack_nr 37271, packet_len 49 (44)
[0;0m[0;34mRDP 0x55c077120610: Wake Tx task (check timeouts)
[0;0m[0;34mRDP 0x55c077120610: Wake Tx task (check timeouts)
[0;0m[0;34mRDP 0x55c077120610: Send CMP S 3: syn 0, ack 1, eack 0, rst 0, seq_nr 58120, ack_nr 37271, packet_len 5 (0)
[0;0m[0;34mRDP 0x55c077120610: Wake Tx task (check timeouts)
[0;0m[0;34mRDP 0x55c077120610: Received in S 3: syn 0, ack 1, eack 0, rst 0, seq_nr 37272, ack_nr 58119, packet_len 5 (0)
[0;0m[0;34mRDP 0x55c077120610: TX Element Free, time 22696426, seq 58119, una 58120
[0;0m[0;34mRDP 0x55c077120610: Wake Tx task (check timeouts)
[0;0mSENT bundle=33 n=1 bytes=36 send_time_ms=301.472
[0;34mcsp_sfp_send_own_memcpy: 21:10, sending at 0x55c07712e7b0 size 36
[0;0m[0;34mRDP 0x55c077120610: Sending  in S 3: syn 0, ack 1, eack 0, rst 0, seq_nr 58120, ack_nr 37271, packet_len 49 (44)
[0;0m[0;34mRDP 0x55c077120610: Wake Tx task (check timeouts)
[0;0m[0;34mRDP 0x55c077120610: Wake Tx task (check timeouts)
[0;0m[0;34mRDP 0x55c077120610: Send CMP S 3: syn 0, ack 1, eack 0, rst 0, seq_nr 58121, ack_nr 37271, packet_len 5 (0)
[0;0m[0;34mRDP 0x55c077120610: Wake Tx task (check timeouts)
[0;0m[0;34mRDP 0x55c077120610: Received in S 3: syn 0, ack 1, eack 0, rst 0, seq_nr 37272, ack_nr 58120, packet_len 5 (0)
[0;0m[0;34mRDP 0x55c077120610: TX Element Free, time 22696728, seq 58120, una 58121
[0;0m[0;34mRDP 0x55c077120610: Wake Tx task (check timeouts)
[0;0mSENT bundle=34 n=1 bytes=36 send_time_ms=301.346
SUMMARY bundles_sent=34 n_per_bundle=1 unit_size=36 bundle_len=36 mean_send_ms=301.119
