[bundle_receiver] listening on addr 21  (timeout=3000 ms per bundle)
[0;34mRDP 0x55744807e610: Received in S 0: syn 1, ack 0, eack 0, rst 0, seq_nr 25214, ack_nr     0, packet_len 29 (24)
[0;0m[0;34mRDP 0x55744807e610: SYN-Received
[0;0m[0;34mRDP 0x55744807e610: window size 4, conn timeout 1000, packet timeout 1000, delayed acks: 1, ack timeout 250, ack each 2 packet
[0;0m[0;34mRDP 0x55744807e610: Send CMP S 2: syn 1, ack 1, eack 0, rst 0, seq_nr 62599, ack_nr 25214, packet_len 5 (0)
[0;0m[0;34mRDP 0x55744807e610: Received in S 2: syn 0, ack 1, eack 0, rst 0, seq_nr 25215, ack_nr 62599, packet_len 5 (0)
[0;0m[0;34mRDP 0x55744807e610: NC: Connection OPEN
[0;0m[0;34mRDP 0x55744807e610: TX Element Free, time 22780592, seq 62599, una 62600
[0;0m[0;34mRDP 0x55744807e610: Wake Tx task (check timeouts)
[0;0m[0;34mRDP 0x55744807e610: Received in S 3: syn 0, ack 1, eack 0, rst 0, seq_nr 25215, ack_nr 62599, packet_len 256 (251)
[0;0m[0;34mRDP 0x55744807e610: Wake Tx task (check timeouts)
[0;0m[0;34mcsp_sfp_recv_fp: 20:50, fragment 243/576
[0;0m[0;34mRDP 0x55744807e610: Received in S 3: syn 0, ack 1, eack 0, rst 0, seq_nr 25216, ack_nr 62599, packet_len 256 (251)
[0;0m[0;34mRDP 0x55744807e610: Wake Tx task (check timeouts)
[0;0m[0;34mRDP 0x55744807e610: Received in S 3: syn 0, ack 1, eack 0, rst 0, seq_nr 25217, ack_nr 62599, packet_len 103 (98)
[0;0m[0;34mRDP 0x55744807e610: Send CMP S 3: syn 0, ack 1, eack 0, rst 0, seq_nr 62600, ack_nr 25217, packet_len 5 (0)
[0;0m[0;34mRDP 0x55744807e610: Wake Tx task (check timeouts)
[0;0m[0;34mcsp_sfp_recv_fp: 20:50, fragment 486/576
[0;0m[0;34mcsp_sfp_recv_fp: 20:50, fragment 576/576
[0;0mRECV_BUNDLE bundle_seq=1 n=16 bytes=576
[0;34mRDP 0x55744807e610: Received in S 3: syn 0, ack 1, eack 0, rst 0, seq_nr 25218, ack_nr 62599, packet_len 256 (251)
[0;0m[0;34mRDP 0x55744807e610: Wake Tx task (check timeouts)
[0;0m[0;34mRDP 0x55744807e610: Received in S 3: syn 0, ack 1, eack 0, rst 0, seq_nr 25219, ack_nr 62599, packet_len 256 (251)
[0;0m[0;34mRDP 0x55744807e610: Wake Tx task (check timeouts)
[0;0m[0;34mRDP 0x55744807e610: Received in S 3: syn 0, ack 1, eack 0, rst 0, seq_nr 25220, ack_nr 62599, packet_len 103 (98)
[0;0m[0;34mRDP 0x55744807e610: Send CMP S 3: syn 0, ack 1, eack 0, rst 0, seq_nr 62600, ack_nr 25220, packet_len 5 (0)
[0;0m[0;34mRDP 0x55744807e610: Wake Tx task (check timeouts)
[0;0m[0;34mRDP 0x55744807e610: Received in S 3: syn 0, ack 1, eack 0, rst 0, seq_nr 25221, ack_nr 62599, packet_len 256 (251)
[0;0m[0;34mRDP 0x55744807e610: Wake Tx task (check timeouts)
[0;0m[0;34mRDP 0x55744807e610: Received in S 3: syn 0, ack 1, eack 0, rst 0, seq_nr 25222, ack_nr 62599, packet_len 256 (251)
[0;0m[0;34mRDP 0x55744807e610: Wake Tx task (check timeouts)
[0;0m[0;34mRDP 0x55744807e610: Received in S 3: syn 0, ack 1, eack 0, rst 0, seq_nr 25223, ack_nr 62599, packet_len 103 (98)
[0;0m[0;34mRDP 0x55744807e610: Send CMP S 3: syn 0, ack 1, eack 0, rst 0, seq_nr 62600, ack_nr 25223, packet_len 5 (0)
[0;0m[0;34mRDP 0x55744807e610: Wake Tx task (check timeouts)
[0;0m[0;34mcsp_sfp_recv_fp: 20:50, fragment 243/576
[0;0m[0;34mcsp_sfp_recv_fp: 20:50, fragment 486/576
[0;0m[0;34mcsp_sfp_recv_fp: 20:50, fragment 576/576
[0;0mRECV_BUNDLE bundle_seq=2 n=16 bytes=576
[0;34mcsp_sfp_recv_fp: 20:50, fragment 243/576
[0;0m[0;34mcsp_sfp_recv_fp: 20:50, fragment 486/576
[0;0m[0;34mcsp_sfp_recv_fp: 20:50, fragment 576/576
[0;0mRECV_BUNDLE bundle_seq=3 n=16 bytes=576
[0;34mRDP 0x55744807e610: Received in S 3: syn 0, ack 1, eack 0, rst 0, seq_nr 25224, ack_nr 62599, packet_len 256 (251)
[0;0m[0;34mRDP 0x55744807e610: Wake Tx task (check timeouts)
[0;0m[0;34mRDP 0x55744807e610: Received in S 3: syn 0, ack 1, eack 0, rst 0, seq_nr 25225, ack_nr 62599, packet_len 256 (251)
[0;0m[0;34mRDP 0x55744807e610: Wake Tx task (check timeouts)
[0;0m[0;34mRDP 0x55744807e610: Received in S 3: syn 0, ack 1, eack 0, rst 0, seq_nr 25226, ack_nr 62599, packet_len 103 (98)
[0;0m[0;34mRDP 0x55744807e610: Send CMP S 3: syn 0, ack 1, eack 0, rst 0, seq_nr 62600, ack_nr 25226, packet_len 5 (0)
[0;0m[0;34mRDP 0x55744807e610: Wake Tx task (check timeouts)
[0;0m[0;34mRDP 0x55744807e610: Received in S 3: syn 0, ack 1, eack 0, rst 0, seq_nr 25227, ack_nr 62599, packet_len 256 (251)
[0;0m[0;34mRDP 0x55744807e610: Wake Tx task (check timeouts)
[0;0m[0;34mRDP 0x55744807e610: Received in S 3: syn 0, ack 1, eack 0, rst 0, seq_nr 25228, ack_nr 62599, packet_len 256 (251)
[0;0m[0;34mRDP 0x55744807e610: Wake Tx task (check timeouts)
[0;0m[0;34mRDP 0x55744807e610: Received in S 3: syn 0, ack 1, eack 0, rst 0, seq_nr 25229, ack_nr 62599, packet_len 103 (98)
[0;0m[0;34mRDP 0x55744807e610: Send CMP S 3: syn 0, ack 1, eack 0, rst 0, seq_nr 62600, ack_nr 25229, packet_len 5 (0)
[0;0m[0;34mRDP 0x55744807e610: Wake Tx task (check timeouts)
[0;0m[0;34mcsp_sfp_recv_fp: 20:50, fragment 243/576
[0;0m[0;34mcsp_sfp_recv_fp: 20:50, fragment 486/576
[0;0m[0;34mcsp_sfp_recv_fp: 20:50, fragment 576/576
[0;0mRECV_BUNDLE bundle_seq=4 n=16 bytes=576
[0;34mcsp_sfp_recv_fp: 20:50, fragment 243/576
[0;0m[0;34mcsp_sfp_recv_fp: 20:50, fragment 486/576
[0;0m[0;34mcsp_sfp_recv_fp: 20:50, fragment 576/576
[0;0mRECV_BUNDLE bundle_seq=5 n=16 bytes=576
[0;34mRDP 0x55744807e610: Received in S 3: syn 0, ack 1, eack 0, rst 0, seq_nr 25230, ack_nr 62599, packet_len 256 (251)
[0;0m[0;34mRDP 0x55744807e610: Wake Tx task (check timeouts)
[0;0m[0;34mRDP 0x55744807e610: Received in S 3: syn 0, ack 1, eack 0, rst 0, seq_nr 25231, ack_nr 62599, packet_len 256 (251)
[0;0m[0;34mRDP 0x55744807e610: Wake Tx task (check timeouts)
[0;0m[0;34mRDP 0x55744807e610: Received in S 3: syn 0, ack 1, eack 0, rst 0, seq_nr 25232, ack_nr 62599, packet_len 103 (98)
[0;0m[0;34mRDP 0x55744807e610: Send CMP S 3: syn 0, ack 1, eack 0, rst 0, seq_nr 62600, ack_nr 25232, packet_len 5 (0)
[0;0m[0;34mRDP 0x55744807e610: Wake Tx task (check timeouts)
[0;0m[0;34mRDP 0x55744807e610: Received in S 3: syn 0, ack 1, eack 0, rst 0, seq_nr 25233, ack_nr 62599, packet_len 256 (251)
[0;0m[0;34mRDP 0x55744807e610: Wake Tx task (check timeouts)
[0;0m[0;34mRDP 0x55744807e610: Received in S 3: syn 0, ack 1, eack 0, rst 0, seq_nr 25234, ack_nr 62599, packet_len 256 (251)
[0;0m[0;34mRDP 0x55744807e610: Wake Tx task (check timeouts)
[0;0m[0;34mRDP 0x55744807e610: Received in S 3: syn 0, ack 1, eack 0, rst 0, seq_nr 25235, ack_nr 62599, packet_len 103 (98)
[0;0m[0;34mRDP 0x55744807e610: Send CMP S 3: syn 0, ack 1, eack 0, rst 0, seq_nr 62600, ack_nr 25235, packet_len 5 (0)
[0;0m[0;34mRDP 0x55744807e610: Wake Tx task (check timeouts)
[0;0m[0;34mcsp_sfp_recv_fp: 20:50, fragment 243/576
[0;0m[0;34mcsp_sfp_recv_fp: 20:50, fragment 486/576
[0;0m[0;34mcsp_sfp_recv_fp: 20:50, fragment 576/576
[0;0mRECV_BUNDLE bundle_seq=6 n=16 bytes=576
[0;34mcsp_sfp_recv_fp: 20:50, fragment 243/576
[0;0m[0;34mcsp_sfp_recv_fp: 20:50, fragment 486/576
[0;0m[0;34mcsp_sfp_recv_fp: 20:50, fragment 576/576
[0;0mRECV_BUNDLE bundle_seq=7 n=16 bytes=576
[0;34mRDP 0x55744807e610: Received in S 3: syn 0, ack 1, eack 0, rst 0, seq_nr 25236, ack_nr 62599, packet_len 256 (251)
[0;0m[0;34mRDP 0x55744807e610: Wake Tx task (check timeouts)
[0;0m[0;34mRDP 0x55744807e610: Received in S 3: syn 0, ack 1, eack 0, rst 0, seq_nr 25237, ack_nr 62599, packet_len 256 (251)
[0;0m[0;34mRDP 0x55744807e610: Wake Tx task (check timeouts)
[0;0m[0;34mRDP 0x55744807e610: Received in S 3: syn 0, ack 1, eack 0, rst 0, seq_nr 25238, ack_nr 62599, packet_len 103 (98)
[0;0m[0;34mRDP 0x55744807e610: Send CMP S 3: syn 0, ack 1, eack 0, rst 0, seq_nr 62600, ack_nr 25238, packet_len 5 (0)
[0;0m[0;34mRDP 0x55744807e610: Wake Tx task (check timeouts)
[0;0m[0;34mRDP 0x55744807e610: Received in S 3: syn 0, ack 1, eack 0, rst 0, seq_nr 25239, ack_nr 62599, packet_len 256 (251)
[0;0m[0;34mRDP 0x55744807e610: Wake Tx task (check timeouts)
[0;0m[0;34mRDP 0x55744807e610: Received in S 3: syn 0, ack 1, eack 0, rst 0, seq_nr 25240, ack_nr 62599, packet_len 256 (251)
[0;0m[0;34mRDP 0x55744807e610: Wake Tx task (check timeouts)
[0;0m[0;34mRDP 0x55744807e610: Received in S 3: syn 0, ack 1, eack 0, rst 0, seq_nr 25241, ack_nr 62599, packet_len 103 (98)
[0;0m[0;34mRDP 0x55744807e610: Send CMP S 3: syn 0, ack 1, eack 0, rst 0, seq_nr 62600, ack_nr 25241, packet_len 5 (0)
[0;0m[0;34mRDP 0x55744807e610: Wake Tx task (check timeouts)
[0;0m[0;34mRDP 0x55744807e610: Received in S 3: syn 0, ack 1, eack 0, rst 0, seq_nr 25242, ack_nr 62599, packet_len 256 (251)
[0;0m[0;34mRDP 0x55744807e610: Wake Tx task (check timeouts)
[0;0m[0;34mcsp_sfp_recv_fp: 20:50, fragment 243/576
[0;0m[0;34mcsp_sfp_recv_fp: 20:50, fragment 486/576
[0;0m[0;34mcsp_sfp_recv_fp: 20:50, fragment 576/576
[0;0mRECV_BUNDLE bundle_seq=8 n=16 bytes=576
[0;34mcsp_sfp_recv_fp: 20:50, fragment 243/576
[0;0m[0;34mcsp_sfp_recv_fp: 20:50, fragment 486/576
[0;0m[0;34mcsp_sfp_recv_fp: 20:50, fragment 576/576
[0;0mRECV_BUNDLE bundle_seq=9 n=16 bytes=576
[0;34mcsp_sfp_recv_fp: 20:50, fragment 243/576
[0;0m[0;34mRDP 0x55744807e610: Received in S 3: syn 0, ack 1, eack 0, rst 0, seq_nr 25243, ack_nr 62599, packet_len 256 (251)
[0;0m[0;34mRDP 0x55744807e610: Wake Tx task (check timeouts)
[0;0m[0;34mRDP 0x55744807e610: Received in S 3: syn 0, ack 1, eack 0, rst 0, seq_nr 25244, ack_nr 62599, packet_len 103 (98)
[0;0m[0;34mRDP 0x55744807e610: Send CMP S 3: syn 0, ack 1, eack 0, rst 0, seq_nr 62600, ack_nr 25244, packet_len 5 (0)
[0;0m[0;34mRDP 0x55744807e610: Send CMP S 3: syn 0, ack 1, eack 0, rst 0, seq_nr 62600, ack_nr 25244, packet_len 5 (0)
[0;0m[0;34mRDP 0x55744807e610: Wake Tx task (check timeouts)
[0;0m[0;34mcsp_sfp_recv_fp: 20:50, fragment 486/576
[0;0m[0;34mcsp_sfp_recv_fp: 20:50, fragment 576/576
[0;0mRECV_BUNDLE bundle_seq=10 n=16 bytes=576
[0;34mRDP 0x55744807e610: Received in S 3: syn 0, ack 1, eack 0, rst 0, seq_nr 25245, ack_nr 62599, packet_len 256 (251)
[0;0m[0;34mRDP 0x55744807e610: Wake Tx task (check timeouts)
[0;0m[0;34mRDP 0x55744807e610: Received in S 3: syn 0, ack 1, eack 0, rst 0, seq_nr 25246, ack_nr 62599, packet_len 256 (251)
[0;0m[0;34mRDP 0x55744807e610: Wake Tx task (check timeouts)
[0;0m[0;34mRDP 0x55744807e610: Received in S 3: syn 0, ack 1, eack 0, rst 0, seq_nr 25247, ack_nr 62599, packet_len 103 (98)
[0;0m[0;34mRDP 0x55744807e610: Send CMP S 3: syn 0, ack 1, eack 0, rst 0, seq_nr 62600, ack_nr 25247, packet_len 5 (0)
[0;0m[0;34mRDP 0x55744807e610: Wake Tx task (check timeouts)
[0;0m[0;34mRDP 0x55744807e610: Received in S 3: syn 0, ack 1, eack 0, rst 0, seq_nr 25248, ack_nr 62599, packet_len 256 (251)
[0;0m[0;34mRDP 0x55744807e610: Wake Tx task (check timeouts)
[0;0m[0;34mRDP 0x55744807e610: Received in S 3: syn 0, ack 1, eack 0, rst 0, seq_nr 25249, ack_nr 62599, packet_len 256 (251)
[0;0m[0;34mRDP 0x55744807e610: Wake Tx task (check timeouts)
[0;0m[0;34mRDP 0x55744807e610: Received in S 3: syn 0, ack 1, eack 0, rst 0, seq_nr 25250, ack_nr 62599, packet_len 103 (98)
[0;0m[0;34mRDP 0x55744807e610: Send CMP S 3: syn 0, ack 1, eack 0, rst 0, seq_nr 62600, ack_nr 25250, packet_len 5 (0)
[0;0m[0;34mRDP 0x55744807e610: Wake Tx task (check timeouts)
[0;0m[0;34mcsp_sfp_recv_fp: 20:50, fragment 243/576
[0;0m[0;34mcsp_sfp_recv_fp: 20:50, fragment 486/576
[0;0m[0;34mcsp_sfp_recv_fp: 20:50, fragment 576/576
[0;0mRECV_BUNDLE bundle_seq=11 n=16 bytes=576
[0;34mcsp_sfp_recv_fp: 20:50, fragment 243/576
[0;0m[0;34mcsp_sfp_recv_fp: 20:50, fragment 486/576
[0;0m[0;34mcsp_sfp_recv_fp: 20:50, fragment 576/576
[0;0mRECV_BUNDLE bundle_seq=12 n=16 bytes=576
[0;34mRDP 0x55744807e610: Received in S 3: syn 0, ack 1, eack 0, rst 0, seq_nr 25251, ack_nr 62599, packet_len 256 (251)
[0;0m[0;34mRDP 0x55744807e610: Wake Tx task (check timeouts)
[0;0m[0;34mRDP 0x55744807e610: Received in S 3: syn 0, ack 1, eack 0, rst 0, seq_nr 25252, ack_nr 62599, packet_len 256 (251)
[0;0m[0;34mRDP 0x55744807e610: Wake Tx task (check timeouts)
[0;0m[0;34mRDP 0x55744807e610: Received in S 3: syn 0, ack 1, eack 0, rst 0, seq_nr 25253, ack_nr 62599, packet_len 103 (98)
[0;0m[0;34mRDP 0x55744807e610: Send CMP S 3: syn 0, ack 1, eack 0, rst 0, seq_nr 62600, ack_nr 25253, packet_len 5 (0)
[0;0m[0;34mRDP 0x55744807e610: Wake Tx task (check timeouts)
[0;0m[0;34mRDP 0x55744807e610: Received in S 3: syn 0, ack 1, eack 0, rst 0, seq_nr 25254, ack_nr 62599, packet_len 256 (251)
[0;0m[0;34mRDP 0x55744807e610: Wake Tx task (check timeouts)
[0;0m[0;34mRDP 0x55744807e610: Received in S 3: syn 0, ack 1, eack 0, rst 0, seq_nr 25255, ack_nr 62599, packet_len 256 (251)
[0;0m[0;34mRDP 0x55744807e610: Wake Tx task (check timeouts)
[0;0m[0;34mRDP 0x55744807e610: Received in S 3: syn 0, ack 1, eack 0, rst 0, seq_nr 25256, ack_nr 62599, packet_len 103 (98)
[0;0m[0;34mRDP 0x55744807e610: Send CMP S 3: syn 0, ack 1, eack 0, rst 0, seq_nr 62600, ack_nr 25256, packet_len 5 (0)
[0;0m[0;34mRDP 0x55744807e610: Wake Tx task (check timeouts)
[0;0m[0;34mRDP 0x55744807e610: Received in S 3: syn 0, ack 1, eack 0, rst 0, seq_nr 25257, ack_nr 62599, packet_len 256 (251)
[0;0m[0;34mRDP 0x55744807e610: Wake Tx task (check timeouts)
[0;0m[0;34mRDP 0x55744807e610: Received in S 3: syn 0, ack 1, eack 0, rst 0, seq_nr 25258, ack_nr 62599, packet_len 256 (251)
[0;0m[0;34mRDP 0x55744807e610: Wake Tx task (check timeouts)
[0;0m[0;34mRDP 0x55744807e610: Received in S 3: syn 0, ack 1, eack 0, rst 0, seq_nr 25259, ack_nr 62599, packet_len 103 (98)
[0;0m[0;34mRDP 0x55744807e610: Send CMP S 3: syn 0, ack 1, eack 0, rst 0, seq_nr 62600, ack_nr 25259, packet_len 5 (0)
[0;0m[0;34mRDP 0x55744807e610: Wake Tx task (check timeouts)
[0;0m[0;34mcsp_sfp_recv_fp: 20:50, fragment 243/576
[0;0m[0;34mcsp_sfp_recv_fp: 20:50, fragment 486/576
[0;0m[0;34mcsp_sfp_recv_fp: 20:50, fragment 576/576
[0;0mRECV_BUNDLE bundle_seq=13 n=16 bytes=576
[0;34mcsp_sfp_recv_fp: 20:50, fragment 243/576
[0;0m[0;34mcsp_sfp_recv_fp: 20:50, fragment 486/576
[0;0m[0;34mcsp_sfp_recv_fp: 20:50, fragment 576/576
[0;0mRECV_BUNDLE bundle_seq=14 n=16 bytes=576
[0;34mcsp_sfp_recv_fp: 20:50, fragment 243/576
[0;0m[0;34mcsp_sfp_recv_fp: 20:50, fragment 486/576
[0;0m[0;34mcsp_sfp_recv_fp: 20:50, fragment 576/576
[0;0mRECV_BUNDLE bundle_seq=15 n=16 bytes=576
[0;34mRDP 0x55744807e610: Received in S 3: syn 0, ack 1, eack 0, rst 0, seq_nr 25260, ack_nr 62599, packet_len 256 (251)
[0;0m[0;34mRDP 0x55744807e610: Wake Tx task (check timeouts)
[0;0m[0;34mRDP 0x55744807e610: Received in S 3: syn 0, ack 1, eack 0, rst 0, seq_nr 25261, ack_nr 62599, packet_len 256 (251)
[0;0m[0;34mRDP 0x55744807e610: Wake Tx task (check timeouts)
[0;0m[0;34mRDP 0x55744807e610: Received in S 3: syn 0, ack 1, eack 0, rst 0, seq_nr 25262, ack_nr 62599, packet_len 103 (98)
[0;0m[0;34mRDP 0x55744807e610: Send CMP S 3: syn 0, ack 1, eack 0, rst 0, seq_nr 62600, ack_nr 25262, packet_len 5 (0)
[0;0m[0;34mRDP 0x55744807e610: Wake Tx task (check timeouts)
[0;0m[0;34mRDP 0x55744807e610: Received in S 3: syn 0, ack 1, eack 0, rst 0, seq_nr 25263, ack_nr 62599, packet_len 256 (251)
[0;0m[0;34mRDP 0x55744807e610: Wake Tx task (check timeouts)
[0;0m[0;34mRDP 0x55744807e610: Received in S 3: syn 0, ack 1, eack 0, rst 0, seq_nr 25264, ack_nr 62599, packet_len 256 (251)
[0;0m[0;34mRDP 0x55744807e610: Wake Tx task (check timeouts)
[0;0m[0;34mRDP 0x55744807e610: Received in S 3: syn 0, ack 1, eack 0, rst 0, seq_nr 25265, ack_nr 62599, packet_len 103 (98)
[0;0m[0;34mRDP 0x55744807e610: Send CMP S 3: syn 0, ack 1, eack 0, rst 0, seq_nr 62600, ack_nr 25265, packet_len 5 (0)
[0;0m[0;34mRDP 0x55744807e610: Wake Tx task (check timeouts)
[0;0m[0;34mRDP 0x55744807e610: Received in S 3: syn 0, ack 1, eack 0, rst 0, seq_nr 25266, ack_nr 62599, packet_len 256 (251)
[0;0m[0;34mRDP 0x55744807e610: Wake Tx task (check timeouts)
[0;0m[0;34mRDP 0x55744807e610: Received in S 3: syn 0, ack 1, eack 0, rst 0, seq_nr 25267, ack_nr 62599, packet_len 256 (251)
[0;0m[0;34mRDP 0x55744807e610: Wake Tx task (check timeouts)
[0;0m[0;34mRDP 0x55744807e610: Received in S 3: syn 0, ack 1, eack 0, rst 0, seq_nr 25268, ack_nr 62599, packet_len 103 (98)
[0;0m[0;34mRDP 0x55744807e610: Send CMP S 3: syn 0, ack 1, eack 0, rst 0, seq_nr 62600, ack_nr 25268, packet_len 5 (0)
[0;0m[0;34mRDP 0x55744807e610: Wake Tx task (check timeouts)
[0;0m[0;34mcsp_sfp_recv_fp: 20:50, fragment 243/576
[0;0m[0;34mcsp_sfp_recv_fp: 20:50, fragment 486/576
[0;0m[0;34mcsp_sfp_recv_fp: 20:50, fragment 576/576
[0;0mRECV_BUNDLE bundle_seq=16 n=16 bytes=576
[0;34mcsp_sfp_recv_fp: 20:50, fragment 243/576
[0;0m[0;34mcsp_sfp_recv_fp: 20:50, fragment 486/576
[0;0m[0;34mcsp_sfp_recv_fp: 20:50, fragment 576/576
[0;0mRECV_BUNDLE bundle_seq=17 n=16 bytes=576
[0;34mcsp_sfp_recv_fp: 20:50, fragment 243/576
[0;0m[0;34mcsp_sfp_recv_fp: 20:50, fragment 486/576
[0;0m[0;34m[0;34mRDP 0x55744807e610: Received in S 3: syn 0, ack 1, eack 0, rst 0, seq_nr 25269, ack_nr 62599, packet_len 256 (251)csp_sfp_recv_fp: 20:50, fragment 576/576

[0;0m[0;0mRECV_BUNDLE bundle_seq=18 n=16 bytes=576
[0;34mcsp_sfp_recv_fp: 20:50, fragment 243/576
[0;0m[0;34mRDP 0x55744807e610: Wake Tx task (check timeouts)
[0;0m[0;34mRDP 0x55744807e610: Received in S 3: syn 0, ack 1, eack 0, rst 0, seq_nr 25270, ack_nr 62599, packet_len 256 (251)
[0;0m[0;34mRDP 0x55744807e610: Wake Tx task (check timeouts)
[0;0m[0;34mRDP 0x55744807e610: Received in S 3: syn 0, ack 1, eack 0, rst 0, seq_nr 25271, ack_nr 62599, packet_len 103 (98)
[0;0m[0;34mRDP 0x55744807e610: Send CMP S 3: syn 0, ack 1, eack 0, rst 0, seq_nr 62600, ack_nr 25271, packet_len 5 (0)
[0;0m[0;34mRDP 0x55744807e610: Wake Tx task (check timeouts)
[0;0m[0;34mRDP 0x55744807e610: Received in S 3: syn 0, ack 1, eack 0, rst 0, seq_nr 25272, ack_nr 62599, packet_len 256 (251)
[0;0m[0;34mRDP 0x55744807e610: Wake Tx task (check timeouts)
[0;0m[0;34mRDP 0x55744807e610: Received in S 3: syn 0, ack 1, eack 0, rst 0, seq_nr 25273, ack_nr 62599, packet_len 256 (251)
[0;0m[0;34mRDP 0x55744807e610: Wake Tx task (check timeouts)
[0;0m[0;34mRDP 0x55744807e610: Received in S 3: syn 0, ack 1, eack 0, rst 0, seq_nr 25274, ack_nr 62599, packet_len 103 (98)
[0;0m[0;34mRDP 0x55744807e610: Send CMP S 3: syn 0, ack 1, eack 0, rst 0, seq_nr 62600, ack_nr 25274, packet_len 5 (0)
[0;0m[0;34mRDP 0x55744807e610: Wake Tx task (check timeouts)
[0;0m[0;34mRDP 0x55744807e610: Received in S 3: syn 0, ack 1, eack 0, rst 0, seq_nr 25275, ack_nr 62599, packet_len 256 (251)
[0;0m[0;34mRDP 0x55744807e610: Wake Tx task (check timeouts)
[0;0m[0;34mRDP 0x55744807e610: Received in S 3: syn 0, ack 1, eack 0, rst 0, seq_nr 25276, ack_nr 62599, packet_len 256 (251)
[0;0m[0;34mRDP 0x55744807e610: Wake Tx task (check timeouts)
[0;0m[0;34mRDP 0x55744807e610: Received in S 3: syn 0, ack 1, eack 0, rst 0, seq_nr 25277, ack_nr 62599, packet_len 103 (98)
[0;0m[0;34mRDP 0x55744807e610: Send CMP S 3: syn 0, ack 1, eack 0, rst 0, seq_nr 62600, ack_nr 25277, packet_len 5 (0)
[0;0m[0;34mRDP 0x55744807e610: Wake Tx task (check timeouts)
[0;0m[0;34mRDP 0x55744807e610: Received in S 3: syn 0, ack 1, eack 0, rst 0, seq_nr 25278, ack_nr 62599, packet_len 256 (251)
[0;0m[0;34mRDP 0x55744807e610: Wake Tx task (check timeouts)
[0;0m[0;34mcsp_sfp_recv_fp: 20:50, fragment 486/576
[0;0m[1;33mcsp_sfp_recv_fp: 20:50, invalid message, offset 243 (expected 0), length: 243, totalsize 576
[0;0m[0;34mRDP 0x55744807e610: Send CMP S 4: syn 0, ack 1, eack 0, rst 1, seq_nr 62600, ack_nr 25278, packet_len 5 (0)
[0;0m[0;34mRDP 0x55744807e610: Received in S 4: syn 0, ack 1, eack 0, rst 0, seq_nr 25279, ack_nr 62599, packet_len 256 (251)
[0;0m[0;34mRDP 0x55744807e610: Send CMP S 4: syn 0, ack 1, eack 0, rst 1, seq_nr 62600, ack_nr 25278, packet_len 5 (0)
[0;0m[0;34mRDP 0x55744807e610: csp_rdp_close(0x1), sent RST -> CLOSE_WAIT
[0;0m[0;34mRDP 0x55744807e610: csp_rdp_close(0x1), waiting for: protocol timeout
[0;0m[0;34mRDP 0x55744807e610: Received in S 4: syn 0, ack 1, eack 0, rst 0, seq_nr 25280, ack_nr 62599, packet_len 103 (98)
[0;0m[0;34mRDP 0x55744807e610: Send CMP S 4: syn 0, ack 1, eack 0, rst 1, seq_nr 62600, ack_nr 25278, packet_len 5 (0)
[0;0m[0;34mRDP 0x55744807e610: Received in S 4: syn 0, ack 1, eack 0, rst 1, seq_nr 25281, ack_nr 62599, packet_len 5 (0)
[0;0m[0;34mRDP 0x55744807e610: RST received in CLOSE_WAIT, ack: 1 - closing
[0;0m[0;34mRDP 0x55744807e610: csp_rdp_close(0x2), waiting for: timeout
[0;0m[0;34mRDP 0x55744807e698: Received in S 0: syn 1, ack 0, eack 0, rst 0, seq_nr 34127, ack_nr     0, packet_len 29 (24)
[0;0m[0;34mRDP 0x55744807e698: SYN-Received
[0;0m[0;34mRDP 0x55744807e698: window size 4, conn timeout 1000, packet timeout 1000, delayed acks: 1, ack timeout 250, ack each 2 packet
[0;0m[0;34mRDP 0x55744807e698: Send CMP S 2: syn 1, ack 1, eack 0, rst 0, seq_nr 29110, ack_nr 34127, packet_len 5 (0)
[0;0m[0;34mRDP 0x55744807e698: Received in S 2: syn 0, ack 1, eack 0, rst 0, seq_nr 34128, ack_nr 29110, packet_len 5 (0)
[0;0m[0;34mRDP 0x55744807e698: NC: Connection OPEN
[0;0m[0;34mRDP 0x55744807e698: TX Element Free, time 22780603, seq 29110, una 29111
[0;0m[0;34mRDP 0x55744807e698: Wake Tx task (check timeouts)
[0;0m[0;34mRDP 0x55744807e698: Received in S 3: syn 0, ack 1, eack 0, rst 0, seq_nr 34128, ack_nr 29110, packet_len 256 (251)
[0;0m[0;34mRDP 0x55744807e698: Wake Tx task (check timeouts)
[0;0m[0;34mRDP 0x55744807e698: Received in S 3: syn 0, ack 1, eack 0, rst 0, seq_nr 34129, ack_nr 29110, packet_len 256 (251)
[0;0m[0;34mRDP 0x55744807e698: Wake Tx task (check timeouts)
[0;0m[0;34mRDP 0x55744807e698: Received in S 3: syn 0, ack 1, eack 0, rst 0, seq_nr 34130, ack_nr 29110, packet_len 103 (98)
[0;0m[0;34mRDP 0x55744807e698: Send CMP S 3: syn 0, ack 1, eack 0, rst 0, seq_nr 29111, ack_nr 34130, packet_len 5 (0)
[0;0m[0;34mRDP 0x55744807e698: Wake Tx task (check timeouts)
[0;0m[0;34mRDP 0x55744807e698: Received in S 3: syn 0, ack 1, eack 0, rst 0, seq_nr 34131, ack_nr 29110, packet_len 256 (251)
[0;0m[0;34mRDP 0x55744807e698: Wake Tx task (check timeouts)
[0;0m[0;34mRDP 0x55744807e698: Received in S 3: syn 0, ack 1, eack 0, rst 0, seq_nr 34132, ack_nr 29110, packet_len 256 (251)
[0;0m[0;34mRDP 0x55744807e698: Wake Tx task (check timeouts)
[0;0m[0;34mRDP 0x55744807e698: Received in S 3: syn 0, ack 1, eack 0, rst 0, seq_nr 34133, ack_nr 29110, packet_len 103 (98)
[0;0m[0;34mRDP 0x55744807e698: Send CMP S 3: syn 0, ack 1, eack 0, rst 0, seq_nr 29111, ack_nr 34133, packet_len 5 (0)
[0;0m[0;34mRDP 0x55744807e698: Wake Tx task (check timeouts)
[0;0m[0;34mRDP 0x55744807e698: Received in S 3: syn 0, ack 1, eack 0, rst 0, seq_nr 34134, ack_nr 29110, packet_len 256 (251)
[0;0m[0;34mRDP 0x55744807e698: Wake Tx task (check timeouts)
[0;0m[0;34mRDP 0x55744807e698: Received in S 3: syn 0, ack 1, eack 0, rst 0, seq_nr 34135, ack_nr 29110, packet_len 256 (251)
[0;0m[0;34mRDP 0x55744807e698: Wake Tx task (check timeouts)
[0;0m[0;34mRDP 0x55744807e698: Received in S 3: syn 0, ack 1, eack 0, rst 0, seq_nr 34136, ack_nr 29110, packet_len 103 (98)
[0;0m[0;34mRDP 0x55744807e698: Send CMP S 3: syn 0, ack 1, eack 0, rst 0, seq_nr 29111, ack_nr 34136, packet_len 5 (0)
[0;0m[0;34mRDP 0x55744807e698: Wake Tx task (check timeouts)
[0;0m[0;34mRDP 0x55744807e698: Received in S 3: syn 0, ack 1, eack 0, rst 0, seq_nr 34137, ack_nr 29110, packet_len 256 (251)
[0;0m[0;34mRDP 0x55744807e698: Wake Tx task (check timeouts)
[0;0m[0;34mRDP 0x55744807e698: Received in S 3: syn 0, ack 1, eack 0, rst 0, seq_nr 34138, ack_nr 29110, packet_len 256 (251)
[0;0m[0;34mRDP 0x55744807e698: Wake Tx task (check timeouts)
[0;0m[0;34mRDP 0x55744807e698: Received in S 3: syn 0, ack 1, eack 0, rst 0, seq_nr 34139, ack_nr 29110, packet_len 103 (98)
[0;0m[0;34mRDP 0x55744807e698: Send CMP S 3: syn 0, ack 1, eack 0, rst 0, seq_nr 29111, ack_nr 34139, packet_len 5 (0)
[0;0m[0;34mRDP 0x55744807e698: Wake Tx task (check timeouts)
[0;0m[0;34mRDP 0x55744807e698: Received in S 3: syn 0, ack 1, eack 0, rst 0, seq_nr 34140, ack_nr 29110, packet_len 256 (251)
[0;0m[0;34mRDP 0x55744807e698: Wake Tx task (check timeouts)
[0;0m[0;34mRDP 0x55744807e698: Received in S 3: syn 0, ack 1, eack 0, rst 0, seq_nr 34141, ack_nr 29110, packet_len 256 (251)
[0;0m[0;34mRDP 0x55744807e698: Wake Tx task (check timeouts)
[0;0m[0;34mRDP 0x55744807e698: Received in S 3: syn 0, ack 1, eack 0, rst 0, seq_nr 34142, ack_nr 29110, packet_len 103 (98)
[0;0m[0;34mRDP 0x55744807e698: Send CMP S 3: syn 0, ack 1, eack 0, rst 0, seq_nr 29111, ack_nr 34142, packet_len 5 (0)
[0;0m[0;34mRDP 0x55744807e698: Wake Tx task (check timeouts)
[0;0m[0;34mRDP 0x55744807e698: Received in S 3: syn 0, ack 1, eack 0, rst 0, seq_nr 34143, ack_nr 29110, packet_len 256 (251)
[0;0m[0;34mRDP 0x55744807e698: Wake Tx task (check timeouts)
[0;0m[0;34mRDP 0x55744807e698: Received in S 3: syn 0, ack 1, eack 0, rst 0, seq_nr 34144, ack_nr 29110, packet_len 256 (251)
[0;0m[0;34mRDP 0x55744807e698: Wake Tx task (check timeouts)
[0;0m[0;34mRDP 0x55744807e698: Received in S 3: syn 0, ack 1, eack 0, rst 0, seq_nr 34145, ack_nr 29110, packet_len 103 (98)
[0;0m[0;34mRDP 0x55744807e698: Send CMP S 3: syn 0, ack 1, eack 0, rst 0, seq_nr 29111, ack_nr 34145, packet_len 5 (0)
[0;0m[0;34mRDP 0x55744807e698: Wake Tx task (check timeouts)
[0;0m[0;34mRDP 0x55744807e698: Received in S 3: syn 0, ack 1, eack 0, rst 0, seq_nr 34146, ack_nr 29110, packet_len 256 (251)
[0;0m[0;34mRDP 0x55744807e698: Wake Tx task (check timeouts)
[0;0m[0;34mRDP 0x55744807e698: Received in S 3: syn 0, ack 1, eack 0, rst 0, seq_nr 34147, ack_nr 29110, packet_len 256 (251)
[0;0m[0;34mRDP 0x55744807e698: Wake Tx task (check timeouts)
[0;0m[0;34mRDP 0x55744807e698: Received in S 3: syn 0, ack 1, eack 0, rst 0, seq_nr 34148, ack_nr 29110, packet_len 103 (98)
[0;0m[0;34mRDP 0x55744807e698: Send CMP S 3: syn 0, ack 1, eack 0, rst 0, seq_nr 29111, ack_nr 34148, packet_len 5 (0)
[0;0m[0;34mRDP 0x55744807e698: Wake Tx task (check timeouts)
[0;0m[0;34mRDP 0x55744807e698: Received in S 3: syn 0, ack 1, eack 0, rst 0, seq_nr 34149, ack_nr 29110, packet_len 256 (251)
[0;0m[0;34mRDP 0x55744807e698: Wake Tx task (check timeouts)
[0;0m[0;34mRDP 0x55744807e698: Received in S 3: syn 0, ack 1, eack 0, rst 0, seq_nr 34150, ack_nr 29110, packet_len 256 (251)
[0;0m[0;34mRDP 0x55744807e698: Wake Tx task (check timeouts)
[0;0m[0;34mRDP 0x55744807e698: Received in S 3: syn 0, ack 1, eack 0, rst 0, seq_nr 34151, ack_nr 29110, packet_len 103 (98)
[0;0m[0;34mRDP 0x55744807e698: Send CMP S 3: syn 0, ack 1, eack 0, rst 0, seq_nr 29111, ack_nr 34151, packet_len 5 (0)
[0;0m[0;34mRDP 0x55744807e698: Wake Tx task (check timeouts)
[0;0m[0;34mRDP 0x55744807e698: Received in S 3: syn 0, ack 1, eack 0, rst 0, seq_nr 34152, ack_nr 29110, packet_len 256 (251)
[0;0m[0;34mRDP 0x55744807e698: Wake Tx task (check timeouts)
[0;0m[0;34mRDP 0x55744807e698: Received in S 3: syn 0, ack 1, eack 0, rst 0, seq_nr 34153, ack_nr 29110, packet_len 256 (251)
[0;0m[0;34mRDP 0x55744807e698: Wake Tx task (check timeouts)
[0;0m[0;34mRDP 0x55744807e698: Received in S 3: syn 0, ack 1, eack 0, rst 0, seq_nr 34154, ack_nr 29110, packet_len 103 (98)
[0;0m[0;34mRDP 0x55744807e698: Send CMP S 3: syn 0, ack 1, eack 0, rst 0, seq_nr 29111, ack_nr 34154, packet_len 5 (0)
[0;0m[0;34mRDP 0x55744807e698: Wake Tx task (check timeouts)
[0;0m[0;34mRDP 0x55744807e698: Received in S 3: syn 0, ack 1, eack 0, rst 0, seq_nr 34155, ack_nr 29110, packet_len 256 (251)
[0;0m[0;34mRDP 0x55744807e698: Wake Tx task (check timeouts)
[0;0m[0;34mRDP 0x55744807e698: Received in S 3: syn 0, ack 1, eack 0, rst 0, seq_nr 34156, ack_nr 29110, packet_len 256 (251)
[0;0m[0;34mRDP 0x55744807e698: Wake Tx task (check timeouts)
[0;0m[0;34mRDP 0x55744807e698: Received in S 3: syn 0, ack 1, eack 0, rst 0, seq_nr 34157, ack_nr 29110, packet_len 103 (98)
[0;0m[0;34mRDP 0x55744807e698: Send CMP S 3: syn 0, ack 1, eack 0, rst 0, seq_nr 29111, ack_nr 34157, packet_len 5 (0)
[0;0m[0;34mRDP 0x55744807e698: Wake Tx task (check timeouts)
[0;0m[0;34mRDP 0x55744807e698: Received in S 3: syn 0, ack 1, eack 0, rst 0, seq_nr 34158, ack_nr 29110, packet_len 256 (251)
[0;0m[0;34mRDP 0x55744807e698: Wake Tx task (check timeouts)
[0;0m[0;34mRDP 0x55744807e698: Received in S 3: syn 0, ack 1, eack 0, rst 0, seq_nr 34159, ack_nr 29110, packet_len 256 (251)
[0;0m[0;34mRDP 0x55744807e698: Wake Tx task (check timeouts)
[0;0m[0;34mRDP 0x55744807e698: Received in S 3: syn 0, ack 1, eack 0, rst 0, seq_nr 34160, ack_nr 29110, packet_len 103 (98)
[0;0m[0;34mRDP 0x55744807e698: Send CMP S 3: syn 0, ack 1, eack 0, rst 0, seq_nr 29111, ack_nr 34160, packet_len 5 (0)
[0;0m[0;34mRDP 0x55744807e698: Wake Tx task (check timeouts)
[0;0m[0;34mRDP 0x55744807e698: Received in S 3: syn 0, ack 1, eack 0, rst 0, seq_nr 34161, ack_nr 29110, packet_len 256 (251)
[0;0m[0;34mRDP 0x55744807e698: Wake Tx task (check timeouts)
[0;0m[0;34mRDP 0x55744807e698: Received in S 3: syn 0, ack 1, eack 0, rst 0, seq_nr 34162, ack_nr 29110, packet_len 256 (251)
[0;0m[0;34mRDP 0x55744807e698: Wake Tx task (check timeouts)
[0;0m[0;34mRDP 0x55744807e698: Received in S 3: syn 0, ack 1, eack 0, rst 0, seq_nr 34163, ack_nr 29110, packet_len 103 (98)
[0;0m[0;34mRDP 0x55744807e698: Send CMP S 3: syn 0, ack 1, eack 0, rst 0, seq_nr 29111, ack_nr 34163, packet_len 5 (0)
[0;0m[0;34mRDP 0x55744807e698: Wake Tx task (check timeouts)
[0;0m[0;34mRDP 0x55744807e698: Received in S 3: syn 0, ack 1, eack 0, rst 0, seq_nr 34164, ack_nr 29110, packet_len 256 (251)
[0;0m[0;34mRDP 0x55744807e698: Wake Tx task (check timeouts)
[0;0m[0;34mRDP 0x55744807e698: Received in S 3: syn 0, ack 1, eack 0, rst 0, seq_nr 34165, ack_nr 29110, packet_len 256 (251)
[0;0m[0;34mRDP 0x55744807e698: Wake Tx task (check timeouts)
[0;0m[0;34mRDP 0x55744807e698: Received in S 3: syn 0, ack 1, eack 0, rst 0, seq_nr 34166, ack_nr 29110, packet_len 103 (98)
[0;0m[0;34mRDP 0x55744807e698: Send CMP S 3: syn 0, ack 1, eack 0, rst 0, seq_nr 29111, ack_nr 34166, packet_len 5 (0)
[0;0m[0;34mRDP 0x55744807e698: Wake Tx task (check timeouts)
[0;0m[0;34mRDP 0x55744807e698: Received in S 3: syn 0, ack 1, eack 0, rst 0, seq_nr 34167, ack_nr 29110, packet_len 256 (251)
[0;0m[0;34mRDP 0x55744807e698: Wake Tx task (check timeouts)
[0;0m[0;34mRDP 0x55744807e698: Received in S 3: syn 0, ack 1, eack 0, rst 0, seq_nr 34168, ack_nr 29110, packet_len 256 (251)
[0;0m[0;34mRDP 0x55744807e698: Wake Tx task (check timeouts)
[0;0m[0;34mRDP 0x55744807e698: Received in S 3: syn 0, ack 1, eack 0, rst 0, seq_nr 34169, ack_nr 29110, packet_len 103 (98)
[0;0m[0;34mRDP 0x55744807e698: Send CMP S 3: syn 0, ack 1, eack 0, rst 0, seq_nr 29111, ack_nr 34169, packet_len 5 (0)
[0;0m[0;34mRDP 0x55744807e698: Wake Tx task (check timeouts)
[0;0m[0;34mRDP 0x55744807e698: Received in S 3: syn 0, ack 1, eack 0, rst 0, seq_nr 34170, ack_nr 29110, packet_len 256 (251)
[0;0m[0;34mRDP 0x55744807e698: Wake Tx task (check timeouts)
[0;0m[0;34mRDP 0x55744807e698: Received in S 3: syn 0, ack 1, eack 0, rst 0, seq_nr 34171, ack_nr 29110, packet_len 256 (251)
[0;0m[0;34mRDP 0x55744807e698: Wake Tx task (check timeouts)
[0;0m[0;34mRDP 0x55744807e698: Received in S 3: syn 0, ack 1, eack 0, rst 0, seq_nr 34172, ack_nr 29110, packet_len 103 (98)
[0;0m[0;34mRDP 0x55744807e698: Send CMP S 3: syn 0, ack 1, eack 0, rst 0, seq_nr 29111, ack_nr 34172, packet_len 5 (0)
[0;0m[0;34mRDP 0x55744807e698: Wake Tx task (check timeouts)
[0;0m[0;34mRDP 0x55744807e698: Received in S 3: syn 0, ack 1, eack 0, rst 0, seq_nr 34173, ack_nr 29110, packet_len 256 (251)
[0;0m[0;34mRDP 0x55744807e698: Wake Tx task (check timeouts)
[0;0m[0;34mRDP 0x55744807e698: Received in S 3: syn 0, ack 1, eack 0, rst 0, seq_nr 34174, ack_nr 29110, packet_len 256 (251)
[0;0m[0;34mRDP 0x55744807e698: Wake Tx task (check timeouts)
[0;0m[0;34mRDP 0x55744807e698: Received in S 3: syn 0, ack 1, eack 0, rst 0, seq_nr 34175, ack_nr 29110, packet_len 103 (98)
[0;0m[0;34mRDP 0x55744807e698: Send CMP S 3: syn 0, ack 1, eack 0, rst 0, seq_nr 29111, ack_nr 34175, packet_len 5 (0)
[0;0m[0;34mRDP 0x55744807e698: Wake Tx task (check timeouts)
[0;0m[0;34mRDP 0x55744807e698: Received in S 3: syn 0, ack 1, eack 0, rst 0, seq_nr 34176, ack_nr 29110, packet_len 256 (251)
[0;0m[0;34mRDP 0x55744807e698: Wake Tx task (check timeouts)
[0;0m[0;34mRDP 0x55744807e698: Received in S 3: syn 0, ack 1, eack 0, rst 0, seq_nr 34177, ack_nr 29110, packet_len 256 (251)
[0;0m[0;34mRDP 0x55744807e698: Wake Tx task (check timeouts)
[0;0m[0;34mRDP 0x55744807e698: Received in S 3: syn 0, ack 1, eack 0, rst 0, seq_nr 34178, ack_nr 29110, packet_len 103 (98)
[0;0m[0;34mRDP 0x55744807e698: Send CMP S 3: syn 0, ack 1, eack 0, rst 0, seq_nr 29111, ack_nr 34178, packet_len 5 (0)
[0;0m[0;34mRDP 0x55744807e698: Wake Tx task (check timeouts)
[0;0m[0;34mRDP 0x55744807e698: Received in S 3: syn 0, ack 1, eack 0, rst 0, seq_nr 34179, ack_nr 29110, packet_len 256 (251)
[0;0m[0;34mRDP 0x55744807e698: Wake Tx task (check timeouts)
[0;0m[0;34mRDP 0x55744807e698: Received in S 3: syn 0, ack 1, eack 0, rst 0, seq_nr 34180, ack_nr 29110, packet_len 256 (251)
[0;0m[0;34mRDP 0x55744807e698: Wake Tx task (check timeouts)
[0;0m[0;34mRDP 0x55744807e698: Received in S 3: syn 0, ack 1, eack 0, rst 0, seq_nr 34181, ack_nr 29110, packet_len 103 (98)
[0;0m[0;34mRDP 0x55744807e698: Send CMP S 3: syn 0, ack 1, eack 0, rst 0, seq_nr 29111, ack_nr 34181, packet_len 5 (0)
[0;0m[0;34mRDP 0x55744807e698: Wake Tx task (check timeouts)
[0;0m[0;34mRDP 0x55744807e698: Received in S 3: syn 0, ack 1, eack 0, rst 0, seq_nr 34182, ack_nr 29110, packet_len 256 (251)
[0;0m[0;34mRDP 0x55744807e698: Wake Tx task (check timeouts)
[0;0m[0;34mRDP 0x55744807e698: Received in S 3: syn 0, ack 1, eack 0, rst 0, seq_nr 34183, ack_nr 29110, packet_len 256 (251)
[0;0m[0;34mRDP 0x55744807e698: Wake Tx task (check timeouts)
[0;0m[0;34mRDP 0x55744807e698: Received in S 3: syn 0, ack 1, eack 0, rst 0, seq_nr 34184, ack_nr 29110, packet_len 103 (98)
[0;0m[0;34mRDP 0x55744807e698: Send CMP S 3: syn 0, ack 1, eack 0, rst 0, seq_nr 29111, ack_nr 34184, packet_len 5 (0)
[0;0m[0;34mRDP 0x55744807e698: Wake Tx task (check timeouts)
[0;0m[0;34mRDP 0x55744807e698: Received in S 3: syn 0, ack 1, eack 0, rst 0, seq_nr 34185, ack_nr 29110, packet_len 256 (251)
[0;0m[0;34mRDP 0x55744807e698: Wake Tx task (check timeouts)
[0;0m[0;34mRDP 0x55744807e698: Received in S 3: syn 0, ack 1, eack 0, rst 0, seq_nr 34186, ack_nr 29110, packet_len 256 (251)
[0;0m[0;34mRDP 0x55744807e698: Wake Tx task (check timeouts)
[0;0m[0;34mRDP 0x55744807e698: Received in S 3: syn 0, ack 1, eack 0, rst 0, seq_nr 34187, ack_nr 29110, packet_len 103 (98)
[0;0m[0;34mRDP 0x55744807e698: Send CMP S 3: syn 0, ack 1, eack 0, rst 0, seq_nr 29111, ack_nr 34187, packet_len 5 (0)
[0;0m[0;34mRDP 0x55744807e698: Wake Tx task (check timeouts)
[0;0m[0;34mRDP 0x55744807e698: Received in S 3: syn 0, ack 1, eack 0, rst 0, seq_nr 34188, ack_nr 29110, packet_len 256 (251)
[0;0m[0;34mRDP 0x55744807e698: Wake Tx task (check timeouts)
[0;0m[0;34mRDP 0x55744807e698: Received in S 3: syn 0, ack 1, eack 0, rst 0, seq_nr 34189, ack_nr 29110, packet_len 256 (251)
[0;0m[0;34mRDP 0x55744807e698: Wake Tx task (check timeouts)
[0;0m[0;34mRDP 0x55744807e698: Received in S 3: syn 0, ack 1, eack 0, rst 0, seq_nr 34190, ack_nr 29110, packet_len 103 (98)
[0;0m[0;34mRDP 0x55744807e698: Send CMP S 3: syn 0, ack 1, eack 0, rst 0, seq_nr 29111, ack_nr 34190, packet_len 5 (0)
[0;0m[0;34mRDP 0x55744807e698: Wake Tx task (check timeouts)
[0;0m[0;34mRDP 0x55744807e698: Received in S 3: syn 0, ack 1, eack 0, rst 0, seq_nr 34191, ack_nr 29110, packet_len 256 (251)
[0;0m[0;34mRDP 0x55744807e698: Wake Tx task (check timeouts)
[0;0m[0;34mRDP 0x55744807e698: Received in S 3: syn 0, ack 1, eack 0, rst 0, seq_nr 34192, ack_nr 29110, packet_len 256 (251)
[0;0m[0;34mRDP 0x55744807e698: Wake Tx task (check timeouts)
[0;0m[0;34mRDP 0x55744807e698: Received in S 3: syn 0, ack 1, eack 0, rst 0, seq_nr 34193, ack_nr 29110, packet_len 103 (98)
[0;0m[0;34mRDP 0x55744807e698: Send CMP S 3: syn 0, ack 1, eack 0, rst 0, seq_nr 29111, ack_nr 34193, packet_len 5 (0)
[0;0m[0;34mRDP 0x55744807e698: Wake Tx task (check timeouts)
[0;0m[0;34mRDP 0x55744807e698: Received in S 3: syn 0, ack 1, eack 0, rst 0, seq_nr 34194, ack_nr 29110, packet_len 256 (251)
[0;0m[0;34mRDP 0x55744807e698: Wake Tx task (check timeouts)
[0;0m[0;34mRDP 0x55744807e698: Received in S 3: syn 0, ack 1, eack 0, rst 0, seq_nr 34195, ack_nr 29110, packet_len 256 (251)
[0;0m[0;34mRDP 0x55744807e698: Wake Tx task (check timeouts)
[0;0m[0;34mRDP 0x55744807e698: Received in S 3: syn 0, ack 1, eack 0, rst 0, seq_nr 34196, ack_nr 29110, packet_len 103 (98)
[0;0m[0;34mRDP 0x55744807e698: Send CMP S 3: syn 0, ack 1, eack 0, rst 0, seq_nr 29111, ack_nr 34196, packet_len 5 (0)
[0;0m[0;34mRDP 0x55744807e698: Wake Tx task (check timeouts)
[0;0m[0;34mRDP 0x55744807e698: Received in S 3: syn 0, ack 1, eack 0, rst 0, seq_nr 34197, ack_nr 29110, packet_len 256 (251)
[0;0m[0;34mRDP 0x55744807e698: Wake Tx task (check timeouts)
[0;0m[0;34mRDP 0x55744807e698: Received in S 3: syn 0, ack 1, eack 0, rst 0, seq_nr 34198, ack_nr 29110, packet_len 256 (251)
[0;0m[0;34mRDP 0x55744807e698: Wake Tx task (check timeouts)
[0;0m[0;34mRDP 0x55744807e698: Received in S 3: syn 0, ack 1, eack 0, rst 0, seq_nr 34199, ack_nr 29110, packet_len 103 (98)
[0;0m[0;34mRDP 0x55744807e698: Send CMP S 3: syn 0, ack 1, eack 0, rst 0, seq_nr 29111, ack_nr 34199, packet_len 5 (0)
[0;0m[0;34mRDP 0x55744807e698: Wake Tx task (check timeouts)
[0;0m[0;34mRDP 0x55744807e698: Received in S 3: syn 0, ack 1, eack 0, rst 0, seq_nr 34200, ack_nr 29110, packet_len 256 (251)
[0;0m[0;34mRDP 0x55744807e698: Wake Tx task (check timeouts)
[0;0m[0;34mRDP 0x55744807e698: Received in S 3: syn 0, ack 1, eack 0, rst 0, seq_nr 34201, ack_nr 29110, packet_len 256 (251)
[0;0m[0;34mRDP 0x55744807e698: Wake Tx task (check timeouts)
[0;0m[0;34mRDP 0x55744807e698: Received in S 3: syn 0, ack 1, eack 0, rst 0, seq_nr 34202, ack_nr 29110, packet_len 103 (98)
[0;0m[0;34mRDP 0x55744807e698: Send CMP S 3: syn 0, ack 1, eack 0, rst 0, seq_nr 29111, ack_nr 34202, packet_len 5 (0)
[0;0m[0;34mRDP 0x55744807e698: Wake Tx task (check timeouts)
[0;0m[0;34mRDP 0x55744807e698: Received in S 3: syn 0, ack 1, eack 0, rst 0, seq_nr 34203, ack_nr 29110, packet_len 256 (251)
[0;0m[0;34mRDP 0x55744807e698: Wake Tx task (check timeouts)
[0;0m[0;34mRDP 0x55744807e698: Received in S 3: syn 0, ack 1, eack 0, rst 0, seq_nr 34204, ack_nr 29110, packet_len 256 (251)
[0;0m[0;34mRDP 0x55744807e698: Wake Tx task (check timeouts)
[0;0m[0;34mRDP 0x55744807e698: Received in S 3: syn 0, ack 1, eack 0, rst 0, seq_nr 34205, ack_nr 29110, packet_len 103 (98)
[0;0m[0;34mRDP 0x55744807e698: Send CMP S 3: syn 0, ack 1, eack 0, rst 0, seq_nr 29111, ack_nr 34205, packet_len 5 (0)
[0;0m[0;34mRDP 0x55744807e698: Wake Tx task (check timeouts)
[0;0m[0;34mRDP 0x55744807e698: Received in S 3: syn 0, ack 1, eack 0, rst 0, seq_nr 34206, ack_nr 29110, packet_len 256 (251)
[0;0m[0;34mRDP 0x55744807e698: Wake Tx task (check timeouts)
[0;0m[0;34mRDP 0x55744807e698: Received in S 3: syn 0, ack 1, eack 0, rst 0, seq_nr 34207, ack_nr 29110, packet_len 256 (251)
[0;0m[0;34mRDP 0x55744807e698: Wake Tx task (check timeouts)
[0;0m[0;34mRDP 0x55744807e698: Received in S 3: syn 0, ack 1, eack 0, rst 0, seq_nr 34208, ack_nr 29110, packet_len 103 (98)
[0;0m[0;34mRDP 0x55744807e698: Send CMP S 3: syn 0, ack 1, eack 0, rst 0, seq_nr 29111, ack_nr 34208, packet_len 5 (0)
[0;0m[0;34mRDP 0x55744807e698: Wake Tx task (check timeouts)
[0;0m[0;34mRDP 0x55744807e698: Received in S 3: syn 0, ack 1, eack 0, rst 0, seq_nr 34209, ack_nr 29110, packet_len 256 (251)
[0;0m[0;34mRDP 0x55744807e698: Wake Tx task (check timeouts)
[0;0m[0;34mRDP 0x55744807e698: Received in S 3: syn 0, ack 1, eack 0, rst 0, seq_nr 34210, ack_nr 29110, packet_len 256 (251)
[0;0m[0;34mRDP 0x55744807e698: Wake Tx task (check timeouts)
[0;0m[0;34mRDP 0x55744807e698: Received in S 3: syn 0, ack 1, eack 0, rst 0, seq_nr 34211, ack_nr 29110, packet_len 103 (98)
[0;0m[0;34mRDP 0x55744807e698: Send CMP S 3: syn 0, ack 1, eack 0, rst 0, seq_nr 29111, ack_nr 34211, packet_len 5 (0)
[0;0m[0;34mRDP 0x55744807e698: Wake Tx task (check timeouts)
[0;0m[0;34mRDP 0x55744807e698: Received in S 3: syn 0, ack 1, eack 0, rst 0, seq_nr 34212, ack_nr 29110, packet_len 256 (251)
[0;0m[0;34mRDP 0x55744807e698: Wake Tx task (check timeouts)
[0;0m[0;34mRDP 0x55744807e698: Received in S 3: syn 0, ack 1, eack 0, rst 0, seq_nr 34213, ack_nr 29110, packet_len 256 (251)
[0;0m[0;34mRDP 0x55744807e698: Wake Tx task (check timeouts)
[0;0m[0;34mRDP 0x55744807e698: Received in S 3: syn 0, ack 1, eack 0, rst 0, seq_nr 34214, ack_nr 29110, packet_len 103 (98)
[0;0m[0;34mRDP 0x55744807e698: Send CMP S 3: syn 0, ack 1, eack 0, rst 0, seq_nr 29111, ack_nr 34214, packet_len 5 (0)
[0;0m[0;34mRDP 0x55744807e698: Wake Tx task (check timeouts)
[0;0m[0;34mRDP 0x55744807e698: Received in S 3: syn 0, ack 1, eack 0, rst 0, seq_nr 34215, ack_nr 29110, packet_len 256 (251)
[0;0m[0;34mRDP 0x55744807e698: Wake Tx task (check timeouts)
[0;0m[0;34mRDP 0x55744807e698: Received in S 3: syn 0, ack 1, eack 0, rst 0, seq_nr 34216, ack_nr 29110, packet_len 256 (251)
[0;0m[0;34mRDP 0x55744807e698: Wake Tx task (check timeouts)
[0;0m[0;34mRDP 0x55744807e698: Received in S 3: syn 0, ack 1, eack 0, rst 0, seq_nr 34217, ack_nr 29110, packet_len 103 (98)
[0;0m[0;34mRDP 0x55744807e698: Send CMP S 3: syn 0, ack 1, eack 0, rst 0, seq_nr 29111, ack_nr 34217, packet_len 5 (0)
[0;0m[0;34mRDP 0x55744807e698: Wake Tx task (check timeouts)
[0;0m[0;34mRDP 0x55744807e698: Received in S 3: syn 0, ack 1, eack 0, rst 0, seq_nr 34218, ack_nr 29110, packet_len 256 (251)
[0;0m[0;34mRDP 0x55744807e698: Wake Tx task (check timeouts)
[0;0m[0;34mRDP 0x55744807e698: Received in S 3: syn 0, ack 1, eack 0, rst 0, seq_nr 34219, ack_nr 29110, packet_len 256 (251)
[0;0m[0;34mRDP 0x55744807e698: Wake Tx task (check timeouts)
[0;0m[1;31mGET: Out of buffers
[0;0m[0;34mcsp_sfp_recv_fp: 20:51, fragment 243/576
[0;0m[0;34mcsp_sfp_recv_fp: 20:51, fragment 486/576
[0;0m[0;34mcsp_sfp_recv_fp: 20:51, fragment 576/576
[0;0mRECV_BUNDLE bundle_seq=19 n=16 bytes=576
[0;34mcsp_sfp_recv_fp: 20:51, fragment 243/576
[0;0m[0;34mcsp_sfp_recv_fp: 20:51, fragment 486/576
[0;0m[0;34mcsp_sfp_recv_fp: 20:51, fragment 576/576
[0;0mRECV_BUNDLE bundle_seq=20 n=16 bytes=576
[0;34mcsp_sfp_recv_fp: 20:51, fragment 243/576
[0;0m[0;34mcsp_sfp_recv_fp: 20:51, fragment 486/576
[0;0m[0;34mcsp_sfp_recv_fp: 20:51, fragment 576/576
[0;0mRECV_BUNDLE bundle_seq=21 n=16 bytes=576
[0;34mcsp_sfp_recv_fp: 20:51, fragment 243/576
[0;0m[0;34mcsp_sfp_recv_fp: 20:51, fragment 486/576
[0;0m[0;34mcsp_sfp_recv_fp: 20:51, fragment 576/576
[0;0mRECV_BUNDLE bundle_seq=22 n=16 bytes=576
[0;34mcsp_sfp_recv_fp: 20:51, fragment 243/576
[0;0m[0;34mcsp_sfp_recv_fp: 20:51, fragment 486/576
[0;0m[0;34mcsp_sfp_recv_fp: 20:51, fragment 576/576
[0;0mRECV_BUNDLE bundle_seq=23 n=16 bytes=576
[0;34mcsp_sfp_recv_fp: 20:51, fragment 243/576
[0;0m[0;34mcsp_sfp_recv_fp: 20:51, fragment 486/576
[0;0m[0;34mcsp_sfp_recv_fp: 20:51, fragment 576/576
[0;0mRECV_BUNDLE bundle_seq=24 n=16 bytes=576
[0;34mcsp_sfp_recv_fp: 20:51, fragment 243/576
[0;0m[0;34mcsp_sfp_recv_fp: 20:51, fragment 486/576
[0;0m[0;34mcsp_sfp_recv_fp: 20:51, fragment 576/576
[0;0mRECV_BUNDLE bundle_seq=25 n=16 bytes=576
[0;34mcsp_sfp_recv_fp: 20:51, fragment 243/576
[0;0m[0;34mcsp_sfp_recv_fp: 20:51, fragment 486/576
[0;0m[0;34mcsp_sfp_recv_fp: 20:51, fragment 576/576
[0;0mRECV_BUNDLE bundle_seq=26 n=16 bytes=576
[0;34mcsp_sfp_recv_fp: 20:51, fragment 243/576
[0;0m[0;34mcsp_sfp_recv_fp: 20:51, fragment 486/576
[0;0m[0;34mcsp_sfp_recv_fp: 20:51, fragment 576/576
[0;0mRECV_BUNDLE bundle_seq=27 n=16 bytes=576
[0;34mcsp_sfp_recv_fp: 20:51, fragment 243/576
[0;0m[0;34mcsp_sfp_recv_fp: 20:51, fragment 486/576
[0;0m[0;34mcsp_sfp_recv_fp: 20:51, fragment 576/576
[0;0mRECV_BUNDLE bundle_seq=28 n=16 bytes=576
[0;34mcsp_sfp_recv_fp: 20:51, fragment 243/576
[0;0m[0;34mcsp_sfp_recv_fp: 20:51, fragment 486/576
[0;0m[0;34mcsp_sfp_recv_fp: 20:51, fragment 576/576
[0;0mRECV_BUNDLE bundle_seq=29 n=16 bytes=576
[0;34mcsp_sfp_recv_fp: 20:51, fragment 243/576
[0;0m[0;34mcsp_sfp_recv_fp: 20:51, fragment 486/576
[0;0m[0;34mcsp_sfp_recv_fp: 20:51, fragment 576/576
[0;0mRECV_BUNDLE bundle_seq=30 n=16 bytes=576
[0;34mcsp_sfp_recv_fp: 20:51, fragment 243/576
[0;0m[0;34mcsp_sfp_recv_fp: 20:51, fragment 486/576
[0;0m[0;34mcsp_sfp_recv_fp: 20:51, fragment 576/576
[0;0mRECV_BUNDLE bundle_seq=31 n=16 bytes=576
[0;34mcsp_sfp_recv_fp: 20:51, fragment 243/576
[0;0m[0;34mcsp_sfp_recv_fp: 20:51, fragment 486/576
[0;0m[0;34mcsp_sfp_recv_fp: 20:51, fragment 576/576
[0;0mRECV_BUNDLE bundle_seq=32 n=16 bytes=576
[0;34mcsp_sfp_recv_fp: 20:51, fragment 243/576
[0;0m[0;34mcsp_sfp_recv_fp: 20:51, fragment 486/576
[0;0m[0;34mcsp_sfp_recv_fp: 20:51, fragment 576/576
[0;0mRECV_BUNDLE bundle_seq=33 n=16 bytes=576
[0;34mcsp_sfp_recv_fp: 20:51, fragment 243/576
[0;0m[0;34mcsp_sfp_recv_fp: 20:51, fragment 486/576
[0;0m[0;34mcsp_sfp_recv_fp: 20:51, fragment 576/576
[0;0mRECV_BUNDLE bundle_seq=34 n=16 bytes=576
[0;34mcsp_sfp_recv_fp: 20:51, fragment 243/576
[0;0m[0;34mcsp_sfp_recv_fp: 20:51, fragment 486/576
[0;0m[0;34mcsp_sfp_recv_fp: 20:51, fragment 576/576
[0;0mRECV_BUNDLE bundle_seq=35 n=16 bytes=576
[0;34mcsp_sfp_recv_fp: 20:51, fragment 243/576
[0;0m[0;34mcsp_sfp_recv_fp: 20:51, fragment 486/576
[0;0m[0;34mcsp_sfp_recv_fp: 20:51, fragment 576/576
[0;0mRECV_BUNDLE bundle_seq=36 n=16 bytes=576
[0;34mcsp_sfp_recv_fp: 20:51, fragment 243/576
[0;0m[0;34mcsp_sfp_recv_fp: 20:51, fragment 486/576
[0;0m[0;34mcsp_sfp_recv_fp: 20:51, fragment 576/576
[0;0mRECV_BUNDLE bundle_seq=37 n=16 bytes=576
[0;34mcsp_sfp_recv_fp: 20:51, fragment 243/576
[0;0m[0;34mcsp_sfp_recv_fp: 20:51, fragment 486/576
[0;0m[0;34mcsp_sfp_recv_fp: 20:51, fragment 576/576
[0;0mRECV_BUNDLE bundle_seq=38 n=16 bytes=576
[0;34mcsp_sfp_recv_fp: 20:51, fragment 243/576
[0;0m[0;34mcsp_sfp_recv_fp: 20:51, fragment 486/576
[0;0m[0;34mcsp_sfp_recv_fp: 20:51, fragment 576/576
[0;0mRECV_BUNDLE bundle_seq=39 n=16 bytes=576
[0;34mcsp_sfp_recv_fp: 20:51, fragment 243/576
[0;0m[0;34mcsp_sfp_recv_fp: 20:51, fragment 486/576
[0;0m[0;34mcsp_sfp_recv_fp: 20:51, fragment 576/576
[0;0mRECV_BUNDLE bundle_seq=40 n=16 bytes=576
[0;34mcsp_sfp_recv_fp: 20:51, fragment 243/576
[0;0m[0;34mcsp_sfp_recv_fp: 20:51, fragment 486/576
[0;0m[0;34mcsp_sfp_recv_fp: 20:51, fragment 576/576
[0;0mRECV_BUNDLE bundle_seq=41 n=16 bytes=576
[0;34mcsp_sfp_recv_fp: 20:51, fragment 243/576
[0;0m[0;34mcsp_sfp_recv_fp: 20:51, fragment 486/576
[0;0m[0;34mcsp_sfp_recv_fp: 20:51, fragment 576/576
[0;0mRECV_BUNDLE bundle_seq=42 n=16 bytes=576
[0;34mcsp_sfp_recv_fp: 20:51, fragment 243/576
[0;0m[0;34mcsp_sfp_recv_fp: 20:51, fragment 486/576
[0;0m[0;34mcsp_sfp_recv_fp: 20:51, fragment 576/576
[0;0mRECV_BUNDLE bundle_seq=43 n=16 bytes=576
[0;34mcsp_sfp_recv_fp: 20:51, fragment 243/576
[0;0m[0;34mcsp_sfp_recv_fp: 20:51, fragment 486/576
[0;0m[0;34mcsp_sfp_recv_fp: 20:51, fragment 576/576
[0;0mRECV_BUNDLE bundle_seq=44 n=16 bytes=576
[0;34mcsp_sfp_recv_fp: 20:51, fragment 243/576
[0;0m[0;34mcsp_sfp_recv_fp: 20:51, fragment 486/576
[0;0m[0;34mcsp_sfp_recv_fp: 20:51, fragment 576/576
[0;0mRECV_BUNDLE bundle_seq=45 n=16 bytes=576
[0;34mcsp_sfp_recv_fp: 20:51, fragment 243/576
[0;0m[0;34mcsp_sfp_recv_fp: 20:51, fragment 486/576
[0;0m[0;34mcsp_sfp_recv_fp: 20:51, fragment 576/576
[0;0mRECV_BUNDLE bundle_seq=46 n=16 bytes=576
[0;34mcsp_sfp_recv_fp: 20:51, fragment 243/576
[0;0m[0;34mcsp_sfp_recv_fp: 20:51, fragment 486/576
[0;0m[0;34mcsp_sfp_recv_fp: 20:51, fragment 576/576
[0;0mRECV_BUNDLE bundle_seq=47 n=16 bytes=576
[0;34mcsp_sfp_recv_fp: 20:51, fragment 243/576
[0;0m[0;34mcsp_sfp_recv_fp: 20:51, fragment 486/576
[0;0m[0;34mcsp_sfp_recv_fp: 20:51, fragment 576/576
[0;0mRECV_BUNDLE bundle_seq=48 n=16 bytes=576
cspcl_recv_bundle: Operation timed out -- stopping
[0;34mcsp_sfp_recv_fp: 20:51, fragment 243/576
[0;0m[0;34mcsp_sfp_recv_fp: 20:51, fragment 486/576
[0;0m[0;34mRDP 0x55744807e698: Wake Tx task (check timeouts)
[0;0m[0;34mRDP 0x55744807e698: Wake Tx task (check timeouts)
[0;0m[0;34mRDP 0x55744807e698: Send CMP S 3: syn 0, ack 1, eack 0, rst 0, seq_nr 29111, ack_nr 34219, packet_len 5 (0)
[0;0m[0;34mRDP 0x55744807e698: Wake Tx task (check timeouts)
[0;0m[0;34mRDP 0x55744807e698: Received in S 3: syn 0, ack 1, eack 0, rst 0, seq_nr 34221, ack_nr 29110, packet_len 5 (0)
[0;0m[0;34mRDP 0x55744807e698: Wake Tx task (check timeouts)
[0;0m[0;34mRDP 0x55744807e698: Wake Tx task (check timeouts)
[0;0m[0;34mRDP 0x55744807e698: Wake Tx task (check timeouts)
[0;0m[0;34mRDP 0x55744807e698: Send CMP S 3: syn 0, ack 1, eack 0, rst 0, seq_nr 29111, ack_nr 34219, packet_len 5 (0)
[0;0m[0;34mRDP 0x55744807e698: Wake Tx task (check timeouts)
[0;0m[0;34mRDP 0x55744807e698: Received in S 3: syn 0, ack 1, eack 0, rst 0, seq_nr 34221, ack_nr 29110, packet_len 5 (0)
[0;0m[0;34mRDP 0x55744807e698: Wake Tx task (check timeouts)
[0;0m[0;34mRDP 0x55744807e698: Wake Tx task (check timeouts)
[0;0m[0;34mRDP 0x55744807e698: Wake Tx task (check timeouts)
[0;0m[0;34mRDP 0x55744807e698: Received in S 3: syn 0, ack 1, eack 0, rst 0, seq_nr 34221, ack_nr 29110, packet_len 5 (0)
[0;0m[0;34mRDP 0x55744807e698: Send CMP S 3: syn 0, ack 1, eack 0, rst 0, seq_nr 29111, ack_nr 34219, packet_len 5 (0)
[0;0m[0;34mRDP 0x55744807e698: Wake Tx task (check timeouts)
[0;0m[0;34mRDP 0x55744807e610: csp_rdp_close(0x6) -> CLOSED
[0;0m[0;34mRDP 0x55744807e698: Wake Tx task (check timeouts)
[0;0m[0;34mRDP 0x55744807e698: Received in S 3: syn 0, ack 1, eack 0, rst 0, seq_nr 34220, ack_nr 29110, packet_len 103 (98)
[0;0m[0;34mRDP 0x55744807e698: Wake Tx task (check timeouts)
[0;0m[0;34mcsp_sfp_recv_fp: 20:51, fragment 576/576
[0;0m[1;33mcsp_sfp_recv_fp: 20:51, invalid message, offset 486 (expected 0), length: 90, totalsize 576
[0;0m[0;34mRDP 0x55744807e698: Send CMP S 4: syn 0, ack 1, eack 0, rst 1, seq_nr 29111, ack_nr 34220, packet_len 5 (0)
[0;0m[0;34mRDP 0x55744807e698: csp_rdp_close(0x1), sent RST -> CLOSE_WAIT
[0;0m[0;34mRDP 0x55744807e698: csp_rdp_close(0x1), waiting for: protocol timeout
[0;0m
--- bundle measurement summary ---
bundles received: 48
unit latency: min=0.317 ms  mean=9.679 ms  max=19.411 ms  stddev=7.127 ms  (n=768 units)
throughput: 46.99 bundles/sec  751.8 units/sec-equivalent  27.1 kB/s
[0;34mRDP 0x55744807e698: Received in S 4: syn 0, ack 1, eack 0, rst 1, seq_nr 34221, ack_nr 29110, packet_len 5 (0)
[0;0m[0;34mRDP 0x55744807e698: RST received in CLOSE_WAIT, ack: 1 - closing
[0;0m[0;34mRDP 0x55744807e698: csp_rdp_close(0x2), waiting for: timeout
[0;0mend_own_memcpy: 21:10, sending at 0x55dfc8d5e996 size 90
[0;0m[0;34mRDP 0x55dfc8d50698: Sending  in S 3: syn 0, ack 1, eack 0, rst 0, seq_nr 34190, ack_nr 29110, packet_len 103 (98)
[0;0m[0;34mRDP 0x55dfc8d50698: Received in S 3: syn 0, ack 1, eack 0, rst 0, seq_nr 29111, ack_nr 34190, packet_len 5 (0)
[0;0m[0;34mRDP 0x55dfc8d50698: TX Element Free, time 22780608, seq 34188, una 34191
[0;0m[0;34mRDP 0x55dfc8d50698: TX Element Free, time 22780608, seq 34189, una 34191
[0;0m[0;34mRDP 0x55dfc8d50698: TX Element Free, time 22780609, seq 34190, una 34191
[0;0m[0;34mRDP 0x55dfc8d50698: Wake Tx task (check timeouts)
[0;0mSENT bundle=42 n=16 bytes=576 send_time_ms=0.240
[0;34mcsp_sfp_send_own_memcpy: 21:10, sending at 0x55dfc8d5e7b0 size 243
[0;0m[0;34mRDP 0x55dfc8d50698: Sending  in S 3: syn 0, ack 1, eack 0, rst 0, seq_nr 34191, ack_nr 29110, packet_len 256 (251)
[0;0m[0;34mcsp_sfp_send_own_memcpy: 21:10, sending at 0x55dfc8d5e8a3 size 243
[0;0m[0;34mRDP 0x55dfc8d50698: Sending  in S 3: syn 0, ack 1, eack 0, rst 0, seq_nr 34192, ack_nr 29110, packet_len 256 (251)
[0;0m[0;34mcsp_sfp_send_own_memcpy: 21:10, sending at 0x55dfc8d5e996 size 90
[0;0m[0;34mRDP 0x55dfc8d50698: Sending  in S 3: syn 0, ack 1, eack 0, rst 0, seq_nr 34193, ack_nr 29110, packet_len 103 (98)
[0;0m[0;34mRDP 0x55dfc8d50698: Received in S 3: syn 0, ack 1, eack 0, rst 0, seq_nr 29111, ack_nr 34193, packet_len 5 (0)
[0;0m[0;34mRDP 0x55dfc8d50698: TX Element Free, time 22780609, seq 34191, una 34194
[0;0m[0;34mRDP 0x55dfc8d50698: TX Element Free, time 22780609, seq 34192, una 34194
[0;0m[0;34mRDP 0x55dfc8d50698: TX Element Free, time 22780609, seq 34193, una 34194
[0;0m[0;34mRDP 0x55dfc8d50698: Wake Tx task (check timeouts)
[0;0mSENT bundle=43 n=16 bytes=576 send_time_ms=0.259
[0;34mcsp_sfp_send_own_memcpy: 21:10, sending at 0x55dfc8d5e7b0 size 243
[0;0m[0;34mRDP 0x55dfc8d50698: Sending  in S 3: syn 0, ack 1, eack 0, rst 0, seq_nr 34194, ack_nr 29110, packet_len 256 (251)
[0;0m[0;34mcsp_sfp_send_own_memcpy: 21:10, sending at 0x55dfc8d5e8a3 size 243
[0;0m[0;34mRDP 0x55dfc8d50698: Sending  in S 3: syn 0, ack 1, eack 0, rst 0, seq_nr 34195, ack_nr 29110, packet_len 256 (251)
[0;0m[0;34mcsp_sfp_send_own_memcpy: 21:10, sending at 0x55dfc8d5e996 size 90
[0;0m[0;34mRDP 0x55dfc8d50698: Sending  in S 3: syn 0, ack 1, eack 0, rst 0, seq_nr 34196, ack_nr 29110, packet_len 103 (98)
[0;0m[0;34mRDP 0x55dfc8d50698: Received in S 3: syn 0, ack 1, eack 0, rst 0, seq_nr 29111, ack_nr 34196, packet_len 5 (0)
[0;0m[0;34mRDP 0x55dfc8d50698: TX Element Free, time 22780609, seq 34194, una 34197
[0;0m[0;34mRDP 0x55dfc8d50698: TX Element Free, time 22780609, seq 34195, una 34197
[0;0m[0;34mRDP 0x55dfc8d50698: TX Element Free, time 22780609, seq 34196, una 34197
[0;0m[0;34mRDP 0x55dfc8d50698: Wake Tx task (check timeouts)
[0;0mSENT bundle=44 n=16 bytes=576 send_time_ms=0.253
[0;34mcsp_sfp_send_own_memcpy: 21:10, sending at 0x55dfc8d5e7b0 size 243
[0;0m[0;34mRDP 0x55dfc8d50698: Sending  in S 3: syn 0, ack 1, eack 0, rst 0, seq_nr 34197, ack_nr 29110, packet_len 256 (251)
[0;0m[0;34mcsp_sfp_send_own_memcpy: 21:10, sending at 0x55dfc8d5e8a3 size 243
[0;0m[0;34mRDP 0x55dfc8d50698: Sending  in S 3: syn 0, ack 1, eack 0, rst 0, seq_nr 34198, ack_nr 29110, packet_len 256 (251)
[0;0m[0;34mcsp_sfp_send_own_memcpy: 21:10, sending at 0x55dfc8d5e996 size 90
[0;0m[0;34mRDP 0x55dfc8d50698: Sending  in S 3: syn 0, ack 1, eack 0, rst 0, seq_nr 34199, ack_nr 29110, packet_len 103 (98)
[0;0m[0;34mRDP 0x55dfc8d50698: Received in S 3: syn 0, ack 1, eack 0, rst 0, seq_nr 29111, ack_nr 34199, packet_len 5 (0)
[0;0m[0;34mRDP 0x55dfc8d50698: TX Element Free, time 22780609, seq 34197, una 34200
[0;0m[0;34mRDP 0x55dfc8d50698: TX Element Free, time 22780609, seq 34198, una 34200
[0;0m[0;34mRDP 0x55dfc8d50698: TX Element Free, time 22780609, seq 34199, una 34200
[0;0m[0;34mRDP 0x55dfc8d50698: Wake Tx task (check timeouts)
[0;0mSENT bundle=45 n=16 bytes=576 send_time_ms=0.247
[0;34mcsp_sfp_send_own_memcpy: 21:10, sending at 0x55dfc8d5e7b0 size 243
[0;0m[0;34mRDP 0x55dfc8d50698: Sending  in S 3: syn 0, ack 1, eack 0, rst 0, seq_nr 34200, ack_nr 29110, packet_len 256 (251)
[0;0m[0;34mcsp_sfp_send_own_memcpy: 21:10, sending at 0x55dfc8d5e8a3 size 243
[0;0m[0;34mRDP 0x55dfc8d50698: Sending  in S 3: syn 0, ack 1, eack 0, rst 0, seq_nr 34201, ack_nr 29110, packet_len 256 (251)
[0;0m[0;34mcsp_sfp_send_own_memcpy: 21:10, sending at 0x55dfc8d5e996 size 90
[0;0m[0;34mRDP 0x55dfc8d50698: Sending  in S 3: syn 0, ack 1, eack 0, rst 0, seq_nr 34202, ack_nr 29110, packet_len 103 (98)
[0;0m[0;34mRDP 0x55dfc8d50698: Received in S 3: syn 0, ack 1, eack 0, rst 0, seq_nr 29111, ack_nr 34202, packet_len 5 (0)
[0;0m[0;34mRDP 0x55dfc8d50698: TX Element Free, time 22780609, seq 34200, una 34203
[0;0m[0;34mRDP 0x55dfc8d50698: TX Element Free, time 22780609, seq 34201, una 34203
[0;0m[0;34mRDP 0x55dfc8d50698: TX Element Free, time 22780610, seq 34202, una 34203
[0;0m[0;34mRDP 0x55dfc8d50698: Wake Tx task (check timeouts)
[0;0mSENT bundle=46 n=16 bytes=576 send_time_ms=0.253
[0;34mcsp_sfp_send_own_memcpy: 21:10, sending at 0x55dfc8d5e7b0 size 243
[0;0m[0;34mRDP 0x55dfc8d50698: Sending  in S 3: syn 0, ack 1, eack 0, rst 0, seq_nr 34203, ack_nr 29110, packet_len 256 (251)
[0;0m[0;34mcsp_sfp_send_own_memcpy: 21:10, sending at 0x55dfc8d5e8a3 size 243
[0;0m[0;34mRDP 0x55dfc8d50698: Sending  in S 3: syn 0, ack 1, eack 0, rst 0, seq_nr 34204, ack_nr 29110, packet_len 256 (251)
[0;0m[0;34mcsp_sfp_send_own_memcpy: 21:10, sending at 0x55dfc8d5e996 size 90
[0;0m[0;34mRDP 0x55dfc8d50698: Sending  in S 3: syn 0, ack 1, eack 0, rst 0, seq_nr 34205, ack_nr 29110, packet_len 103 (98)
[0;0m[0;34mRDP 0x55dfc8d50698: Received in S 3: syn 0, ack 1, eack 0, rst 0, seq_nr 29111, ack_nr 34205, packet_len 5 (0)
[0;0m[0;34mRDP 0x55dfc8d50698: TX Element Free, time 22780610, seq 34203, una 34206
[0;0m[0;34mRDP 0x55dfc8d50698: TX Element Free, time 22780610, seq 34204, una 34206
[0;0m[0;34mRDP 0x55dfc8d50698: TX Element Free, time 22780610, seq 34205, una 34206
[0;0m[0;34mRDP 0x55dfc8d50698: Wake Tx task (check timeouts)
[0;0mSENT bundle=47 n=16 bytes=576 send_time_ms=0.231
[0;34mcsp_sfp_send_own_memcpy: 21:10, sending at 0x55dfc8d5e7b0 size 243
[0;0m[0;34mRDP 0x55dfc8d50698: Sending  in S 3: syn 0, ack 1, eack 0, rst 0, seq_nr 34206, ack_nr 29110, packet_len 256 (251)
[0;0m[0;34mcsp_sfp_send_own_memcpy: 21:10, sending at 0x55dfc8d5e8a3 size 243
[0;0m[0;34mRDP 0x55dfc8d50698: Sending  in S 3: syn 0, ack 1, eack 0, rst 0, seq_nr 34207, ack_nr 29110, packet_len 256 (251)
[0;0m[0;34mcsp_sfp_send_own_memcpy: 21:10, sending at 0x55dfc8d5e996 size 90
[0;0m[0;34mRDP 0x55dfc8d50698: Sending  in S 3: syn 0, ack 1, eack 0, rst 0, seq_nr 34208, ack_nr 29110, packet_len 103 (98)
[0;0m[0;34mRDP 0x55dfc8d50698: Received in S 3: syn 0, ack 1, eack 0, rst 0, seq_nr 29111, ack_nr 34208, packet_len 5 (0)
[0;0m[0;34mRDP 0x55dfc8d50698: TX Element Free, time 22780610, seq 34206, una 34209
[0;0m[0;34mRDP 0x55dfc8d50698: TX Element Free, time 22780610, seq 34207, una 34209
[0;0m[0;34mRDP 0x55dfc8d50698: TX Element Free, time 22780610, seq 34208, una 34209
[0;0m[0;34mRDP 0x55dfc8d50698: Wake Tx task (check timeouts)
[0;0mSENT bundle=48 n=16 bytes=576 send_time_ms=0.234
[0;34mcsp_sfp_send_own_memcpy: 21:10, sending at 0x55dfc8d5e7b0 size 243
[0;0m[0;34mRDP 0x55dfc8d50698: Sending  in S 3: syn 0, ack 1, eack 0, rst 0, seq_nr 34209, ack_nr 29110, packet_len 256 (251)
[0;0m[0;34mcsp_sfp_send_own_memcpy: 21:10, sending at 0x55dfc8d5e8a3 size 243
[0;0m[0;34mRDP 0x55dfc8d50698: Sending  in S 3: syn 0, ack 1, eack 0, rst 0, seq_nr 34210, ack_nr 29110, packet_len 256 (251)
[0;0m[0;34mcsp_sfp_send_own_memcpy: 21:10, sending at 0x55dfc8d5e996 size 90
[0;0m[0;34mRDP 0x55dfc8d50698: Sending  in S 3: syn 0, ack 1, eack 0, rst 0, seq_nr 34211, ack_nr 29110, packet_len 103 (98)
[0;0m[0;34mRDP 0x55dfc8d50698: Received in S 3: syn 0, ack 1, eack 0, rst 0, seq_nr 29111, ack_nr 34211, packet_len 5 (0)
[0;0m[0;34mRDP 0x55dfc8d50698: TX Element Free, time 22780610, seq 34209, una 34212
[0;0m[0;34mRDP 0x55dfc8d50698: TX Element Free, time 22780610, seq 34210, una 34212
[0;0m[0;34mRDP 0x55dfc8d50698: TX Element Free, time 22780610, seq 34211, una 34212
[0;0m[0;34mRDP 0x55dfc8d50698: Wake Tx task (check timeouts)
[0;0mSENT bundle=49 n=16 bytes=576 send_time_ms=0.246
[0;34mcsp_sfp_send_own_memcpy: 21:10, sending at 0x55dfc8d5e7b0 size 243
[0;0m[0;34mRDP 0x55dfc8d50698: Sending  in S 3: syn 0, ack 1, eack 0, rst 0, seq_nr 34212, ack_nr 29110, packet_len 256 (251)
[0;0m[0;34mcsp_sfp_send_own_memcpy: 21:10, sending at 0x55dfc8d5e8a3 size 243
[0;0m[0;34mRDP 0x55dfc8d50698: Sending  in S 3: syn 0, ack 1, eack 0, rst 0, seq_nr 34213, ack_nr 29110, packet_len 256 (251)
[0;0m[0;34mcsp_sfp_send_own_memcpy: 21:10, sending at 0x55dfc8d5e996 size 90
[0;0m[0;34mRDP 0x55dfc8d50698: Sending  in S 3: syn 0, ack 1, eack 0, rst 0, seq_nr 34214, ack_nr 29110, packet_len 103 (98)
[0;0m[0;34mRDP 0x55dfc8d50698: Received in S 3: syn 0, ack 1, eack 0, rst 0, seq_nr 29111, ack_nr 34214, packet_len 5 (0)
[0;0m[0;34mRDP 0x55dfc8d50698: TX Element Free, time 22780610, seq 34212, una 34215
[0;0m[0;34mRDP 0x55dfc8d50698: TX Element Free, time 22780610, seq 34213, una 34215
[0;0m[0;34mRDP 0x55dfc8d50698: TX Element Free, time 22780611, seq 34214, una 34215
[0;0m[0;34mRDP 0x55dfc8d50698: Wake Tx task (check timeouts)
[0;0mSENT bundle=50 n=16 bytes=576 send_time_ms=0.254
[0;34mcsp_sfp_send_own_memcpy: 21:10, sending at 0x55dfc8d5e7b0 size 243
[0;0m[0;34mRDP 0x55dfc8d50698: Sending  in S 3: syn 0, ack 1, eack 0, rst 0, seq_nr 34215, ack_nr 29110, packet_len 256 (251)
[0;0m[0;34mcsp_sfp_send_own_memcpy: 21:10, sending at 0x55dfc8d5e8a3 size 243
[0;0m[0;34mRDP 0x55dfc8d50698: Sending  in S 3: syn 0, ack 1, eack 0, rst 0, seq_nr 34216, ack_nr 29110, packet_len 256 (251)
[0;0m[0;34mcsp_sfp_send_own_memcpy: 21:10, sending at 0x55dfc8d5e996 size 90
[0;0m[0;34mRDP 0x55dfc8d50698: Sending  in S 3: syn 0, ack 1, eack 0, rst 0, seq_nr 34217, ack_nr 29110, packet_len 103 (98)
[0;0m[0;34mRDP 0x55dfc8d50698: Received in S 3: syn 0, ack 1, eack 0, rst 0, seq_nr 29111, ack_nr 34217, packet_len 5 (0)
[0;0m[0;34mRDP 0x55dfc8d50698: TX Element Free, time 22780611, seq 34215, una 34218
[0;0m[0;34mRDP 0x55dfc8d50698: TX Element Free, time 22780611, seq 34216, una 34218
[0;0m[0;34mRDP 0x55dfc8d50698: TX Element Free, time 22780611, seq 34217, una 34218
[0;0m[0;34mRDP 0x55dfc8d50698: Wake Tx task (check timeouts)
[0;0mSENT bundle=51 n=16 bytes=576 send_time_ms=0.249
cspcl_send_bundle failed at bundle=52: CSP send failed
[0;34mcsp_sfp_send_own_memcpy: 21:10, sending at 0x55dfc8d5e7b0 size 243
[0;0m[0;34mRDP 0x55dfc8d50698: Sending  in S 3: syn 0, ack 1, eack 0, rst 0, seq_nr 34218, ack_nr 29110, packet_len 256 (251)
[0;0m[0;34mcsp_sfp_send_own_memcpy: 21:10, sending at 0x55dfc8d5e8a3 size 243
[0;0m[0;34mRDP 0x55dfc8d50698: Sending  in S 3: syn 0, ack 1, eack 0, rst 0, seq_nr 34219, ack_nr 29110, packet_len 256 (251)
[0;0m[0;34mcsp_sfp_send_own_memcpy: 21:10, sending at 0x55dfc8d5e996 size 90
[0;0m[0;34mRDP 0x55dfc8d50698: Sending  in S 3: syn 0, ack 1, eack 0, rst 0, seq_nr 34220, ack_nr 29110, packet_len 103 (98)
[0;0m[0;34mRDP 0x55dfc8d50698: Wake Tx task (check timeouts)
[0;0m[0;34mRDP 0x55dfc8d50698: Wake Tx task (check timeouts)
[0;0m[0;34mRDP 0x55dfc8d50698: Send CMP S 3: syn 0, ack 1, eack 0, rst 0, seq_nr 34221, ack_nr 29110, packet_len 5 (0)
[0;0m[0;34mRDP 0x55dfc8d50698: Wake Tx task (check timeouts)
[0;0m[0;34mRDP 0x55dfc8d50698: Received in S 3: syn 0, ack 1, eack 0, rst 0, seq_nr 29111, ack_nr 34219, packet_len 5 (0)
[0;0m[0;34mRDP 0x55dfc8d50698: TX Element Free, time 22780611, seq 34218, una 34220
[0;0m[0;34mRDP 0x55dfc8d50698: TX Element Free, time 22780611, seq 34219, una 34220
[0;0m[0;34mRDP 0x55dfc8d50698: Wake Tx task (check timeouts)
[0;0m[0;34mRDP 0x55dfc8d50698: Wake Tx task (check timeouts)
[0;0m[0;34mRDP 0x55dfc8d50698: Wake Tx task (check timeouts)
[0;0m[0;34mRDP 0x55dfc8d50698: Send CMP S 3: syn 0, ack 1, eack 0, rst 0, seq_nr 34221, ack_nr 29110, packet_len 5 (0)
[0;0m[0;34mRDP 0x55dfc8d50698: Wake Tx task (check timeouts)
[0;0m[0;34mRDP 0x55dfc8d50698: Received in S 3: syn 0, ack 1, eack 0, rst 0, seq_nr 29111, ack_nr 34219, packet_len 5 (0)
[0;0m[0;34mRDP 0x55dfc8d50698: Wake Tx task (check timeouts)
[0;0m[0;34mRDP 0x55dfc8d50698: Wake Tx task (check timeouts)
[0;0m[0;34mRDP 0x55dfc8d50698: Wake Tx task (check timeouts)
[0;0m[0;34mRDP 0x55dfc8d50698: Send CMP S 3: syn 0, ack 1, eack 0, rst 0, seq_nr 34221, ack_nr 29110, packet_len 5 (0)
[0;0m[0;34mRDP 0x55dfc8d50698: Wake Tx task (check timeouts)
[0;0m[0;34mRDP 0x55dfc8d50698: Received in S 3: syn 0, ack 1, eack 0, rst 0, seq_nr 29111, ack_nr 34219, packet_len 5 (0)
[0;0m[0;34mRDP 0x55dfc8d50698: Wake Tx task (check timeouts)
[0;0m[0;34mRDP 0x55dfc8d50610: csp_rdp_close(0x6) -> CLOSED
[0;0m[0;34mRDP 0x55dfc8d50610: Flush TX Element, time 22780602, seq 25278
[0;0m[0;34mRDP 0x55dfc8d50610: Flush TX Element, time 22780602, seq 25279
[0;0m[0;34mRDP 0x55dfc8d50610: Flush TX Element, time 22780602, seq 25280
[0;0m[0;34mRDP 0x55dfc8d50698: TX Element timed out, retransmitting seq 34220
[0;0m[0;34mRDP 0x55dfc8d50698: Wake Tx task (check timeouts)
[0;0m[0;34mRDP 0x55dfc8d50698: Received in S 3: syn 0, ack 1, eack 0, rst 1, seq_nr 29111, ack_nr 34220, packet_len 5 (0)
[0;0m[0;34mRDP 0x55dfc8d50698: Received RST in sequence, no more data incoming, reply with RST
[0;0m[0;34mRDP 0x55dfc8d50698: Send CMP S 4: syn 0, ack 1, eack 0, rst 1, seq_nr 34221, ack_nr 29110, packet_len 5 (0)
[0;0m[0;34mRDP 0x55dfc8d50698: csp_rdp_close(0x2), waiting for: userspace timeout
[0;0m[1;31mRDP 0x55dfc8d50698: Cannot wait for ACKs, connection not open (4)
[0;0m[0;34mRDP 0x55dfc8d50698: csp_rdp_close(0x1), waiting for: timeout
[0;0m[0;34mRDP 0x55dfc8d50720: Active connect, conn state 0
[0;0m[0;34mRDP 0x55dfc8d50720: AC: Sending SYN
[0;0m[0;34mRDP 0x55dfc8d50720: Send CMP S 1: syn 1, ack 0, eack 0, rst 0, seq_nr 16222, ack_nr     0, packet_len 29 (24)
[0;0m[0;34mRDP 0x55dfc8d50720: AC: Waiting for SYN/ACK reply...
[0;0m[0;34mRDP 0x55dfc8d50698: csp_rdp_close(0x6) -> CLOSED
[0;0m[0;34mRDP 0x55dfc8d50698: Flush TX Element, time 22781614, seq 34220
[0;0m[0;34mRDP 0x55dfc8d50720: AC: Connection Failed
[0;0m[0;34mRDP 0x55dfc8d50720: csp_rdp_close(0x2) -> CLOSE_WAIT
[0;0m[0;34mRDP 0x55dfc8d50720: csp_rdp_close(0x2), waiting for: userspace timeout
[0;0m[0;34mRDP 0x55dfc8d50720: csp_rdp_close(0x1), waiting for: timeout
[0;0mSUMMARY bundles_sent=51 n_per_bundle=16 unit_size=36 bundle_len=576 mean_send_ms=0.358
