[csp_raw_receiver] listening on addr 21 port 20
RECV seq=1 latency=0.213ms size=36
RECV seq=2 latency=0.226ms size=36
RECV seq=3 latency=0.218ms size=36
RECV seq=4 latency=0.210ms size=36
RECV seq=5 latency=0.660ms size=36
RECV seq=6 latency=0.336ms size=36
RECV seq=7 latency=0.326ms size=36
RECV seq=8 latency=0.764ms size=36
RECV seq=9 latency=0.338ms size=36
RECV seq=10 latency=0.328ms size=36
RECV seq=11 latency=0.778ms size=36
RECV seq=12 latency=0.314ms size=36
RECV seq=13 latency=0.303ms size=36
RECV seq=14 latency=0.713ms size=36
RECV seq=15 latency=0.308ms size=36
RECV seq=16 latency=0.297ms size=36
RECV seq=17 latency=0.699ms size=36
RECV seq=18 latency=0.303ms size=36
RECV seq=19 latency=0.291ms size=36
RECV seq=20 latency=0.382ms size=36
RECV seq=21 latency=0.110ms size=36
RECV seq=22 latency=0.110ms size=36
RECV seq=23 latency=0.125ms size=36
RECV seq=24 latency=0.060ms size=36
RECV seq=25 latency=0.040ms size=36
RECV seq=26 latency=0.048ms size=36
RECV seq=27 latency=0.043ms size=36
RECV seq=28 latency=0.040ms size=36
RECV seq=29 latency=0.053ms size=36
RECV seq=30 latency=0.048ms size=36
RECV seq=31 latency=0.039ms size=36
RECV seq=32 latency=0.229ms size=36
RECV seq=33 latency=0.104ms size=36
RECV seq=34 latency=0.086ms size=36
RECV seq=35 latency=0.263ms size=36
RECV seq=36 latency=0.088ms size=36
RECV seq=37 latency=0.070ms size=36
RECV seq=38 latency=0.137ms size=36
RECV seq=39 latency=0.064ms size=36
RECV seq=40 latency=0.048ms size=36
RECV seq=41 latency=0.086ms size=36
RECV seq=42 latency=0.049ms size=36
RECV seq=43 latency=0.037ms size=36
RECV seq=44 latency=0.087ms size=36
RECV seq=45 latency=0.047ms size=36
RECV seq=46 latency=0.046ms size=36
RECV seq=47 latency=0.035ms size=36
RECV seq=48 latency=0.046ms size=36
RECV seq=49 latency=0.045ms size=36
RECV seq=50 latency=0.040ms size=36
RECV seq=51 latency=0.045ms size=36
RECV seq=52 latency=0.044ms size=36
RECV seq=53 latency=0.046ms size=36
RECV seq=54 latency=0.055ms size=36
RECV seq=55 latency=0.036ms size=36
RECV seq=56 latency=0.058ms size=36
RECV seq=57 latency=0.056ms size=36
RECV seq=58 latency=0.047ms size=36
RECV seq=59 latency=0.055ms size=36
RECV seq=60 latency=0.050ms size=36
RECV seq=61 latency=0.034ms size=36
RECV seq=62 latency=0.035ms size=36
RECV seq=63 latency=0.047ms size=36
RECV seq=64 latency=0.048ms size=36
RECV seq=65 latency=0.043ms size=36
RECV seq=66 latency=0.051ms size=36
RECV seq=67 latency=0.038ms size=36
RECV seq=68 latency=0.042ms size=36
RECV seq=69 latency=0.053ms size=36
RECV seq=70 latency=0.049ms size=36
RECV seq=71 latency=0.038ms size=36
RECV seq=72 latency=0.045ms size=36
RECV seq=73 latency=0.045ms size=36
RECV seq=74 latency=0.034ms size=36
RECV seq=75 latency=0.051ms size=36
RECV seq=76 latency=0.035ms size=36
RECV seq=77 latency=0.050ms size=36
RECV seq=78 latency=0.055ms size=36
RECV seq=79 latency=0.039ms size=36
RECV seq=80 latency=0.052ms size=36
RECV seq=81 latency=0.049ms size=36
RECV seq=82 latency=0.034ms size=36
RECV seq=83 latency=0.052ms size=36
RECV seq=84 latency=0.052ms size=36
RECV seq=85 latency=0.037ms size=36
RECV seq=86 latency=0.054ms size=36
RECV seq=87 latency=0.051ms size=36
RECV seq=88 latency=0.047ms size=36
RECV seq=89 latency=0.037ms size=36
RECV seq=90 latency=0.052ms size=36
RECV seq=91 latency=0.035ms size=36
RECV seq=92 latency=0.052ms size=36
RECV seq=93 latency=0.053ms size=36
RECV seq=94 latency=0.036ms size=36
RECV seq=95 latency=0.050ms size=36
RECV seq=96 latency=0.051ms size=36
RECV seq=97 latency=0.048ms size=36
RECV seq=98 latency=0.035ms size=36
RECV seq=99 latency=0.047ms size=36
RECV seq=100 latency=0.032ms size=36
RECV seq=101 latency=0.049ms size=36
RECV seq=102 latency=0.042ms size=36
RECV seq=103 latency=0.040ms size=36
RECV seq=104 latency=0.046ms size=36
RECV seq=105 latency=0.048ms size=36
RECV seq=106 latency=0.029ms size=36
RECV seq=107 latency=0.053ms size=36
RECV seq=108 latency=0.043ms size=36
RECV seq=109 latency=0.040ms size=36
RECV seq=110 latency=0.046ms size=36
RECV seq=111 latency=0.046ms size=36
RECV seq=112 latency=0.042ms size=36
RECV seq=113 latency=0.042ms size=36
RECV seq=114 latency=0.047ms size=36
RECV seq=115 latency=0.032ms size=36
RECV seq=116 latency=0.051ms size=36
RECV seq=117 latency=0.048ms size=36
RECV seq=118 latency=0.034ms size=36
RECV seq=119 latency=0.032ms size=36
RECV seq=120 latency=0.051ms size=36
RECV seq=121 latency=0.049ms size=36
RECV seq=122 latency=0.034ms size=36
RECV seq=123 latency=0.042ms size=36
RECV seq=124 latency=0.038ms size=36
RECV seq=125 latency=0.038ms size=36
RECV seq=126 latency=0.046ms size=36
RECV seq=127 latency=0.046ms size=36
RECV seq=128 latency=0.034ms size=36
RECV seq=129 latency=0.052ms size=36
RECV seq=130 latency=0.032ms size=36
RECV seq=131 latency=0.053ms size=36
RECV seq=132 latency=0.045ms size=36
RECV seq=133 latency=0.049ms size=36
RECV seq=134 latency=0.039ms size=36
RECV seq=135 latency=0.046ms size=36
RECV seq=136 latency=0.039ms size=36
RECV seq=137 latency=0.036ms size=36
RECV seq=138 latency=0.049ms size=36
RECV seq=139 latency=0.036ms size=36
RECV seq=140 latency=0.045ms size=36
RECV seq=141 latency=0.045ms size=36
RECV seq=142 latency=0.031ms size=36
RECV seq=143 latency=0.066ms size=36
RECV seq=144 latency=0.049ms size=36
RECV seq=145 latency=0.031ms size=36
RECV seq=146 latency=0.053ms size=36
RECV seq=147 latency=0.050ms size=36
RECV seq=148 latency=0.043ms size=36
RECV seq=149 latency=0.037ms size=36
RECV seq=150 latency=0.047ms size=36
RECV seq=151 latency=0.040ms size=36
RECV seq=152 latency=0.052ms size=36
RECV seq=153 latency=0.044ms size=36
RECV seq=154 latency=0.041ms size=36
RECV seq=155 latency=0.034ms size=36
RECV seq=156 latency=0.049ms size=36
RECV seq=157 latency=0.035ms size=36
RECV seq=158 latency=0.057ms size=36
RECV seq=159 latency=0.049ms size=36
RECV seq=160 latency=0.034ms size=36
RECV seq=161 latency=0.047ms size=36
RECV seq=162 latency=0.046ms size=36
RECV seq=163 latency=0.033ms size=36
RECV seq=164 latency=0.049ms size=36
RECV seq=165 latency=0.043ms size=36
RECV seq=166 latency=0.040ms size=36
RECV seq=167 latency=0.054ms size=36
RECV seq=168 latency=0.044ms size=36
RECV seq=169 latency=0.042ms size=36
RECV seq=170 latency=0.041ms size=36
RECV seq=171 latency=0.048ms size=36
RECV seq=172 latency=0.033ms size=36
RECV seq=173 latency=0.046ms size=36
RECV seq=174 latency=0.047ms size=36
RECV seq=175 latency=0.030ms size=36
RECV seq=176 latency=0.056ms size=36
RECV seq=177 latency=0.044ms size=36
RECV seq=178 latency=0.039ms size=36
RECV seq=179 latency=0.045ms size=36
RECV seq=180 latency=0.048ms size=36
RECV seq=181 latency=0.041ms size=36
RECV seq=182 latency=0.051ms size=36
RECV seq=183 latency=0.040ms size=36
RECV seq=184 latency=0.039ms size=36
RECV seq=185 latency=0.044ms size=36
RECV seq=186 latency=0.045ms size=36
RECV seq=187 latency=0.032ms size=36
RECV seq=188 latency=0.049ms size=36
RECV seq=189 latency=0.049ms size=36
RECV seq=190 latency=0.030ms size=36
RECV seq=191 latency=0.052ms size=36
RECV seq=192 latency=0.048ms size=36
RECV seq=193 latency=0.034ms size=36
RECV seq=194 latency=0.046ms size=36
RECV seq=195 latency=0.053ms size=36
RECV seq=196 latency=0.031ms size=36
RECV seq=197 latency=0.056ms size=36
RECV seq=198 latency=0.043ms size=36
RECV seq=199 latency=0.032ms size=36
RECV seq=200 latency=0.053ms size=36

--- csp_raw measurement summary ---
received : 200 / 200  (100.0% delivery rate)
latency  : min=0.029 ms  mean=0.085 ms  max=0.778 ms  stddev=0.124 ms
throughput: 25607.3 packets/sec  921.9 kB/s
