[bundle_receiver] listening on addr 21  (timeout=3000 ms per bundle)
[0;34mRDP 0x558e4dfb6610: Received in S 0: syn 1, ack 0, eack 0, rst 0, seq_nr  1315, ack_nr     0, packet_len 29 (24)
[0;0m[0;34mRDP 0x558e4dfb6610: SYN-Received
[0;0m[0;34mRDP 0x558e4dfb6610: window size 4, conn timeout 1000, packet timeout 1000, delayed acks: 1, ack timeout 250, ack each 2 packet
[0;0m[0;34mRDP 0x558e4dfb6610: Send CMP S 2: syn 1, ack 1, eack 0, rst 0, seq_nr 59939, ack_nr  1315, packet_len 5 (0)
[0;0m[0;34mRDP 0x558e4dfb6610: Received in S 2: syn 0, ack 1, eack 0, rst 0, seq_nr  1316, ack_nr 59939, packet_len 5 (0)
[0;0m[0;34mRDP 0x558e4dfb6610: NC: Connection OPEN
[0;0m[0;34mRDP 0x558e4dfb6610: TX Element Free, time 22711414, seq 59939, una 59940
[0;0m[0;34mRDP 0x558e4dfb6610: Wake Tx task (check timeouts)
[0;0m[0;34mRDP 0x558e4dfb6610: Received in S 3: syn 0, ack 1, eack 0, rst 0, seq_nr  1316, ack_nr 59939, packet_len 85 (80)
[0;0m[0;34mRDP 0x558e4dfb6610: Wake Tx task (check timeouts)
[0;0m[0;34mcsp_sfp_recv_fp: 20:63, fragment 72/72
[0;0mRECV_BUNDLE bundle_seq=1 n=2 bytes=72
[0;34mRDP 0x558e4dfb6610: Wake Tx task (check timeouts)
[0;0m[0;34mRDP 0x558e4dfb6610: Wake Tx task (check timeouts)
[0;0m[0;34mRDP 0x558e4dfb6610: Send CMP S 3: syn 0, ack 1, eack 0, rst 0, seq_nr 59940, ack_nr  1316, packet_len 5 (0)
[0;0m[0;34mRDP 0x558e4dfb6610: Wake Tx task (check timeouts)
[0;0m[0;34mRDP 0x558e4dfb6610: Received in S 3: syn 0, ack 1, eack 0, rst 0, seq_nr  1317, ack_nr 59939, packet_len 5 (0)
[0;0m[0;34mRDP 0x558e4dfb6610: Wake Tx task (check timeouts)
[0;0m[0;34mRDP 0x558e4dfb6610: Received in S 3: syn 0, ack 1, eack 0, rst 0, seq_nr  1317, ack_nr 59939, packet_len 85 (80)
[0;0m[0;34mRDP 0x558e4dfb6610: Wake Tx task (check timeouts)
[0;0m[0;34mcsp_sfp_recv_fp: 20:63, fragment 72/72
[0;0mRECV_BUNDLE bundle_seq=2 n=2 bytes=72
[0;34mRDP 0x558e4dfb6610: Wake Tx task (check timeouts)
[0;0m[0;34mRDP 0x558e4dfb6610: Wake Tx task (check timeouts)
[0;0m[0;34mRDP 0x558e4dfb6610: Received in S 3: syn 0, ack 1, eack 0, rst 0, seq_nr  1318, ack_nr 59939, packet_len 5 (0)
[0;0m[0;34mRDP 0x558e4dfb6610: Send CMP S 3: syn 0, ack 1, eack 0, rst 0, seq_nr 59940, ack_nr  1317, packet_len 5 (0)
[0;0m[0;34mRDP 0x558e4dfb6610: Wake Tx task (check timeouts)
[0;0m[0;34mRDP 0x558e4dfb6610: Received in S 3: syn 0, ack 1, eack 0, rst 0, seq_nr  1318, ack_nr 59939, packet_len 85 (80)
[0;0m[0;34mRDP 0x558e4dfb6610: Wake Tx task (check timeouts)
[0;0m[0;34mcsp_sfp_recv_fp: 20:63, fragment 72/72
[0;0mRECV_BUNDLE bundle_seq=3 n=2 bytes=72
[0;34mRDP 0x558e4dfb6610: Wake Tx task (check timeouts)
[0;0m[0;34mRDP 0x558e4dfb6610: Wake Tx task (check timeouts)
[0;0m[0;34mRDP 0x558e4dfb6610: Received in S 3: syn 0, ack 1, eack 0, rst 0, seq_nr  1319, ack_nr 59939, packet_len 5 (0)
[0;0m[0;34mRDP 0x558e4dfb6610: Send CMP S 3: syn 0, ack 1, eack 0, rst 0, seq_nr 59940, ack_nr  1318, packet_len 5 (0)
[0;0m[0;34mRDP 0x558e4dfb6610: Wake Tx task (check timeouts)
[0;0m[0;34mRDP 0x558e4dfb6610: Received in S 3: syn 0, ack 1, eack 0, rst 0, seq_nr  1319, ack_nr 59939, packet_len 85 (80)
[0;0m[0;34mRDP 0x558e4dfb6610: Wake Tx task (check timeouts)
[0;0m[0;34mcsp_sfp_recv_fp: 20:63, fragment 72/72
[0;0mRECV_BUNDLE bundle_seq=4 n=2 bytes=72
[0;34mRDP 0x558e4dfb6610: Wake Tx task (check timeouts)
[0;0m[0;34mRDP 0x558e4dfb6610: Wake Tx task (check timeouts)
[0;0m[0;34mRDP 0x558e4dfb6610: Received in S 3: syn 0, ack 1, eack 0, rst 0, seq_nr  1320, ack_nr 59939, packet_len 5 (0)
[0;0m[0;34mRDP 0x558e4dfb6610: Send CMP S 3: syn 0, ack 1, eack 0, rst 0, seq_nr 59940, ack_nr  1319, packet_len 5 (0)
[0;0m[0;34mRDP 0x558e4dfb6610: Wake Tx task (check timeouts)
[0;0m[0;34mRDP 0x558e4dfb6610: Received in S 3: syn 0, ack 1, eack 0, rst 0, seq_nr  1320, ack_nr 59939, packet_len 85 (80)
[0;0m[0;34mRDP 0x558e4dfb6610: Wake Tx task (check timeouts)
[0;0m[0;34mcsp_sfp_recv_fp: 20:63, fragment 72/72
[0;0mRECV_BUNDLE bundle_seq=5 n=2 bytes=72
[0;34mRDP 0x558e4dfb6610: Wake Tx task (check timeouts)
[0;0m[0;34mRDP 0x558e4dfb6610: Wake Tx task (check timeouts)
[0;0m[0;34mRDP 0x558e4dfb6610: Received in S 3: syn 0, ack 1, eack 0, rst 0, seq_nr  1321, ack_nr 59939, packet_len 5 (0)
[0;0m[0;34mRDP 0x558e4dfb6610: Send CMP S 3: syn 0, ack 1, eack 0, rst 0, seq_nr 59940, ack_nr  1320, packet_len 5 (0)
[0;0m[0;34mRDP 0x558e4dfb6610: Wake Tx task (check timeouts)
[0;0m[0;34mRDP 0x558e4dfb6610: Received in S 3: syn 0, ack 1, eack 0, rst 0, seq_nr  1321, ack_nr 59939, packet_len 85 (80)
[0;0m[0;34mRDP 0x558e4dfb6610: Wake Tx task (check timeouts)
[0;0m[0;34mcsp_sfp_recv_fp: 20:63, fragment 72/72
[0;0mRECV_BUNDLE bundle_seq=6 n=2 bytes=72
[0;34mRDP 0x558e4dfb6610: Wake Tx task (check timeouts)
[0;0m[0;34mRDP 0x558e4dfb6610: Wake Tx task (check timeouts)
[0;0m[0;34mRDP 0x558e4dfb6610: Send CMP S 3: syn 0, ack 1, eack 0, rst 0, seq_nr 59940, ack_nr  1321, packet_len 5 (0)
[0;0m[0;34mRDP 0x558e4dfb6610: Wake Tx task (check timeouts)
[0;0m[0;34mRDP 0x558e4dfb6610: Received in S 3: syn 0, ack 1, eack 0, rst 0, seq_nr  1322, ack_nr 59939, packet_len 5 (0)
[0;0m[0;34mRDP 0x558e4dfb6610: Wake Tx task (check timeouts)
[0;0m[0;34mRDP 0x558e4dfb6610: Received in S 3: syn 0, ack 1, eack 0, rst 0, seq_nr  1322, ack_nr 59939, packet_len 85 (80)
[0;0m[0;34mRDP 0x558e4dfb6610: Wake Tx task (check timeouts)
[0;0m[0;34mcsp_sfp_recv_fp: 20:63, fragment 72/72
[0;0mRECV_BUNDLE bundle_seq=7 n=2 bytes=72
[0;34mRDP 0x558e4dfb6610: Wake Tx task (check timeouts)
[0;0m[0;34mRDP 0x558e4dfb6610: Wake Tx task (check timeouts)
[0;0m[0;34mRDP 0x558e4dfb6610: Send CMP S 3: syn 0, ack 1, eack 0, rst 0, seq_nr 59940, ack_nr  1322, packet_len 5 (0)
[0;0m[0;34mRDP 0x558e4dfb6610: Wake Tx task (check timeouts)
[0;0m[0;34mRDP 0x558e4dfb6610: Received in S 3: syn 0, ack 1, eack 0, rst 0, seq_nr  1323, ack_nr 59939, packet_len 5 (0)
[0;0m[0;34mRDP 0x558e4dfb6610: Wake Tx task (check timeouts)
[0;0m[0;34mRDP 0x558e4dfb6610: Received in S 3: syn 0, ack 1, eack 0, rst 0, seq_nr  1323, ack_nr 59939, packet_len 85 (80)
[0;0m[0;34mRDP 0x558e4dfb6610: Wake Tx task (check timeouts)
[0;0m[0;34mcsp_sfp_recv_fp: 20:63, fragment 72/72
[0;0mRECV_BUNDLE bundle_seq=8 n=2 bytes=72
[0;34mRDP 0x558e4dfb6610: Wake Tx task (check timeouts)
[0;0m[0;34mRDP 0x558e4dfb6610: Wake Tx task (check timeouts)
[0;0m[0;34mRDP 0x558e4dfb6610: Send CMP S 3: syn 0, ack 1, eack 0, rst 0, seq_nr 59940, ack_nr  1323, packet_len 5 (0)
[0;0m[0;34mRDP 0x558e4dfb6610: Wake Tx task (check timeouts)
[0;0m[0;34mRDP 0x558e4dfb6610: Received in S 3: syn 0, ack 1, eack 0, rst 0, seq_nr  1324, ack_nr 59939, packet_len 5 (0)
[0;0m[0;34mRDP 0x558e4dfb6610: Wake Tx task (check timeouts)
[0;0m[0;34mRDP 0x558e4dfb6610: Received in S 3: syn 0, ack 1, eack 0, rst 0, seq_nr  1324, ack_nr 59939, packet_len 85 (80)
[0;0m[0;34mRDP 0x558e4dfb6610: Wake Tx task (check timeouts)
[0;0m[0;34mcsp_sfp_recv_fp: 20:63, fragment 72/72
[0;0mRECV_BUNDLE bundle_seq=9 n=2 bytes=72
[0;34mRDP 0x558e4dfb6610: Wake Tx task (check timeouts)
[0;0m[0;34mRDP 0x558e4dfb6610: Wake Tx task (check timeouts)
[0;0m[0;34mRDP 0x558e4dfb6610: Received in S 3: syn 0, ack 1, eack 0, rst 0, seq_nr  1325, ack_nr 59939, packet_len 5 (0)
[0;0m[0;34mRDP 0x558e4dfb6610: Send CMP S 3: syn 0, ack 1, eack 0, rst 0, seq_nr 59940, ack_nr  1324, packet_len 5 (0)
[0;0m[0;34mRDP 0x558e4dfb6610: Wake Tx task (check timeouts)
[0;0m[0;34mRDP 0x558e4dfb6610: Received in S 3: syn 0, ack 1, eack 0, rst 0, seq_nr  1325, ack_nr 59939, packet_len 85 (80)
[0;0m[0;34mRDP 0x558e4dfb6610: Wake Tx task (check timeouts)
[0;0m[0;34mcsp_sfp_recv_fp: 20:63, fragment 72/72
[0;0mRECV_BUNDLE bundle_seq=10 n=2 bytes=72
[0;34mRDP 0x558e4dfb6610: Wake Tx task (check timeouts)
[0;0m[0;34mRDP 0x558e4dfb6610: Wake Tx task (check timeouts)
[0;0m[0;34mRDP 0x558e4dfb6610: Send CMP S 3: syn 0, ack 1, eack 0, rst 0, seq_nr 59940, ack_nr  1325, packet_len 5 (0)
[0;0m[0;34mRDP 0x558e4dfb6610: Wake Tx task (check timeouts)
[0;0m[0;34mRDP 0x558e4dfb6610: Received in S 3: syn 0, ack 1, eack 0, rst 0, seq_nr  1326, ack_nr 59939, packet_len 5 (0)
[0;0m[0;34mRDP 0x558e4dfb6610: Wake Tx task (check timeouts)
[0;0m[0;34mRDP 0x558e4dfb6610: Received in S 3: syn 0, ack 1, eack 0, rst 0, seq_nr  1326, ack_nr 59939, packet_len 85 (80)
[0;0m[0;34mRDP 0x558e4dfb6610: Wake Tx task (check timeouts)
[0;0m[0;34mcsp_sfp_recv_fp: 20:63, fragment 72/72
[0;0mRECV_BUNDLE bundle_seq=11 n=2 bytes=72
[0;34mRDP 0x558e4dfb6610: Wake Tx task (check timeouts)
[0;0m[0;34mRDP 0x558e4dfb6610: Wake Tx task (check timeouts)
[0;0m[0;34mRDP 0x558e4dfb6610: Received in S 3: syn 0, ack 1, eack 0, rst 0, seq_nr  1327, ack_nr 59939, packet_len 5 (0)
[0;0m[0;34mRDP 0x558e4dfb6610: Send CMP S 3: syn 0, ack 1, eack 0, rst 0, seq_nr 59940, ack_nr  1326, packet_len 5 (0)
[0;0m[0;34mRDP 0x558e4dfb6610: Wake Tx task (check timeouts)
[0;0m[0;34mRDP 0x558e4dfb6610: Received in S 3: syn 0, ack 1, eack 0, rst 0, seq_nr  1327, ack_nr 59939, packet_len 85 (80)
[0;0m[0;34mRDP 0x558e4dfb6610: Wake Tx task (check timeouts)
[0;0m[0;34mcsp_sfp_recv_fp: 20:63, fragment 72/72
[0;0mRECV_BUNDLE bundle_seq=12 n=2 bytes=72
[0;34mRDP 0x558e4dfb6610: Wake Tx task (check timeouts)
[0;0m[0;34mRDP 0x558e4dfb6610: Wake Tx task (check timeouts)
[0;0m[0;34mRDP 0x558e4dfb6610: Send CMP S 3: syn 0, ack 1, eack 0, rst 0, seq_nr 59940, ack_nr  1327, packet_len 5 (0)
[0;0m[0;34mRDP 0x558e4dfb6610: Wake Tx task (check timeouts)
[0;0m[0;34mRDP 0x558e4dfb6610: Received in S 3: syn 0, ack 1, eack 0, rst 0, seq_nr  1328, ack_nr 59939, packet_len 5 (0)
[0;0m[0;34mRDP 0x558e4dfb6610: Wake Tx task (check timeouts)
[0;0m[0;34mRDP 0x558e4dfb6610: Received in S 3: syn 0, ack 1, eack 0, rst 0, seq_nr  1328, ack_nr 59939, packet_len 85 (80)
[0;0m[0;34mRDP 0x558e4dfb6610: Wake Tx task (check timeouts)
[0;0m[0;34mcsp_sfp_recv_fp: 20:63, fragment 72/72
[0;0mRECV_BUNDLE bundle_seq=13 n=2 bytes=72
[0;34mRDP 0x558e4dfb6610: Wake Tx task (check timeouts)
[0;0m[0;34mRDP 0x558e4dfb6610: Wake Tx task (check timeouts)
[0;0m[0;34mRDP 0x558e4dfb6610: Send CMP S 3: syn 0, ack 1, eack 0, rst 0, seq_nr 59940, ack_nr  1328, packet_len 5 (0)
[0;0m[0;34mRDP 0x558e4dfb6610: Wake Tx task (check timeouts)
[0;0m[0;34mRDP 0x558e4dfb6610: Received in S 3: syn 0, ack 1, eack 0, rst 0, seq_nr  1329, ack_nr 59939, packet_len 5 (0)
[0;0m[0;34mRDP 0x558e4dfb6610: Wake Tx task (check timeouts)
[0;0m[0;34mRDP 0x558e4dfb6610: Received in S 3: syn 0, ack 1, eack 0, rst 0, seq_nr  1329, ack_nr 59939, packet_len 85 (80)
[0;0m[0;34mRDP 0x558e4dfb6610: Wake Tx task (check timeouts)
[0;0m[0;34mcsp_sfp_recv_fp: 20:63, fragment 72/72
[0;0mRECV_BUNDLE bundle_seq=14 n=2 bytes=72
[0;34mRDP 0x558e4dfb6610: Wake Tx task (check timeouts)
[0;0m[0;34mRDP 0x558e4dfb6610: Wake Tx task (check timeouts)
[0;0m[0;34mRDP 0x558e4dfb6610: Send CMP S 3: syn 0, ack 1, eack 0, rst 0, seq_nr 59940, ack_nr  1329, packet_len 5 (0)
[0;0m[0;34mRDP 0x558e4dfb6610: Wake Tx task (check timeouts)
[0;0m[0;34mRDP 0x558e4dfb6610: Received in S 3: syn 0, ack 1, eack 0, rst 0, seq_nr  1330, ack_nr 59939, packet_len 5 (0)
[0;0m[0;34mRDP 0x558e4dfb6610: Wake Tx task (check timeouts)
[0;0m[0;34mRDP 0x558e4dfb6610: Received in S 3: syn 0, ack 1, eack 0, rst 0, seq_nr  1330, ack_nr 59939, packet_len 85 (80)
[0;0m[0;34mRDP 0x558e4dfb6610: Wake Tx task (check timeouts)
[0;0m[0;34mcsp_sfp_recv_fp: 20:63, fragment 72/72
[0;0mRECV_BUNDLE bundle_seq=15 n=2 bytes=72
[0;34mRDP 0x558e4dfb6610: Wake Tx task (check timeouts)
[0;0m[0;34mRDP 0x558e4dfb6610: Wake Tx task (check timeouts)
[0;0m[0;34mRDP 0x558e4dfb6610: Received in S 3: syn 0, ack 1, eack 0, rst 0, seq_nr  1331, ack_nr 59939, packet_len 5 (0)
[0;0m[0;34mRDP 0x558e4dfb6610: Send CMP S 3: syn 0, ack 1, eack 0, rst 0, seq_nr 59940, ack_nr  1330, packet_len 5 (0)
[0;0m[0;34mRDP 0x558e4dfb6610: Wake Tx task (check timeouts)
[0;0m[0;34mRDP 0x558e4dfb6610: Received in S 3: syn 0, ack 1, eack 0, rst 0, seq_nr  1331, ack_nr 59939, packet_len 85 (80)
[0;0m[0;34mRDP 0x558e4dfb6610: Wake Tx task (check timeouts)
[0;0m[0;34mcsp_sfp_recv_fp: 20:63, fragment 72/72
[0;0mRECV_BUNDLE bundle_seq=16 n=2 bytes=72
[0;34mRDP 0x558e4dfb6610: Wake Tx task (check timeouts)
[0;0m[0;34mRDP 0x558e4dfb6610: Wake Tx task (check timeouts)
[0;0m[0;34mRDP 0x558e4dfb6610: Received in S 3: syn 0, ack 1, eack 0, rst 0, seq_nr  1332, ack_nr 59939, packet_len 5 (0)
[0;0m[0;34mRDP 0x558e4dfb6610: Send CMP S 3: syn 0, ack 1, eack 0, rst 0, seq_nr 59940, ack_nr  1331, packet_len 5 (0)
[0;0m[0;34mRDP 0x558e4dfb6610: Wake Tx task (check timeouts)
[0;0m[0;34mRDP 0x558e4dfb6610: Received in S 3: syn 0, ack 1, eack 0, rst 0, seq_nr  1332, ack_nr 59939, packet_len 85 (80)
[0;0m[0;34mRDP 0x558e4dfb6610: Wake Tx task (check timeouts)
[0;0m[0;34mcsp_sfp_recv_fp: 20:63, fragment 72/72
[0;0mRECV_BUNDLE bundle_seq=17 n=2 bytes=72
[0;34mRDP 0x558e4dfb6610: Wake Tx task (check timeouts)
[0;0m[0;34mRDP 0x558e4dfb6610: Wake Tx task (check timeouts)
[0;0m[0;34mRDP 0x558e4dfb6610: Received in S 3: syn 0, ack 1, eack 0, rst 0, seq_nr  1333, ack_nr 59939, packet_len 5 (0)
[0;0m[0;34mRDP 0x558e4dfb6610: Send CMP S 3: syn 0, ack 1, eack 0, rst 0, seq_nr 59940, ack_nr  1332, packet_len 5 (0)
[0;0m[0;34mRDP 0x558e4dfb6610: Wake Tx task (check timeouts)
[0;0m[0;34mRDP 0x558e4dfb6610: Received in S 3: syn 0, ack 1, eack 0, rst 0, seq_nr  1333, ack_nr 59939, packet_len 85 (80)
[0;0m[0;34mRDP 0x558e4dfb6610: Wake Tx task (check timeouts)
[0;0m[0;34mcsp_sfp_recv_fp: 20:63, fragment 72/72
[0;0mRECV_BUNDLE bundle_seq=18 n=2 bytes=72
[0;34mRDP 0x558e4dfb6610: Wake Tx task (check timeouts)
[0;0m[0;34mRDP 0x558e4dfb6610: Wake Tx task (check timeouts)
[0;0m[0;34mRDP 0x558e4dfb6610: Send CMP S 3: syn 0, ack 1, eack 0, rst 0, seq_nr 59940, ack_nr  1333, packet_len 5 (0)
[0;0m[0;34mRDP 0x558e4dfb6610: Wake Tx task (check timeouts)
[0;0m[0;34mRDP 0x558e4dfb6610: Received in S 3: syn 0, ack 1, eack 0, rst 0, seq_nr  1334, ack_nr 59939, packet_len 5 (0)
[0;0m[0;34mRDP 0x558e4dfb6610: Wake Tx task (check timeouts)
[0;0m[0;34mRDP 0x558e4dfb6610: Received in S 3: syn 0, ack 1, eack 0, rst 0, seq_nr  1334, ack_nr 59939, packet_len 85 (80)
[0;0m[0;34mRDP 0x558e4dfb6610: Wake Tx task (check timeouts)
[0;0m[0;34mcsp_sfp_recv_fp: 20:63, fragment 72/72
[0;0mRECV_BUNDLE bundle_seq=19 n=2 bytes=72
[0;34mRDP 0x558e4dfb6610: Wake Tx task (check timeouts)
[0;0m[0;34mRDP 0x558e4dfb6610: Wake Tx task (check timeouts)
[0;0m[0;34mRDP 0x558e4dfb6610: Received in S 3: syn 0, ack 1, eack 0, rst 0, seq_nr  1335, ack_nr 59939, packet_len 5 (0)
[0;0m[0;34mRDP 0x558e4dfb6610: Send CMP S 3: syn 0, ack 1, eack 0, rst 0, seq_nr 59940, ack_nr  1334, packet_len 5 (0)
[0;0m[0;34mRDP 0x558e4dfb6610: Wake Tx task (check timeouts)
[0;0m[0;34mRDP 0x558e4dfb6610: Received in S 3: syn 0, ack 1, eack 0, rst 0, seq_nr  1335, ack_nr 59939, packet_len 85 (80)
[0;0m[0;34mRDP 0x558e4dfb6610: Wake Tx task (check timeouts)
[0;0m[0;34mcsp_sfp_recv_fp: 20:63, fragment 72/72
[0;0mRECV_BUNDLE bundle_seq=20 n=2 bytes=72
[0;34mRDP 0x558e4dfb6610: Wake Tx task (check timeouts)
[0;0m[0;34mRDP 0x558e4dfb6610: Wake Tx task (check timeouts)
[0;0m[0;34mRDP 0x558e4dfb6610: Send CMP S 3: syn 0, ack 1, eack 0, rst 0, seq_nr 59940, ack_nr  1335, packet_len 5 (0)
[0;0m[0;34mRDP 0x558e4dfb6610: Wake Tx task (check timeouts)
[0;0m[0;34mRDP 0x558e4dfb6610: Received in S 3: syn 0, ack 1, eack 0, rst 0, seq_nr  1336, ack_nr 59939, packet_len 5 (0)
[0;0m[0;34mRDP 0x558e4dfb6610: Wake Tx task (check timeouts)
[0;0m[0;34mRDP 0x558e4dfb6610: Received in S 3: syn 0, ack 1, eack 0, rst 0, seq_nr  1336, ack_nr 59939, packet_len 85 (80)
[0;0m[0;34mRDP 0x558e4dfb6610: Wake Tx task (check timeouts)
[0;0m[0;34mcsp_sfp_recv_fp: 20:63, fragment 72/72
[0;0mRECV_BUNDLE bundle_seq=21 n=2 bytes=72
[0;34mRDP 0x558e4dfb6610: Wake Tx task (check timeouts)
[0;0m[0;34mRDP 0x558e4dfb6610: Wake Tx task (check timeouts)
[0;0m[0;34mRDP 0x558e4dfb6610: Send CMP S 3: syn 0, ack 1, eack 0, rst 0, seq_nr 59940, ack_nr  1336, packet_len 5 (0)
[0;0m[0;34mRDP 0x558e4dfb6610: Wake Tx task (check timeouts)
[0;0m[0;34mRDP 0x558e4dfb6610: Received in S 3: syn 0, ack 1, eack 0, rst 0, seq_nr  1337, ack_nr 59939, packet_len 5 (0)
[0;0m[0;34mRDP 0x558e4dfb6610: Wake Tx task (check timeouts)
[0;0m[0;34mRDP 0x558e4dfb6610: Received in S 3: syn 0, ack 1, eack 0, rst 0, seq_nr  1337, ack_nr 59939, packet_len 85 (80)
[0;0m[0;34mRDP 0x558e4dfb6610: Wake Tx task (check timeouts)
[0;0m[0;34mcsp_sfp_recv_fp: 20:63, fragment 72/72
[0;0mRECV_BUNDLE bundle_seq=22 n=2 bytes=72
[0;34mRDP 0x558e4dfb6610: Wake Tx task (check timeouts)
[0;0m[0;34mRDP 0x558e4dfb6610: Wake Tx task (check timeouts)
[0;0m[0;34mRDP 0x558e4dfb6610: Received in S 3: syn 0, ack 1, eack 0, rst 0, seq_nr  1338, ack_nr 59939, packet_len 5 (0)
[0;0m[0;34mRDP 0x558e4dfb6610: Send CMP S 3: syn 0, ack 1, eack 0, rst 0, seq_nr 59940, ack_nr  1337, packet_len 5 (0)
[0;0m[0;34mRDP 0x558e4dfb6610: Wake Tx task (check timeouts)
[0;0m[0;34mRDP 0x558e4dfb6610: Received in S 3: syn 0, ack 1, eack 0, rst 0, seq_nr  1338, ack_nr 59939, packet_len 85 (80)
[0;0m[0;34mRDP 0x558e4dfb6610: Wake Tx task (check timeouts)
[0;0m[0;34mcsp_sfp_recv_fp: 20:63, fragment 72/72
[0;0mRECV_BUNDLE bundle_seq=23 n=2 bytes=72
[0;34mRDP 0x558e4dfb6610: Wake Tx task (check timeouts)
[0;0m[0;34mRDP 0x558e4dfb6610: Wake Tx task (check timeouts)
[0;0m[0;34mRDP 0x558e4dfb6610: Received in S 3: syn 0, ack 1, eack 0, rst 0, seq_nr  1339, ack_nr 59939, packet_len 5 (0)
[0;0m[0;34mRDP 0x558e4dfb6610: Send CMP S 3: syn 0, ack 1, eack 0, rst 0, seq_nr 59940, ack_nr  1338, packet_len 5 (0)
[0;0m[0;34mRDP 0x558e4dfb6610: Wake Tx task (check timeouts)
[0;0m[0;34mRDP 0x558e4dfb6610: Received in S 3: syn 0, ack 1, eack 0, rst 0, seq_nr  1339, ack_nr 59939, packet_len 85 (80)
[0;0m[0;34mRDP 0x558e4dfb6610: Wake Tx task (check timeouts)
[0;0m[0;34mcsp_sfp_recv_fp: 20:63, fragment 72/72
[0;0mRECV_BUNDLE bundle_seq=24 n=2 bytes=72
[0;34mRDP 0x558e4dfb6610: Wake Tx task (check timeouts)
[0;0m[0;34mRDP 0x558e4dfb6610: Wake Tx task (check timeouts)
[0;0m[0;34mRDP 0x558e4dfb6610: Received in S 3: syn 0, ack 1, eack 0, rst 0, seq_nr  1340, ack_nr 59939, packet_len 5 (0)
[0;0m[0;34mRDP 0x558e4dfb6610: Send CMP S 3: syn 0, ack 1, eack 0, rst 0, seq_nr 59940, ack_nr  1339, packet_len 5 (0)
[0;0m[0;34mRDP 0x558e4dfb6610: Wake Tx task (check timeouts)
[0;0m[0;34mRDP 0x558e4dfb6610: Received in S 3: syn 0, ack 1, eack 0, rst 0, seq_nr  1340, ack_nr 59939, packet_len 85 (80)
[0;0m[0;34mRDP 0x558e4dfb6610: Wake Tx task (check timeouts)
[0;0m[0;34mcsp_sfp_recv_fp: 20:63, fragment 72/72
[0;0mRECV_BUNDLE bundle_seq=25 n=2 bytes=72
[0;34mRDP 0x558e4dfb6610: Wake Tx task (check timeouts)
[0;0m[0;34mRDP 0x558e4dfb6610: Wake Tx task (check timeouts)
[0;0m[0;34mRDP 0x558e4dfb6610: Received in S 3: syn 0, ack 1, eack 0, rst 0, seq_nr  1341, ack_nr 59939, packet_len 5 (0)
[0;0m[0;34mRDP 0x558e4dfb6610: Send CMP S 3: syn 0, ack 1, eack 0, rst 0, seq_nr 59940, ack_nr  1340, packet_len 5 (0)
[0;0m[0;34mRDP 0x558e4dfb6610: Wake Tx task (check timeouts)
[0;0m[0;34mRDP 0x558e4dfb6610: Received in S 3: syn 0, ack 1, eack 0, rst 0, seq_nr  1341, ack_nr 59939, packet_len 85 (80)
[0;0m[0;34mRDP 0x558e4dfb6610: Wake Tx task (check timeouts)
[0;0m[0;34mcsp_sfp_recv_fp: 20:63, fragment 72/72
[0;0mRECV_BUNDLE bundle_seq=26 n=2 bytes=72
[0;34mRDP 0x558e4dfb6610: Wake Tx task (check timeouts)
[0;0m[0;34mRDP 0x558e4dfb6610: Wake Tx task (check timeouts)
[0;0m[0;34mRDP 0x558e4dfb6610: Received in S 3: syn 0, ack 1, eack 0, rst 0, seq_nr  1342, ack_nr 59939, packet_len 5 (0)
[0;0m[0;34mRDP 0x558e4dfb6610: Send CMP S 3: syn 0, ack 1, eack 0, rst 0, seq_nr 59940, ack_nr  1341, packet_len 5 (0)
[0;0m[0;34mRDP 0x558e4dfb6610: Wake Tx task (check timeouts)
[0;0m[0;34mRDP 0x558e4dfb6610: Received in S 3: syn 0, ack 1, eack 0, rst 0, seq_nr  1342, ack_nr 59939, packet_len 85 (80)
[0;0m[0;34mRDP 0x558e4dfb6610: Wake Tx task (check timeouts)
[0;0m[0;34mcsp_sfp_recv_fp: 20:63, fragment 72/72
[0;0mRECV_BUNDLE bundle_seq=27 n=2 bytes=72
[0;34mRDP 0x558e4dfb6610: Wake Tx task (check timeouts)
[0;0m[0;34mRDP 0x558e4dfb6610: Wake Tx task (check timeouts)
[0;0m[0;34mRDP 0x558e4dfb6610: Received in S 3: syn 0, ack 1, eack 0, rst 0, seq_nr  1343, ack_nr 59939, packet_len 5 (0)
[0;0m[0;34mRDP 0x558e4dfb6610: Send CMP S 3: syn 0, ack 1, eack 0, rst 0, seq_nr 59940, ack_nr  1342, packet_len 5 (0)
[0;0m[0;34mRDP 0x558e4dfb6610: Wake Tx task (check timeouts)
[0;0m[0;34mRDP 0x558e4dfb6610: Received in S 3: syn 0, ack 1, eack 0, rst 0, seq_nr  1343, ack_nr 59939, packet_len 85 (80)
[0;0m[0;34mRDP 0x558e4dfb6610: Wake Tx task (check timeouts)
[0;0m[0;34mcsp_sfp_recv_fp: 20:63, fragment 72/72
[0;0mRECV_BUNDLE bundle_seq=28 n=2 bytes=72
[0;34mRDP 0x558e4dfb6610: Wake Tx task (check timeouts)
[0;0m[0;34mRDP 0x558e4dfb6610: Wake Tx task (check timeouts)
[0;0m[0;34mRDP 0x558e4dfb6610: Send CMP S 3: syn 0, ack 1, eack 0, rst 0, seq_nr 59940, ack_nr  1343, packet_len 5 (0)
[0;0m[0;34mRDP 0x558e4dfb6610: Wake Tx task (check timeouts)
[0;0m[0;34mRDP 0x558e4dfb6610: Received in S 3: syn 0, ack 1, eack 0, rst 0, seq_nr  1344, ack_nr 59939, packet_len 5 (0)
[0;0m[0;34mRDP 0x558e4dfb6610: Wake Tx task (check timeouts)
[0;0m[0;34mRDP 0x558e4dfb6610: Received in S 3: syn 0, ack 1, eack 0, rst 0, seq_nr  1344, ack_nr 59939, packet_len 85 (80)
[0;0m[0;34mRDP 0x558e4dfb6610: Wake Tx task (check timeouts)
[0;0m[0;34mcsp_sfp_recv_fp: 20:63, fragment 72/72
[0;0mRECV_BUNDLE bundle_seq=29 n=2 bytes=72
[0;34mRDP 0x558e4dfb6610: Wake Tx task (check timeouts)
[0;0m[0;34mRDP 0x558e4dfb6610: Wake Tx task (check timeouts)
[0;0m[0;34mRDP 0x558e4dfb6610: Received in S 3: syn 0, ack 1, eack 0, rst 0, seq_nr  1345, ack_nr 59939, packet_len 5 (0)
[0;0m[0;34mRDP 0x558e4dfb6610: Send CMP S 3: syn 0, ack 1, eack 0, rst 0, seq_nr 59940, ack_nr  1344, packet_len 5 (0)
[0;0m[0;34mRDP 0x558e4dfb6610: Wake Tx task (check timeouts)
[0;0m[0;34mRDP 0x558e4dfb6610: Received in S 3: syn 0, ack 1, eack 0, rst 0, seq_nr  1345, ack_nr 59939, packet_len 85 (80)
[0;0m[0;34mRDP 0x558e4dfb6610: Wake Tx task (check timeouts)
[0;0m[0;34mcsp_sfp_recv_fp: 20:63, fragment 72/72
[0;0mRECV_BUNDLE bundle_seq=30 n=2 bytes=72
[0;34mRDP 0x558e4dfb6610: Wake Tx task (check timeouts)
[0;0m[0;34mRDP 0x558e4dfb6610: Wake Tx task (check timeouts)
[0;0m[0;34mRDP 0x558e4dfb6610: Received in S 3: syn 0, ack 1, eack 0, rst 0, seq_nr  1346, ack_nr 59939, packet_len 5 (0)
[0;0m[0;34mRDP 0x558e4dfb6610: Send CMP S 3: syn 0, ack 1, eack 0, rst 0, seq_nr 59940, ack_nr  1345, packet_len 5 (0)
[0;0m[0;34mRDP 0x558e4dfb6610: Wake Tx task (check timeouts)
[0;0m[0;34mRDP 0x558e4dfb6610: Received in S 3: syn 0, ack 1, eack 0, rst 0, seq_nr  1346, ack_nr 59939, packet_len 85 (80)
[0;0m[0;34mRDP 0x558e4dfb6610: Wake Tx task (check timeouts)
[0;0m[0;34mcsp_sfp_recv_fp: 20:63, fragment 72/72
[0;0mRECV_BUNDLE bundle_seq=31 n=2 bytes=72
[0;34mRDP 0x558e4dfb6610: Wake Tx task (check timeouts)
[0;0m[0;34mRDP 0x558e4dfb6610: Wake Tx task (check timeouts)
[0;0m[0;34mRDP 0x558e4dfb6610: Send CMP S 3: syn 0, ack 1, eack 0, rst 0, seq_nr 59940, ack_nr  1346, packet_len 5 (0)
[0;0m[0;34mRDP 0x558e4dfb6610: Wake Tx task (check timeouts)
[0;0m[0;34mRDP 0x558e4dfb6610: Received in S 3: syn 0, ack 1, eack 0, rst 0, seq_nr  1347, ack_nr 59939, packet_len 5 (0)
[0;0m[0;34mRDP 0x558e4dfb6610: Wake Tx task (check timeouts)
[0;0m[0;34mRDP 0x558e4dfb6610: Received in S 3: syn 0, ack 1, eack 0, rst 0, seq_nr  1347, ack_nr 59939, packet_len 85 (80)
[0;0m[0;34mRDP 0x558e4dfb6610: Wake Tx task (check timeouts)
[0;0m[0;34mcsp_sfp_recv_fp: 20:63, fragment 72/72
[0;0mRECV_BUNDLE bundle_seq=32 n=2 bytes=72
[0;34mRDP 0x558e4dfb6610: Wake Tx task (check timeouts)
[0;0m[0;34mRDP 0x558e4dfb6610: Wake Tx task (check timeouts)
[0;0m[0;34mRDP 0x558e4dfb6610: Received in S 3: syn 0, ack 1, eack 0, rst 0, seq_nr  1348, ack_nr 59939, packet_len 5 (0)
[0;0m[0;34mRDP 0x558e4dfb6610: Send CMP S 3: syn 0, ack 1, eack 0, rst 0, seq_nr 59940, ack_nr  1347, packet_len 5 (0)
[0;0m[0;34mRDP 0x558e4dfb6610: Wake Tx task (check timeouts)
[0;0m[0;34mRDP 0x558e4dfb6610: Received in S 3: syn 0, ack 1, eack 0, rst 0, seq_nr  1348, ack_nr 59939, packet_len 85 (80)
[0;0m[0;34mRDP 0x558e4dfb6610: Wake Tx task (check timeouts)
[0;0m[0;34mcsp_sfp_recv_fp: 20:63, fragment 72/72
[0;0mRECV_BUNDLE bundle_seq=33 n=2 bytes=72
[0;34mRDP 0x558e4dfb6610: Wake Tx task (check timeouts)
[0;0m[0;34mRDP 0x558e4dfb6610: Wake Tx task (check timeouts)
[0;0m[0;34mRDP 0x558e4dfb6610: Received in S 3: syn 0, ack 1, eack 0, rst 0, seq_nr  1349, ack_nr 59939, packet_len 5 (0)
[0;0m[0;34mRDP 0x558e4dfb6610: Send CMP S 3: syn 0, ack 1, eack 0, rst 0, seq_nr 59940, ack_nr  1348, packet_len 5 (0)
[0;0m[0;34mRDP 0x558e4dfb6610: Wake Tx task (check timeouts)
[0;0m[0;34mRDP 0x558e4dfb6610: Received in S 3: syn 0, ack 1, eack 0, rst 0, seq_nr  1349, ack_nr 59939, packet_len 85 (80)
[0;0m[0;34mRDP 0x558e4dfb6610: Wake Tx task (check timeouts)
[0;0m[0;34mcsp_sfp_recv_fp: 20:63, fragment 72/72
[0;0mRECV_BUNDLE bundle_seq=34 n=2 bytes=72
cspcl_recv_bundle: Operation timed out -- stopping
[0;34mRDP 0x558e4dfb6610: Wake Tx task (check timeouts)
[0;0m[0;34mRDP 0x558e4dfb6610: Wake Tx task (check timeouts)
[0;0m[0;34mRDP 0x558e4dfb6610: Send CMP S 3: syn 0, ack 1, eack 0, rst 0, seq_nr 59940, ack_nr  1349, packet_len 5 (0)
[0;0m[0;34mRDP 0x558e4dfb6610: Wake Tx task (check timeouts)
[0;0m[0;34mRDP 0x558e4dfb6610: Received in S 3: syn 0, ack 1, eack 0, rst 0, seq_nr  1350, ack_nr 59939, packet_len 5 (0)
[0;0m[0;34mRDP 0x558e4dfb6610: Wake Tx task (check timeouts)
[0;0m[0;34mRDP 0x558e4dfb6610: Wake Tx task (check timeouts)
[0;0m[0;34mRDP 0x558e4dfb6610: Wake Tx task (check timeouts)
[0;0m[0;34mRDP 0x558e4dfb6610: Send CMP S 3: syn 0, ack 1, eack 0, rst 0, seq_nr 59940, ack_nr  1349, packet_len 5 (0)
[0;0m[0;34mRDP 0x558e4dfb6610: Wake Tx task (check timeouts)
[0;0m[0;34mRDP 0x558e4dfb6610: Wake Tx task (check timeouts)
[0;0m[0;34mRDP 0x558e4dfb6610: Wake Tx task (check timeouts)
[0;0m[0;34mRDP 0x558e4dfb6610: Send CMP S 3: syn 0, ack 1, eack 0, rst 0, seq_nr 59940, ack_nr  1349, packet_len 5 (0)
[0;0m[0;34mRDP 0x558e4dfb6610: Wake Tx task (check timeouts)
[0;0m[0;34mRDP 0x558e4dfb6610: Wake Tx task (check timeouts)
[0;0m[0;34mRDP 0x558e4dfb6610: Wake Tx task (check timeouts)
[0;0m[0;34mRDP 0x558e4dfb6610: Send CMP S 3: syn 0, ack 1, eack 0, rst 0, seq_nr 59940, ack_nr  1349, packet_len 5 (0)
[0;0m[0;34mRDP 0x558e4dfb6610: Wake Tx task (check timeouts)
[0;0m[0;34mRDP 0x558e4dfb6610: Wake Tx task (check timeouts)
[0;0m[0;34mRDP 0x558e4dfb6610: Wake Tx task (check timeouts)
[0;0m[0;34mRDP 0x558e4dfb6610: Send CMP S 3: syn 0, ack 1, eack 0, rst 0, seq_nr 59940, ack_nr  1349, packet_len 5 (0)
[0;0m[0;34mRDP 0x558e4dfb6610: Wake Tx task (check timeouts)
[0;0m[0;34mRDP 0x558e4dfb6610: Wake Tx task (check timeouts)
[0;0m[0;34mRDP 0x558e4dfb6610: Wake Tx task (check timeouts)
[0;0m[0;34mRDP 0x558e4dfb6610: Send CMP S 3: syn 0, ack 1, eack 0, rst 0, seq_nr 59940, ack_nr  1349, packet_len 5 (0)
[0;0m[0;34mRDP 0x558e4dfb6610: Wake Tx task (check timeouts)
[0;0m[0;34mRDP 0x558e4dfb6610: Wake Tx task (check timeouts)
[0;0m[0;34mRDP 0x558e4dfb6610: Wake Tx task (check timeouts)
[0;0m[0;34mRDP 0x558e4dfb6610: Send CMP S 3: syn 0, ack 1, eack 0, rst 0, seq_nr 59940, ack_nr  1349, packet_len 5 (0)
[0;0m[0;34mRDP 0x558e4dfb6610: Wake Tx task (check timeouts)
[0;0m[0;34mRDP 0x558e4dfb6610: Wake Tx task (check timeouts)
[0;0m[0;34mRDP 0x558e4dfb6610: Wake Tx task (check timeouts)
[0;0m[0;34mRDP 0x558e4dfb6610: Send CMP S 3: syn 0, ack 1, eack 0, rst 0, seq_nr 59940, ack_nr  1349, packet_len 5 (0)
[0;0m[0;34mRDP 0x558e4dfb6610: Wake Tx task (check timeouts)
[0;0m[0;34mRDP 0x558e4dfb6610: Wake Tx task (check timeouts)
[0;0m[0;34mRDP 0x558e4dfb6610: Wake Tx task (check timeouts)
[0;0m[0;34mRDP 0x558e4dfb6610: Send CMP S 3: syn 0, ack 1, eack 0, rst 0, seq_nr 59940, ack_nr  1349, packet_len 5 (0)
[0;0m[0;34mRDP 0x558e4dfb6610: Wake Tx task (check timeouts)
[0;0m[0;34mRDP 0x558e4dfb6610: Wake Tx task (check timeouts)
[0;0m[0;34mRDP 0x558e4dfb6610: Wake Tx task (check timeouts)
[0;0m[0;34mRDP 0x558e4dfb6610: Send CMP S 3: syn 0, ack 1, eack 0, rst 0, seq_nr 59940, ack_nr  1349, packet_len 5 (0)
[0;0m[0;34mRDP 0x558e4dfb6610: Wake Tx task (check timeouts)
[0;0m
--- bundle measurement summary ---
bundles received: 34
unit latency: min=0.083 ms  mean=0.311 ms  max=1.075 ms  stddev=0.169 ms  (n=68 units)
throughput: 2.63 bundles/sec  5.3 units/sec-equivalent  0.2 kB/s
(0)
[0;0m[0;34mRDP 0x561c558ca610: TX Element Free, time 22721043, seq 1348, una 1349
[0;0m[0;34mRDP 0x561c558ca610: Wake Tx task (check timeouts)
[0;0mSENT bundle=33 n=2 bytes=72 send_time_ms=300.900
[0;34mcsp_sfp_send_own_memcpy: 21:10, sending at 0x561c558d87b0 size 72
[0;0m[0;34mRDP 0x561c558ca610: Sending  in S 3: syn 0, ack 1, eack 0, rst 0, seq_nr  1349, ack_nr 59939, packet_len 85 (80)
[0;0m[0;34mRDP 0x561c558ca610: Wake Tx task (check timeouts)
[0;0m[0;34mRDP 0x561c558ca610: Wake Tx task (check timeouts)
[0;0m[0;34mRDP 0x561c558ca610: Send CMP S 3: syn 0, ack 1, eack 0, rst 0, seq_nr  1350, ack_nr 59939, packet_len 5 (0)
[0;0m[0;34mRDP 0x561c558ca610: Wake Tx task (check timeouts)
[0;0m[0;34mRDP 0x561c558ca610: Received in S 3: syn 0, ack 1, eack 0, rst 0, seq_nr 59940, ack_nr  1349, packet_len 5 (0)
[0;0m[0;34mRDP 0x561c558ca610: TX Element Free, time 22721344, seq 1349, una 1350
[0;0m[0;34mRDP 0x561c558ca610: Wake Tx task (check timeouts)
[0;0mSENT bundle=34 n=2 bytes=72 send_time_ms=300.924
SUMMARY bundles_sent=34 n_per_bundle=2 unit_size=36 bundle_len=72 mean_send_ms=300.876
