[bundle_receiver] listening on addr 21  (timeout=3000 ms per bundle)
[0;34mRDP 0x55f24d181610: Received in S 0: syn 1, ack 0, eack 0, rst 0, seq_nr 57331, ack_nr     0, packet_len 29 (24)
[0;0m[0;34mRDP 0x55f24d181610: SYN-Received
[0;0m[0;34mRDP 0x55f24d181610: window size 4, conn timeout 1000, packet timeout 1000, delayed acks: 1, ack timeout 250, ack each 2 packet
[0;0m[0;34mRDP 0x55f24d181610: Send CMP S 2: syn 1, ack 1, eack 0, rst 0, seq_nr  2382, ack_nr 57331, packet_len 5 (0)
[0;0m[0;34mRDP 0x55f24d181610: Received in S 2: syn 0, ack 1, eack 0, rst 0, seq_nr 57332, ack_nr  2382, packet_len 5 (0)
[0;0m[0;34mRDP 0x55f24d181610: NC: Connection OPEN
[0;0m[0;34mRDP 0x55f24d181610: TX Element Free, time 22794129, seq 2382, una 2383
[0;0m[0;34mRDP 0x55f24d181610: Wake Tx task (check timeouts)
[0;0m[0;34mRDP 0x55f24d181610: Received in S 3: syn 0, ack 1, eack 0, rst 0, seq_nr 57332, ack_nr  2382, packet_len 256 (251)
[0;0m[0;34mRDP 0x55f24d181610: Wake Tx task (check timeouts)
[0;0m[0;34mcsp_sfp_recv_fp: 20:52, fragment 243/1152
[0;0m[0;34mRDP 0x55f24d181610: Received in S 3: syn 0, ack 1, eack 0, rst 0, seq_nr 57333, ack_nr  2382, packet_len 256 (251)
[0;0m[0;34mRDP 0x55f24d181610: Wake Tx task (check timeouts)
[0;0m[0;34mcsp_sfp_recv_fp: 20:52, fragment 486/1152
[0;0m[0;34mRDP 0x55f24d181610: Received in S 3: syn 0, ack 1, eack 0, rst 0, seq_nr 57334, ack_nr  2382, packet_len 256 (251)
[0;0m[0;34mRDP 0x55f24d181610: Send CMP S 3: syn 0, ack 1, eack 0, rst 0, seq_nr  2383, ack_nr 57334, packet_len 5 (0)
[0;0m[0;34mRDP 0x55f24d181610: Wake Tx task (check timeouts)
[0;0m[0;34mRDP 0x55f24d181610: Received in S 3: syn 0, ack 1, eack 0, rst 0, seq_nr 57335, ack_nr  2382, packet_len 256 (251)[0;34mcsp_sfp_recv_fp: 20:52, fragment 729/1152
[0;0m
[0;0m[0;34mRDP 0x55f24d181610: Wake Tx task (check timeouts)
[0;0m[0;34mcsp_sfp_recv_fp: 20:52, fragment 972/1152
[0;0m[0;34mRDP 0x55f24d181610: Received in S 3: syn 0, ack 1, eack 0, rst 0, seq_nr 57336, ack_nr  2382, packet_len 193 (188)
[0;0m[0;34mRDP 0x55f24d181610: Wake Tx task (check timeouts)
[0;0m[0;34mcsp_sfp_recv_fp: 20:52, fragment 1152/1152
[0;0mRECV_BUNDLE bundle_seq=1 n=32 bytes=1152
[0;34mRDP 0x55f24d181610: Wake Tx task (check timeouts)
[0;0m[0;34mRDP 0x55f24d181610: Wake Tx task (check timeouts)
[0;0m[0;34mRDP 0x55f24d181610: Send CMP S 3: syn 0, ack 1, eack 0, rst 0, seq_nr  2383, ack_nr 57336, packet_len 5 (0)
[0;0m[0;34mRDP 0x55f24d181610: Wake Tx task (check timeouts)
[0;0m[0;34mRDP 0x55f24d181610: Received in S 3: syn 0, ack 1, eack 0, rst 0, seq_nr 57337, ack_nr  2382, packet_len 5 (0)
[0;0m[0;34mRDP 0x55f24d181610: Wake Tx task (check timeouts)
[0;0m[0;34mRDP 0x55f24d181610: Received in S 3: syn 0, ack 1, eack 0, rst 0, seq_nr 57337, ack_nr  2382, packet_len 256 (251)
[0;0m[0;34mRDP 0x55f24d181610: Wake Tx task (check timeouts)
[0;0m[0;34mRDP 0x55f24d181610: Received in S 3: syn 0, ack 1, eack 0, rst 0, seq_nr 57338, ack_nr  2382, packet_len 256 (251)
[0;0m[0;34mRDP 0x55f24d181610: Wake Tx task (check timeouts)
[0;0m[0;34mcsp_sfp_recv_fp: 20:52, fragment 243/1152
[0;0m[0;34mcsp_sfp_recv_fp: 20:52, fragment 486/1152
[0;0m[0;34mRDP 0x55f24d181610: Received in S 3: syn 0, ack 1, eack 0, rst 0, seq_nr 57339, ack_nr  2382, packet_len 256 (251)
[0;0m[0;34mRDP 0x55f24d181610: Send CMP S 3: syn 0, ack 1, eack 0, rst 0, seq_nr  2383, ack_nr 57339, packet_len 5 (0)
[0;0m[0;34mRDP 0x55f24d181610: Wake Tx task (check timeouts)
[0;0m[0;34mcsp_sfp_recv_fp: 20:52, fragment 729/1152
[0;0m[0;34mRDP 0x55f24d181610: Received in S 3: syn 0, ack 1, eack 0, rst 0, seq_nr 57340, ack_nr  2382, packet_len 256 (251)
[0;0m[0;34mRDP 0x55f24d181610: Wake Tx task (check timeouts)
[0;0m[0;34mcsp_sfp_recv_fp: 20:52, fragment 972/1152
[0;0m[0;34mRDP 0x55f24d181610: Received in S 3: syn 0, ack 1, eack 0, rst 0, seq_nr 57341, ack_nr  2382, packet_len 193 (188)
[0;0m[0;34mRDP 0x55f24d181610: Wake Tx task (check timeouts)
[0;0m[0;34mcsp_sfp_recv_fp: 20:52, fragment 1152/1152
[0;0mRECV_BUNDLE bundle_seq=2 n=32 bytes=1152
[0;34mRDP 0x55f24d181610: Wake Tx task (check timeouts)
[0;0m[0;34mRDP 0x55f24d181610: Wake Tx task (check timeouts)
[0;0m[0;34mRDP 0x55f24d181610: Received in S 3: syn 0, ack 1, eack 0, rst 0, seq_nr 57342, ack_nr  2382, packet_len 5 (0)
[0;0m[0;34mRDP 0x55f24d181610: Send CMP S 3: syn 0, ack 1, eack 0, rst 0, seq_nr  2383, ack_nr 57341, packet_len 5 (0)
[0;0m[0;34mRDP 0x55f24d181610: Wake Tx task (check timeouts)
[0;0m[0;34mRDP 0x55f24d181610: Received in S 3: syn 0, ack 1, eack 0, rst 0, seq_nr 57342, ack_nr  2382, packet_len 256 (251)
[0;0m[0;34mRDP 0x55f24d181610: Wake Tx task (check timeouts)
[0;0m[0;34mcsp_sfp_recv_fp: 20:52, fragment 243/1152
[0;0m[0;34mRDP 0x55f24d181610: Received in S 3: syn 0, ack 1, eack 0, rst 0, seq_nr 57343, ack_nr  2382, packet_len 256 (251)
[0;0m[0;34mRDP 0x55f24d181610: Wake Tx task (check timeouts)
[0;0m[0;34mRDP 0x55f24d181610: Received in S 3: syn 0, ack 1, eack 0, rst 0, seq_nr 57344, ack_nr  2382, packet_len 256 (251)
[0;0m[0;34mRDP 0x55f24d181610: Send CMP S 3: syn 0, ack 1, eack 0, rst 0, seq_nr  2383, ack_nr 57344, packet_len 5 (0)
[0;0m[0;34mRDP 0x55f24d181610: Wake Tx task (check timeouts)
[0;0m[0;34mcsp_sfp_recv_fp: 20:52, fragment 486/1152
[0;0m[0;34mcsp_sfp_recv_fp: 20:52, fragment 729/1152
[0;0m[0;34mRDP 0x55f24d181610: Received in S 3: syn 0, ack 1, eack 0, rst 0, seq_nr 57345, ack_nr  2382, packet_len 256 (251)
[0;0m[0;34mRDP 0x55f24d181610: Wake Tx task (check timeouts)
[0;0m[0;34mcsp_sfp_recv_fp: 20:52, fragment 972/1152
[0;0m[0;34mRDP 0x55f24d181610: Received in S 3: syn 0, ack 1, eack 0, rst 0, seq_nr 57346, ack_nr  2382, packet_len 193 (188)
[0;0m[0;34mRDP 0x55f24d181610: Wake Tx task (check timeouts)
[0;0m[0;34mcsp_sfp_recv_fp: 20:52, fragment 1152/1152
[0;0mRECV_BUNDLE bundle_seq=3 n=32 bytes=1152
[0;34mRDP 0x55f24d181610: Wake Tx task (check timeouts)
[0;0m[0;34mRDP 0x55f24d181610: Wake Tx task (check timeouts)
[0;0m[0;34mRDP 0x55f24d181610: Send CMP S 3: syn 0, ack 1, eack 0, rst 0, seq_nr  2383, ack_nr 57346, packet_len 5 (0)
[0;0m[0;34mRDP 0x55f24d181610: Wake Tx task (check timeouts)
[0;0m[0;34mRDP 0x55f24d181610: Received in S 3: syn 0, ack 1, eack 0, rst 0, seq_nr 57347, ack_nr  2382, packet_len 5 (0)
[0;0m[0;34mRDP 0x55f24d181610: Wake Tx task (check timeouts)
[0;0m[0;34mRDP 0x55f24d181610: Received in S 3: syn 0, ack 1, eack 0, rst 0, seq_nr 57347, ack_nr  2382, packet_len 256 (251)
[0;0m[0;34mRDP 0x55f24d181610: Wake Tx task (check timeouts)
[0;0m[0;34mcsp_sfp_recv_fp: 20:52, fragment 243/1152
[0;0m[0;34mRDP 0x55f24d181610: Received in S 3: syn 0, ack 1, eack 0, rst 0, seq_nr 57348, ack_nr  2382, packet_len 256 (251)
[0;0m[0;34mRDP 0x55f24d181610: Wake Tx task (check timeouts)
[0;0m[0;34mRDP 0x55f24d181610: Received in S 3: syn 0, ack 1, eack 0, rst 0, seq_nr 57349, ack_nr  2382, packet_len 256 (251)
[0;0m[0;34mRDP 0x55f24d181610: Send CMP S 3: syn 0, ack 1, eack 0, rst 0, seq_nr  2383, ack_nr 57349, packet_len 5 (0)
[0;0m[0;34mRDP 0x55f24d181610: Wake Tx task (check timeouts)
[0;0m[0;34mcsp_sfp_recv_fp: 20:52, fragment 486/1152
[0;0m[0;34mcsp_sfp_recv_fp: 20:52, fragment 729/1152
[0;0m[0;34mRDP 0x55f24d181610: Received in S 3: syn 0, ack 1, eack 0, rst 0, seq_nr 57350, ack_nr  2382, packet_len 256 (251)
[0;0m[0;34mRDP 0x55f24d181610: Wake Tx task (check timeouts)
[0;0m[0;34mcsp_sfp_recv_fp: 20:52, fragment 972/1152
[0;0m[0;34mRDP 0x55f24d181610: Received in S 3: syn 0, ack 1, eack 0, rst 0, seq_nr 57351, ack_nr  2382, packet_len 193 (188)
[0;0m[0;34mRDP 0x55f24d181610: Wake Tx task (check timeouts)
[0;0m[0;34mcsp_sfp_recv_fp: 20:52, fragment 1152/1152
[0;0mRECV_BUNDLE bundle_seq=4 n=32 bytes=1152
[0;34mRDP 0x55f24d181610: Wake Tx task (check timeouts)
[0;0m[0;34mRDP 0x55f24d181610: Wake Tx task (check timeouts)
[0;0m[0;34mRDP 0x55f24d181610: Received in S 3: syn 0, ack 1, eack 0, rst 0, seq_nr 57352, ack_nr  2382, packet_len 5 (0)
[0;0m[0;34mRDP 0x55f24d181610: Send CMP S 3: syn 0, ack 1, eack 0, rst 0, seq_nr  2383, ack_nr 57351, packet_len 5 (0)
[0;0m[0;34mRDP 0x55f24d181610: Wake Tx task (check timeouts)
[0;0m[0;34mRDP 0x55f24d181610: Received in S 3: syn 0, ack 1, eack 0, rst 0, seq_nr 57352, ack_nr  2382, packet_len 256 (251)
[0;0m[0;34mRDP 0x55f24d181610: Wake Tx task (check timeouts)
[0;0m[0;34mcsp_sfp_recv_fp: 20:52, fragment 243/1152
[0;0m[0;34mRDP 0x55f24d181610: Received in S 3: syn 0, ack 1, eack 0, rst 0, seq_nr 57353, ack_nr  2382, packet_len 256 (251)
[0;0m[0;34mRDP 0x55f24d181610: Wake Tx task (check timeouts)
[0;0m[0;34mcsp_sfp_recv_fp: 20:52, fragment 486/1152
[0;0m[0;34mRDP 0x55f24d181610: Received in S 3: syn 0, ack 1, eack 0, rst 0, seq_nr 57354, ack_nr  2382, packet_len 256 (251)
[0;0m[0;34mRDP 0x55f24d181610: Send CMP S 3: syn 0, ack 1, eack 0, rst 0, seq_nr  2383, ack_nr 57354, packet_len 5 (0)
[0;0m[0;34mRDP 0x55f24d181610: Send CMP S 3: syn 0, ack 1, eack 0, rst 0, seq_nr  2383, ack_nr 57354, packet_len 5 (0)
[0;0m[0;34mRDP 0x55f24d181610: Wake Tx task (check timeouts)
[0;0m[0;34mcsp_sfp_recv_fp: 20:52, fragment 729/1152
[0;0m[0;34mRDP 0x55f24d181610: Received in S 3: syn 0, ack 1, eack 0, rst 0, seq_nr 57355, ack_nr  2382, packet_len 256 (251)
[0;0m[0;34mRDP 0x55f24d181610: Wake Tx task (check timeouts)
[0;0m[0;34mcsp_sfp_recv_fp: 20:52, fragment 972/1152
[0;0m[0;34mRDP 0x55f24d181610: Received in S 3: syn 0, ack 1, eack 0, rst 0, seq_nr 57356, ack_nr  2382, packet_len 193 (188)
[0;0m[0;34mRDP 0x55f24d181610: Wake Tx task (check timeouts)
[0;0m[0;34mcsp_sfp_recv_fp: 20:52, fragment 1152/1152
[0;0mRECV_BUNDLE bundle_seq=5 n=32 bytes=1152
[0;34mRDP 0x55f24d181610: Wake Tx task (check timeouts)
[0;0m[0;34mRDP 0x55f24d181610: Wake Tx task (check timeouts)
[0;0m[0;34mRDP 0x55f24d181610: Send CMP S 3: syn 0, ack 1, eack 0, rst 0, seq_nr  2383, ack_nr 57356, packet_len 5 (0)
[0;0m[0;34mRDP 0x55f24d181610: Wake Tx task (check timeouts)
[0;0m[0;34mRDP 0x55f24d181610: Received in S 3: syn 0, ack 1, eack 0, rst 0, seq_nr 57357, ack_nr  2382, packet_len 5 (0)
[0;0m[0;34mRDP 0x55f24d181610: Wake Tx task (check timeouts)
[0;0m[0;34mRDP 0x55f24d181610: Received in S 3: syn 0, ack 1, eack 0, rst 0, seq_nr 57357, ack_nr  2382, packet_len 256 (251)
[0;0m[0;34mRDP 0x55f24d181610: Wake Tx task (check timeouts)
[0;0m[0;34mcsp_sfp_recv_fp: 20:52, fragment 243/1152
[0;0m[0;34mRDP 0x55f24d181610: Received in S 3: syn 0, ack 1, eack 0, rst 0, seq_nr 57358, ack_nr  2382, packet_len 256 (251)
[0;0m[0;34mRDP 0x55f24d181610: Wake Tx task (check timeouts)
[0;0m[0;34mcsp_sfp_recv_fp: 20:52, fragment 486/1152
[0;0m[0;34mRDP 0x55f24d181610: Received in S 3: syn 0, ack 1, eack 0, rst 0, seq_nr 57359, ack_nr  2382, packet_len 256 (251)
[0;0m[0;34mRDP 0x55f24d181610: Send CMP S 3: syn 0, ack 1, eack 0, rst 0, seq_nr  2383, ack_nr 57359, packet_len 5 (0)
[0;0m[0;34mRDP 0x55f24d181610: Wake Tx task (check timeouts)
[0;0m[0;34mcsp_sfp_recv_fp: 20:52, fragment 729/1152
[0;0m[0;34mRDP 0x55f24d181610: Received in S 3: syn 0, ack 1, eack 0, rst 0, seq_nr 57360, ack_nr  2382, packet_len 256 (251)
[0;0m[0;34mRDP 0x55f24d181610: Wake Tx task (check timeouts)
[0;0m[0;34mcsp_sfp_recv_fp: 20:52, fragment 972/1152
[0;0m[0;34mRDP 0x55f24d181610: Received in S 3: syn 0, ack 1, eack 0, rst 0, seq_nr 57361, ack_nr  2382, packet_len 193 (188)
[0;0m[0;34mRDP 0x55f24d181610: Wake Tx task (check timeouts)
[0;0m[0;34mcsp_sfp_recv_fp: 20:52, fragment 1152/1152
[0;0mRECV_BUNDLE bundle_seq=6 n=32 bytes=1152
[0;34mRDP 0x55f24d181610: Wake Tx task (check timeouts)
[0;0m[0;34mRDP 0x55f24d181610: Wake Tx task (check timeouts)
[0;0m[0;34mRDP 0x55f24d181610: Received in S 3: syn 0, ack 1, eack 0, rst 0, seq_nr 57362, ack_nr  2382, packet_len 5 (0)
[0;0m[0;34mRDP 0x55f24d181610: Send CMP S 3: syn 0, ack 1, eack 0, rst 0, seq_nr  2383, ack_nr 57361, packet_len 5 (0)
[0;0m[0;34mRDP 0x55f24d181610: Wake Tx task (check timeouts)
[0;0m[0;34mRDP 0x55f24d181610: Received in S 3: syn 0, ack 1, eack 0, rst 0, seq_nr 57362, ack_nr  2382, packet_len 256 (251)
[0;0m[0;34mRDP 0x55f24d181610: Wake Tx task (check timeouts)
[0;0m[0;34mcsp_sfp_recv_fp: 20:52, fragment 243/1152
[0;0m[0;34mRDP 0x55f24d181610: Received in S 3: syn 0, ack 1, eack 0, rst 0, seq_nr 57363, ack_nr  2382, packet_len 256 (251)
[0;0m[0;34mRDP 0x55f24d181610: Wake Tx task (check timeouts)
[0;0m[0;34mcsp_sfp_recv_fp: 20:52, fragment 486/1152
[0;0m[0;34mRDP 0x55f24d181610: Received in S 3: syn 0, ack 1, eack 0, rst 0, seq_nr 57364, ack_nr  2382, packet_len 256 (251)
[0;0m[0;34mRDP 0x55f24d181610: Send CMP S 3: syn 0, ack 1, eack 0, rst 0, seq_nr  2383, ack_nr 57364, packet_len 5 (0)
[0;0m[0;34mRDP 0x55f24d181610: Send CMP S 3: syn 0, ack 1, eack 0, rst 0, seq_nr  2383, ack_nr 57364, packet_len 5 (0)
[0;0m[0;34mRDP 0x55f24d181610: Wake Tx task (check timeouts)
[0;0m[0;34mcsp_sfp_recv_fp: 20:52, fragment 729/1152
[0;0m[0;34mRDP 0x55f24d181610: Received in S 3: syn 0, ack 1, eack 0, rst 0, seq_nr 57365, ack_nr  2382, packet_len 256 (251)
[0;0m[0;34mRDP 0x55f24d181610: Wake Tx task (check timeouts)
[0;0m[0;34mcsp_sfp_recv_fp: 20:52, fragment 972/1152
[0;0m[0;34mRDP 0x55f24d181610: Received in S 3: syn 0, ack 1, eack 0, rst 0, seq_nr 57366, ack_nr  2382, packet_len 193 (188)
[0;0m[0;34mRDP 0x55f24d181610: Wake Tx task (check timeouts)
[0;0m[0;34mcsp_sfp_recv_fp: 20:52, fragment 1152/1152
[0;0mRECV_BUNDLE bundle_seq=7 n=32 bytes=1152
[0;34mRDP 0x55f24d181610: Wake Tx task (check timeouts)
[0;0m[0;34mRDP 0x55f24d181610: Wake Tx task (check timeouts)
[0;0m[0;34mRDP 0x55f24d181610: Received in S 3: syn 0, ack 1, eack 0, rst 0, seq_nr 57367, ack_nr  2382, packet_len 5 (0)
[0;0m[0;34mRDP 0x55f24d181610: Send CMP S 3: syn 0, ack 1, eack 0, rst 0, seq_nr  2383, ack_nr 57366, packet_len 5 (0)
[0;0m[0;34mRDP 0x55f24d181610: Wake Tx task (check timeouts)
[0;0m[0;34mRDP 0x55f24d181610: Received in S 3: syn 0, ack 1, eack 0, rst 0, seq_nr 57367, ack_nr  2382, packet_len 256 (251)
[0;0m[0;34mRDP 0x55f24d181610: Wake Tx task (check timeouts)
[0;0m[0;34mRDP 0x55f24d181610: Received in S 3: syn 0, ack 1, eack 0, rst 0, seq_nr 57368, ack_nr  2382, packet_len 256 (251)
[0;0m[0;34mRDP 0x55f24d181610: Wake Tx task (check timeouts)
[0;0m[0;34mcsp_sfp_recv_fp: 20:52, fragment 243/1152
[0;0m[0;34mcsp_sfp_recv_fp: 20:52, fragment 486/1152
[0;0m[0;34mRDP 0x55f24d181610: Received in S 3: syn 0, ack 1, eack 0, rst 0, seq_nr 57369, ack_nr  2382, packet_len 256 (251)
[0;0m[0;34mRDP 0x55f24d181610: Send CMP S 3: syn 0, ack 1, eack 0, rst 0, seq_nr  2383, ack_nr 57369, packet_len 5 (0)
[0;0m[0;34mRDP 0x55f24d181610: Wake Tx task (check timeouts)
[0;0m[0;34mcsp_sfp_recv_fp: 20:52, fragment 729/1152
[0;0m[0;34mRDP 0x55f24d181610: Received in S 3: syn 0, ack 1, eack 0, rst 0, seq_nr 57370, ack_nr  2382, packet_len 256 (251)
[0;0m[0;34mRDP 0x55f24d181610: Wake Tx task (check timeouts)
[0;0m[0;34mcsp_sfp_recv_fp: 20:52, fragment 972/1152
[0;0m[0;34mRDP 0x55f24d181610: Received in S 3: syn 0, ack 1, eack 0, rst 0, seq_nr 57371, ack_nr  2382, packet_len 193 (188)
[0;0m[0;34mRDP 0x55f24d181610: Wake Tx task (check timeouts)
[0;0m[0;34mcsp_sfp_recv_fp: 20:52, fragment 1152/1152
[0;0mRECV_BUNDLE bundle_seq=8 n=32 bytes=1152
[0;34mRDP 0x55f24d181610: Wake Tx task (check timeouts)
[0;0m[0;34mRDP 0x55f24d181610: Wake Tx task (check timeouts)
[0;0m[0;34mRDP 0x55f24d181610: Send CMP S 3: syn 0, ack 1, eack 0, rst 0, seq_nr  2383, ack_nr 57371, packet_len 5 (0)
[0;0m[0;34mRDP 0x55f24d181610: Wake Tx task (check timeouts)
[0;0m[0;34mRDP 0x55f24d181610: Received in S 3: syn 0, ack 1, eack 0, rst 0, seq_nr 57372, ack_nr  2382, packet_len 5 (0)
[0;0m[0;34mRDP 0x55f24d181610: Wake Tx task (check timeouts)
[0;0m[0;34mRDP 0x55f24d181610: Received in S 3: syn 0, ack 1, eack 0, rst 0, seq_nr 57372, ack_nr  2382, packet_len 256 (251)
[0;0m[0;34mRDP 0x55f24d181610: Wake Tx task (check timeouts)
[0;0m[0;34mRDP 0x55f24d181610: Received in S 3: syn 0, ack 1, eack 0, rst 0, seq_nr 57373, ack_nr  2382, packet_len 256 (251)
[0;0m[0;34mRDP 0x55f24d181610: Wake Tx task (check timeouts)
[0;0m[0;34mcsp_sfp_recv_fp: 20:52, fragment 243/1152
[0;0m[0;34mcsp_sfp_recv_fp: 20:52, fragment 486/1152
[0;0m[0;34mRDP 0x55f24d181610: Received in S 3: syn 0, ack 1, eack 0, rst 0, seq_nr 57374, ack_nr  2382, packet_len 256 (251)
[0;0m[0;34mRDP 0x55f24d181610: Send CMP S 3: syn 0, ack 1, eack 0, rst 0, seq_nr  2383, ack_nr 57374, packet_len 5 (0)
[0;0m[0;34mRDP 0x55f24d181610: Wake Tx task (check timeouts)
[0;0m[0;34mRDP 0x55f24d181610: Received in S 3: syn 0, ack 1, eack 0, rst 0, seq_nr 57375, ack_nr  2382, packet_len 256 (251)
[0;0m[0;34mRDP 0x55f24d181610: Wake Tx task (check timeouts)
[0;0m[0;34mcsp_sfp_recv_fp: 20:52, fragment 729/1152
[0;0m[0;34mcsp_sfp_recv_fp: 20:52, fragment 972/1152
[0;0m[0;34mRDP 0x55f24d181610: Received in S 3: syn 0, ack 1, eack 0, rst 0, seq_nr 57376, ack_nr  2382, packet_len 193 (188)
[0;0m[0;34mRDP 0x55f24d181610: Wake Tx task (check timeouts)
[0;0m[0;34mcsp_sfp_recv_fp: 20:52, fragment 1152/1152
[0;0mRECV_BUNDLE bundle_seq=9 n=32 bytes=1152
[0;34mRDP 0x55f24d181610: Wake Tx task (check timeouts)
[0;0m[0;34mRDP 0x55f24d181610: Wake Tx task (check timeouts)
[0;0m[0;34mRDP 0x55f24d181610: Received in S 3: syn 0, ack 1, eack 0, rst 0, seq_nr 57377, ack_nr  2382, packet_len 5 (0)
[0;0m[0;34mRDP 0x55f24d181610: Send CMP S 3: syn 0, ack 1, eack 0, rst 0, seq_nr  2383, ack_nr 57376, packet_len 5 (0)
[0;0m[0;34mRDP 0x55f24d181610: Wake Tx task (check timeouts)
[0;0m[0;34mRDP 0x55f24d181610: Received in S 3: syn 0, ack 1, eack 0, rst 0, seq_nr 57377, ack_nr  2382, packet_len 256 (251)
[0;0m[0;34mRDP 0x55f24d181610: Wake Tx task (check timeouts)
[0;0m[0;34mcsp_sfp_recv_fp: 20:52, fragment 243/1152
[0;0m[0;34mRDP 0x55f24d181610: Received in S 3: syn 0, ack 1, eack 0, rst 0, seq_nr 57378, ack_nr  2382, packet_len 256 (251)
[0;0m[0;34mRDP 0x55f24d181610: Wake Tx task (check timeouts)
[0;0m[0;34mcsp_sfp_recv_fp: 20:52, fragment 486/1152
[0;0m[0;34mRDP 0x55f24d181610: Received in S 3: syn 0, ack 1, eack 0, rst 0, seq_nr 57379, ack_nr  2382, packet_len 256 (251)
[0;0m[0;34mRDP 0x55f24d181610: Send CMP S 3: syn 0, ack 1, eack 0, rst 0, seq_nr  2383, ack_nr 57379, packet_len 5 (0)
[0;0m[0;34mRDP 0x55f24d181610: Wake Tx task (check timeouts)
[0;0m[0;34mcsp_sfp_recv_fp: 20:52, fragment 729/1152
[0;0m[0;34mRDP 0x55f24d181610: Received in S 3: syn 0, ack 1, eack 0, rst 0, seq_nr 57380, ack_nr  2382, packet_len 256 (251)
[0;0m[0;34mRDP 0x55f24d181610: Wake Tx task (check timeouts)
[0;0m[0;34mcsp_sfp_recv_fp: 20:52, fragment 972/1152
[0;0m[0;34mRDP 0x55f24d181610: Received in S 3: syn 0, ack 1, eack 0, rst 0, seq_nr 57381, ack_nr  2382, packet_len 193 (188)
[0;0m[0;34mRDP 0x55f24d181610: Wake Tx task (check timeouts)
[0;0m[0;34mcsp_sfp_recv_fp: 20:52, fragment 1152/1152
[0;0mRECV_BUNDLE bundle_seq=10 n=32 bytes=1152
[0;34mRDP 0x55f24d181610: Wake Tx task (check timeouts)
[0;0m[0;34mRDP 0x55f24d181610: Wake Tx task (check timeouts)
[0;0m[0;34mRDP 0x55f24d181610: Send CMP S 3: syn 0, ack 1, eack 0, rst 0, seq_nr  2383, ack_nr 57381, packet_len 5 (0)
[0;0m[0;34mRDP 0x55f24d181610: Wake Tx task (check timeouts)
[0;0m[0;34mRDP 0x55f24d181610: Received in S 3: syn 0, ack 1, eack 0, rst 0, seq_nr 57382, ack_nr  2382, packet_len 5 (0)
[0;0m[0;34mRDP 0x55f24d181610: Wake Tx task (check timeouts)
[0;0m[0;34mRDP 0x55f24d181610: Received in S 3: syn 0, ack 1, eack 0, rst 0, seq_nr 57382, ack_nr  2382, packet_len 256 (251)
[0;0m[0;34mRDP 0x55f24d181610: Wake Tx task (check timeouts)
[0;0m[0;34mcsp_sfp_recv_fp: 20:52, fragment 243/1152
[0;0m[0;34mRDP 0x55f24d181610: Received in S 3: syn 0, ack 1, eack 0, rst 0, seq_nr 57383, ack_nr  2382, packet_len 256 (251)
[0;0m[0;34mRDP 0x55f24d181610: Wake Tx task (check timeouts)
[0;0m[0;34mcsp_sfp_recv_fp: 20:52, fragment 486/1152
[0;0m[0;34mRDP 0x55f24d181610: Received in S 3: syn 0, ack 1, eack 0, rst 0, seq_nr 57384, ack_nr  2382, packet_len 256 (251)
[0;0m[0;34mRDP 0x55f24d181610: Send CMP S 3: syn 0, ack 1, eack 0, rst 0, seq_nr  2383, ack_nr 57384, packet_len 5 (0)
[0;0m[0;34mRDP 0x55f24d181610: Send CMP S 3: syn 0, ack 1, eack 0, rst 0, seq_nr  2383, ack_nr 57384, packet_len 5 (0)
[0;0m[0;34mRDP 0x55f24d181610: Wake Tx task (check timeouts)
[0;0m[0;34mcsp_sfp_recv_fp: 20:52, fragment 729/1152
[0;0m[0;34mRDP 0x55f24d181610: Received in S 3: syn 0, ack 1, eack 0, rst 0, seq_nr 57385, ack_nr  2382, packet_len 256 (251)
[0;0m[0;34mRDP 0x55f24d181610: Wake Tx task (check timeouts)
[0;0m[0;34mcsp_sfp_recv_fp: 20:52, fragment 972/1152
[0;0m[0;34mRDP 0x55f24d181610: Received in S 3: syn 0, ack 1, eack 0, rst 0, seq_nr 57386, ack_nr  2382, packet_len 193 (188)
[0;0m[0;34mRDP 0x55f24d181610: Wake Tx task (check timeouts)
[0;0m[0;34mcsp_sfp_recv_fp: 20:52, fragment 1152/1152
[0;0mRECV_BUNDLE bundle_seq=11 n=32 bytes=1152
[0;34mRDP 0x55f24d181610: Wake Tx task (check timeouts)
[0;0m[0;34mRDP 0x55f24d181610: Wake Tx task (check timeouts)
[0;0m[0;34mRDP 0x55f24d181610: Received in S 3: syn 0, ack 1, eack 0, rst 0, seq_nr 57387, ack_nr  2382, packet_len 5 (0)
[0;0m[0;34mRDP 0x55f24d181610: Send CMP S 3: syn 0, ack 1, eack 0, rst 0, seq_nr  2383, ack_nr 57386, packet_len 5 (0)
[0;0m[0;34mRDP 0x55f24d181610: Wake Tx task (check timeouts)
[0;0m[0;34mRDP 0x55f24d181610: Received in S 3: syn 0, ack 1, eack 0, rst 0, seq_nr 57387, ack_nr  2382, packet_len 256 (251)
[0;0m[0;34mRDP 0x55f24d181610: Wake Tx task (check timeouts)
[0;0m[0;34mRDP 0x55f24d181610: Received in S 3: syn 0, ack 1, eack 0, rst 0, seq_nr 57388, ack_nr  2382, packet_len 256 (251)
[0;0m[0;34mRDP 0x55f24d181610: Wake Tx task (check timeouts)
[0;0m[0;34mcsp_sfp_recv_fp: 20:52, fragment 243/1152
[0;0m[0;34mcsp_sfp_recv_fp: 20:52, fragment 486/1152
[0;0m[0;34mRDP 0x55f24d181610: Received in S 3: syn 0, ack 1, eack 0, rst 0, seq_nr 57389, ack_nr  2382, packet_len 256 (251)
[0;0m[0;34mRDP 0x55f24d181610: Send CMP S 3: syn 0, ack 1, eack 0, rst 0, seq_nr  2383, ack_nr 57389, packet_len 5 (0)
[0;0m[0;34mRDP 0x55f24d181610: Send CMP S 3: syn 0, ack 1, eack 0, rst 0, seq_nr  2383, ack_nr 57389, packet_len 5 (0)
[0;0m[0;34mRDP 0x55f24d181610: Wake Tx task (check timeouts)
[0;0m[0;34mcsp_sfp_recv_fp: 20:52, fragment 729/1152
[0;0m[0;34mRDP 0x55f24d181610: Received in S 3: syn 0, ack 1, eack 0, rst 0, seq_nr 57390, ack_nr  2382, packet_len 256 (251)
[0;0m[0;34mRDP 0x55f24d181610: Wake Tx task (check timeouts)
[0;0m[0;34mcsp_sfp_recv_fp: 20:52, fragment 972/1152
[0;0m[0;34mRDP 0x55f24d181610: Received in S 3: syn 0, ack 1, eack 0, rst 0, seq_nr 57391, ack_nr  2382, packet_len 193 (188)
[0;0m[0;34mRDP 0x55f24d181610: Wake Tx task (check timeouts)
[0;0m[0;34mcsp_sfp_recv_fp: 20:52, fragment 1152/1152
[0;0mRECV_BUNDLE bundle_seq=12 n=32 bytes=1152
[0;34mRDP 0x55f24d181610: Wake Tx task (check timeouts)
[0;0m[0;34mRDP 0x55f24d181610: Wake Tx task (check timeouts)
[0;0m[0;34mRDP 0x55f24d181610: Received in S 3: syn 0, ack 1, eack 0, rst 0, seq_nr 57392, ack_nr  2382, packet_len 5 (0)
[0;0m[0;34mRDP 0x55f24d181610: Send CMP S 3: syn 0, ack 1, eack 0, rst 0, seq_nr  2383, ack_nr 57391, packet_len 5 (0)
[0;0m[0;34mRDP 0x55f24d181610: Wake Tx task (check timeouts)
[0;0m[0;34mRDP 0x55f24d181610: Received in S 3: syn 0, ack 1, eack 0, rst 0, seq_nr 57392, ack_nr  2382, packet_len 256 (251)
[0;0m[0;34mRDP 0x55f24d181610: Wake Tx task (check timeouts)
[0;0m[0;34mRDP 0x55f24d181610: Received in S 3: syn 0, ack 1, eack 0, rst 0, seq_nr 57393, ack_nr  2382, packet_len 256 (251)
[0;0m[0;34mRDP 0x55f24d181610: Wake Tx task (check timeouts)
[0;0m[0;34mcsp_sfp_recv_fp: 20:52, fragment 243/1152
[0;0m[0;34mcsp_sfp_recv_fp: 20:52, fragment 486/1152
[0;0m[0;34mRDP 0x55f24d181610: Received in S 3: syn 0, ack 1, eack 0, rst 0, seq_nr 57394, ack_nr  2382, packet_len 256 (251)
[0;0m[0;34mRDP 0x55f24d181610: Send CMP S 3: syn 0, ack 1, eack 0, rst 0, seq_nr  2383, ack_nr 57394, packet_len 5 (0)
[0;0m[0;34mRDP 0x55f24d181610: Wake Tx task (check timeouts)
[0;0m[0;34mcsp_sfp_recv_fp: 20:52, fragment 729/1152
[0;0m[0;34mRDP 0x55f24d181610: Received in S 3: syn 0, ack 1, eack 0, rst 0, seq_nr 57395, ack_nr  2382, packet_len 256 (251)
[0;0m[0;34mRDP 0x55f24d181610: Wake Tx task (check timeouts)
[0;0m[0;34mcsp_sfp_recv_fp: 20:52, fragment 972/1152
[0;0m[0;34mRDP 0x55f24d181610: Received in S 3: syn 0, ack 1, eack 0, rst 0, seq_nr 57396, ack_nr  2382, packet_len 193 (188)
[0;0m[0;34mRDP 0x55f24d181610: Wake Tx task (check timeouts)
[0;0m[0;34mcsp_sfp_recv_fp: 20:52, fragment 1152/1152
[0;0mRECV_BUNDLE bundle_seq=13 n=32 bytes=1152
[0;34mRDP 0x55f24d181610: Wake Tx task (check timeouts)
[0;0m[0;34mRDP 0x55f24d181610: Wake Tx task (check timeouts)
[0;0m[0;34mRDP 0x55f24d181610: Send CMP S 3: syn 0, ack 1, eack 0, rst 0, seq_nr  2383, ack_nr 57396, packet_len 5 (0)
[0;0m[0;34mRDP 0x55f24d181610: Wake Tx task (check timeouts)
[0;0m[0;34mRDP 0x55f24d181610: Received in S 3: syn 0, ack 1, eack 0, rst 0, seq_nr 57397, ack_nr  2382, packet_len 5 (0)
[0;0m[0;34mRDP 0x55f24d181610: Wake Tx task (check timeouts)
[0;0m[0;34mRDP 0x55f24d181610: Received in S 3: syn 0, ack 1, eack 0, rst 0, seq_nr 57397, ack_nr  2382, packet_len 256 (251)
[0;0m[0;34mRDP 0x55f24d181610: Wake Tx task (check timeouts)
[0;0m[0;34mcsp_sfp_recv_fp: 20:52, fragment 243/1152
[0;0m[0;34mRDP 0x55f24d181610: Received in S 3: syn 0, ack 1, eack 0, rst 0, seq_nr 57398, ack_nr  2382, packet_len 256 (251)
[0;0m[0;34mRDP 0x55f24d181610: Wake Tx task (check timeouts)
[0;0m[0;34mRDP 0x55f24d181610: Received in S 3: syn 0, ack 1, eack 0, rst 0, seq_nr 57399, ack_nr  2382, packet_len 256 (251)
[0;0m[0;34mRDP 0x55f24d181610: Send CMP S 3: syn 0, ack 1, eack 0, rst 0, seq_nr  2383, ack_nr 57399, packet_len 5 (0)
[0;0m[0;34mRDP 0x55f24d181610: Wake Tx task (check timeouts)
[0;0m[0;34mcsp_sfp_recv_fp: 20:52, fragment 486/1152
[0;0m[0;34mcsp_sfp_recv_fp: 20:52, fragment 729/1152
[0;0m[0;34mRDP 0x55f24d181610: Received in S 3: syn 0, ack 1, eack 0, rst 0, seq_nr 57400, ack_nr  2382, packet_len 256 (251)
[0;0m[0;34mRDP 0x55f24d181610: Wake Tx task (check timeouts)
[0;0m[0;34mRDP 0x55f24d181610: Received in S 3: syn 0, ack 1, eack 0, rst 0, seq_nr 57401, ack_nr  2382, packet_len 193 (188)
[0;0m[0;34mRDP 0x55f24d181610: Wake Tx task (check timeouts)
[0;0m[0;34mcsp_sfp_recv_fp: 20:52, fragment 972/1152
[0;0m[0;34mcsp_sfp_recv_fp: 20:52, fragment 1152/1152
[0;0mRECV_BUNDLE bundle_seq=14 n=32 bytes=1152
[0;34mRDP 0x55f24d181610: Wake Tx task (check timeouts)
[0;0m[0;34mRDP 0x55f24d181610: Wake Tx task (check timeouts)
[0;0m[0;34mRDP 0x55f24d181610: Received in S 3: syn 0, ack 1, eack 0, rst 0, seq_nr 57402, ack_nr  2382, packet_len 5 (0)
[0;0m[0;34mRDP 0x55f24d181610: Send CMP S 3: syn 0, ack 1, eack 0, rst 0, seq_nr  2383, ack_nr 57401, packet_len 5 (0)
[0;0m[0;34mRDP 0x55f24d181610: Wake Tx task (check timeouts)
[0;0m[0;34mRDP 0x55f24d181610: Received in S 3: syn 0, ack 1, eack 0, rst 0, seq_nr 57402, ack_nr  2382, packet_len 256 (251)
[0;0m[0;34mRDP 0x55f24d181610: Wake Tx task (check timeouts)
[0;0m[0;34mcsp_sfp_recv_fp: 20:52, fragment 243/1152
[0;0m[0;34mRDP 0x55f24d181610: Received in S 3: syn 0, ack 1, eack 0, rst 0, seq_nr 57403, ack_nr  2382, packet_len 256 (251)
[0;0m[0;34mRDP 0x55f24d181610: Wake Tx task (check timeouts)
[0;0m[0;34mcsp_sfp_recv_fp: 20:52, fragment 486/1152
[0;0m[0;34mRDP 0x55f24d181610: Received in S 3: syn 0, ack 1, eack 0, rst 0, seq_nr 57404, ack_nr  2382, packet_len 256 (251)
[0;0m[0;34mRDP 0x55f24d181610: Send CMP S 3: syn 0, ack 1, eack 0, rst 0, seq_nr  2383, ack_nr 57404, packet_len 5 (0)
[0;0m[0;34mRDP 0x55f24d181610: Send CMP S 3: syn 0, ack 1, eack 0, rst 0, seq_nr  2383, ack_nr 57404, packet_len 5 (0)
[0;34mRDP 0x55f24d181610: Wake Tx task (check timeouts)
[0;0m[0;0m[0;34mcsp_sfp_recv_fp: 20:52, fragment 729/1152
[0;0m[0;34mRDP 0x55f24d181610: Received in S 3: syn 0, ack 1, eack 0, rst 0, seq_nr 57405, ack_nr  2382, packet_len 256 (251)
[0;0m[0;34mRDP 0x55f24d181610: Wake Tx task (check timeouts)
[0;0m[0;34mcsp_sfp_recv_fp: 20:52, fragment 972/1152
[0;0m[0;34mRDP 0x55f24d181610: Received in S 3: syn 0, ack 1, eack 0, rst 0, seq_nr 57406, ack_nr  2382, packet_len 193 (188)
[0;0m[0;34mRDP 0x55f24d181610: Wake Tx task (check timeouts)
[0;0m[0;34mcsp_sfp_recv_fp: 20:52, fragment 1152/1152
[0;0mRECV_BUNDLE bundle_seq=15 n=32 bytes=1152
[0;34mRDP 0x55f24d181610: Wake Tx task (check timeouts)
[0;0m[0;34mRDP 0x55f24d181610: Wake Tx task (check timeouts)
[0;0m[0;34mRDP 0x55f24d181610: Send CMP S 3: syn 0, ack 1, eack 0, rst 0, seq_nr  2383, ack_nr 57406, packet_len 5 (0)
[0;0m[0;34mRDP 0x55f24d181610: Wake Tx task (check timeouts)
[0;0m[0;34mRDP 0x55f24d181610: Received in S 3: syn 0, ack 1, eack 0, rst 0, seq_nr 57407, ack_nr  2382, packet_len 5 (0)
[0;0m[0;34mRDP 0x55f24d181610: Wake Tx task (check timeouts)
[0;0m[0;34mRDP 0x55f24d181610: Received in S 3: syn 0, ack 1, eack 0, rst 0, seq_nr 57407, ack_nr  2382, packet_len 256 (251)
[0;0m[0;34mRDP 0x55f24d181610: Wake Tx task (check timeouts)
[0;0m[0;34mcsp_sfp_recv_fp: 20:52, fragment 243/1152
[0;0m[0;34mRDP 0x55f24d181610: Received in S 3: syn 0, ack 1, eack 0, rst 0, seq_nr 57408, ack_nr  2382, packet_len 256 (251)
[0;0m[0;34mRDP 0x55f24d181610: Wake Tx task (check timeouts)
[0;0m[0;34mcsp_sfp_recv_fp: 20:52, fragment 486/1152
[0;0m[0;34mRDP 0x55f24d181610: Received in S 3: syn 0, ack 1, eack 0, rst 0, seq_nr 57409, ack_nr  2382, packet_len 256 (251)
[0;0m[0;34mRDP 0x55f24d181610: Send CMP S 3: syn 0, ack 1, eack 0, rst 0, seq_nr  2383, ack_nr 57409, packet_len 5 (0)
[0;0m[0;34mRDP 0x55f24d181610: Wake Tx task (check timeouts)
[0;0m[0;34mcsp_sfp_recv_fp: 20:52, fragment 729/1152
[0;0m[0;34mRDP 0x55f24d181610: Received in S 3: syn 0, ack 1, eack 0, rst 0, seq_nr 57410, ack_nr  2382, packet_len 256 (251)
[0;0m[0;34mRDP 0x55f24d181610: Wake Tx task (check timeouts)
[0;0m[0;34mcsp_sfp_recv_fp: 20:52, fragment 972/1152
[0;0m[0;34mRDP 0x55f24d181610: Received in S 3: syn 0, ack 1, eack 0, rst 0, seq_nr 57411, ack_nr  2382, packet_len 193 (188)
[0;0m[0;34mRDP 0x55f24d181610: Wake Tx task (check timeouts)
[0;0m[0;34mcsp_sfp_recv_fp: 20:52, fragment 1152/1152
[0;0mRECV_BUNDLE bundle_seq=16 n=32 bytes=1152
[0;34mRDP 0x55f24d181610: Wake Tx task (check timeouts)
[0;0m[0;34mRDP 0x55f24d181610: Wake Tx task (check timeouts)
[0;0m[0;34mRDP 0x55f24d181610: Received in S 3: syn 0, ack 1, eack 0, rst 0, seq_nr 57412, ack_nr  2382, packet_len 5 (0)
[0;0m[0;34mRDP 0x55f24d181610: Send CMP S 3: syn 0, ack 1, eack 0, rst 0, seq_nr  2383, ack_nr 57411, packet_len 5 (0)
[0;0m[0;34mRDP 0x55f24d181610: Wake Tx task (check timeouts)
[0;0m[0;34mRDP 0x55f24d181610: Received in S 3: syn 0, ack 1, eack 0, rst 0, seq_nr 57412, ack_nr  2382, packet_len 256 (251)
[0;0m[0;34mRDP 0x55f24d181610: Wake Tx task (check timeouts)
[0;0m[0;34mRDP 0x55f24d181610: Received in S 3: syn 0, ack 1, eack 0, rst 0, seq_nr 57413, ack_nr  2382, packet_len 256 (251)
[0;0m[0;34mRDP 0x55f24d181610: Wake Tx task (check timeouts)
[0;0m[0;34mcsp_sfp_recv_fp: 20:52, fragment 243/1152
[0;0m[0;34mcsp_sfp_recv_fp: 20:52, fragment 486/1152
[0;0m[0;34mRDP 0x55f24d181610: Received in S 3: syn 0, ack 1, eack 0, rst 0, seq_nr 57414, ack_nr  2382, packet_len 256 (251)
[0;0m[0;34mRDP 0x55f24d181610: Send CMP S 3: syn 0, ack 1, eack 0, rst 0, seq_nr  2383, ack_nr 57414, packet_len 5 (0)
[0;0m[0;34mRDP 0x55f24d181610: Send CMP S 3: syn 0, ack 1, eack 0, rst 0, seq_nr  2383, ack_nr 57414, packet_len 5 (0)
[0;0m[0;34mRDP 0x55f24d181610: Wake Tx task (check timeouts)
[0;0m[0;34mcsp_sfp_recv_fp: 20:52, fragment 729/1152
[0;0m[0;34mRDP 0x55f24d181610: Received in S 3: syn 0, ack 1, eack 0, rst 0, seq_nr 57415, ack_nr  2382, packet_len 256 (251)
[0;0m[0;34mRDP 0x55f24d181610: Wake Tx task (check timeouts)
[0;0m[0;34mcsp_sfp_recv_fp: 20:52, fragment 972/1152
[0;0m[0;34mRDP 0x55f24d181610: Received in S 3: syn 0, ack 1, eack 0, rst 0, seq_nr 57416, ack_nr  2382, packet_len 193 (188)
[0;0m[0;34mRDP 0x55f24d181610: Wake Tx task (check timeouts)
[0;0m[0;34mcsp_sfp_recv_fp: 20:52, fragment 1152/1152
[0;0mRECV_BUNDLE bundle_seq=17 n=32 bytes=1152
[0;34mRDP 0x55f24d181610: Wake Tx task (check timeouts)
[0;0m[0;34mRDP 0x55f24d181610: Wake Tx task (check timeouts)
[0;0m[0;34mRDP 0x55f24d181610: Send CMP S 3: syn 0, ack 1, eack 0, rst 0, seq_nr  2383, ack_nr 57416, packet_len 5 (0)
[0;0m[0;34mRDP 0x55f24d181610: Wake Tx task (check timeouts)
[0;0m[0;34mRDP 0x55f24d181610: Received in S 3: syn 0, ack 1, eack 0, rst 0, seq_nr 57417, ack_nr  2382, packet_len 5 (0)
[0;0m[0;34mRDP 0x55f24d181610: Wake Tx task (check timeouts)
[0;0m[0;34mRDP 0x55f24d181610: Received in S 3: syn 0, ack 1, eack 0, rst 0, seq_nr 57417, ack_nr  2382, packet_len 256 (251)
[0;0m[0;34mRDP 0x55f24d181610: Wake Tx task (check timeouts)
[0;0m[0;34mcsp_sfp_recv_fp: 20:52, fragment 243/1152
[0;0m[0;34mRDP 0x55f24d181610: Received in S 3: syn 0, ack 1, eack 0, rst 0, seq_nr 57418, ack_nr  2382, packet_len 256 (251)
[0;0m[0;34mRDP 0x55f24d181610: Wake Tx task (check timeouts)
[0;0m[0;34mcsp_sfp_recv_fp: 20:52, fragment 486/1152
[0;0m[0;34mRDP 0x55f24d181610: Received in S 3: syn 0, ack 1, eack 0, rst 0, seq_nr 57419, ack_nr  2382, packet_len 256 (251)
[0;0m[0;34mRDP 0x55f24d181610: Send CMP S 3: syn 0, ack 1, eack 0, rst 0, seq_nr  2383, ack_nr 57419, packet_len 5 (0)
[0;0m[0;34mRDP 0x55f24d181610: Wake Tx task (check timeouts)[0;34mcsp_sfp_recv_fp: 20:52, fragment 729/1152
[0;0m
[0;0m[0;34mRDP 0x55f24d181610: Received in S 3: syn 0, ack 1, eack 0, rst 0, seq_nr 57420, ack_nr  2382, packet_len 256 (251)
[0;0m[0;34mRDP 0x55f24d181610: Wake Tx task (check timeouts)
[0;0m[0;34mcsp_sfp_recv_fp: 20:52, fragment 972/1152
[0;0m[0;34mRDP 0x55f24d181610: Received in S 3: syn 0, ack 1, eack 0, rst 0, seq_nr 57421, ack_nr  2382, packet_len 193 (188)
[0;0m[0;34mRDP 0x55f24d181610: Wake Tx task (check timeouts)
[0;0m[0;34mcsp_sfp_recv_fp: 20:52, fragment 1152/1152
[0;0mRECV_BUNDLE bundle_seq=18 n=32 bytes=1152
[0;34mRDP 0x55f24d181610: Wake Tx task (check timeouts)
[0;0m[0;34mRDP 0x55f24d181610: Wake Tx task (check timeouts)
[0;0m[0;34mRDP 0x55f24d181610: Received in S 3: syn 0, ack 1, eack 0, rst 0, seq_nr 57422, ack_nr  2382, packet_len 5 (0)
[0;0m[0;34mRDP 0x55f24d181610: Send CMP S 3: syn 0, ack 1, eack 0, rst 0, seq_nr  2383, ack_nr 57421, packet_len 5 (0)
[0;0m[0;34mRDP 0x55f24d181610: Wake Tx task (check timeouts)
[0;0m[0;34mRDP 0x55f24d181610: Received in S 3: syn 0, ack 1, eack 0, rst 0, seq_nr 57422, ack_nr  2382, packet_len 256 (251)
[0;0m[0;34mRDP 0x55f24d181610: Wake Tx task (check timeouts)
[0;0m[0;34mcsp_sfp_recv_fp: 20:52, fragment 243/1152
[0;0m[0;34mRDP 0x55f24d181610: Received in S 3: syn 0, ack 1, eack 0, rst 0, seq_nr 57423, ack_nr  2382, packet_len 256 (251)
[0;0m[0;34mRDP 0x55f24d181610: Wake Tx task (check timeouts)
[0;0m[0;34mRDP 0x55f24d181610: Received in S 3: syn 0, ack 1, eack 0, rst 0, seq_nr 57424, ack_nr  2382, packet_len 256 (251)
[0;0m[0;34mRDP 0x55f24d181610: Send CMP S 3: syn 0, ack 1, eack 0, rst 0, seq_nr  2383, ack_nr 57424, packet_len 5 (0)
[0;0m[0;34mRDP 0x55f24d181610: Send CMP S 3: syn 0, ack 1, eack 0, rst 0, seq_nr  2383, ack_nr 57424, packet_len 5 (0)
[0;0m[0;34mcsp_sfp_recv_fp: 20:52, fragment 486/1152
[0;0m[0;34mRDP 0x55f24d181610: Wake Tx task (check timeouts)[0;34m
csp_sfp_recv_fp: 20:52, fragment 729/1152
[0;0m[0;0m[0;34mRDP 0x55f24d181610: Received in S 3: syn 0, ack 1, eack 0, rst 0, seq_nr 57425, ack_nr  2382, packet_len 256 (251)
[0;0m[0;34mRDP 0x55f24d181610: Wake Tx task (check timeouts)
[0;0m[0;34mcsp_sfp_recv_fp: 20:52, fragment 972/1152
[0;0m[0;34mRDP 0x55f24d181610: Received in S 3: syn 0, ack 1, eack 0, rst 0, seq_nr 57426, ack_nr  2382, packet_len 193 (188)
[0;0m[0;34mRDP 0x55f24d181610: Wake Tx task (check timeouts)
[0;0m[0;34mcsp_sfp_recv_fp: 20:52, fragment 1152/1152
[0;0mRECV_BUNDLE bundle_seq=19 n=32 bytes=1152
[0;34mRDP 0x55f24d181610: Wake Tx task (check timeouts)
[0;0m[0;34mRDP 0x55f24d181610: Wake Tx task (check timeouts)
[0;0m[0;34mRDP 0x55f24d181610: Received in S 3: syn 0, ack 1, eack 0, rst 0, seq_nr 57427, ack_nr  2382, packet_len 5 (0)
[0;0m[0;34mRDP 0x55f24d181610: Send CMP S 3: syn 0, ack 1, eack 0, rst 0, seq_nr  2383, ack_nr 57426, packet_len 5 (0)
[0;0m[0;34mRDP 0x55f24d181610: Wake Tx task (check timeouts)
[0;0m[0;34mRDP 0x55f24d181610: Received in S 3: syn 0, ack 1, eack 0, rst 0, seq_nr 57427, ack_nr  2382, packet_len 256 (251)
[0;0m[0;34mRDP 0x55f24d181610: Wake Tx task (check timeouts)
[0;0m[0;34mRDP 0x55f24d181610: Received in S 3: syn 0, ack 1, eack 0, rst 0, seq_nr 57428, ack_nr  2382, packet_len 256 (251)
[0;0m[0;34mRDP 0x55f24d181610: Wake Tx task (check timeouts)
[0;0m[0;34mcsp_sfp_recv_fp: 20:52, fragment 243/1152
[0;0m[0;34mcsp_sfp_recv_fp: 20:52, fragment 486/1152
[0;0m[0;34mRDP 0x55f24d181610: Received in S 3: syn 0, ack 1, eack 0, rst 0, seq_nr 57429, ack_nr  2382, packet_len 256 (251)
[0;0m[0;34mRDP 0x55f24d181610: Send CMP S 3: syn 0, ack 1, eack 0, rst 0, seq_nr  2383, ack_nr 57429, packet_len 5 (0)
[0;0m[0;34mRDP 0x55f24d181610: Wake Tx task (check timeouts)
[0;0m[0;34mRDP 0x55f24d181610: Received in S 3: syn 0, ack 1, eack 0, rst 0, seq_nr 57430, ack_nr  2382, packet_len 256 (251)
[0;0m[0;34mRDP 0x55f24d181610: Wake Tx task (check timeouts)
[0;0m[0;34mcsp_sfp_recv_fp: 20:52, fragment 729/1152
[0;0m[0;34mcsp_sfp_recv_fp: 20:52, fragment 972/1152
[0;0m[0;34mRDP 0x55f24d181610: Received in S 3: syn 0, ack 1, eack 0, rst 0, seq_nr 57431, ack_nr  2382, packet_len 193 (188)
[0;0m[0;34mRDP 0x55f24d181610: Wake Tx task (check timeouts)
[0;0m[0;34mcsp_sfp_recv_fp: 20:52, fragment 1152/1152
[0;0mRECV_BUNDLE bundle_seq=20 n=32 bytes=1152
[0;34mRDP 0x55f24d181610: Wake Tx task (check timeouts)
[0;0m[0;34mRDP 0x55f24d181610: Wake Tx task (check timeouts)
[0;0m[0;34mRDP 0x55f24d181610: Send CMP S 3: syn 0, ack 1, eack 0, rst 0, seq_nr  2383, ack_nr 57431, packet_len 5 (0)
[0;0m[0;34mRDP 0x55f24d181610: Wake Tx task (check timeouts)
[0;0m[0;34mRDP 0x55f24d181610: Received in S 3: syn 0, ack 1, eack 0, rst 0, seq_nr 57432, ack_nr  2382, packet_len 5 (0)
[0;0m[0;34mRDP 0x55f24d181610: Wake Tx task (check timeouts)
[0;0m[0;34mRDP 0x55f24d181610: Received in S 3: syn 0, ack 1, eack 0, rst 0, seq_nr 57432, ack_nr  2382, packet_len 256 (251)
[0;0m[0;34mRDP 0x55f24d181610: Wake Tx task (check timeouts)
[0;0m[0;34mcsp_sfp_recv_fp: 20:52, fragment 243/1152
[0;0m[0;34mRDP 0x55f24d181610: Received in S 3: syn 0, ack 1, eack 0, rst 0, seq_nr 57433, ack_nr  2382, packet_len 256 (251)
[0;0m[0;34mRDP 0x55f24d181610: Wake Tx task (check timeouts)
[0;0m[0;34mcsp_sfp_recv_fp: 20:52, fragment 486/1152
[0;0m[0;34mRDP 0x55f24d181610: Received in S 3: syn 0, ack 1, eack 0, rst 0, seq_nr 57434, ack_nr  2382, packet_len 256 (251)
[0;0m[0;34mRDP 0x55f24d181610: Send CMP S 3: syn 0, ack 1, eack 0, rst 0, seq_nr  2383, ack_nr 57434, packet_len 5 (0)
[0;0m[0;34mRDP 0x55f24d181610: Send CMP S 3: syn 0, ack 1, eack 0, rst 0, seq_nr  2383, ack_nr 57434, packet_len 5 (0)
[0;0m[0;34mcsp_sfp_recv_fp: 20:52, fragment 729/1152
[0;0m[0;34mRDP 0x55f24d181610: Wake Tx task (check timeouts)
[0;0m[0;34mRDP 0x55f24d181610: Received in S 3: syn 0, ack 1, eack 0, rst 0, seq_nr 57435, ack_nr  2382, packet_len 256 (251)
[0;0m[0;34mRDP 0x55f24d181610: Wake Tx task (check timeouts)
[0;0m[0;34mcsp_sfp_recv_fp: 20:52, fragment 972/1152
[0;0m[0;34mRDP 0x55f24d181610: Received in S 3: syn 0, ack 1, eack 0, rst 0, seq_nr 57436, ack_nr  2382, packet_len 193 (188)
[0;0m[0;34mRDP 0x55f24d181610: Wake Tx task (check timeouts)
[0;0m[0;34mcsp_sfp_recv_fp: 20:52, fragment 1152/1152
[0;0mRECV_BUNDLE bundle_seq=21 n=32 bytes=1152
[0;34mRDP 0x55f24d181610: Wake Tx task (check timeouts)
[0;0m[0;34mRDP 0x55f24d181610: Wake Tx task (check timeouts)
[0;0m[0;34mRDP 0x55f24d181610: Send CMP S 3: syn 0, ack 1, eack 0, rst 0, seq_nr  2383, ack_nr 57436, packet_len 5 (0)
[0;0m[0;34mRDP 0x55f24d181610: Wake Tx task (check timeouts)
[0;0m[0;34mRDP 0x55f24d181610: Received in S 3: syn 0, ack 1, eack 0, rst 0, seq_nr 57437, ack_nr  2382, packet_len 5 (0)
[0;0m[0;34mRDP 0x55f24d181610: Wake Tx task (check timeouts)
[0;0m[0;34mRDP 0x55f24d181610: Received in S 3: syn 0, ack 1, eack 0, rst 0, seq_nr 57437, ack_nr  2382, packet_len 256 (251)
[0;0m[0;34mRDP 0x55f24d181610: Wake Tx task (check timeouts)
[0;0m[0;34mcsp_sfp_recv_fp: 20:52, fragment 243/1152
[0;0m[0;34mRDP 0x55f24d181610: Received in S 3: syn 0, ack 1, eack 0, rst 0, seq_nr 57438, ack_nr  2382, packet_len 256 (251)
[0;0m[0;34mRDP 0x55f24d181610: Wake Tx task (check timeouts)
[0;0m[0;34mcsp_sfp_recv_fp: 20:52, fragment 486/1152
[0;0m[0;34mRDP 0x55f24d181610: Received in S 3: syn 0, ack 1, eack 0, rst 0, seq_nr 57439, ack_nr  2382, packet_len 256 (251)
[0;0m[0;34mRDP 0x55f24d181610: Send CMP S 3: syn 0, ack 1, eack 0, rst 0, seq_nr  2383, ack_nr 57439, packet_len 5 (0)
[0;0m[0;34mRDP 0x55f24d181610: Wake Tx task (check timeouts)
[0;0m[0;34mcsp_sfp_recv_fp: 20:52, fragment 729/1152
[0;0m[0;34mRDP 0x55f24d181610: Received in S 3: syn 0, ack 1, eack 0, rst 0, seq_nr 57440, ack_nr  2382, packet_len 256 (251)
[0;0m[0;34mRDP 0x55f24d181610: Wake Tx task (check timeouts)
[0;0m[0;34mcsp_sfp_recv_fp: 20:52, fragment 972/1152
[0;0m[0;34mRDP 0x55f24d181610: Received in S 3: syn 0, ack 1, eack 0, rst 0, seq_nr 57441, ack_nr  2382, packet_len 193 (188)
[0;0m[0;34mRDP 0x55f24d181610: Wake Tx task (check timeouts)
[0;0m[0;34mcsp_sfp_recv_fp: 20:52, fragment 1152/1152
[0;0mRECV_BUNDLE bundle_seq=22 n=32 bytes=1152
[0;34mRDP 0x55f24d181610: Wake Tx task (check timeouts)
[0;0m[0;34mRDP 0x55f24d181610: Wake Tx task (check timeouts)
[0;0m[0;34mRDP 0x55f24d181610: Received in S 3: syn 0, ack 1, eack 0, rst 0, seq_nr 57442, ack_nr  2382, packet_len 5 (0)
[0;0m[0;34mRDP 0x55f24d181610: Send CMP S 3: syn 0, ack 1, eack 0, rst 0, seq_nr  2383, ack_nr 57441, packet_len 5 (0)
[0;0m[0;34mRDP 0x55f24d181610: Wake Tx task (check timeouts)
[0;0m[0;34mRDP 0x55f24d181610: Received in S 3: syn 0, ack 1, eack 0, rst 0, seq_nr 57442, ack_nr  2382, packet_len 256 (251)
[0;0m[0;34mRDP 0x55f24d181610: Wake Tx task (check timeouts)
[0;0m[0;34mcsp_sfp_recv_fp: 20:52, fragment 243/1152
[0;0m[0;34mRDP 0x55f24d181610: Received in S 3: syn 0, ack 1, eack 0, rst 0, seq_nr 57443, ack_nr  2382, packet_len 256 (251)
[0;0m[0;34mRDP 0x55f24d181610: Wake Tx task (check timeouts)
[0;0m[0;34mcsp_sfp_recv_fp: 20:52, fragment 486/1152
[0;0m[0;34mRDP 0x55f24d181610: Received in S 3: syn 0, ack 1, eack 0, rst 0, seq_nr 57444, ack_nr  2382, packet_len 256 (251)
[0;0m[0;34mRDP 0x55f24d181610: Send CMP S 3: syn 0, ack 1, eack 0, rst 0, seq_nr  2383, ack_nr 57444, packet_len 5 (0)
[0;0m[0;34mRDP 0x55f24d181610: Wake Tx task (check timeouts)
[0;0m[0;34mcsp_sfp_recv_fp: 20:52, fragment 729/1152
[0;0m[0;34mRDP 0x55f24d181610: Received in S 3: syn 0, ack 1, eack 0, rst 0, seq_nr 57445, ack_nr  2382, packet_len 256 (251)
[0;0m[0;34mRDP 0x55f24d181610: Wake Tx task (check timeouts)
[0;0m[0;34mcsp_sfp_recv_fp: 20:52, fragment 972/1152
[0;0m[0;34mRDP 0x55f24d181610: Received in S 3: syn 0, ack 1, eack 0, rst 0, seq_nr 57446, ack_nr  2382, packet_len 193 (188)
[0;0m[0;34mRDP 0x55f24d181610: Wake Tx task (check timeouts)
[0;0m[0;34mcsp_sfp_recv_fp: 20:52, fragment 1152/1152
[0;0mRECV_BUNDLE bundle_seq=23 n=32 bytes=1152
[0;34mRDP 0x55f24d181610: Wake Tx task (check timeouts)
[0;0m[0;34mRDP 0x55f24d181610: Wake Tx task (check timeouts)
[0;0m[0;34mRDP 0x55f24d181610: Send CMP S 3: syn 0, ack 1, eack 0, rst 0, seq_nr  2383, ack_nr 57446, packet_len 5 (0)
[0;0m[0;34mRDP 0x55f24d181610: Wake Tx task (check timeouts)
[0;0m[0;34mRDP 0x55f24d181610: Received in S 3: syn 0, ack 1, eack 0, rst 0, seq_nr 57447, ack_nr  2382, packet_len 5 (0)
[0;0m[0;34mRDP 0x55f24d181610: Wake Tx task (check timeouts)
[0;0m[0;34mRDP 0x55f24d181610: Received in S 3: syn 0, ack 1, eack 0, rst 0, seq_nr 57447, ack_nr  2382, packet_len 256 (251)
[0;0m[0;34mRDP 0x55f24d181610: Wake Tx task (check timeouts)
[0;0m[0;34mcsp_sfp_recv_fp: 20:52, fragment 243/1152
[0;0m[0;34mRDP 0x55f24d181610: Received in S 3: syn 0, ack 1, eack 0, rst 0, seq_nr 57448, ack_nr  2382, packet_len 256 (251)
[0;0m[0;34mRDP 0x55f24d181610: Wake Tx task (check timeouts)
[0;0m[0;34mcsp_sfp_recv_fp: 20:52, fragment 486/1152
[0;0m[0;34mRDP 0x55f24d181610: Received in S 3: syn 0, ack 1, eack 0, rst 0, seq_nr 57449, ack_nr  2382, packet_len 256 (251)
[0;0m[0;34mRDP 0x55f24d181610: Send CMP S 3: syn 0, ack 1, eack 0, rst 0, seq_nr  2383, ack_nr 57449, packet_len 5 (0)
[0;0m[0;34mRDP 0x55f24d181610: Wake Tx task (check timeouts)
[0;0m[0;34mcsp_sfp_recv_fp: 20:52, fragment 729/1152
[0;0m[0;34mRDP 0x55f24d181610: Received in S 3: syn 0, ack 1, eack 0, rst 0, seq_nr 57450, ack_nr  2382, packet_len 256 (251)
[0;0m[0;34mRDP 0x55f24d181610: Wake Tx task (check timeouts)
[0;0m[0;34mcsp_sfp_recv_fp: 20:52, fragment 972/1152
[0;0m[0;34mRDP 0x55f24d181610: Received in S 3: syn 0, ack 1, eack 0, rst 0, seq_nr 57451, ack_nr  2382, packet_len 193 (188)
[0;0m[0;34mRDP 0x55f24d181610: Wake Tx task (check timeouts)
[0;0m[0;34mcsp_sfp_recv_fp: 20:52, fragment 1152/1152
[0;0mRECV_BUNDLE bundle_seq=24 n=32 bytes=1152
[0;34mRDP 0x55f24d181610: Wake Tx task (check timeouts)
[0;0m[0;34mRDP 0x55f24d181610: Wake Tx task (check timeouts)
[0;0m[0;34mRDP 0x55f24d181610: Received in S 3: syn 0, ack 1, eack 0, rst 0, seq_nr 57452, ack_nr  2382, packet_len 5 (0)
[0;0m[0;34mRDP 0x55f24d181610: Send CMP S 3: syn 0, ack 1, eack 0, rst 0, seq_nr  2383, ack_nr 57451, packet_len 5 (0)
[0;0m[0;34mRDP 0x55f24d181610: Wake Tx task (check timeouts)
[0;0m[0;34mRDP 0x55f24d181610: Received in S 3: syn 0, ack 1, eack 0, rst 0, seq_nr 57452, ack_nr  2382, packet_len 256 (251)
[0;0m[0;34mRDP 0x55f24d181610: Wake Tx task (check timeouts)
[0;0m[0;34mcsp_sfp_recv_fp: 20:52, fragment 243/1152
[0;0m[0;34mRDP 0x55f24d181610: Received in S 3: syn 0, ack 1, eack 0, rst 0, seq_nr 57453, ack_nr  2382, packet_len 256 (251)
[0;0m[0;34mRDP 0x55f24d181610: Wake Tx task (check timeouts)
[0;0m[0;34mcsp_sfp_recv_fp: 20:52, fragment 486/1152
[0;0m[0;34mRDP 0x55f24d181610: Received in S 3: syn 0, ack 1, eack 0, rst 0, seq_nr 57454, ack_nr  2382, packet_len 256 (251)
[0;0m[0;34mRDP 0x55f24d181610: Send CMP S 3: syn 0, ack 1, eack 0, rst 0, seq_nr  2383, ack_nr 57454, packet_len 5 (0)
[0;0m[0;34mRDP 0x55f24d181610: Send CMP S 3: syn 0, ack 1, eack 0, rst 0, seq_nr  2383, ack_nr 57454, packet_len 5 (0)
[0;0m[0;34mRDP 0x55f24d181610: Wake Tx task (check timeouts)
[0;0m[0;34mcsp_sfp_recv_fp: 20:52, fragment 729/1152
[0;0m[0;34mRDP 0x55f24d181610: Received in S 3: syn 0, ack 1, eack 0, rst 0, seq_nr 57455, ack_nr  2382, packet_len 256 (251)
[0;0m[0;34mRDP 0x55f24d181610: Wake Tx task (check timeouts)
[0;0m[0;34mcsp_sfp_recv_fp: 20:52, fragment 972/1152
[0;0m[0;34mRDP 0x55f24d181610: Received in S 3: syn 0, ack 1, eack 0, rst 0, seq_nr 57456, ack_nr  2382, packet_len 193 (188)
[0;0m[0;34mRDP 0x55f24d181610: Wake Tx task (check timeouts)
[0;0m[0;34mcsp_sfp_recv_fp: 20:52, fragment 1152/1152
[0;0mRECV_BUNDLE bundle_seq=25 n=32 bytes=1152
[0;34mRDP 0x55f24d181610: Wake Tx task (check timeouts)
[0;0m[0;34mRDP 0x55f24d181610: Wake Tx task (check timeouts)
[0;0m[0;34mRDP 0x55f24d181610: Send CMP S 3: syn 0, ack 1, eack 0, rst 0, seq_nr  2383, ack_nr 57456, packet_len 5 (0)
[0;0m[0;34mRDP 0x55f24d181610: Wake Tx task (check timeouts)
[0;0m[0;34mRDP 0x55f24d181610: Received in S 3: syn 0, ack 1, eack 0, rst 0, seq_nr 57457, ack_nr  2382, packet_len 5 (0)
[0;0m[0;34mRDP 0x55f24d181610: Wake Tx task (check timeouts)
[0;0m[0;34mRDP 0x55f24d181610: Received in S 3: syn 0, ack 1, eack 0, rst 0, seq_nr 57457, ack_nr  2382, packet_len 256 (251)
[0;0m[0;34mRDP 0x55f24d181610: Wake Tx task (check timeouts)
[0;0m[0;34mcsp_sfp_recv_fp: 20:52, fragment 243/1152
[0;0m[0;34mRDP 0x55f24d181610: Received in S 3: syn 0, ack 1, eack 0, rst 0, seq_nr 57458, ack_nr  2382, packet_len 256 (251)
[0;0m[0;34mRDP 0x55f24d181610: Wake Tx task (check timeouts)
[0;0m[0;34mcsp_sfp_recv_fp: 20:52, fragment 486/1152
[0;0m[0;34mRDP 0x55f24d181610: Received in S 3: syn 0, ack 1, eack 0, rst 0, seq_nr 57459, ack_nr  2382, packet_len 256 (251)
[0;0m[0;34mRDP 0x55f24d181610: Send CMP S 3: syn 0, ack 1, eack 0, rst 0, seq_nr  2383, ack_nr 57459, packet_len 5 (0)
[0;0m[0;34mRDP 0x55f24d181610: Send CMP S 3: syn 0, ack 1, eack 0, rst 0, seq_nr  2383, ack_nr 57459, packet_len 5 (0)
[0;0m[0;34mRDP 0x55f24d181610: Wake Tx task (check timeouts)
[0;0m[0;34mcsp_sfp_recv_fp: 20:52, fragment 729/1152
[0;0m[0;34mRDP 0x55f24d181610: Received in S 3: syn 0, ack 1, eack 0, rst 0, seq_nr 57460, ack_nr  2382, packet_len 256 (251)
[0;0m[0;34mRDP 0x55f24d181610: Wake Tx task (check timeouts)
[0;0m[0;34mcsp_sfp_recv_fp: 20:52, fragment 972/1152
[0;0m[0;34mRDP 0x55f24d181610: Received in S 3: syn 0, ack 1, eack 0, rst 0, seq_nr 57461, ack_nr  2382, packet_len 193 (188)
[0;0m[0;34mRDP 0x55f24d181610: Wake Tx task (check timeouts)
[0;0m[0;34mcsp_sfp_recv_fp: 20:52, fragment 1152/1152
[0;0mRECV_BUNDLE bundle_seq=26 n=32 bytes=1152
[0;34mRDP 0x55f24d181610: Wake Tx task (check timeouts)
[0;0m[0;34mRDP 0x55f24d181610: Wake Tx task (check timeouts)
[0;0m[0;34mRDP 0x55f24d181610: Send CMP S 3: syn 0, ack 1, eack 0, rst 0, seq_nr  2383, ack_nr 57461, packet_len 5 (0)
[0;0m[0;34mRDP 0x55f24d181610: Wake Tx task (check timeouts)
[0;0m[0;34mRDP 0x55f24d181610: Received in S 3: syn 0, ack 1, eack 0, rst 0, seq_nr 57462, ack_nr  2382, packet_len 5 (0)
[0;0m[0;34mRDP 0x55f24d181610: Wake Tx task (check timeouts)
[0;0m[0;34mRDP 0x55f24d181610: Received in S 3: syn 0, ack 1, eack 0, rst 0, seq_nr 57462, ack_nr  2382, packet_len 256 (251)
[0;0m[0;34mRDP 0x55f24d181610: Wake Tx task (check timeouts)
[0;0m[0;34mcsp_sfp_recv_fp: 20:52, fragment 243/1152
[0;0m[0;34mRDP 0x55f24d181610: Received in S 3: syn 0, ack 1, eack 0, rst 0, seq_nr 57463, ack_nr  2382, packet_len 256 (251)
[0;0m[0;34mRDP 0x55f24d181610: Wake Tx task (check timeouts)
[0;0m[0;34mcsp_sfp_recv_fp: 20:52, fragment 486/1152
[0;0m[0;34mRDP 0x55f24d181610: Received in S 3: syn 0, ack 1, eack 0, rst 0, seq_nr 57464, ack_nr  2382, packet_len 256 (251)
[0;0m[0;34mRDP 0x55f24d181610: Send CMP S 3: syn 0, ack 1, eack 0, rst 0, seq_nr  2383, ack_nr 57464, packet_len 5 (0)
[0;0m[0;34mRDP 0x55f24d181610: Wake Tx task (check timeouts)
[0;0m[0;34mRDP 0x55f24d181610: Received in S 3: syn 0, ack 1, eack 0, rst 0, seq_nr 57465, ack_nr  2382, packet_len 256 (251)
[0;0m[0;34mRDP 0x55f24d181610: Wake Tx task (check timeouts)
[0;0m[0;34mcsp_sfp_recv_fp: 20:52, fragment 729/1152
[0;0m[0;34mcsp_sfp_recv_fp: 20:52, fragment 972/1152
[0;0m[0;34mRDP 0x55f24d181610: Received in S 3: syn 0, ack 1, eack 0, rst 0, seq_nr 57466, ack_nr  2382, packet_len 193 (188)
[0;0m[0;34mRDP 0x55f24d181610: Wake Tx task (check timeouts)
[0;0m[0;34mcsp_sfp_recv_fp: 20:52, fragment 1152/1152
[0;0mRECV_BUNDLE bundle_seq=27 n=32 bytes=1152
[0;34mRDP 0x55f24d181610: Wake Tx task (check timeouts)
[0;0m[0;34mRDP 0x55f24d181610: Wake Tx task (check timeouts)
[0;0m[0;34mRDP 0x55f24d181610: Send CMP S 3: syn 0, ack 1, eack 0, rst 0, seq_nr  2383, ack_nr 57466, packet_len 5 (0)
[0;0m[0;34mRDP 0x55f24d181610: Wake Tx task (check timeouts)
[0;0m[0;34mRDP 0x55f24d181610: Received in S 3: syn 0, ack 1, eack 0, rst 0, seq_nr 57467, ack_nr  2382, packet_len 5 (0)
[0;0m[0;34mRDP 0x55f24d181610: Wake Tx task (check timeouts)
[0;0m[0;34mRDP 0x55f24d181610: Received in S 3: syn 0, ack 1, eack 0, rst 0, seq_nr 57467, ack_nr  2382, packet_len 256 (251)
[0;0m[0;34mRDP 0x55f24d181610: Wake Tx task (check timeouts)
[0;0m[0;34mcsp_sfp_recv_fp: 20:52, fragment 243/1152
[0;0m[0;34mRDP 0x55f24d181610: Received in S 3: syn 0, ack 1, eack 0, rst 0, seq_nr 57468, ack_nr  2382, packet_len 256 (251)
[0;0m[0;34mRDP 0x55f24d181610: Wake Tx task (check timeouts)
[0;0m[0;34mcsp_sfp_recv_fp: 20:52, fragment 486/1152
[0;0m[0;34mRDP 0x55f24d181610: Received in S 3: syn 0, ack 1, eack 0, rst 0, seq_nr 57469, ack_nr  2382, packet_len 256 (251)
[0;0m[0;34mRDP 0x55f24d181610: Send CMP S 3: syn 0, ack 1, eack 0, rst 0, seq_nr  2383, ack_nr 57469, packet_len 5 (0)
[0;0m[0;34mRDP 0x55f24d181610: Wake Tx task (check timeouts)
[0;0m[0;34mcsp_sfp_recv_fp: 20:52, fragment 729/1152
[0;0m[0;34mRDP 0x55f24d181610: Received in S 3: syn 0, ack 1, eack 0, rst 0, seq_nr 57470, ack_nr  2382, packet_len 256 (251)
[0;0m[0;34mRDP 0x55f24d181610: Wake Tx task (check timeouts)
[0;0m[0;34mcsp_sfp_recv_fp: 20:52, fragment 972/1152
[0;0m[0;34mRDP 0x55f24d181610: Received in S 3: syn 0, ack 1, eack 0, rst 0, seq_nr 57471, ack_nr  2382, packet_len 193 (188)
[0;0m[0;34mRDP 0x55f24d181610: Wake Tx task (check timeouts)
[0;0m[0;34mcsp_sfp_recv_fp: 20:52, fragment 1152/1152
[0;0mRECV_BUNDLE bundle_seq=28 n=32 bytes=1152
[0;34mRDP 0x55f24d181610: Wake Tx task (check timeouts)
[0;0m[0;34mRDP 0x55f24d181610: Wake Tx task (check timeouts)
[0;0m[0;34mRDP 0x55f24d181610: Received in S 3: syn 0, ack 1, eack 0, rst 0, seq_nr 57472, ack_nr  2382, packet_len 5 (0)
[0;0m[0;34mRDP 0x55f24d181610: Send CMP S 3: syn 0, ack 1, eack 0, rst 0, seq_nr  2383, ack_nr 57471, packet_len 5 (0)
[0;0m[0;34mRDP 0x55f24d181610: Wake Tx task (check timeouts)
[0;0m[0;34mRDP 0x55f24d181610: Received in S 3: syn 0, ack 1, eack 0, rst 0, seq_nr 57472, ack_nr  2382, packet_len 256 (251)
[0;0m[0;34mRDP 0x55f24d181610: Wake Tx task (check timeouts)
[0;0m[0;34mcsp_sfp_recv_fp: 20:52, fragment 243/1152
[0;0m[0;34mRDP 0x55f24d181610: Received in S 3: syn 0, ack 1, eack 0, rst 0, seq_nr 57473, ack_nr  2382, packet_len 256 (251)
[0;0m[0;34mRDP 0x55f24d181610: Wake Tx task (check timeouts)
[0;0m[0;34mcsp_sfp_recv_fp: 20:52, fragment 486/1152
[0;0m[0;34mRDP 0x55f24d181610: Received in S 3: syn 0, ack 1, eack 0, rst 0, seq_nr 57474, ack_nr  2382, packet_len 256 (251)
[0;0m[0;34mRDP 0x55f24d181610: Send CMP S 3: syn 0, ack 1, eack 0, rst 0, seq_nr  2383, ack_nr 57474, packet_len 5 (0)
[0;0m[0;34mRDP 0x55f24d181610: Wake Tx task (check timeouts)
[0;0m[0;34mcsp_sfp_recv_fp: 20:52, fragment 729/1152
[0;0m[0;34mRDP 0x55f24d181610: Received in S 3: syn 0, ack 1, eack 0, rst 0, seq_nr 57475, ack_nr  2382, packet_len 256 (251)
[0;0m[0;34mRDP 0x55f24d181610: Wake Tx task (check timeouts)
[0;0m[0;34mcsp_sfp_recv_fp: 20:52, fragment 972/1152
[0;0m[0;34mRDP 0x55f24d181610: Received in S 3: syn 0, ack 1, eack 0, rst 0, seq_nr 57476, ack_nr  2382, packet_len 193 (188)
[0;0m[0;34mRDP 0x55f24d181610: Wake Tx task (check timeouts)
[0;0m[0;34mcsp_sfp_recv_fp: 20:52, fragment 1152/1152
[0;0mRECV_BUNDLE bundle_seq=29 n=32 bytes=1152
[0;34mRDP 0x55f24d181610: Wake Tx task (check timeouts)
[0;0m[0;34mRDP 0x55f24d181610: Wake Tx task (check timeouts)
[0;0m[0;34mRDP 0x55f24d181610: Send CMP S 3: syn 0, ack 1, eack 0, rst 0, seq_nr  2383, ack_nr 57476, packet_len 5 (0)
[0;0m[0;34mRDP 0x55f24d181610: Wake Tx task (check timeouts)
[0;0m[0;34mRDP 0x55f24d181610: Received in S 3: syn 0, ack 1, eack 0, rst 0, seq_nr 57477, ack_nr  2382, packet_len 5 (0)
[0;0m[0;34mRDP 0x55f24d181610: Wake Tx task (check timeouts)
[0;0m[0;34mRDP 0x55f24d181610: Received in S 3: syn 0, ack 1, eack 0, rst 0, seq_nr 57477, ack_nr  2382, packet_len 256 (251)
[0;0m[0;34mRDP 0x55f24d181610: Wake Tx task (check timeouts)
[0;0m[0;34mRDP 0x55f24d181610: Received in S 3: syn 0, ack 1, eack 0, rst 0, seq_nr 57478, ack_nr  2382, packet_len 256 (251)
[0;0m[0;34mRDP 0x55f24d181610: Wake Tx task (check timeouts)
[0;0m[0;34mcsp_sfp_recv_fp: 20:52, fragment 243/1152
[0;0m[0;34mcsp_sfp_recv_fp: 20:52, fragment 486/1152
[0;0m[0;34mRDP 0x55f24d181610: Received in S 3: syn 0, ack 1, eack 0, rst 0, seq_nr 57479, ack_nr  2382, packet_len 256 (251)
[0;0m[0;34mRDP 0x55f24d181610: Send CMP S 3: syn 0, ack 1, eack 0, rst 0, seq_nr  2383, ack_nr 57479, packet_len 5 (0)
[0;0m[0;34mRDP 0x55f24d181610: Wake Tx task (check timeouts)
[0;0m[0;34mRDP 0x55f24d181610: Received in S 3: syn 0, ack 1, eack 0, rst 0, seq_nr 57480, ack_nr  2382, packet_len 256 (251)
[0;0m[0;34mRDP 0x55f24d181610: Wake Tx task (check timeouts)
[0;0m[0;34mcsp_sfp_recv_fp: 20:52, fragment 729/1152
[0;0m[0;34mcsp_sfp_recv_fp: 20:52, fragment 972/1152
[0;0m[0;34mRDP 0x55f24d181610: Received in S 3: syn 0, ack 1, eack 0, rst 0, seq_nr 57481, ack_nr  2382, packet_len 193 (188)
[0;0m[0;34mRDP 0x55f24d181610: Wake Tx task (check timeouts)
[0;0m[0;34mcsp_sfp_recv_fp: 20:52, fragment 1152/1152
[0;0mRECV_BUNDLE bundle_seq=30 n=32 bytes=1152
[0;34mRDP 0x55f24d181610: Wake Tx task (check timeouts)
[0;0m[0;34mRDP 0x55f24d181610: Wake Tx task (check timeouts)
[0;0m[0;34mRDP 0x55f24d181610: Send CMP S 3: syn 0, ack 1, eack 0, rst 0, seq_nr  2383, ack_nr 57481, packet_len 5 (0)
[0;0m[0;34mRDP 0x55f24d181610: Wake Tx task (check timeouts)
[0;0m[0;34mRDP 0x55f24d181610: Received in S 3: syn 0, ack 1, eack 0, rst 0, seq_nr 57482, ack_nr  2382, packet_len 5 (0)
[0;0m[0;34mRDP 0x55f24d181610: Wake Tx task (check timeouts)
[0;0m[0;34mRDP 0x55f24d181610: Received in S 3: syn 0, ack 1, eack 0, rst 0, seq_nr 57482, ack_nr  2382, packet_len 256 (251)
[0;0m[0;34mRDP 0x55f24d181610: Wake Tx task (check timeouts)
[0;0m[0;34mRDP 0x55f24d181610: Received in S 3: syn 0, ack 1, eack 0, rst 0, seq_nr 57483, ack_nr  2382, packet_len 256 (251)
[0;0m[0;34mRDP 0x55f24d181610: Wake Tx task (check timeouts)
[0;0m[0;34mcsp_sfp_recv_fp: 20:52, fragment 243/1152
[0;0m[0;34mcsp_sfp_recv_fp: 20:52, fragment 486/1152
[0;0m[0;34mRDP 0x55f24d181610: Received in S 3: syn 0, ack 1, eack 0, rst 0, seq_nr 57484, ack_nr  2382, packet_len 256 (251)
[0;0m[0;34mRDP 0x55f24d181610: Send CMP S 3: syn 0, ack 1, eack 0, rst 0, seq_nr  2383, ack_nr 57484, packet_len 5 (0)
[0;0m[0;34mRDP 0x55f24d181610: Send CMP S 3: syn 0, ack 1, eack 0, rst 0, seq_nr  2383, ack_nr 57484, packet_len 5 (0)
[0;0m[0;34mRDP 0x55f24d181610: Wake Tx task (check timeouts)
[0;0m[0;34mcsp_sfp_recv_fp: 20:52, fragment 729/1152
[0;0m[0;34mRDP 0x55f24d181610: Received in S 3: syn 0, ack 1, eack 0, rst 0, seq_nr 57485, ack_nr  2382, packet_len 256 (251)
[0;0m[0;34mRDP 0x55f24d181610: Wake Tx task (check timeouts)
[0;0m[0;34mcsp_sfp_recv_fp: 20:52, fragment 972/1152
[0;0m[0;34mRDP 0x55f24d181610: Received in S 3: syn 0, ack 1, eack 0, rst 0, seq_nr 57486, ack_nr  2382, packet_len 193 (188)
[0;0m[0;34mRDP 0x55f24d181610: Wake Tx task (check timeouts)
[0;0m[0;34mcsp_sfp_recv_fp: 20:52, fragment 1152/1152
[0;0mRECV_BUNDLE bundle_seq=31 n=32 bytes=1152
[0;34mRDP 0x55f24d181610: Wake Tx task (check timeouts)
[0;0m[0;34mRDP 0x55f24d181610: Wake Tx task (check timeouts)
[0;0m[0;34mRDP 0x55f24d181610: Received in S 3: syn 0, ack 1, eack 0, rst 0, seq_nr 57487, ack_nr  2382, packet_len 5 (0)
[0;0m[0;34mRDP 0x55f24d181610: Send CMP S 3: syn 0, ack 1, eack 0, rst 0, seq_nr  2383, ack_nr 57486, packet_len 5 (0)
[0;0m[0;34mRDP 0x55f24d181610: Wake Tx task (check timeouts)
[0;0m[0;34mRDP 0x55f24d181610: Received in S 3: syn 0, ack 1, eack 0, rst 0, seq_nr 57487, ack_nr  2382, packet_len 256 (251)
[0;0m[0;34mRDP 0x55f24d181610: Wake Tx task (check timeouts)
[0;0m[0;34mRDP 0x55f24d181610: Received in S 3: syn 0, ack 1, eack 0, rst 0, seq_nr 57488, ack_nr  2382, packet_len 256 (251)
[0;0m[0;34mRDP 0x55f24d181610: Wake Tx task (check timeouts)
[0;0m[0;34mcsp_sfp_recv_fp: 20:52, fragment 243/1152
[0;0m[0;34mcsp_sfp_recv_fp: 20:52, fragment 486/1152
[0;0m[0;34mRDP 0x55f24d181610: Received in S 3: syn 0, ack 1, eack 0, rst 0, seq_nr 57489, ack_nr  2382, packet_len 256 (251)
[0;0m[0;34mRDP 0x55f24d181610: Send CMP S 3: syn 0, ack 1, eack 0, rst 0, seq_nr  2383, ack_nr 57489, packet_len 5 (0)
[0;0m[0;34mRDP 0x55f24d181610: Send CMP S 3: syn 0, ack 1, eack 0, rst 0, seq_nr  2383, ack_nr 57489, packet_len 5 (0)
[0;0m[0;34mRDP 0x55f24d181610: Wake Tx task (check timeouts)
[0;0m[0;34mcsp_sfp_recv_fp: 20:52, fragment 729/1152
[0;0m[0;34mRDP 0x55f24d181610: Received in S 3: syn 0, ack 1, eack 0, rst 0, seq_nr 57490, ack_nr  2382, packet_len 256 (251)
[0;0m[0;34mRDP 0x55f24d181610: Wake Tx task (check timeouts)
[0;0m[0;34mcsp_sfp_recv_fp: 20:52, fragment 972/1152
[0;0m[0;34mRDP 0x55f24d181610: Received in S 3: syn 0, ack 1, eack 0, rst 0, seq_nr 57491, ack_nr  2382, packet_len 193 (188)
[0;0m[0;34mRDP 0x55f24d181610: Wake Tx task (check timeouts)
[0;0m[0;34mcsp_sfp_recv_fp: 20:52, fragment 1152/1152
[0;0mRECV_BUNDLE bundle_seq=32 n=32 bytes=1152
[0;34mRDP 0x55f24d181610: Wake Tx task (check timeouts)
[0;0m[0;34mRDP 0x55f24d181610: Wake Tx task (check timeouts)
[0;0m[0;34mRDP 0x55f24d181610: Send CMP S 3: syn 0, ack 1, eack 0, rst 0, seq_nr  2383, ack_nr 57491, packet_len 5 (0)
[0;0m[0;34mRDP 0x55f24d181610: Wake Tx task (check timeouts)
[0;0m[0;34mRDP 0x55f24d181610: Received in S 3: syn 0, ack 1, eack 0, rst 0, seq_nr 57492, ack_nr  2382, packet_len 5 (0)
[0;0m[0;34mRDP 0x55f24d181610: Wake Tx task (check timeouts)
[0;0m[0;34mRDP 0x55f24d181610: Received in S 3: syn 0, ack 1, eack 0, rst 0, seq_nr 57492, ack_nr  2382, packet_len 256 (251)
[0;0m[0;34mRDP 0x55f24d181610: Wake Tx task (check timeouts)
[0;0m[0;34mcsp_sfp_recv_fp: 20:52, fragment 243/1152
[0;0m[0;34mRDP 0x55f24d181610: Received in S 3: syn 0, ack 1, eack 0, rst 0, seq_nr 57493, ack_nr  2382, packet_len 256 (251)
[0;0m[0;34mRDP 0x55f24d181610: Wake Tx task (check timeouts)
[0;0m[0;34mRDP 0x55f24d181610: Received in S 3: syn 0, ack 1, eack 0, rst 0, seq_nr 57494, ack_nr  2382, packet_len 256 (251)
[0;0m[0;34mRDP 0x55f24d181610: Send CMP S 3: syn 0, ack 1, eack 0, rst 0, seq_nr  2383, ack_nr 57494, packet_len 5 (0)
[0;0m[0;34mRDP 0x55f24d181610: Wake Tx task (check timeouts)
[0;0m[0;34mcsp_sfp_recv_fp: 20:52, fragment 486/1152
[0;0m[0;34mcsp_sfp_recv_fp: 20:52, fragment 729/1152
[0;0m[0;34mRDP 0x55f24d181610: Received in S 3: syn 0, ack 1, eack 0, rst 0, seq_nr 57495, ack_nr  2382, packet_len 256 (251)
[0;0m[0;34mRDP 0x55f24d181610: Wake Tx task (check timeouts)
[0;0m[0;34mcsp_sfp_recv_fp: 20:52, fragment 972/1152
[0;0m[0;34mRDP 0x55f24d181610: Received in S 3: syn 0, ack 1, eack 0, rst 0, seq_nr 57496, ack_nr  2382, packet_len 193 (188)
[0;0m[0;34mRDP 0x55f24d181610: Wake Tx task (check timeouts)
[0;0m[0;34mcsp_sfp_recv_fp: 20:52, fragment 1152/1152
[0;0mRECV_BUNDLE bundle_seq=33 n=32 bytes=1152
[0;34mRDP 0x55f24d181610: Wake Tx task (check timeouts)
[0;0m[0;34mRDP 0x55f24d181610: Wake Tx task (check timeouts)
[0;0m[0;34mRDP 0x55f24d181610: Send CMP S 3: syn 0, ack 1, eack 0, rst 0, seq_nr  2383, ack_nr 57496, packet_len 5 (0)
[0;0m[0;34mRDP 0x55f24d181610: Wake Tx task (check timeouts)
[0;0m[0;34mRDP 0x55f24d181610: Received in S 3: syn 0, ack 1, eack 0, rst 0, seq_nr 57497, ack_nr  2382, packet_len 5 (0)
[0;0m[0;34mRDP 0x55f24d181610: Wake Tx task (check timeouts)
[0;0m[0;34mRDP 0x55f24d181610: Received in S 3: syn 0, ack 1, eack 0, rst 0, seq_nr 57497, ack_nr  2382, packet_len 256 (251)
[0;0m[0;34mRDP 0x55f24d181610: Wake Tx task (check timeouts)
[0;0m[0;34mcsp_sfp_recv_fp: 20:52, fragment 243/1152
[0;0m[0;34mRDP 0x55f24d181610: Received in S 3: syn 0, ack 1, eack 0, rst 0, seq_nr 57498, ack_nr  2382, packet_len 256 (251)
[0;0m[0;34mRDP 0x55f24d181610: Wake Tx task (check timeouts)
[0;0m[0;34mcsp_sfp_recv_fp: 20:52, fragment 486/1152
[0;0m[0;34mRDP 0x55f24d181610: Received in S 3: syn 0, ack 1, eack 0, rst 0, seq_nr 57499, ack_nr  2382, packet_len 256 (251)
[0;0m[0;34mRDP 0x55f24d181610: Send CMP S 3: syn 0, ack 1, eack 0, rst 0, seq_nr  2383, ack_nr 57499, packet_len 5 (0)
[0;0m[0;34mRDP 0x55f24d181610: Wake Tx task (check timeouts)
[0;0m[0;34mcsp_sfp_recv_fp: 20:52, fragment 729/1152
[0;0m[0;34mRDP 0x55f24d181610: Received in S 3: syn 0, ack 1, eack 0, rst 0, seq_nr 57500, ack_nr  2382, packet_len 256 (251)
[0;0m[0;34mRDP 0x55f24d181610: Wake Tx task (check timeouts)
[0;0m[0;34mcsp_sfp_recv_fp: 20:52, fragment 972/1152
[0;0m[0;34mRDP 0x55f24d181610: Received in S 3: syn 0, ack 1, eack 0, rst 0, seq_nr 57501, ack_nr  2382, packet_len 193 (188)
[0;0m[0;34mRDP 0x55f24d181610: Wake Tx task (check timeouts)
[0;0m[0;34mcsp_sfp_recv_fp: 20:52, fragment 1152/1152
[0;0mRECV_BUNDLE bundle_seq=34 n=32 bytes=1152
cspcl_recv_bundle: Operation timed out -- stopping
[0;34mRDP 0x55f24d181610: Wake Tx task (check timeouts)
[0;0m[0;34mRDP 0x55f24d181610: Wake Tx task (check timeouts)
[0;0m[0;34mRDP 0x55f24d181610: Received in S 3: syn 0, ack 1, eack 0, rst 0, seq_nr 57502, ack_nr  2382, packet_len 5 (0)
[0;0m[0;34mRDP 0x55f24d181610: Send CMP S 3: syn 0, ack 1, eack 0, rst 0, seq_nr  2383, ack_nr 57501, packet_len 5 (0)
[0;0m[0;34mRDP 0x55f24d181610: Wake Tx task (check timeouts)
[0;0m[0;34mRDP 0x55f24d181610: Wake Tx task (check timeouts)
[0;0m[0;34mRDP 0x55f24d181610: Wake Tx task (check timeouts)
[0;0m[0;34mRDP 0x55f24d181610: Send CMP S 3: syn 0, ack 1, eack 0, rst 0, seq_nr  2383, ack_nr 57501, packet_len 5 (0)
[0;0m[0;34mRDP 0x55f24d181610: Wake Tx task (check timeouts)
[0;0m[0;34mRDP 0x55f24d181610: Wake Tx task (check timeouts)
[0;0m[0;34mRDP 0x55f24d181610: Wake Tx task (check timeouts)
[0;0m[0;34mRDP 0x55f24d181610: Send CMP S 3: syn 0, ack 1, eack 0, rst 0, seq_nr  2383, ack_nr 57501, packet_len 5 (0)
[0;0m[0;34mRDP 0x55f24d181610: Wake Tx task (check timeouts)
[0;0m[0;34mRDP 0x55f24d181610: Wake Tx task (check timeouts)
[0;0m[0;34mRDP 0x55f24d181610: Wake Tx task (check timeouts)
[0;0m[0;34mRDP 0x55f24d181610: Send CMP S 3: syn 0, ack 1, eack 0, rst 0, seq_nr  2383, ack_nr 57501, packet_len 5 (0)
[0;0m[0;34mRDP 0x55f24d181610: Wake Tx task (check timeouts)
[0;0m[0;34mRDP 0x55f24d181610: Wake Tx task (check timeouts)
[0;0m[0;34mRDP 0x55f24d181610: Wake Tx task (check timeouts)
[0;0m[0;34mRDP 0x55f24d181610: Send CMP S 3: syn 0, ack 1, eack 0, rst 0, seq_nr  2383, ack_nr 57501, packet_len 5 (0)
[0;0m[0;34mRDP 0x55f24d181610: Wake Tx task (check timeouts)
[0;0m[0;34mRDP 0x55f24d181610: Wake Tx task (check timeouts)
[0;0m[0;34mRDP 0x55f24d181610: Wake Tx task (check timeouts)
[0;0m[0;34mRDP 0x55f24d181610: Send CMP S 3: syn 0, ack 1, eack 0, rst 0, seq_nr  2383, ack_nr 57501, packet_len 5 (0)
[0;0m[0;34mRDP 0x55f24d181610: Wake Tx task (check timeouts)
[0;0m[0;34mRDP 0x55f24d181610: Wake Tx task (check timeouts)
[0;0m[0;34mRDP 0x55f24d181610: Wake Tx task (check timeouts)
[0;0m[0;34mRDP 0x55f24d181610: Send CMP S 3: syn 0, ack 1, eack 0, rst 0, seq_nr  2383, ack_nr 57501, packet_len 5 (0)
[0;0m[0;34mRDP 0x55f24d181610: Wake Tx task (check timeouts)
[0;0m[0;34mRDP 0x55f24d181610: Wake Tx task (check timeouts)
[0;0m[0;34mRDP 0x55f24d181610: Wake Tx task (check timeouts)
[0;0m[0;34mRDP 0x55f24d181610: Send CMP S 3: syn 0, ack 1, eack 0, rst 0, seq_nr  2383, ack_nr 57501, packet_len 5 (0)
[0;0m[0;34mRDP 0x55f24d181610: Wake Tx task (check timeouts)
[0;0m[0;34mRDP 0x55f24d181610: Wake Tx task (check timeouts)
[0;0m[0;34mRDP 0x55f24d181610: Wake Tx task (check timeouts)
[0;0m[0;34mRDP 0x55f24d181610: Send CMP S 3: syn 0, ack 1, eack 0, rst 0, seq_nr  2383, ack_nr 57501, packet_len 5 (0)
[0;0m[0;34mRDP 0x55f24d181610: Wake Tx task (check timeouts)
[0;0m[0;34mRDP 0x55f24d181610: Wake Tx task (check timeouts)
[0;0m[0;34mRDP 0x55f24d181610: Wake Tx task (check timeouts)
[0;0m[0;34mRDP 0x55f24d181610: Send CMP S 3: syn 0, ack 1, eack 0, rst 0, seq_nr  2383, ack_nr 57501, packet_len 5 (0)
[0;0m[0;34mRDP 0x55f24d181610: Wake Tx task (check timeouts)
[0;0m
--- bundle measurement summary ---
bundles received: 34
unit latency: min=0.577 ms  mean=1.407 ms  max=2.200 ms  stddev=0.506 ms  (n=1088 units)
throughput: 2.62 bundles/sec  83.7 units/sec-equivalent  3.0 kB/s
7472
[0;0m[0;34mRDP 0x55d9d3925610: Wake Tx task (check timeouts)
[0;0mSENT bundle=28 n=32 bytes=1152 send_time_ms=303.186
[0;34mcsp_sfp_send_own_memcpy: 21:10, sending at 0x55d9d39337b0 size 243
[0;0m[0;34mRDP 0x55d9d3925610: Sending  in S 3: syn 0, ack 1, eack 0, rst 0, seq_nr 57472, ack_nr  2382, packet_len 256 (251)
[0;0m[0;34mcsp_sfp_send_own_memcpy: 21:10, sending at 0x55d9d39338a3 size 243
[0;0m[0;34mRDP 0x55d9d3925610: Sending  in S 3: syn 0, ack 1, eack 0, rst 0, seq_nr 57473, ack_nr  2382, packet_len 256 (251)
[0;0m[0;34mcsp_sfp_send_own_memcpy: 21:10, sending at 0x55d9d3933996 size 243
[0;0m[0;34mRDP 0x55d9d3925610: Sending  in S 3: syn 0, ack 1, eack 0, rst 0, seq_nr 57474, ack_nr  2382, packet_len 256 (251)
[0;0m[0;34mcsp_sfp_send_own_memcpy: 21:10, sending at 0x55d9d3933a89 size 243
[0;0m[0;34mRDP 0x55d9d3925610: Sending  in S 3: syn 0, ack 1, eack 0, rst 0, seq_nr 57475, ack_nr  2382, packet_len 256 (251)
[0;0m[0;34mcsp_sfp_send_own_memcpy: 21:10, sending at 0x55d9d3933b7c size 180
[0;0m[0;34mRDP 0x55d9d3925610: Waiting for window update before sending seq 57476
[0;0m[0;34mRDP 0x55d9d3925610: Received in S 3: syn 0, ack 1, eack 0, rst 0, seq_nr  2383, ack_nr 57474, packet_len 5 (0)
[0;0m[0;34mRDP 0x55d9d3925610: TX Element Free, time 22802590, seq 57472, una 57475
[0;0m[0;34mRDP 0x55d9d3925610: TX Element Free, time 22802590, seq 57473, una 57475
[0;0m[0;34mRDP 0x55d9d3925610: TX Element Free, time 22802591, seq 57474, una 57475
[0;0m[0;34mRDP 0x55d9d3925610: Wake Tx task (check timeouts)
[0;0m[0;34mRDP 0x55d9d3925610: Sending  in S 3: syn 0, ack 1, eack 0, rst 0, seq_nr 57476, ack_nr  2382, packet_len 193 (188)
[0;0m[0;34mRDP 0x55d9d3925610: Wake Tx task (check timeouts)
[0;0m[0;34mRDP 0x55d9d3925610: Wake Tx task (check timeouts)
[0;0m[0;34mRDP 0x55d9d3925610: Send CMP S 3: syn 0, ack 1, eack 0, rst 0, seq_nr 57477, ack_nr  2382, packet_len 5 (0)
[0;0m[0;34mRDP 0x55d9d3925610: Wake Tx task (check timeouts)
[0;0m[0;34mRDP 0x55d9d3925610: Received in S 3: syn 0, ack 1, eack 0, rst 0, seq_nr  2383, ack_nr 57476, packet_len 5 (0)
[0;0m[0;34mRDP 0x55d9d3925610: TX Element Free, time 22802591, seq 57475, una 57477
[0;0m[0;34mRDP 0x55d9d3925610: TX Element Free, time 22802591, seq 57476, una 57477
[0;0m[0;34mRDP 0x55d9d3925610: Wake Tx task (check timeouts)
[0;0mSENT bundle=29 n=32 bytes=1152 send_time_ms=302.205
[0;34mcsp_sfp_send_own_memcpy: 21:10, sending at 0x55d9d39337b0 size 243
[0;0m[0;34mRDP 0x55d9d3925610: Sending  in S 3: syn 0, ack 1, eack 0, rst 0, seq_nr 57477, ack_nr  2382, packet_len 256 (251)
[0;0m[0;34mcsp_sfp_send_own_memcpy: 21:10, sending at 0x55d9d39338a3 size 243
[0;0m[0;34mRDP 0x55d9d3925610: Sending  in S 3: syn 0, ack 1, eack 0, rst 0, seq_nr 57478, ack_nr  2382, packet_len 256 (251)
[0;0m[0;34mcsp_sfp_send_own_memcpy: 21:10, sending at 0x55d9d3933996 size 243
[0;0m[0;34mRDP 0x55d9d3925610: Sending  in S 3: syn 0, ack 1, eack 0, rst 0, seq_nr 57479, ack_nr  2382, packet_len 256 (251)
[0;0m[0;34mcsp_sfp_send_own_memcpy: 21:10, sending at 0x55d9d3933a89 size 243
[0;0m[0;34mRDP 0x55d9d3925610: Sending  in S 3: syn 0, ack 1, eack 0, rst 0, seq_nr 57480, ack_nr  2382, packet_len 256 (251)
[0;0m[0;34mcsp_sfp_send_own_memcpy: 21:10, sending at 0x55d9d3933b7c size 180
[0;0m[0;34mRDP 0x55d9d3925610: Waiting for window update before sending seq 57481
[0;0m[0;34mRDP 0x55d9d3925610: Received in S 3: syn 0, ack 1, eack 0, rst 0, seq_nr  2383, ack_nr 57479, packet_len 5 (0)
[0;0m[0;34mRDP 0x55d9d3925610: TX Element Free, time 22802893, seq 57477, una 57480
[0;0m[0;34mRDP 0x55d9d3925610: TX Element Free, time 22802893, seq 57478, una 57480
[0;0m[0;34mRDP 0x55d9d3925610: TX Element Free, time 22802893, seq 57479, una 57480
[0;0m[0;34mRDP 0x55d9d3925610: Wake Tx task (check timeouts)
[0;0m[0;34mRDP 0x55d9d3925610: Sending  in S 3: syn 0, ack 1, eack 0, rst 0, seq_nr 57481, ack_nr  2382, packet_len 193 (188)
[0;0m[0;34mRDP 0x55d9d3925610: Wake Tx task (check timeouts)
[0;0m[0;34mRDP 0x55d9d3925610: Wake Tx task (check timeouts)
[0;0m[0;34mRDP 0x55d9d3925610: Send CMP S 3: syn 0, ack 1, eack 0, rst 0, seq_nr 57482, ack_nr  2382, packet_len 5 (0)
[0;0m[0;34mRDP 0x55d9d3925610: Wake Tx task (check timeouts)
[0;0m[0;34mRDP 0x55d9d3925610: Received in S 3: syn 0, ack 1, eack 0, rst 0, seq_nr  2383, ack_nr 57481, packet_len 5 (0)
[0;0m[0;34mRDP 0x55d9d3925610: TX Element Free, time 22802893, seq 57480, una 57482
[0;0m[0;34mRDP 0x55d9d3925610: TX Element Free, time 22802894, seq 57481, una 57482
[0;0m[0;34mRDP 0x55d9d3925610: Wake Tx task (check timeouts)
[0;0mSENT bundle=30 n=32 bytes=1152 send_time_ms=302.668
[0;34mcsp_sfp_send_own_memcpy: 21:10, sending at 0x55d9d39337b0 size 243
[0;0m[0;34mRDP 0x55d9d3925610: Sending  in S 3: syn 0, ack 1, eack 0, rst 0, seq_nr 57482, ack_nr  2382, packet_len 256 (251)
[0;0m[0;34mcsp_sfp_send_own_memcpy: 21:10, sending at 0x55d9d39338a3 size 243
[0;0m[0;34mRDP 0x55d9d3925610: Sending  in S 3: syn 0, ack 1, eack 0, rst 0, seq_nr 57483, ack_nr  2382, packet_len 256 (251)
[0;0m[0;34mcsp_sfp_send_own_memcpy: 21:10, sending at 0x55d9d3933996 size 243
[0;0m[0;34mRDP 0x55d9d3925610: Sending  in S 3: syn 0, ack 1, eack 0, rst 0, seq_nr 57484, ack_nr  2382, packet_len 256 (251)
[0;0m[0;34mcsp_sfp_send_own_memcpy: 21:10, sending at 0x55d9d3933a89 size 243
[0;0m[0;34mRDP 0x55d9d3925610: Sending  in S 3: syn 0, ack 1, eack 0, rst 0, seq_nr 57485, ack_nr  2382, packet_len 256 (251)
[0;0m[0;34mcsp_sfp_send_own_memcpy: 21:10, sending at 0x55d9d3933b7c size 180
[0;0m[0;34mRDP 0x55d9d3925610: Waiting for window update before sending seq 57486
[0;0m[0;34mRDP 0x55d9d3925610: Received in S 3: syn 0, ack 1, eack 0, rst 0, seq_nr  2383, ack_nr 57484, packet_len 5 (0)
[0;0m[0;34mRDP 0x55d9d3925610: TX Element Free, time 22803195, seq 57482, una 57485
[0;0m[0;34mRDP 0x55d9d3925610: TX Element Free, time 22803196, seq 57483, una 57485
[0;0m[0;34mRDP 0x55d9d3925610: TX Element Free, time 22803196, seq 57484, una 57485
[0;0m[0;34mRDP 0x55d9d3925610: Wake Tx task (check timeouts)
[0;0m[0;34mRDP 0x55d9d3925610: Received in S 3: syn 0, ack 1, eack 0, rst 0, seq_nr  2383, ack_nr 57484, packet_len 5 (0)
[0;0m[0;34mRDP 0x55d9d3925610: Wake Tx task (check timeouts)
[0;0m[0;34mRDP 0x55d9d3925610: Sending  in S 3: syn 0, ack 1, eack 0, rst 0, seq_nr 57486, ack_nr  2382, packet_len 193 (188)
[0;0m[0;34mRDP 0x55d9d3925610: Wake Tx task (check timeouts)
[0;0m[0;34mRDP 0x55d9d3925610: Wake Tx task (check timeouts)
[0;0m[0;34mRDP 0x55d9d3925610: Send CMP S 3: syn 0, ack 1, eack 0, rst 0, seq_nr 57487, ack_nr  2382, packet_len 5 (0)
[0;0m[0;34mRDP 0x55d9d3925610: Wake Tx task (check timeouts)
[0;0m[0;34mRDP 0x55d9d3925610: Received in S 3: syn 0, ack 1, eack 0, rst 0, seq_nr  2383, ack_nr 57486, packet_len 5 (0)
[0;0m[0;34mRDP 0x55d9d3925610: TX Element Free, time 22803196, seq 57485, una 57487
[0;0m[0;34mRDP 0x55d9d3925610: TX Element Free, time 22803197, seq 57486, una 57487
[0;0m[0;34mRDP 0x55d9d3925610: Wake Tx task (check timeouts)
[0;0mSENT bundle=31 n=32 bytes=1152 send_time_ms=302.179
[0;34mcsp_sfp_send_own_memcpy: 21:10, sending at 0x55d9d39337b0 size 243
[0;0m[0;34mRDP 0x55d9d3925610: Sending  in S 3: syn 0, ack 1, eack 0, rst 0, seq_nr 57487, ack_nr  2382, packet_len 256 (251)
[0;0m[0;34mcsp_sfp_send_own_memcpy: 21:10, sending at 0x55d9d39338a3 size 243
[0;0m[0;34mRDP 0x55d9d3925610: Sending  in S 3: syn 0, ack 1, eack 0, rst 0, seq_nr 57488, ack_nr  2382, packet_len 256 (251)
[0;0m[0;34mcsp_sfp_send_own_memcpy: 21:10, sending at 0x55d9d3933996 size 243
[0;0m[0;34mRDP 0x55d9d3925610: Sending  in S 3: syn 0, ack 1, eack 0, rst 0, seq_nr 57489, ack_nr  2382, packet_len 256 (251)
[0;0m[0;34mcsp_sfp_send_own_memcpy: 21:10, sending at 0x55d9d3933a89 size 243
[0;0m[0;34mRDP 0x55d9d3925610: Sending  in S 3: syn 0, ack 1, eack 0, rst 0, seq_nr 57490, ack_nr  2382, packet_len 256 (251)
[0;0m[0;34mcsp_sfp_send_own_memcpy: 21:10, sending at 0x55d9d3933b7c size 180
[0;0m[0;34mRDP 0x55d9d3925610: Waiting for window update before sending seq 57491
[0;0m[0;34mRDP 0x55d9d3925610: Received in S 3: syn 0, ack 1, eack 0, rst 0, seq_nr  2383, ack_nr 57489, packet_len 5 (0)
[0;0m[0;34mRDP 0x55d9d3925610: TX Element Free, time 22803498, seq 57487, una 57490
[0;0m[0;34mRDP 0x55d9d3925610: TX Element Free, time 22803498, seq 57488, una 57490
[0;0m[0;34mRDP 0x55d9d3925610: TX Element Free, time 22803498, seq 57489, una 57490
[0;0m[0;34mRDP 0x55d9d3925610: Wake Tx task (check timeouts)
[0;0m[0;34mRDP 0x55d9d3925610: Received in S 3: syn 0, ack 1, eack 0, rst 0, seq_nr  2383, ack_nr 57489, packet_len 5 (0)
[0;0m[0;34mRDP 0x55d9d3925610: Wake Tx task (check timeouts)
[0;0m[0;34mRDP 0x55d9d3925610: Sending  in S 3: syn 0, ack 1, eack 0, rst 0, seq_nr 57491, ack_nr  2382, packet_len 193 (188)
[0;0m[0;34mRDP 0x55d9d3925610: Wake Tx task (check timeouts)
[0;0m[0;34mRDP 0x55d9d3925610: Wake Tx task (check timeouts)
[0;0m[0;34mRDP 0x55d9d3925610: Send CMP S 3: syn 0, ack 1, eack 0, rst 0, seq_nr 57492, ack_nr  2382, packet_len 5 (0)
[0;0m[0;34mRDP 0x55d9d3925610: Wake Tx task (check timeouts)
[0;0m[0;34mRDP 0x55d9d3925610: Received in S 3: syn 0, ack 1, eack 0, rst 0, seq_nr  2383, ack_nr 57491, packet_len 5 (0)
[0;0m[0;34mRDP 0x55d9d3925610: TX Element Free, time 22803498, seq 57490, una 57492
[0;0m[0;34mRDP 0x55d9d3925610: TX Element Free, time 22803499, seq 57491, una 57492
[0;0m[0;34mRDP 0x55d9d3925610: Wake Tx task (check timeouts)
[0;0mSENT bundle=32 n=32 bytes=1152 send_time_ms=302.400
[0;34mcsp_sfp_send_own_memcpy: 21:10, sending at 0x55d9d39337b0 size 243
[0;0m[0;34mRDP 0x55d9d3925610: Sending  in S 3: syn 0, ack 1, eack 0, rst 0, seq_nr 57492, ack_nr  2382, packet_len 256 (251)
[0;0m[0;34mcsp_sfp_send_own_memcpy: 21:10, sending at 0x55d9d39338a3 size 243
[0;0m[0;34mRDP 0x55d9d3925610: Sending  in S 3: syn 0, ack 1, eack 0, rst 0, seq_nr 57493, ack_nr  2382, packet_len 256 (251)
[0;0m[0;34mcsp_sfp_send_own_memcpy: 21:10, sending at 0x55d9d3933996 size 243
[0;0m[0;34mRDP 0x55d9d3925610: Sending  in S 3: syn 0, ack 1, eack 0, rst 0, seq_nr 57494, ack_nr  2382, packet_len 256 (251)
[0;0m[0;34mcsp_sfp_send_own_memcpy: 21:10, sending at 0x55d9d3933a89 size 243
[0;0m[0;34mRDP 0x55d9d3925610: Sending  in S 3: syn 0, ack 1, eack 0, rst 0, seq_nr 57495, ack_nr  2382, packet_len 256 (251)
[0;0m[0;34mcsp_sfp_send_own_memcpy: 21:10, sending at 0x55d9d3933b7c size 180
[0;0m[0;34mRDP 0x55d9d3925610: Waiting for window update before sending seq 57496
[0;0m[0;34mRDP 0x55d9d3925610: Received in S 3: syn 0, ack 1, eack 0, rst 0, seq_nr  2383, ack_nr 57494, packet_len 5 (0)
[0;0m[0;34mRDP 0x55d9d3925610: TX Element Free, time 22803800, seq 57492, una 57495
[0;0m[0;34mRDP 0x55d9d3925610: TX Element Free, time 22803800, seq 57493, una 57495
[0;0m[0;34mRDP 0x55d9d3925610: TX Element Free, time 22803801, seq 57494, una 57495
[0;0m[0;34mRDP 0x55d9d3925610: Wake Tx task (check timeouts)
[0;0m[0;34mRDP 0x55d9d3925610: Sending  in S 3: syn 0, ack 1, eack 0, rst 0, seq_nr 57496, ack_nr  2382, packet_len 193 (188)
[0;0m[0;34mRDP 0x55d9d3925610: Wake Tx task (check timeouts)
[0;0m[0;34mRDP 0x55d9d3925610: Wake Tx task (check timeouts)
[0;0m[0;34mRDP 0x55d9d3925610: Send CMP S 3: syn 0, ack 1, eack 0, rst 0, seq_nr 57497, ack_nr  2382, packet_len 5 (0)
[0;0m[0;34mRDP 0x55d9d3925610: Wake Tx task (check timeouts)
[0;0m[0;34mRDP 0x55d9d3925610: Received in S 3: syn 0, ack 1, eack 0, rst 0, seq_nr  2383, ack_nr 57496, packet_len 5 (0)
[0;0m[0;34mRDP 0x55d9d3925610: TX Element Free, time 22803801, seq 57495, una 57497
[0;0m[0;34mRDP 0x55d9d3925610: TX Element Free, time 22803801, seq 57496, una 57497
[0;0m[0;34mRDP 0x55d9d3925610: Wake Tx task (check timeouts)
[0;0mSENT bundle=33 n=32 bytes=1152 send_time_ms=302.936
[0;34mcsp_sfp_send_own_memcpy: 21:10, sending at 0x55d9d39337b0 size 243
[0;0m[0;34mRDP 0x55d9d3925610: Sending  in S 3: syn 0, ack 1, eack 0, rst 0, seq_nr 57497, ack_nr  2382, packet_len 256 (251)
[0;0m[0;34mcsp_sfp_send_own_memcpy: 21:10, sending at 0x55d9d39338a3 size 243
[0;0m[0;34mRDP 0x55d9d3925610: Sending  in S 3: syn 0, ack 1, eack 0, rst 0, seq_nr 57498, ack_nr  2382, packet_len 256 (251)
[0;0m[0;34mcsp_sfp_send_own_memcpy: 21:10, sending at 0x55d9d3933996 size 243
[0;0m[0;34mRDP 0x55d9d3925610: Sending  in S 3: syn 0, ack 1, eack 0, rst 0, seq_nr 57499, ack_nr  2382, packet_len 256 (251)
[0;0m[0;34mcsp_sfp_send_own_memcpy: 21:10, sending at 0x55d9d3933a89 size 243
[0;0m[0;34mRDP 0x55d9d3925610: Sending  in S 3: syn 0, ack 1, eack 0, rst 0, seq_nr 57500, ack_nr  2382, packet_len 256 (251)
[0;0m[0;34mcsp_sfp_send_own_memcpy: 21:10, sending at 0x55d9d3933b7c size 180
[0;0m[0;34mRDP 0x55d9d3925610: Waiting for window update before sending seq 57501
[0;0m[0;34mRDP 0x55d9d3925610: Received in S 3: syn 0, ack 1, eack 0, rst 0, seq_nr  2383, ack_nr 57499, packet_len 5 (0)
[0;0m[0;34mRDP 0x55d9d3925610: TX Element Free, time 22804103, seq 57497, una 57500
[0;0m[0;34mRDP 0x55d9d3925610: TX Element Free, time 22804104, seq 57498, una 57500
[0;0m[0;34mRDP 0x55d9d3925610: TX Element Free, time 22804104, seq 57499, una 57500
[0;0m[0;34mRDP 0x55d9d3925610: Wake Tx task (check timeouts)
[0;0m[0;34mRDP 0x55d9d3925610: Sending  in S 3: syn 0, ack 1, eack 0, rst 0, seq_nr 57501, ack_nr  2382, packet_len 193 (188)
[0;0m[0;34mRDP 0x55d9d3925610: Wake Tx task (check timeouts)
[0;0m[0;34mRDP 0x55d9d3925610: Wake Tx task (check timeouts)
[0;0m[0;34mRDP 0x55d9d3925610: Send CMP S 3: syn 0, ack 1, eack 0, rst 0, seq_nr 57502, ack_nr  2382, packet_len 5 (0)
[0;0m[0;34mRDP 0x55d9d3925610: Wake Tx task (check timeouts)
[0;0m[0;34mRDP 0x55d9d3925610: Received in S 3: syn 0, ack 1, eack 0, rst 0, seq_nr  2383, ack_nr 57501, packet_len 5 (0)
[0;0m[0;34mRDP 0x55d9d3925610: TX Element Free, time 22804104, seq 57500, una 57502
[0;0m[0;34mRDP 0x55d9d3925610: TX Element Free, time 22804105, seq 57501, una 57502
[0;0m[0;34mRDP 0x55d9d3925610: Wake Tx task (check timeouts)
[0;0mSENT bundle=34 n=32 bytes=1152 send_time_ms=302.788
SUMMARY bundles_sent=34 n_per_bundle=32 unit_size=36 bundle_len=1152 mean_send_ms=302.179
