[bundle_receiver] listening on addr 21  (timeout=3000 ms per bundle)
[0;34mRDP 0x563aed2fe610: Received in S 0: syn 1, ack 0, eack 0, rst 0, seq_nr 61754, ack_nr     0, packet_len 29 (24)
[0;0m[0;34mRDP 0x563aed2fe610: SYN-Received
[0;0m[0;34mRDP 0x563aed2fe610: window size 4, conn timeout 1000, packet timeout 1000, delayed acks: 1, ack timeout 250, ack each 2 packet
[0;0m[0;34mRDP 0x563aed2fe610: Send CMP S 2: syn 1, ack 1, eack 0, rst 0, seq_nr 23278, ack_nr 61754, packet_len 5 (0)
[0;0m[0;34mRDP 0x563aed2fe610: Received in S 2: syn 0, ack 1, eack 0, rst 0, seq_nr 61755, ack_nr 23278, packet_len 5 (0)
[0;0m[0;34mRDP 0x563aed2fe610: NC: Connection OPEN
[0;0m[0;34mRDP 0x563aed2fe610: TX Element Free, time 22736035, seq 23278, una 23279
[0;0m[0;34mRDP 0x563aed2fe610: Wake Tx task (check timeouts)
[0;0m[0;34mRDP 0x563aed2fe610: Received in S 3: syn 0, ack 1, eack 0, rst 0, seq_nr 61755, ack_nr 23278, packet_len 157 (152)
[0;0m[0;34mRDP 0x563aed2fe610: Wake Tx task (check timeouts)
[0;0m[0;34mcsp_sfp_recv_fp: 20:44, fragment 144/144
[0;0mRECV_BUNDLE bundle_seq=1 n=4 bytes=144
[0;34mRDP 0x563aed2fe610: Wake Tx task (check timeouts)
[0;0m[0;34mRDP 0x563aed2fe610: Wake Tx task (check timeouts)
[0;0m[0;34mRDP 0x563aed2fe610: Received in S 3: syn 0, ack 1, eack 0, rst 0, seq_nr 61756, ack_nr 23278, packet_len 5 (0)
[0;0m[0;34mRDP 0x563aed2fe610: Send CMP S 3: syn 0, ack 1, eack 0, rst 0, seq_nr 23279, ack_nr 61755, packet_len 5 (0)
[0;0m[0;34mRDP 0x563aed2fe610: Wake Tx task (check timeouts)
[0;0m[0;34mRDP 0x563aed2fe610: Received in S 3: syn 0, ack 1, eack 0, rst 0, seq_nr 61756, ack_nr 23278, packet_len 157 (152)
[0;0m[0;34mRDP 0x563aed2fe610: Wake Tx task (check timeouts)
[0;0m[0;34mcsp_sfp_recv_fp: 20:44, fragment 144/144
[0;0mRECV_BUNDLE bundle_seq=2 n=4 bytes=144
[0;34mRDP 0x563aed2fe610: Wake Tx task (check timeouts)
[0;0m[0;34mRDP 0x563aed2fe610: Wake Tx task (check timeouts)
[0;0m[0;34mRDP 0x563aed2fe610: Send CMP S 3: syn 0, ack 1, eack 0, rst 0, seq_nr 23279, ack_nr 61756, packet_len 5 (0)
[0;0m[0;34mRDP 0x563aed2fe610: Wake Tx task (check timeouts)
[0;0m[0;34mRDP 0x563aed2fe610: Received in S 3: syn 0, ack 1, eack 0, rst 0, seq_nr 61757, ack_nr 23278, packet_len 5 (0)
[0;0m[0;34mRDP 0x563aed2fe610: Wake Tx task (check timeouts)
[0;0m[0;34mRDP 0x563aed2fe610: Received in S 3: syn 0, ack 1, eack 0, rst 0, seq_nr 61757, ack_nr 23278, packet_len 157 (152)
[0;0m[0;34mRDP 0x563aed2fe610: Wake Tx task (check timeouts)
[0;0m[0;34mcsp_sfp_recv_fp: 20:44, fragment 144/144
[0;0mRECV_BUNDLE bundle_seq=3 n=4 bytes=144
[0;34mRDP 0x563aed2fe610: Wake Tx task (check timeouts)
[0;0m[0;34mRDP 0x563aed2fe610: Wake Tx task (check timeouts)
[0;0m[0;34mRDP 0x563aed2fe610: Send CMP S 3: syn 0, ack 1, eack 0, rst 0, seq_nr 23279, ack_nr 61757, packet_len 5 (0)
[0;0m[0;34mRDP 0x563aed2fe610: Wake Tx task (check timeouts)
[0;0m[0;34mRDP 0x563aed2fe610: Received in S 3: syn 0, ack 1, eack 0, rst 0, seq_nr 61758, ack_nr 23278, packet_len 5 (0)
[0;0m[0;34mRDP 0x563aed2fe610: Wake Tx task (check timeouts)
[0;0m[0;34mRDP 0x563aed2fe610: Received in S 3: syn 0, ack 1, eack 0, rst 0, seq_nr 61758, ack_nr 23278, packet_len 157 (152)
[0;0m[0;34mRDP 0x563aed2fe610: Wake Tx task (check timeouts)
[0;0m[0;34mcsp_sfp_recv_fp: 20:44, fragment 144/144
[0;0mRECV_BUNDLE bundle_seq=4 n=4 bytes=144
[0;34mRDP 0x563aed2fe610: Wake Tx task (check timeouts)
[0;0m[0;34mRDP 0x563aed2fe610: Wake Tx task (check timeouts)
[0;0m[0;34mRDP 0x563aed2fe610: Send CMP S 3: syn 0, ack 1, eack 0, rst 0, seq_nr 23279, ack_nr 61758, packet_len 5 (0)
[0;0m[0;34mRDP 0x563aed2fe610: Wake Tx task (check timeouts)
[0;0m[0;34mRDP 0x563aed2fe610: Received in S 3: syn 0, ack 1, eack 0, rst 0, seq_nr 61759, ack_nr 23278, packet_len 5 (0)
[0;0m[0;34mRDP 0x563aed2fe610: Wake Tx task (check timeouts)
[0;0m[0;34mRDP 0x563aed2fe610: Received in S 3: syn 0, ack 1, eack 0, rst 0, seq_nr 61759, ack_nr 23278, packet_len 157 (152)
[0;0m[0;34mRDP 0x563aed2fe610: Wake Tx task (check timeouts)
[0;0m[0;34mcsp_sfp_recv_fp: 20:44, fragment 144/144
[0;0mRECV_BUNDLE bundle_seq=5 n=4 bytes=144
[0;34mRDP 0x563aed2fe610: Wake Tx task (check timeouts)
[0;0m[0;34mRDP 0x563aed2fe610: Wake Tx task (check timeouts)
[0;0m[0;34mRDP 0x563aed2fe610: Received in S 3: syn 0, ack 1, eack 0, rst 0, seq_nr 61760, ack_nr 23278, packet_len 5 (0)
[0;0m[0;34mRDP 0x563aed2fe610: Send CMP S 3: syn 0, ack 1, eack 0, rst 0, seq_nr 23279, ack_nr 61759, packet_len 5 (0)
[0;0m[0;34mRDP 0x563aed2fe610: Wake Tx task (check timeouts)
[0;0m[0;34mRDP 0x563aed2fe610: Received in S 3: syn 0, ack 1, eack 0, rst 0, seq_nr 61760, ack_nr 23278, packet_len 157 (152)
[0;0m[0;34mRDP 0x563aed2fe610: Wake Tx task (check timeouts)
[0;0m[0;34mcsp_sfp_recv_fp: 20:44, fragment 144/144
[0;0mRECV_BUNDLE bundle_seq=6 n=4 bytes=144
[0;34mRDP 0x563aed2fe610: Wake Tx task (check timeouts)
[0;0m[0;34mRDP 0x563aed2fe610: Wake Tx task (check timeouts)
[0;0m[0;34mRDP 0x563aed2fe610: Received in S 3: syn 0, ack 1, eack 0, rst 0, seq_nr 61761, ack_nr 23278, packet_len 5 (0)
[0;0m[0;34mRDP 0x563aed2fe610: Send CMP S 3: syn 0, ack 1, eack 0, rst 0, seq_nr 23279, ack_nr 61760, packet_len 5 (0)
[0;0m[0;34mRDP 0x563aed2fe610: Wake Tx task (check timeouts)
[0;0m[0;34mRDP 0x563aed2fe610: Received in S 3: syn 0, ack 1, eack 0, rst 0, seq_nr 61761, ack_nr 23278, packet_len 157 (152)
[0;0m[0;34mRDP 0x563aed2fe610: Wake Tx task (check timeouts)
[0;0m[0;34mcsp_sfp_recv_fp: 20:44, fragment 144/144
[0;0mRECV_BUNDLE bundle_seq=7 n=4 bytes=144
[0;34mRDP 0x563aed2fe610: Wake Tx task (check timeouts)
[0;0m[0;34mRDP 0x563aed2fe610: Wake Tx task (check timeouts)
[0;0m[0;34mRDP 0x563aed2fe610: Received in S 3: syn 0, ack 1, eack 0, rst 0, seq_nr 61762, ack_nr 23278, packet_len 5 (0)
[0;0m[0;34mRDP 0x563aed2fe610: Send CMP S 3: syn 0, ack 1, eack 0, rst 0, seq_nr 23279, ack_nr 61761, packet_len 5 (0)
[0;0m[0;34mRDP 0x563aed2fe610: Wake Tx task (check timeouts)
[0;0m[0;34mRDP 0x563aed2fe610: Received in S 3: syn 0, ack 1, eack 0, rst 0, seq_nr 61762, ack_nr 23278, packet_len 157 (152)
[0;0m[0;34mRDP 0x563aed2fe610: Wake Tx task (check timeouts)
[0;0m[0;34mcsp_sfp_recv_fp: 20:44, fragment 144/144
[0;0mRECV_BUNDLE bundle_seq=8 n=4 bytes=144
[0;34mRDP 0x563aed2fe610: Wake Tx task (check timeouts)
[0;0m[0;34mRDP 0x563aed2fe610: Wake Tx task (check timeouts)
[0;0m[0;34mRDP 0x563aed2fe610: Received in S 3: syn 0, ack 1, eack 0, rst 0, seq_nr 61763, ack_nr 23278, packet_len 5 (0)
[0;0m[0;34mRDP 0x563aed2fe610: Send CMP S 3: syn 0, ack 1, eack 0, rst 0, seq_nr 23279, ack_nr 61762, packet_len 5 (0)
[0;0m[0;34mRDP 0x563aed2fe610: Wake Tx task (check timeouts)
[0;0m[0;34mRDP 0x563aed2fe610: Received in S 3: syn 0, ack 1, eack 0, rst 0, seq_nr 61763, ack_nr 23278, packet_len 157 (152)
[0;0m[0;34mRDP 0x563aed2fe610: Wake Tx task (check timeouts)
[0;0m[0;34mcsp_sfp_recv_fp: 20:44, fragment 144/144
[0;0mRECV_BUNDLE bundle_seq=9 n=4 bytes=144
[0;34mRDP 0x563aed2fe610: Wake Tx task (check timeouts)
[0;0m[0;34mRDP 0x563aed2fe610: Wake Tx task (check timeouts)
[0;0m[0;34mRDP 0x563aed2fe610: Received in S 3: syn 0, ack 1, eack 0, rst 0, seq_nr 61764, ack_nr 23278, packet_len 5 (0)
[0;0m[0;34mRDP 0x563aed2fe610: Send CMP S 3: syn 0, ack 1, eack 0, rst 0, seq_nr 23279, ack_nr 61763, packet_len 5 (0)
[0;0m[0;34mRDP 0x563aed2fe610: Wake Tx task (check timeouts)
[0;0m[0;34mRDP 0x563aed2fe610: Received in S 3: syn 0, ack 1, eack 0, rst 0, seq_nr 61764, ack_nr 23278, packet_len 157 (152)
[0;0m[0;34mRDP 0x563aed2fe610: Wake Tx task (check timeouts)
[0;0m[0;34mcsp_sfp_recv_fp: 20:44, fragment 144/144
[0;0mRECV_BUNDLE bundle_seq=10 n=4 bytes=144
[0;34mRDP 0x563aed2fe610: Wake Tx task (check timeouts)
[0;0m[0;34mRDP 0x563aed2fe610: Wake Tx task (check timeouts)
[0;0m[0;34mRDP 0x563aed2fe610: Received in S 3: syn 0, ack 1, eack 0, rst 0, seq_nr 61765, ack_nr 23278, packet_len 5 (0)
[0;0m[0;34mRDP 0x563aed2fe610: Send CMP S 3: syn 0, ack 1, eack 0, rst 0, seq_nr 23279, ack_nr 61764, packet_len 5 (0)
[0;0m[0;34mRDP 0x563aed2fe610: Wake Tx task (check timeouts)
[0;0m[0;34mRDP 0x563aed2fe610: Received in S 3: syn 0, ack 1, eack 0, rst 0, seq_nr 61765, ack_nr 23278, packet_len 157 (152)
[0;0m[0;34mRDP 0x563aed2fe610: Wake Tx task (check timeouts)
[0;0m[0;34mcsp_sfp_recv_fp: 20:44, fragment 144/144
[0;0mRECV_BUNDLE bundle_seq=11 n=4 bytes=144
[0;34mRDP 0x563aed2fe610: Wake Tx task (check timeouts)
[0;0m[0;34mRDP 0x563aed2fe610: Wake Tx task (check timeouts)
[0;0m[0;34mRDP 0x563aed2fe610: Received in S 3: syn 0, ack 1, eack 0, rst 0, seq_nr 61766, ack_nr 23278, packet_len 5 (0)
[0;0m[0;34mRDP 0x563aed2fe610: Send CMP S 3: syn 0, ack 1, eack 0, rst 0, seq_nr 23279, ack_nr 61765, packet_len 5 (0)
[0;0m[0;34mRDP 0x563aed2fe610: Wake Tx task (check timeouts)
[0;0m[0;34mRDP 0x563aed2fe610: Received in S 3: syn 0, ack 1, eack 0, rst 0, seq_nr 61766, ack_nr 23278, packet_len 157 (152)
[0;0m[0;34mRDP 0x563aed2fe610: Wake Tx task (check timeouts)
[0;0m[0;34mcsp_sfp_recv_fp: 20:44, fragment 144/144
[0;0mRECV_BUNDLE bundle_seq=12 n=4 bytes=144
[0;34mRDP 0x563aed2fe610: Wake Tx task (check timeouts)
[0;0m[0;34mRDP 0x563aed2fe610: Wake Tx task (check timeouts)
[0;0m[0;34mRDP 0x563aed2fe610: Received in S 3: syn 0, ack 1, eack 0, rst 0, seq_nr 61767, ack_nr 23278, packet_len 5 (0)
[0;0m[0;34mRDP 0x563aed2fe610: Send CMP S 3: syn 0, ack 1, eack 0, rst 0, seq_nr 23279, ack_nr 61766, packet_len 5 (0)
[0;0m[0;34mRDP 0x563aed2fe610: Wake Tx task (check timeouts)
[0;0m[0;34mRDP 0x563aed2fe610: Received in S 3: syn 0, ack 1, eack 0, rst 0, seq_nr 61767, ack_nr 23278, packet_len 157 (152)
[0;0m[0;34mRDP 0x563aed2fe610: Wake Tx task (check timeouts)
[0;0m[0;34mcsp_sfp_recv_fp: 20:44, fragment 144/144
[0;0mRECV_BUNDLE bundle_seq=13 n=4 bytes=144
[0;34mRDP 0x563aed2fe610: Wake Tx task (check timeouts)
[0;0m[0;34mRDP 0x563aed2fe610: Wake Tx task (check timeouts)
[0;0m[0;34mRDP 0x563aed2fe610: Received in S 3: syn 0, ack 1, eack 0, rst 0, seq_nr 61768, ack_nr 23278, packet_len 5 (0)
[0;0m[0;34mRDP 0x563aed2fe610: Send CMP S 3: syn 0, ack 1, eack 0, rst 0, seq_nr 23279, ack_nr 61767, packet_len 5 (0)
[0;0m[0;34mRDP 0x563aed2fe610: Wake Tx task (check timeouts)
[0;0m[0;34mRDP 0x563aed2fe610: Received in S 3: syn 0, ack 1, eack 0, rst 0, seq_nr 61768, ack_nr 23278, packet_len 157 (152)
[0;0m[0;34mRDP 0x563aed2fe610: Wake Tx task (check timeouts)
[0;0m[0;34mcsp_sfp_recv_fp: 20:44, fragment 144/144
[0;0mRECV_BUNDLE bundle_seq=14 n=4 bytes=144
[0;34mRDP 0x563aed2fe610: Wake Tx task (check timeouts)
[0;0m[0;34mRDP 0x563aed2fe610: Wake Tx task (check timeouts)
[0;0m[0;34mRDP 0x563aed2fe610: Received in S 3: syn 0, ack 1, eack 0, rst 0, seq_nr 61769, ack_nr 23278, packet_len 5 (0)
[0;0m[0;34mRDP 0x563aed2fe610: Send CMP S 3: syn 0, ack 1, eack 0, rst 0, seq_nr 23279, ack_nr 61768, packet_len 5 (0)
[0;0m[0;34mRDP 0x563aed2fe610: Wake Tx task (check timeouts)
[0;0m[0;34mRDP 0x563aed2fe610: Received in S 3: syn 0, ack 1, eack 0, rst 0, seq_nr 61769, ack_nr 23278, packet_len 157 (152)
[0;0m[0;34mRDP 0x563aed2fe610: Wake Tx task (check timeouts)
[0;0m[0;34mcsp_sfp_recv_fp: 20:44, fragment 144/144
[0;0mRECV_BUNDLE bundle_seq=15 n=4 bytes=144
[0;34mRDP 0x563aed2fe610: Wake Tx task (check timeouts)
[0;0m[0;34mRDP 0x563aed2fe610: Wake Tx task (check timeouts)
[0;0m[0;34mRDP 0x563aed2fe610: Received in S 3: syn 0, ack 1, eack 0, rst 0, seq_nr 61770, ack_nr 23278, packet_len 5 (0)
[0;0m[0;34mRDP 0x563aed2fe610: Send CMP S 3: syn 0, ack 1, eack 0, rst 0, seq_nr 23279, ack_nr 61769, packet_len 5 (0)
[0;0m[0;34mRDP 0x563aed2fe610: Wake Tx task (check timeouts)
[0;0m[0;34mRDP 0x563aed2fe610: Received in S 3: syn 0, ack 1, eack 0, rst 0, seq_nr 61770, ack_nr 23278, packet_len 157 (152)
[0;0m[0;34mRDP 0x563aed2fe610: Wake Tx task (check timeouts)
[0;0m[0;34mcsp_sfp_recv_fp: 20:44, fragment 144/144
[0;0mRECV_BUNDLE bundle_seq=16 n=4 bytes=144
[0;34mRDP 0x563aed2fe610: Wake Tx task (check timeouts)
[0;0m[0;34mRDP 0x563aed2fe610: Wake Tx task (check timeouts)
[0;0m[0;34mRDP 0x563aed2fe610: Received in S 3: syn 0, ack 1, eack 0, rst 0, seq_nr 61771, ack_nr 23278, packet_len 5 (0)
[0;0m[0;34mRDP 0x563aed2fe610: Send CMP S 3: syn 0, ack 1, eack 0, rst 0, seq_nr 23279, ack_nr 61770, packet_len 5 (0)
[0;0m[0;34mRDP 0x563aed2fe610: Wake Tx task (check timeouts)
[0;0m[0;34mRDP 0x563aed2fe610: Received in S 3: syn 0, ack 1, eack 0, rst 0, seq_nr 61771, ack_nr 23278, packet_len 157 (152)
[0;0m[0;34mRDP 0x563aed2fe610: Wake Tx task (check timeouts)
[0;0m[0;34mcsp_sfp_recv_fp: 20:44, fragment 144/144
[0;0mRECV_BUNDLE bundle_seq=17 n=4 bytes=144
[0;34mRDP 0x563aed2fe610: Wake Tx task (check timeouts)
[0;0m[0;34mRDP 0x563aed2fe610: Wake Tx task (check timeouts)
[0;0m[0;34mRDP 0x563aed2fe610: Received in S 3: syn 0, ack 1, eack 0, rst 0, seq_nr 61772, ack_nr 23278, packet_len 5 (0)
[0;0m[0;34mRDP 0x563aed2fe610: Send CMP S 3: syn 0, ack 1, eack 0, rst 0, seq_nr 23279, ack_nr 61771, packet_len 5 (0)
[0;0m[0;34mRDP 0x563aed2fe610: Wake Tx task (check timeouts)
[0;0m[0;34mRDP 0x563aed2fe610: Received in S 3: syn 0, ack 1, eack 0, rst 0, seq_nr 61772, ack_nr 23278, packet_len 157 (152)
[0;0m[0;34mRDP 0x563aed2fe610: Wake Tx task (check timeouts)
[0;0m[0;34mcsp_sfp_recv_fp: 20:44, fragment 144/144
[0;0mRECV_BUNDLE bundle_seq=18 n=4 bytes=144
[0;34mRDP 0x563aed2fe610: Wake Tx task (check timeouts)
[0;0m[0;34mRDP 0x563aed2fe610: Wake Tx task (check timeouts)
[0;0m[0;34mRDP 0x563aed2fe610: Received in S 3: syn 0, ack 1, eack 0, rst 0, seq_nr 61773, ack_nr 23278, packet_len 5 (0)
[0;0m[0;34mRDP 0x563aed2fe610: Send CMP S 3: syn 0, ack 1, eack 0, rst 0, seq_nr 23279, ack_nr 61772, packet_len 5 (0)
[0;0m[0;34mRDP 0x563aed2fe610: Wake Tx task (check timeouts)
[0;0m[0;34mRDP 0x563aed2fe610: Received in S 3: syn 0, ack 1, eack 0, rst 0, seq_nr 61773, ack_nr 23278, packet_len 157 (152)
[0;0m[0;34mRDP 0x563aed2fe610: Wake Tx task (check timeouts)
[0;0m[0;34mcsp_sfp_recv_fp: 20:44, fragment 144/144
[0;0mRECV_BUNDLE bundle_seq=19 n=4 bytes=144
[0;34mRDP 0x563aed2fe610: Wake Tx task (check timeouts)
[0;0m[0;34mRDP 0x563aed2fe610: Wake Tx task (check timeouts)
[0;0m[0;34mRDP 0x563aed2fe610: Received in S 3: syn 0, ack 1, eack 0, rst 0, seq_nr 61774, ack_nr 23278, packet_len 5 (0)
[0;0m[0;34mRDP 0x563aed2fe610: Send CMP S 3: syn 0, ack 1, eack 0, rst 0, seq_nr 23279, ack_nr 61773, packet_len 5 (0)
[0;0m[0;34mRDP 0x563aed2fe610: Wake Tx task (check timeouts)
[0;0m[0;34mRDP 0x563aed2fe610: Received in S 3: syn 0, ack 1, eack 0, rst 0, seq_nr 61774, ack_nr 23278, packet_len 157 (152)
[0;0m[0;34mRDP 0x563aed2fe610: Wake Tx task (check timeouts)
[0;0m[0;34mcsp_sfp_recv_fp: 20:44, fragment 144/144
[0;0mRECV_BUNDLE bundle_seq=20 n=4 bytes=144
[0;34mRDP 0x563aed2fe610: Wake Tx task (check timeouts)
[0;0m[0;34mRDP 0x563aed2fe610: Wake Tx task (check timeouts)
[0;0m[0;34mRDP 0x563aed2fe610: Received in S 3: syn 0, ack 1, eack 0, rst 0, seq_nr 61775, ack_nr 23278, packet_len 5 (0)
[0;0m[0;34mRDP 0x563aed2fe610: Send CMP S 3: syn 0, ack 1, eack 0, rst 0, seq_nr 23279, ack_nr 61774, packet_len 5 (0)
[0;0m[0;34mRDP 0x563aed2fe610: Wake Tx task (check timeouts)
[0;0m[0;34mRDP 0x563aed2fe610: Received in S 3: syn 0, ack 1, eack 0, rst 0, seq_nr 61775, ack_nr 23278, packet_len 157 (152)
[0;0m[0;34mRDP 0x563aed2fe610: Wake Tx task (check timeouts)
[0;0m[0;34mcsp_sfp_recv_fp: 20:44, fragment 144/144
[0;0mRECV_BUNDLE bundle_seq=21 n=4 bytes=144
[0;34mRDP 0x563aed2fe610: Wake Tx task (check timeouts)
[0;0m[0;34mRDP 0x563aed2fe610: Wake Tx task (check timeouts)
[0;0m[0;34mRDP 0x563aed2fe610: Send CMP S 3: syn 0, ack 1, eack 0, rst 0, seq_nr 23279, ack_nr 61775, packet_len 5 (0)
[0;0m[0;34mRDP 0x563aed2fe610: Wake Tx task (check timeouts)
[0;0m[0;34mRDP 0x563aed2fe610: Received in S 3: syn 0, ack 1, eack 0, rst 0, seq_nr 61776, ack_nr 23278, packet_len 5 (0)
[0;0m[0;34mRDP 0x563aed2fe610: Wake Tx task (check timeouts)
[0;0m[0;34mRDP 0x563aed2fe610: Received in S 3: syn 0, ack 1, eack 0, rst 0, seq_nr 61776, ack_nr 23278, packet_len 157 (152)
[0;0m[0;34mRDP 0x563aed2fe610: Wake Tx task (check timeouts)
[0;0m[0;34mcsp_sfp_recv_fp: 20:44, fragment 144/144
[0;0mRECV_BUNDLE bundle_seq=22 n=4 bytes=144
[0;34mRDP 0x563aed2fe610: Wake Tx task (check timeouts)
[0;0m[0;34mRDP 0x563aed2fe610: Wake Tx task (check timeouts)
[0;0m[0;34mRDP 0x563aed2fe610: Send CMP S 3: syn 0, ack 1, eack 0, rst 0, seq_nr 23279, ack_nr 61776, packet_len 5 (0)
[0;0m[0;34mRDP 0x563aed2fe610: Wake Tx task (check timeouts)
[0;0m[0;34mRDP 0x563aed2fe610: Received in S 3: syn 0, ack 1, eack 0, rst 0, seq_nr 61777, ack_nr 23278, packet_len 5 (0)
[0;0m[0;34mRDP 0x563aed2fe610: Wake Tx task (check timeouts)
[0;0m[0;34mRDP 0x563aed2fe610: Received in S 3: syn 0, ack 1, eack 0, rst 0, seq_nr 61777, ack_nr 23278, packet_len 157 (152)
[0;0m[0;34mRDP 0x563aed2fe610: Wake Tx task (check timeouts)
[0;0m[0;34mcsp_sfp_recv_fp: 20:44, fragment 144/144
[0;0mRECV_BUNDLE bundle_seq=23 n=4 bytes=144
[0;34mRDP 0x563aed2fe610: Wake Tx task (check timeouts)
[0;0m[0;34mRDP 0x563aed2fe610: Wake Tx task (check timeouts)
[0;0m[0;34mRDP 0x563aed2fe610: Send CMP S 3: syn 0, ack 1, eack 0, rst 0, seq_nr 23279, ack_nr 61777, packet_len 5 (0)
[0;0m[0;34mRDP 0x563aed2fe610: Wake Tx task (check timeouts)
[0;0m[0;34mRDP 0x563aed2fe610: Received in S 3: syn 0, ack 1, eack 0, rst 0, seq_nr 61778, ack_nr 23278, packet_len 5 (0)
[0;0m[0;34mRDP 0x563aed2fe610: Wake Tx task (check timeouts)
[0;0m[0;34mRDP 0x563aed2fe610: Received in S 3: syn 0, ack 1, eack 0, rst 0, seq_nr 61778, ack_nr 23278, packet_len 157 (152)
[0;0m[0;34mRDP 0x563aed2fe610: Wake Tx task (check timeouts)
[0;0m[0;34mcsp_sfp_recv_fp: 20:44, fragment 144/144
[0;0mRECV_BUNDLE bundle_seq=24 n=4 bytes=144
[0;34mRDP 0x563aed2fe610: Wake Tx task (check timeouts)
[0;0m[0;34mRDP 0x563aed2fe610: Wake Tx task (check timeouts)
[0;0m[0;34mRDP 0x563aed2fe610: Received in S 3: syn 0, ack 1, eack 0, rst 0, seq_nr 61779, ack_nr 23278, packet_len 5 (0)
[0;0m[0;34mRDP 0x563aed2fe610: Send CMP S 3: syn 0, ack 1, eack 0, rst 0, seq_nr 23279, ack_nr 61778, packet_len 5 (0)
[0;0m[0;34mRDP 0x563aed2fe610: Wake Tx task (check timeouts)
[0;0m[0;34mRDP 0x563aed2fe610: Received in S 3: syn 0, ack 1, eack 0, rst 0, seq_nr 61779, ack_nr 23278, packet_len 157 (152)
[0;0m[0;34mRDP 0x563aed2fe610: Wake Tx task (check timeouts)
[0;0m[0;34mcsp_sfp_recv_fp: 20:44, fragment 144/144
[0;0mRECV_BUNDLE bundle_seq=25 n=4 bytes=144
[0;34mRDP 0x563aed2fe610: Wake Tx task (check timeouts)
[0;0m[0;34mRDP 0x563aed2fe610: Wake Tx task (check timeouts)
[0;0m[0;34mRDP 0x563aed2fe610: Received in S 3: syn 0, ack 1, eack 0, rst 0, seq_nr 61780, ack_nr 23278, packet_len 5 (0)
[0;0m[0;34mRDP 0x563aed2fe610: Send CMP S 3: syn 0, ack 1, eack 0, rst 0, seq_nr 23279, ack_nr 61779, packet_len 5 (0)
[0;0m[0;34mRDP 0x563aed2fe610: Wake Tx task (check timeouts)
[0;0m[0;34mRDP 0x563aed2fe610: Received in S 3: syn 0, ack 1, eack 0, rst 0, seq_nr 61780, ack_nr 23278, packet_len 157 (152)
[0;0m[0;34mRDP 0x563aed2fe610: Wake Tx task (check timeouts)
[0;0m[0;34mcsp_sfp_recv_fp: 20:44, fragment 144/144
[0;0mRECV_BUNDLE bundle_seq=26 n=4 bytes=144
[0;34mRDP 0x563aed2fe610: Wake Tx task (check timeouts)
[0;0m[0;34mRDP 0x563aed2fe610: Wake Tx task (check timeouts)
[0;0m[0;34mRDP 0x563aed2fe610: Send CMP S 3: syn 0, ack 1, eack 0, rst 0, seq_nr 23279, ack_nr 61780, packet_len 5 (0)
[0;0m[0;34mRDP 0x563aed2fe610: Wake Tx task (check timeouts)
[0;0m[0;34mRDP 0x563aed2fe610: Received in S 3: syn 0, ack 1, eack 0, rst 0, seq_nr 61781, ack_nr 23278, packet_len 5 (0)
[0;0m[0;34mRDP 0x563aed2fe610: Wake Tx task (check timeouts)
[0;0m[0;34mRDP 0x563aed2fe610: Received in S 3: syn 0, ack 1, eack 0, rst 0, seq_nr 61781, ack_nr 23278, packet_len 157 (152)
[0;0m[0;34mRDP 0x563aed2fe610: Wake Tx task (check timeouts)
[0;0m[0;34mcsp_sfp_recv_fp: 20:44, fragment 144/144
[0;0mRECV_BUNDLE bundle_seq=27 n=4 bytes=144
[0;34mRDP 0x563aed2fe610: Wake Tx task (check timeouts)
[0;0m[0;34mRDP 0x563aed2fe610: Wake Tx task (check timeouts)
[0;0m[0;34mRDP 0x563aed2fe610: Received in S 3: syn 0, ack 1, eack 0, rst 0, seq_nr 61782, ack_nr 23278, packet_len 5 (0)
[0;0m[0;34mRDP 0x563aed2fe610: Send CMP S 3: syn 0, ack 1, eack 0, rst 0, seq_nr 23279, ack_nr 61781, packet_len 5 (0)
[0;0m[0;34mRDP 0x563aed2fe610: Wake Tx task (check timeouts)
[0;0m[0;34mRDP 0x563aed2fe610: Received in S 3: syn 0, ack 1, eack 0, rst 0, seq_nr 61782, ack_nr 23278, packet_len 157 (152)
[0;0m[0;34mRDP 0x563aed2fe610: Wake Tx task (check timeouts)
[0;0m[0;34mcsp_sfp_recv_fp: 20:44, fragment 144/144
[0;0mRECV_BUNDLE bundle_seq=28 n=4 bytes=144
[0;34mRDP 0x563aed2fe610: Wake Tx task (check timeouts)
[0;0m[0;34mRDP 0x563aed2fe610: Wake Tx task (check timeouts)
[0;0m[0;34mRDP 0x563aed2fe610: Send CMP S 3: syn 0, ack 1, eack 0, rst 0, seq_nr 23279, ack_nr 61782, packet_len 5 (0)
[0;0m[0;34mRDP 0x563aed2fe610: Wake Tx task (check timeouts)
[0;0m[0;34mRDP 0x563aed2fe610: Received in S 3: syn 0, ack 1, eack 0, rst 0, seq_nr 61783, ack_nr 23278, packet_len 5 (0)
[0;0m[0;34mRDP 0x563aed2fe610: Wake Tx task (check timeouts)
[0;0m[0;34mRDP 0x563aed2fe610: Received in S 3: syn 0, ack 1, eack 0, rst 0, seq_nr 61783, ack_nr 23278, packet_len 157 (152)
[0;0m[0;34mRDP 0x563aed2fe610: Wake Tx task (check timeouts)
[0;0m[0;34mcsp_sfp_recv_fp: 20:44, fragment 144/144
[0;0mRECV_BUNDLE bundle_seq=29 n=4 bytes=144
[0;34mRDP 0x563aed2fe610: Wake Tx task (check timeouts)
[0;0m[0;34mRDP 0x563aed2fe610: Wake Tx task (check timeouts)
[0;0m[0;34mRDP 0x563aed2fe610: Send CMP S 3: syn 0, ack 1, eack 0, rst 0, seq_nr 23279, ack_nr 61783, packet_len 5 (0)
[0;0m[0;34mRDP 0x563aed2fe610: Wake Tx task (check timeouts)
[0;0m[0;34mRDP 0x563aed2fe610: Received in S 3: syn 0, ack 1, eack 0, rst 0, seq_nr 61784, ack_nr 23278, packet_len 5 (0)
[0;0m[0;34mRDP 0x563aed2fe610: Wake Tx task (check timeouts)
[0;0m[0;34mRDP 0x563aed2fe610: Received in S 3: syn 0, ack 1, eack 0, rst 0, seq_nr 61784, ack_nr 23278, packet_len 157 (152)
[0;0m[0;34mRDP 0x563aed2fe610: Wake Tx task (check timeouts)
[0;0m[0;34mcsp_sfp_recv_fp: 20:44, fragment 144/144
[0;0mRECV_BUNDLE bundle_seq=30 n=4 bytes=144
[0;34mRDP 0x563aed2fe610: Wake Tx task (check timeouts)
[0;0m[0;34mRDP 0x563aed2fe610: Wake Tx task (check timeouts)
[0;0m[0;34mRDP 0x563aed2fe610: Received in S 3: syn 0, ack 1, eack 0, rst 0, seq_nr 61785, ack_nr 23278, packet_len 5 (0)
[0;0m[0;34mRDP 0x563aed2fe610: Send CMP S 3: syn 0, ack 1, eack 0, rst 0, seq_nr 23279, ack_nr 61784, packet_len 5 (0)
[0;0m[0;34mRDP 0x563aed2fe610: Wake Tx task (check timeouts)
[0;0m[0;34mRDP 0x563aed2fe610: Received in S 3: syn 0, ack 1, eack 0, rst 0, seq_nr 61785, ack_nr 23278, packet_len 157 (152)
[0;0m[0;34mRDP 0x563aed2fe610: Wake Tx task (check timeouts)
[0;0m[0;34mcsp_sfp_recv_fp: 20:44, fragment 144/144
[0;0mRECV_BUNDLE bundle_seq=31 n=4 bytes=144
[0;34mRDP 0x563aed2fe610: Wake Tx task (check timeouts)
[0;0m[0;34mRDP 0x563aed2fe610: Wake Tx task (check timeouts)
[0;0m[0;34mRDP 0x563aed2fe610: Received in S 3: syn 0, ack 1, eack 0, rst 0, seq_nr 61786, ack_nr 23278, packet_len 5 (0)
[0;0m[0;34mRDP 0x563aed2fe610: Send CMP S 3: syn 0, ack 1, eack 0, rst 0, seq_nr 23279, ack_nr 61785, packet_len 5 (0)
[0;0m[0;34mRDP 0x563aed2fe610: Wake Tx task (check timeouts)
[0;0m[0;34mRDP 0x563aed2fe610: Received in S 3: syn 0, ack 1, eack 0, rst 0, seq_nr 61786, ack_nr 23278, packet_len 157 (152)
[0;0m[0;34mRDP 0x563aed2fe610: Wake Tx task (check timeouts)
[0;0m[0;34mcsp_sfp_recv_fp: 20:44, fragment 144/144
[0;0mRECV_BUNDLE bundle_seq=32 n=4 bytes=144
[0;34mRDP 0x563aed2fe610: Wake Tx task (check timeouts)
[0;0m[0;34mRDP 0x563aed2fe610: Wake Tx task (check timeouts)
[0;0m[0;34mRDP 0x563aed2fe610: Received in S 3: syn 0, ack 1, eack 0, rst 0, seq_nr 61787, ack_nr 23278, packet_len 5 (0)
[0;0m[0;34mRDP 0x563aed2fe610: Send CMP S 3: syn 0, ack 1, eack 0, rst 0, seq_nr 23279, ack_nr 61786, packet_len 5 (0)
[0;0m[0;34mRDP 0x563aed2fe610: Wake Tx task (check timeouts)
[0;0m[0;34mRDP 0x563aed2fe610: Received in S 3: syn 0, ack 1, eack 0, rst 0, seq_nr 61787, ack_nr 23278, packet_len 157 (152)
[0;0m[0;34mRDP 0x563aed2fe610: Wake Tx task (check timeouts)
[0;0m[0;34mcsp_sfp_recv_fp: 20:44, fragment 144/144
[0;0mRECV_BUNDLE bundle_seq=33 n=4 bytes=144
[0;34mRDP 0x563aed2fe610: Wake Tx task (check timeouts)
[0;0m[0;34mRDP 0x563aed2fe610: Wake Tx task (check timeouts)
[0;0m[0;34mRDP 0x563aed2fe610: Received in S 3: syn 0, ack 1, eack 0, rst 0, seq_nr 61788, ack_nr 23278, packet_len 5 (0)
[0;0m[0;34mRDP 0x563aed2fe610: Send CMP S 3: syn 0, ack 1, eack 0, rst 0, seq_nr 23279, ack_nr 61787, packet_len 5 (0)
[0;0m[0;34mRDP 0x563aed2fe610: Wake Tx task (check timeouts)
[0;0m[0;34mRDP 0x563aed2fe610: Received in S 3: syn 0, ack 1, eack 0, rst 0, seq_nr 61788, ack_nr 23278, packet_len 157 (152)
[0;0m[0;34mRDP 0x563aed2fe610: Wake Tx task (check timeouts)
[0;0m[0;34mcsp_sfp_recv_fp: 20:44, fragment 144/144
[0;0mRECV_BUNDLE bundle_seq=34 n=4 bytes=144
cspcl_recv_bundle: Operation timed out -- stopping
[0;34mRDP 0x563aed2fe610: Wake Tx task (check timeouts)
[0;0m[0;34mRDP 0x563aed2fe610: Wake Tx task (check timeouts)
[0;0m[0;34mRDP 0x563aed2fe610: Received in S 3: syn 0, ack 1, eack 0, rst 0, seq_nr 61789, ack_nr 23278, packet_len 5 (0)
[0;0m[0;34mRDP 0x563aed2fe610: Send CMP S 3: syn 0, ack 1, eack 0, rst 0, seq_nr 23279, ack_nr 61788, packet_len 5 (0)
[0;0m[0;34mRDP 0x563aed2fe610: Wake Tx task (check timeouts)
[0;0m[0;34mRDP 0x563aed2fe610: Wake Tx task (check timeouts)
[0;0m[0;34mRDP 0x563aed2fe610: Wake Tx task (check timeouts)
[0;0m[0;34mRDP 0x563aed2fe610: Send CMP S 3: syn 0, ack 1, eack 0, rst 0, seq_nr 23279, ack_nr 61788, packet_len 5 (0)
[0;0m[0;34mRDP 0x563aed2fe610: Wake Tx task (check timeouts)
[0;0m[0;34mRDP 0x563aed2fe610: Wake Tx task (check timeouts)
[0;0m[0;34mRDP 0x563aed2fe610: Wake Tx task (check timeouts)
[0;0m[0;34mRDP 0x563aed2fe610: Send CMP S 3: syn 0, ack 1, eack 0, rst 0, seq_nr 23279, ack_nr 61788, packet_len 5 (0)
[0;0m[0;34mRDP 0x563aed2fe610: Wake Tx task (check timeouts)
[0;0m[0;34mRDP 0x563aed2fe610: Wake Tx task (check timeouts)
[0;0m[0;34mRDP 0x563aed2fe610: Wake Tx task (check timeouts)
[0;0m[0;34mRDP 0x563aed2fe610: Send CMP S 3: syn 0, ack 1, eack 0, rst 0, seq_nr 23279, ack_nr 61788, packet_len 5 (0)
[0;0m[0;34mRDP 0x563aed2fe610: Wake Tx task (check timeouts)
[0;0m[0;34mRDP 0x563aed2fe610: Wake Tx task (check timeouts)
[0;0m[0;34mRDP 0x563aed2fe610: Wake Tx task (check timeouts)
[0;0m[0;34mRDP 0x563aed2fe610: Send CMP S 3: syn 0, ack 1, eack 0, rst 0, seq_nr 23279, ack_nr 61788, packet_len 5 (0)
[0;0m[0;34mRDP 0x563aed2fe610: Wake Tx task (check timeouts)
[0;0m[0;34mRDP 0x563aed2fe610: Wake Tx task (check timeouts)
[0;0m[0;34mRDP 0x563aed2fe610: Wake Tx task (check timeouts)
[0;0m[0;34mRDP 0x563aed2fe610: Send CMP S 3: syn 0, ack 1, eack 0, rst 0, seq_nr 23279, ack_nr 61788, packet_len 5 (0)
[0;0m[0;34mRDP 0x563aed2fe610: Wake Tx task (check timeouts)
[0;0m[0;34mRDP 0x563aed2fe610: Wake Tx task (check timeouts)
[0;0m[0;34mRDP 0x563aed2fe610: Wake Tx task (check timeouts)
[0;0m[0;34mRDP 0x563aed2fe610: Send CMP S 3: syn 0, ack 1, eack 0, rst 0, seq_nr 23279, ack_nr 61788, packet_len 5 (0)
[0;0m[0;34mRDP 0x563aed2fe610: Wake Tx task (check timeouts)
[0;0m[0;34mRDP 0x563aed2fe610: Wake Tx task (check timeouts)
[0;0m[0;34mRDP 0x563aed2fe610: Wake Tx task (check timeouts)
[0;0m[0;34mRDP 0x563aed2fe610: Send CMP S 3: syn 0, ack 1, eack 0, rst 0, seq_nr 23279, ack_nr 61788, packet_len 5 (0)
[0;0m[0;34mRDP 0x563aed2fe610: Wake Tx task (check timeouts)
[0;0m[0;34mRDP 0x563aed2fe610: Wake Tx task (check timeouts)
[0;0m[0;34mRDP 0x563aed2fe610: Wake Tx task (check timeouts)
[0;0m[0;34mRDP 0x563aed2fe610: Send CMP S 3: syn 0, ack 1, eack 0, rst 0, seq_nr 23279, ack_nr 61788, packet_len 5 (0)
[0;0m[0;34mRDP 0x563aed2fe610: Wake Tx task (check timeouts)
[0;0m[0;34mRDP 0x563aed2fe610: Wake Tx task (check timeouts)
[0;0m[0;34mRDP 0x563aed2fe610: Wake Tx task (check timeouts)
[0;0m[0;34mRDP 0x563aed2fe610: Send CMP S 3: syn 0, ack 1, eack 0, rst 0, seq_nr 23279, ack_nr 61788, packet_len 5 (0)
[0;0m[0;34mRDP 0x563aed2fe610: Wake Tx task (check timeouts)
[0;0m
--- bundle measurement summary ---
bundles received: 34
unit latency: min=0.205 ms  mean=0.405 ms  max=0.814 ms  stddev=0.148 ms  (n=136 units)
throughput: 2.62 bundles/sec  10.5 units/sec-equivalent  0.4 kB/s
ff6966d610: Sending  in S 3: syn 0, ack 1, eack 0, rst 0, seq_nr 61787, ack_nr 23278, packet_len 157 (152)
[0;0m[0;34mRDP 0x55ff6966d610: Wake Tx task (check timeouts)
[0;0m[0;34mRDP 0x55ff6966d610: Wake Tx task (check timeouts)
[0;0m[0;34mRDP 0x55ff6966d610: Send CMP S 3: syn 0, ack 1, eack 0, rst 0, seq_nr 61788, ack_nr 23278, packet_len 5 (0)
[0;0m[0;34mRDP 0x55ff6966d610: Wake Tx task (check timeouts)
[0;0m[0;34mRDP 0x55ff6966d610: Received in S 3: syn 0, ack 1, eack 0, rst 0, seq_nr 23279, ack_nr 61787, packet_len 5 (0)
[0;0m[0;34mRDP 0x55ff6966d610: TX Element Free, time 22745675, seq 61787, una 61788
[0;0m[0;34mRDP 0x55ff6966d610: Wake Tx task (check timeouts)
[0;0mSENT bundle=33 n=4 bytes=144 send_time_ms=301.388
[0;34mcsp_sfp_send_own_memcpy: 21:10, sending at 0x55ff6967b7b0 size 144
[0;0m[0;34mRDP 0x55ff6966d610: Sending  in S 3: syn 0, ack 1, eack 0, rst 0, seq_nr 61788, ack_nr 23278, packet_len 157 (152)
[0;0m[0;34mRDP 0x55ff6966d610: Wake Tx task (check timeouts)
[0;0m[0;34mRDP 0x55ff6966d610: Wake Tx task (check timeouts)
[0;0m[0;34mRDP 0x55ff6966d610: Send CMP S 3: syn 0, ack 1, eack 0, rst 0, seq_nr 61789, ack_nr 23278, packet_len 5 (0)
[0;0m[0;34mRDP 0x55ff6966d610: Wake Tx task (check timeouts)
[0;0m[0;34mRDP 0x55ff6966d610: Received in S 3: syn 0, ack 1, eack 0, rst 0, seq_nr 23279, ack_nr 61788, packet_len 5 (0)
[0;0m[0;34mRDP 0x55ff6966d610: TX Element Free, time 22745977, seq 61788, una 61789
[0;0m[0;34mRDP 0x55ff6966d610: Wake Tx task (check timeouts)
[0;0mSENT bundle=34 n=4 bytes=144 send_time_ms=301.403
SUMMARY bundles_sent=34 n_per_bundle=4 unit_size=36 bundle_len=144 mean_send_ms=301.212
