[bundle_receiver] listening on addr 21  (timeout=5000 ms per bundle)
[0;34mRDP 0x55f40f7b8610: Received in S 0: syn 1, ack 0, eack 0, rst 0, seq_nr  4823, ack_nr     0, packet_len 29 (24)
[0;0m[0;34mRDP 0x55f40f7b8610: SYN-Received
[0;0m[0;34mRDP 0x55f40f7b8610: window size 4, conn timeout 1000, packet timeout 1000, delayed acks: 1, ack timeout 250, ack each 2 packet
[0;0m[0;34mRDP 0x55f40f7b8610: Send CMP S 2: syn 1, ack 1, eack 0, rst 0, seq_nr  2391, ack_nr  4823, packet_len 5 (0)
[0;0m[0;34mRDP 0x55f40f7b8610: Received in S 2: syn 0, ack 1, eack 0, rst 0, seq_nr  4824, ack_nr  2391, packet_len 5 (0)
[0;0m[0;34mRDP 0x55f40f7b8610: NC: Connection OPEN
[0;0m[0;34mRDP 0x55f40f7b8610: TX Element Free, time 22700353, seq 2391, una 2392
[0;0m[0;34mRDP 0x55f40f7b8610: Wake Tx task (check timeouts)
[0;0m[0;34mRDP 0x55f40f7b8610: Received in S 3: syn 0, ack 1, eack 0, rst 0, seq_nr  4824, ack_nr  2391, packet_len 85 (80)
[0;0m[0;34mRDP 0x55f40f7b8610: Wake Tx task (check timeouts)
[0;0m[0;34mcsp_sfp_recv_fp: 20:50, fragment 72/72
[0;0mRECV_BUNDLE bundle_seq=1 n=2 bytes=72
[0;34mRDP 0x55f40f7b8610: Wake Tx task (check timeouts)
[0;0m[0;34mRDP 0x55f40f7b8610: Wake Tx task (check timeouts)
[0;0m[0;34mRDP 0x55f40f7b8610: Send CMP S 3: syn 0, ack 1, eack 0, rst 0, seq_nr  2392, ack_nr  4824, packet_len 5 (0)
[0;0m[0;34mRDP 0x55f40f7b8610: Wake Tx task (check timeouts)
[0;0m[0;34mRDP 0x55f40f7b8610: Received in S 3: syn 0, ack 1, eack 0, rst 0, seq_nr  4825, ack_nr  2391, packet_len 5 (0)
[0;0m[0;34mRDP 0x55f40f7b8610: Wake Tx task (check timeouts)
[0;0m[0;34mRDP 0x55f40f7b8610: Received in S 3: syn 0, ack 1, eack 0, rst 0, seq_nr  4825, ack_nr  2391, packet_len 85 (80)
[0;0m[0;34mRDP 0x55f40f7b8610: Wake Tx task (check timeouts)
[0;0m[0;34mcsp_sfp_recv_fp: 20:50, fragment 72/72
[0;0mRECV_BUNDLE bundle_seq=2 n=2 bytes=72
[0;34mRDP 0x55f40f7b8610: Wake Tx task (check timeouts)
[0;0m[0;34mRDP 0x55f40f7b8610: Wake Tx task (check timeouts)
[0;0m[0;34mRDP 0x55f40f7b8610: Send CMP S 3: syn 0, ack 1, eack 0, rst 0, seq_nr  2392, ack_nr  4825, packet_len 5 (0)
[0;0m[0;34mRDP 0x55f40f7b8610: Wake Tx task (check timeouts)
[0;0m[0;34mRDP 0x55f40f7b8610: Received in S 3: syn 0, ack 1, eack 0, rst 0, seq_nr  4826, ack_nr  2391, packet_len 5 (0)
[0;0m[0;34mRDP 0x55f40f7b8610: Wake Tx task (check timeouts)
[0;0m[0;34mRDP 0x55f40f7b8610: Received in S 3: syn 0, ack 1, eack 0, rst 0, seq_nr  4826, ack_nr  2391, packet_len 85 (80)
[0;0m[0;34mRDP 0x55f40f7b8610: Wake Tx task (check timeouts)
[0;0m[0;34mcsp_sfp_recv_fp: 20:50, fragment 72/72
[0;0mRECV_BUNDLE bundle_seq=3 n=2 bytes=72
[0;34mRDP 0x55f40f7b8610: Wake Tx task (check timeouts)
[0;0m[0;34mRDP 0x55f40f7b8610: Wake Tx task (check timeouts)
[0;0m[0;34mRDP 0x55f40f7b8610: Received in S 3: syn 0, ack 1, eack 0, rst 0, seq_nr  4827, ack_nr  2391, packet_len 5 (0)
[0;0m[0;34mRDP 0x55f40f7b8610: Send CMP S 3: syn 0, ack 1, eack 0, rst 0, seq_nr  2392, ack_nr  4826, packet_len 5 (0)
[0;0m[0;34mRDP 0x55f40f7b8610: Wake Tx task (check timeouts)
[0;0m[0;34mRDP 0x55f40f7b8610: Received in S 3: syn 0, ack 1, eack 0, rst 0, seq_nr  4827, ack_nr  2391, packet_len 85 (80)
[0;0m[0;34mRDP 0x55f40f7b8610: Wake Tx task (check timeouts)
[0;0m[0;34mcsp_sfp_recv_fp: 20:50, fragment 72/72
[0;0mRECV_BUNDLE bundle_seq=4 n=2 bytes=72
[0;34mRDP 0x55f40f7b8610: Wake Tx task (check timeouts)
[0;0m[0;34mRDP 0x55f40f7b8610: Wake Tx task (check timeouts)
[0;0m[0;34mRDP 0x55f40f7b8610: Send CMP S 3: syn 0, ack 1, eack 0, rst 0, seq_nr  2392, ack_nr  4827, packet_len 5 (0)
[0;0m[0;34mRDP 0x55f40f7b8610: Wake Tx task (check timeouts)
[0;0m[0;34mRDP 0x55f40f7b8610: Received in S 3: syn 0, ack 1, eack 0, rst 0, seq_nr  4828, ack_nr  2391, packet_len 5 (0)
[0;0m[0;34mRDP 0x55f40f7b8610: Wake Tx task (check timeouts)
[0;0m[0;34mRDP 0x55f40f7b8610: Received in S 3: syn 0, ack 1, eack 0, rst 0, seq_nr  4828, ack_nr  2391, packet_len 85 (80)
[0;0m[0;34mRDP 0x55f40f7b8610: Wake Tx task (check timeouts)
[0;0m[0;34mcsp_sfp_recv_fp: 20:50, fragment 72/72
[0;0mRECV_BUNDLE bundle_seq=5 n=2 bytes=72
[0;34mRDP 0x55f40f7b8610: Wake Tx task (check timeouts)
[0;0m[0;34mRDP 0x55f40f7b8610: Wake Tx task (check timeouts)
[0;0m[0;34mRDP 0x55f40f7b8610: Received in S 3: syn 0, ack 1, eack 0, rst 0, seq_nr  4829, ack_nr  2391, packet_len 5 (0)
[0;0m[0;34mRDP 0x55f40f7b8610: Send CMP S 3: syn 0, ack 1, eack 0, rst 0, seq_nr  2392, ack_nr  4828, packet_len 5 (0)
[0;0m[0;34mRDP 0x55f40f7b8610: Wake Tx task (check timeouts)
[0;0m[0;34mRDP 0x55f40f7b8610: Received in S 3: syn 0, ack 1, eack 0, rst 0, seq_nr  4829, ack_nr  2391, packet_len 85 (80)
[0;0m[0;34mRDP 0x55f40f7b8610: Wake Tx task (check timeouts)
[0;0m[0;34mcsp_sfp_recv_fp: 20:50, fragment 72/72
[0;0mRECV_BUNDLE bundle_seq=6 n=2 bytes=72
[0;34mRDP 0x55f40f7b8610: Wake Tx task (check timeouts)
[0;0m[0;34mRDP 0x55f40f7b8610: Wake Tx task (check timeouts)
[0;0m[0;34mRDP 0x55f40f7b8610: Received in S 3: syn 0, ack 1, eack 0, rst 0, seq_nr  4830, ack_nr  2391, packet_len 5 (0)
[0;0m[0;34mRDP 0x55f40f7b8610: Send CMP S 3: syn 0, ack 1, eack 0, rst 0, seq_nr  2392, ack_nr  4829, packet_len 5 (0)
[0;0m[0;34mRDP 0x55f40f7b8610: Wake Tx task (check timeouts)
[0;0m[0;34mRDP 0x55f40f7b8610: Received in S 3: syn 0, ack 1, eack 0, rst 0, seq_nr  4830, ack_nr  2391, packet_len 85 (80)
[0;0m[0;34mRDP 0x55f40f7b8610: Wake Tx task (check timeouts)
[0;0m[0;34mcsp_sfp_recv_fp: 20:50, fragment 72/72
[0;0mRECV_BUNDLE bundle_seq=7 n=2 bytes=72
[0;34mRDP 0x55f40f7b8610: Wake Tx task (check timeouts)
[0;0m[0;34mRDP 0x55f40f7b8610: Wake Tx task (check timeouts)
[0;0m[0;34mRDP 0x55f40f7b8610: Received in S 3: syn 0, ack 1, eack 0, rst 0, seq_nr  4831, ack_nr  2391, packet_len 5 (0)
[0;0m[0;34mRDP 0x55f40f7b8610: Send CMP S 3: syn 0, ack 1, eack 0, rst 0, seq_nr  2392, ack_nr  4830, packet_len 5 (0)
[0;0m[0;34mRDP 0x55f40f7b8610: Wake Tx task (check timeouts)
[0;0m[0;34mRDP 0x55f40f7b8610: Received in S 3: syn 0, ack 1, eack 0, rst 0, seq_nr  4831, ack_nr  2391, packet_len 85 (80)
[0;0m[0;34mRDP 0x55f40f7b8610: Wake Tx task (check timeouts)
[0;0m[0;34mcsp_sfp_recv_fp: 20:50, fragment 72/72
[0;0mRECV_BUNDLE bundle_seq=8 n=2 bytes=72
[0;34mRDP 0x55f40f7b8610: Wake Tx task (check timeouts)
[0;0m[0;34mRDP 0x55f40f7b8610: Wake Tx task (check timeouts)
[0;0m[0;34mRDP 0x55f40f7b8610: Received in S 3: syn 0, ack 1, eack 0, rst 0, seq_nr  4832, ack_nr  2391, packet_len 5 (0)
[0;0m[0;34mRDP 0x55f40f7b8610: Send CMP S 3: syn 0, ack 1, eack 0, rst 0, seq_nr  2392, ack_nr  4831, packet_len 5 (0)
[0;0m[0;34mRDP 0x55f40f7b8610: Wake Tx task (check timeouts)
[0;0m[0;34mRDP 0x55f40f7b8610: Received in S 3: syn 0, ack 1, eack 0, rst 0, seq_nr  4832, ack_nr  2391, packet_len 85 (80)
[0;0m[0;34mRDP 0x55f40f7b8610: Wake Tx task (check timeouts)
[0;0m[0;34mcsp_sfp_recv_fp: 20:50, fragment 72/72
[0;0mRECV_BUNDLE bundle_seq=9 n=2 bytes=72
[0;34mRDP 0x55f40f7b8610: Wake Tx task (check timeouts)
[0;0m[0;34mRDP 0x55f40f7b8610: Wake Tx task (check timeouts)
[0;0m[0;34mRDP 0x55f40f7b8610: Send CMP S 3: syn 0, ack 1, eack 0, rst 0, seq_nr  2392, ack_nr  4832, packet_len 5 (0)
[0;0m[0;34mRDP 0x55f40f7b8610: Wake Tx task (check timeouts)
[0;0m[0;34mRDP 0x55f40f7b8610: Received in S 3: syn 0, ack 1, eack 0, rst 0, seq_nr  4833, ack_nr  2391, packet_len 5 (0)
[0;0m[0;34mRDP 0x55f40f7b8610: Wake Tx task (check timeouts)
[0;0m[0;34mRDP 0x55f40f7b8610: Received in S 3: syn 0, ack 1, eack 0, rst 0, seq_nr  4833, ack_nr  2391, packet_len 85 (80)
[0;0m[0;34mRDP 0x55f40f7b8610: Wake Tx task (check timeouts)
[0;0m[0;34mcsp_sfp_recv_fp: 20:50, fragment 72/72
[0;0mRECV_BUNDLE bundle_seq=10 n=2 bytes=72
[0;34mRDP 0x55f40f7b8610: Wake Tx task (check timeouts)
[0;0m[0;34mRDP 0x55f40f7b8610: Wake Tx task (check timeouts)
[0;0m[0;34mRDP 0x55f40f7b8610: Received in S 3: syn 0, ack 1, eack 0, rst 0, seq_nr  4834, ack_nr  2391, packet_len 5 (0)
[0;0m[0;34mRDP 0x55f40f7b8610: Send CMP S 3: syn 0, ack 1, eack 0, rst 0, seq_nr  2392, ack_nr  4833, packet_len 5 (0)
[0;0m[0;34mRDP 0x55f40f7b8610: Wake Tx task (check timeouts)
[0;0m[0;34mRDP 0x55f40f7b8610: Received in S 3: syn 0, ack 1, eack 0, rst 0, seq_nr  4834, ack_nr  2391, packet_len 85 (80)
[0;0m[0;34mRDP 0x55f40f7b8610: Wake Tx task (check timeouts)
[0;0m[0;34mcsp_sfp_recv_fp: 20:50, fragment 72/72
[0;0mRECV_BUNDLE bundle_seq=11 n=2 bytes=72
[0;34mRDP 0x55f40f7b8610: Wake Tx task (check timeouts)
[0;0m[0;34mRDP 0x55f40f7b8610: Wake Tx task (check timeouts)
[0;0m[0;34mRDP 0x55f40f7b8610: Received in S 3: syn 0, ack 1, eack 0, rst 0, seq_nr  4835, ack_nr  2391, packet_len 5 (0)
[0;0m[0;34mRDP 0x55f40f7b8610: Send CMP S 3: syn 0, ack 1, eack 0, rst 0, seq_nr  2392, ack_nr  4834, packet_len 5 (0)
[0;0m[0;34mRDP 0x55f40f7b8610: Wake Tx task (check timeouts)
[0;0m[0;34mRDP 0x55f40f7b8610: Received in S 3: syn 0, ack 1, eack 0, rst 0, seq_nr  4835, ack_nr  2391, packet_len 85 (80)
[0;0m[0;34mRDP 0x55f40f7b8610: Wake Tx task (check timeouts)
[0;0m[0;34mcsp_sfp_recv_fp: 20:50, fragment 72/72
[0;0mRECV_BUNDLE bundle_seq=12 n=2 bytes=72
[0;34mRDP 0x55f40f7b8610: Wake Tx task (check timeouts)
[0;0m[0;34mRDP 0x55f40f7b8610: Wake Tx task (check timeouts)
[0;0m[0;34mRDP 0x55f40f7b8610: Received in S 3: syn 0, ack 1, eack 0, rst 0, seq_nr  4836, ack_nr  2391, packet_len 5 (0)
[0;0m[0;34mRDP 0x55f40f7b8610: Send CMP S 3: syn 0, ack 1, eack 0, rst 0, seq_nr  2392, ack_nr  4835, packet_len 5 (0)
[0;0m[0;34mRDP 0x55f40f7b8610: Wake Tx task (check timeouts)
[0;0m[0;34mRDP 0x55f40f7b8610: Received in S 3: syn 0, ack 1, eack 0, rst 0, seq_nr  4836, ack_nr  2391, packet_len 85 (80)
[0;0m[0;34mRDP 0x55f40f7b8610: Wake Tx task (check timeouts)
[0;0m[0;34mcsp_sfp_recv_fp: 20:50, fragment 72/72
[0;0mRECV_BUNDLE bundle_seq=13 n=2 bytes=72
[0;34mRDP 0x55f40f7b8610: Wake Tx task (check timeouts)
[0;0m[0;34mRDP 0x55f40f7b8610: Wake Tx task (check timeouts)
[0;0m[0;34mRDP 0x55f40f7b8610: Received in S 3: syn 0, ack 1, eack 0, rst 0, seq_nr  4837, ack_nr  2391, packet_len 5 (0)
[0;0m[0;34mRDP 0x55f40f7b8610: Send CMP S 3: syn 0, ack 1, eack 0, rst 0, seq_nr  2392, ack_nr  4836, packet_len 5 (0)
[0;0m[0;34mRDP 0x55f40f7b8610: Wake Tx task (check timeouts)
[0;0m[0;34mRDP 0x55f40f7b8610: Received in S 3: syn 0, ack 1, eack 0, rst 0, seq_nr  4837, ack_nr  2391, packet_len 85 (80)
[0;0m[0;34mRDP 0x55f40f7b8610: Wake Tx task (check timeouts)
[0;0m[0;34mcsp_sfp_recv_fp: 20:50, fragment 72/72
[0;0mRECV_BUNDLE bundle_seq=14 n=2 bytes=72
[0;34mRDP 0x55f40f7b8610: Wake Tx task (check timeouts)
[0;0m[0;34mRDP 0x55f40f7b8610: Wake Tx task (check timeouts)
[0;0m[0;34mRDP 0x55f40f7b8610: Received in S 3: syn 0, ack 1, eack 0, rst 0, seq_nr  4838, ack_nr  2391, packet_len 5 (0)
[0;0m[0;34mRDP 0x55f40f7b8610: Send CMP S 3: syn 0, ack 1, eack 0, rst 0, seq_nr  2392, ack_nr  4837, packet_len 5 (0)
[0;0m[0;34mRDP 0x55f40f7b8610: Wake Tx task (check timeouts)
[0;0m[0;34mRDP 0x55f40f7b8610: Received in S 3: syn 0, ack 1, eack 0, rst 0, seq_nr  4838, ack_nr  2391, packet_len 85 (80)
[0;0m[0;34mRDP 0x55f40f7b8610: Wake Tx task (check timeouts)
[0;0m[0;34mcsp_sfp_recv_fp: 20:50, fragment 72/72
[0;0mRECV_BUNDLE bundle_seq=15 n=2 bytes=72
[0;34mRDP 0x55f40f7b8610: Wake Tx task (check timeouts)
[0;0m[0;34mRDP 0x55f40f7b8610: Wake Tx task (check timeouts)
[0;0m[0;34mRDP 0x55f40f7b8610: Send CMP S 3: syn 0, ack 1, eack 0, rst 0, seq_nr  2392, ack_nr  4838, packet_len 5 (0)
[0;0m[0;34mRDP 0x55f40f7b8610: Wake Tx task (check timeouts)
[0;0m[0;34mRDP 0x55f40f7b8610: Received in S 3: syn 0, ack 1, eack 0, rst 0, seq_nr  4839, ack_nr  2391, packet_len 5 (0)
[0;0m[0;34mRDP 0x55f40f7b8610: Wake Tx task (check timeouts)
[0;0m[0;34mRDP 0x55f40f7b8610: Received in S 3: syn 0, ack 1, eack 0, rst 0, seq_nr  4839, ack_nr  2391, packet_len 85 (80)
[0;0m[0;34mRDP 0x55f40f7b8610: Wake Tx task (check timeouts)
[0;0m[0;34mcsp_sfp_recv_fp: 20:50, fragment 72/72
[0;0mRECV_BUNDLE bundle_seq=16 n=2 bytes=72
[0;34mRDP 0x55f40f7b8610: Wake Tx task (check timeouts)
[0;0m[0;34mRDP 0x55f40f7b8610: Wake Tx task (check timeouts)
[0;0m[0;34mRDP 0x55f40f7b8610: Received in S 3: syn 0, ack 1, eack 0, rst 0, seq_nr  4840, ack_nr  2391, packet_len 5 (0)
[0;0m[0;34mRDP 0x55f40f7b8610: Send CMP S 3: syn 0, ack 1, eack 0, rst 0, seq_nr  2392, ack_nr  4839, packet_len 5 (0)
[0;0m[0;34mRDP 0x55f40f7b8610: Wake Tx task (check timeouts)
[0;0m[0;34mRDP 0x55f40f7b8610: Received in S 3: syn 0, ack 1, eack 0, rst 0, seq_nr  4840, ack_nr  2391, packet_len 85 (80)
[0;0m[0;34mRDP 0x55f40f7b8610: Wake Tx task (check timeouts)
[0;0m[0;34mcsp_sfp_recv_fp: 20:50, fragment 72/72
[0;0mRECV_BUNDLE bundle_seq=17 n=2 bytes=72
[0;34mRDP 0x55f40f7b8610: Wake Tx task (check timeouts)
[0;0m[0;34mRDP 0x55f40f7b8610: Wake Tx task (check timeouts)
[0;0m[0;34mRDP 0x55f40f7b8610: Send CMP S 3: syn 0, ack 1, eack 0, rst 0, seq_nr  2392, ack_nr  4840, packet_len 5 (0)
[0;0m[0;34mRDP 0x55f40f7b8610: Wake Tx task (check timeouts)
[0;0m[0;34mRDP 0x55f40f7b8610: Received in S 3: syn 0, ack 1, eack 0, rst 0, seq_nr  4841, ack_nr  2391, packet_len 5 (0)
[0;0m[0;34mRDP 0x55f40f7b8610: Wake Tx task (check timeouts)
[0;0m[0;34mRDP 0x55f40f7b8610: Received in S 3: syn 0, ack 1, eack 0, rst 0, seq_nr  4841, ack_nr  2391, packet_len 85 (80)
[0;0m[0;34mRDP 0x55f40f7b8610: Wake Tx task (check timeouts)
[0;0m[0;34mcsp_sfp_recv_fp: 20:50, fragment 72/72
[0;0mRECV_BUNDLE bundle_seq=18 n=2 bytes=72
[0;34mRDP 0x55f40f7b8610: Wake Tx task (check timeouts)
[0;0m[0;34mRDP 0x55f40f7b8610: Wake Tx task (check timeouts)
[0;0m[0;34mRDP 0x55f40f7b8610: Received in S 3: syn 0, ack 1, eack 0, rst 0, seq_nr  4842, ack_nr  2391, packet_len 5 (0)
[0;0m[0;34mRDP 0x55f40f7b8610: Send CMP S 3: syn 0, ack 1, eack 0, rst 0, seq_nr  2392, ack_nr  4841, packet_len 5 (0)
[0;0m[0;34mRDP 0x55f40f7b8610: Wake Tx task (check timeouts)
[0;0m[0;34mRDP 0x55f40f7b8610: Received in S 3: syn 0, ack 1, eack 0, rst 0, seq_nr  4842, ack_nr  2391, packet_len 85 (80)
[0;0m[0;34mRDP 0x55f40f7b8610: Wake Tx task (check timeouts)
[0;0m[0;34mcsp_sfp_recv_fp: 20:50, fragment 72/72
[0;0mRECV_BUNDLE bundle_seq=19 n=2 bytes=72
[0;34mRDP 0x55f40f7b8610: Wake Tx task (check timeouts)
[0;0m[0;34mRDP 0x55f40f7b8610: Wake Tx task (check timeouts)
[0;0m[0;34mRDP 0x55f40f7b8610: Received in S 3: syn 0, ack 1, eack 0, rst 0, seq_nr  4843, ack_nr  2391, packet_len 5 (0)
[0;0m[0;34mRDP 0x55f40f7b8610: Send CMP S 3: syn 0, ack 1, eack 0, rst 0, seq_nr  2392, ack_nr  4842, packet_len 5 (0)
[0;0m[0;34mRDP 0x55f40f7b8610: Wake Tx task (check timeouts)
[0;0m[0;34mRDP 0x55f40f7b8610: Received in S 3: syn 0, ack 1, eack 0, rst 0, seq_nr  4843, ack_nr  2391, packet_len 85 (80)
[0;0m[0;34mRDP 0x55f40f7b8610: Wake Tx task (check timeouts)
[0;0m[0;34mcsp_sfp_recv_fp: 20:50, fragment 72/72
[0;0mRECV_BUNDLE bundle_seq=20 n=2 bytes=72
[0;34mRDP 0x55f40f7b8610: Wake Tx task (check timeouts)
[0;0m[0;34mRDP 0x55f40f7b8610: Wake Tx task (check timeouts)
[0;0m[0;34mRDP 0x55f40f7b8610: Received in S 3: syn 0, ack 1, eack 0, rst 0, seq_nr  4844, ack_nr  2391, packet_len 5 (0)
[0;0m[0;34mRDP 0x55f40f7b8610: Send CMP S 3: syn 0, ack 1, eack 0, rst 0, seq_nr  2392, ack_nr  4843, packet_len 5 (0)
[0;0m[0;34mRDP 0x55f40f7b8610: Wake Tx task (check timeouts)
[0;0m[0;34mRDP 0x55f40f7b8610: Received in S 3: syn 0, ack 1, eack 0, rst 0, seq_nr  4844, ack_nr  2391, packet_len 85 (80)
[0;0m[0;34mRDP 0x55f40f7b8610: Wake Tx task (check timeouts)
[0;0m[0;34mcsp_sfp_recv_fp: 20:50, fragment 72/72
[0;0mRECV_BUNDLE bundle_seq=21 n=2 bytes=72
[0;34mRDP 0x55f40f7b8610: Wake Tx task (check timeouts)
[0;0m[0;34mRDP 0x55f40f7b8610: Wake Tx task (check timeouts)
[0;0m[0;34mRDP 0x55f40f7b8610: Send CMP S 3: syn 0, ack 1, eack 0, rst 0, seq_nr  2392, ack_nr  4844, packet_len 5 (0)
[0;0m[0;34mRDP 0x55f40f7b8610: Wake Tx task (check timeouts)
[0;0m[0;34mRDP 0x55f40f7b8610: Received in S 3: syn 0, ack 1, eack 0, rst 0, seq_nr  4845, ack_nr  2391, packet_len 5 (0)
[0;0m[0;34mRDP 0x55f40f7b8610: Wake Tx task (check timeouts)
[0;0m[0;34mRDP 0x55f40f7b8610: Received in S 3: syn 0, ack 1, eack 0, rst 0, seq_nr  4845, ack_nr  2391, packet_len 85 (80)
[0;0m[0;34mRDP 0x55f40f7b8610: Wake Tx task (check timeouts)
[0;0m[0;34mcsp_sfp_recv_fp: 20:50, fragment 72/72
[0;0mRECV_BUNDLE bundle_seq=22 n=2 bytes=72
[0;34mRDP 0x55f40f7b8610: Wake Tx task (check timeouts)
[0;0m[0;34mRDP 0x55f40f7b8610: Wake Tx task (check timeouts)
[0;0m[0;34mRDP 0x55f40f7b8610: Send CMP S 3: syn 0, ack 1, eack 0, rst 0, seq_nr  2392, ack_nr  4845, packet_len 5 (0)
[0;0m[0;34mRDP 0x55f40f7b8610: Wake Tx task (check timeouts)
[0;0m[0;34mRDP 0x55f40f7b8610: Received in S 3: syn 0, ack 1, eack 0, rst 0, seq_nr  4846, ack_nr  2391, packet_len 5 (0)
[0;0m[0;34mRDP 0x55f40f7b8610: Wake Tx task (check timeouts)
[0;0m[0;34mRDP 0x55f40f7b8610: Received in S 3: syn 0, ack 1, eack 0, rst 0, seq_nr  4846, ack_nr  2391, packet_len 85 (80)
[0;0m[0;34mRDP 0x55f40f7b8610: Wake Tx task (check timeouts)
[0;0m[0;34mcsp_sfp_recv_fp: 20:50, fragment 72/72
[0;0mRECV_BUNDLE bundle_seq=23 n=2 bytes=72
[0;34mRDP 0x55f40f7b8610: Wake Tx task (check timeouts)
[0;0m[0;34mRDP 0x55f40f7b8610: Wake Tx task (check timeouts)
[0;0m[0;34mRDP 0x55f40f7b8610: Send CMP S 3: syn 0, ack 1, eack 0, rst 0, seq_nr  2392, ack_nr  4846, packet_len 5 (0)
[0;0m[0;34mRDP 0x55f40f7b8610: Wake Tx task (check timeouts)
[0;0m[0;34mRDP 0x55f40f7b8610: Received in S 3: syn 0, ack 1, eack 0, rst 0, seq_nr  4847, ack_nr  2391, packet_len 5 (0)
[0;0m[0;34mRDP 0x55f40f7b8610: Wake Tx task (check timeouts)
[0;0m[0;34mRDP 0x55f40f7b8610: Received in S 3: syn 0, ack 1, eack 0, rst 0, seq_nr  4847, ack_nr  2391, packet_len 85 (80)
[0;0m[0;34mRDP 0x55f40f7b8610: Wake Tx task (check timeouts)
[0;0m[0;34mcsp_sfp_recv_fp: 20:50, fragment 72/72
[0;0mRECV_BUNDLE bundle_seq=24 n=2 bytes=72
[0;34mRDP 0x55f40f7b8610: Wake Tx task (check timeouts)
[0;0m[0;34mRDP 0x55f40f7b8610: Wake Tx task (check timeouts)
[0;0m[0;34mRDP 0x55f40f7b8610: Send CMP S 3: syn 0, ack 1, eack 0, rst 0, seq_nr  2392, ack_nr  4847, packet_len 5 (0)
[0;0m[0;34mRDP 0x55f40f7b8610: Wake Tx task (check timeouts)
[0;0m[0;34mRDP 0x55f40f7b8610: Received in S 3: syn 0, ack 1, eack 0, rst 0, seq_nr  4848, ack_nr  2391, packet_len 5 (0)
[0;0m[0;34mRDP 0x55f40f7b8610: Wake Tx task (check timeouts)
[0;0m[0;34mRDP 0x55f40f7b8610: Received in S 3: syn 0, ack 1, eack 0, rst 0, seq_nr  4848, ack_nr  2391, packet_len 85 (80)
[0;0m[0;34mRDP 0x55f40f7b8610: Wake Tx task (check timeouts)
[0;0m[0;34mcsp_sfp_recv_fp: 20:50, fragment 72/72
[0;0mRECV_BUNDLE bundle_seq=25 n=2 bytes=72
[0;34mRDP 0x55f40f7b8610: Wake Tx task (check timeouts)
[0;0m[0;34mRDP 0x55f40f7b8610: Wake Tx task (check timeouts)
[0;0m[0;34mRDP 0x55f40f7b8610: Send CMP S 3: syn 0, ack 1, eack 0, rst 0, seq_nr  2392, ack_nr  4848, packet_len 5 (0)
[0;0m[0;34mRDP 0x55f40f7b8610: Wake Tx task (check timeouts)
[0;0m[0;34mRDP 0x55f40f7b8610: Received in S 3: syn 0, ack 1, eack 0, rst 0, seq_nr  4849, ack_nr  2391, packet_len 5 (0)
[0;0m[0;34mRDP 0x55f40f7b8610: Wake Tx task (check timeouts)
[0;0m[0;34mRDP 0x55f40f7b8610: Received in S 3: syn 0, ack 1, eack 0, rst 0, seq_nr  4849, ack_nr  2391, packet_len 85 (80)
[0;0m[0;34mRDP 0x55f40f7b8610: Wake Tx task (check timeouts)
[0;0m[0;34mcsp_sfp_recv_fp: 20:50, fragment 72/72
[0;0mRECV_BUNDLE bundle_seq=26 n=2 bytes=72
[0;34mRDP 0x55f40f7b8610: Wake Tx task (check timeouts)
[0;0m[0;34mRDP 0x55f40f7b8610: Wake Tx task (check timeouts)
[0;0m[0;34mRDP 0x55f40f7b8610: Received in S 3: syn 0, ack 1, eack 0, rst 0, seq_nr  4850, ack_nr  2391, packet_len 5 (0)
[0;0m[0;34mRDP 0x55f40f7b8610: Send CMP S 3: syn 0, ack 1, eack 0, rst 0, seq_nr  2392, ack_nr  4849, packet_len 5 (0)
[0;0m[0;34mRDP 0x55f40f7b8610: Wake Tx task (check timeouts)
[0;0m[0;34mRDP 0x55f40f7b8610: Received in S 3: syn 0, ack 1, eack 0, rst 0, seq_nr  4850, ack_nr  2391, packet_len 85 (80)
[0;0m[0;34mRDP 0x55f40f7b8610: Wake Tx task (check timeouts)
[0;0m[0;34mcsp_sfp_recv_fp: 20:50, fragment 72/72
[0;0mRECV_BUNDLE bundle_seq=27 n=2 bytes=72
[0;34mRDP 0x55f40f7b8610: Wake Tx task (check timeouts)
[0;0m[0;34mRDP 0x55f40f7b8610: Wake Tx task (check timeouts)
[0;0m[0;34mRDP 0x55f40f7b8610: Received in S 3: syn 0, ack 1, eack 0, rst 0, seq_nr  4851, ack_nr  2391, packet_len 5 (0)
[0;0m[0;34mRDP 0x55f40f7b8610: Send CMP S 3: syn 0, ack 1, eack 0, rst 0, seq_nr  2392, ack_nr  4850, packet_len 5 (0)
[0;0m[0;34mRDP 0x55f40f7b8610: Wake Tx task (check timeouts)
[0;0m[0;34mRDP 0x55f40f7b8610: Received in S 3: syn 0, ack 1, eack 0, rst 0, seq_nr  4851, ack_nr  2391, packet_len 85 (80)
[0;0m[0;34mRDP 0x55f40f7b8610: Wake Tx task (check timeouts)
[0;0m[0;34mcsp_sfp_recv_fp: 20:50, fragment 72/72
[0;0mRECV_BUNDLE bundle_seq=28 n=2 bytes=72
[0;34mRDP 0x55f40f7b8610: Wake Tx task (check timeouts)
[0;0m[0;34mRDP 0x55f40f7b8610: Wake Tx task (check timeouts)
[0;0m[0;34mRDP 0x55f40f7b8610: Received in S 3: syn 0, ack 1, eack 0, rst 0, seq_nr  4852, ack_nr  2391, packet_len 5 (0)
[0;0m[0;34mRDP 0x55f40f7b8610: Send CMP S 3: syn 0, ack 1, eack 0, rst 0, seq_nr  2392, ack_nr  4851, packet_len 5 (0)
[0;0m[0;34mRDP 0x55f40f7b8610: Wake Tx task (check timeouts)
[0;0m[0;34mRDP 0x55f40f7b8610: Received in S 3: syn 0, ack 1, eack 0, rst 0, seq_nr  4852, ack_nr  2391, packet_len 85 (80)
[0;0m[0;34mRDP 0x55f40f7b8610: Wake Tx task (check timeouts)
[0;0m[0;34mcsp_sfp_recv_fp: 20:50, fragment 72/72
[0;0mRECV_BUNDLE bundle_seq=29 n=2 bytes=72
[0;34mRDP 0x55f40f7b8610: Wake Tx task (check timeouts)
[0;0m[0;34mRDP 0x55f40f7b8610: Wake Tx task (check timeouts)
[0;0m[0;34mRDP 0x55f40f7b8610: Received in S 3: syn 0, ack 1, eack 0, rst 0, seq_nr  4853, ack_nr  2391, packet_len 5 (0)
[0;0m[0;34mRDP 0x55f40f7b8610: Send CMP S 3: syn 0, ack 1, eack 0, rst 0, seq_nr  2392, ack_nr  4852, packet_len 5 (0)
[0;0m[0;34mRDP 0x55f40f7b8610: Wake Tx task (check timeouts)
[0;0m[0;34mRDP 0x55f40f7b8610: Received in S 3: syn 0, ack 1, eack 0, rst 0, seq_nr  4853, ack_nr  2391, packet_len 85 (80)
[0;0m[0;34mRDP 0x55f40f7b8610: Wake Tx task (check timeouts)
[0;0m[0;34mcsp_sfp_recv_fp: 20:50, fragment 72/72
[0;0mRECV_BUNDLE bundle_seq=30 n=2 bytes=72

--- bundle measurement summary ---
bundles received: 30 / 30  (100.0%)
unit latency: min=0.160 ms  mean=0.352 ms  max=0.695 ms  stddev=0.124 ms  (n=60 units)
throughput: 3.44 bundles/sec  6.9 units/sec-equivalent  0.2 kB/s
bytes=72 send_time_ms=300.751
[0;34mcsp_sfp_send_own_memcpy: 21:10, sending at 0x555c9cba87b0 size 72
[0;0m[0;34mRDP 0x555c9cb9a610: Sending  in S 3: syn 0, ack 1, eack 0, rst 0, seq_nr  4849, ack_nr  2391, packet_len 85 (80)
[0;0m[0;34mRDP 0x555c9cb9a610: Wake Tx task (check timeouts)
[0;0m[0;34mRDP 0x555c9cb9a610: Wake Tx task (check timeouts)
[0;0m[0;34mRDP 0x555c9cb9a610: Send CMP S 3: syn 0, ack 1, eack 0, rst 0, seq_nr  4850, ack_nr  2391, packet_len 5 (0)
[0;0m[0;34mRDP 0x555c9cb9a610: Wake Tx task (check timeouts)
[0;0m[0;34mRDP 0x555c9cb9a610: Received in S 3: syn 0, ack 1, eack 0, rst 0, seq_nr  2392, ack_nr  4849, packet_len 5 (0)
[0;0m[0;34mRDP 0x555c9cb9a610: TX Element Free, time 22707877, seq 4849, una 4850
[0;0m[0;34mRDP 0x555c9cb9a610: Wake Tx task (check timeouts)
[0;0mSENT bundle=26 n=2 bytes=72 send_time_ms=300.721
[0;34mcsp_sfp_send_own_memcpy: 21:10, sending at 0x555c9cba87b0 size 72
[0;0m[0;34mRDP 0x555c9cb9a610: Sending  in S 3: syn 0, ack 1, eack 0, rst 0, seq_nr  4850, ack_nr  2391, packet_len 85 (80)
[0;0m[0;34mRDP 0x555c9cb9a610: Wake Tx task (check timeouts)
[0;0m[0;34mRDP 0x555c9cb9a610: Wake Tx task (check timeouts)
[0;0m[0;34mRDP 0x555c9cb9a610: Send CMP S 3: syn 0, ack 1, eack 0, rst 0, seq_nr  4851, ack_nr  2391, packet_len 5 (0)
[0;0m[0;34mRDP 0x555c9cb9a610: Wake Tx task (check timeouts)
[0;0m[0;34mRDP 0x555c9cb9a610: Received in S 3: syn 0, ack 1, eack 0, rst 0, seq_nr  2392, ack_nr  4850, packet_len 5 (0)
[0;0m[0;34mRDP 0x555c9cb9a610: TX Element Free, time 22708178, seq 4850, una 4851
[0;0m[0;34mRDP 0x555c9cb9a610: Wake Tx task (check timeouts)
[0;0mSENT bundle=27 n=2 bytes=72 send_time_ms=300.942
[0;34mcsp_sfp_send_own_memcpy: 21:10, sending at 0x555c9cba87b0 size 72
[0;0m[0;34mRDP 0x555c9cb9a610: Sending  in S 3: syn 0, ack 1, eack 0, rst 0, seq_nr  4851, ack_nr  2391, packet_len 85 (80)
[0;0m[0;34mRDP 0x555c9cb9a610: Wake Tx task (check timeouts)
[0;0m[0;34mRDP 0x555c9cb9a610: Wake Tx task (check timeouts)
[0;0m[0;34mRDP 0x555c9cb9a610: Send CMP S 3: syn 0, ack 1, eack 0, rst 0, seq_nr  4852, ack_nr  2391, packet_len 5 (0)
[0;0m[0;34mRDP 0x555c9cb9a610: Wake Tx task (check timeouts)
[0;0m[0;34mRDP 0x555c9cb9a610: Received in S 3: syn 0, ack 1, eack 0, rst 0, seq_nr  2392, ack_nr  4851, packet_len 5 (0)
[0;0m[0;34mRDP 0x555c9cb9a610: TX Element Free, time 22708479, seq 4851, una 4852
[0;0m[0;34mRDP 0x555c9cb9a610: Wake Tx task (check timeouts)
[0;0mSENT bundle=28 n=2 bytes=72 send_time_ms=300.907
[0;34mcsp_sfp_send_own_memcpy: 21:10, sending at 0x555c9cba87b0 size 72
[0;0m[0;34mRDP 0x555c9cb9a610: Sending  in S 3: syn 0, ack 1, eack 0, rst 0, seq_nr  4852, ack_nr  2391, packet_len 85 (80)
[0;0m[0;34mRDP 0x555c9cb9a610: Wake Tx task (check timeouts)
[0;0m[0;34mRDP 0x555c9cb9a610: Wake Tx task (check timeouts)
[0;0m[0;34mRDP 0x555c9cb9a610: Send CMP S 3: syn 0, ack 1, eack 0, rst 0, seq_nr  4853, ack_nr  2391, packet_len 5 (0)
[0;0m[0;34mRDP 0x555c9cb9a610: Wake Tx task (check timeouts)
[0;0m[0;34mRDP 0x555c9cb9a610: Received in S 3: syn 0, ack 1, eack 0, rst 0, seq_nr  2392, ack_nr  4852, packet_len 5 (0)
[0;0m[0;34mRDP 0x555c9cb9a610: TX Element Free, time 22708780, seq 4852, una 4853
[0;0m[0;34mRDP 0x555c9cb9a610: Wake Tx task (check timeouts)
[0;0mSENT bundle=29 n=2 bytes=72 send_time_ms=300.825
cspcl_send_bundle failed at bundle=30: CSP send failed
[0;34mcsp_sfp_send_own_memcpy: 21:10, sending at 0x555c9cba87b0 size 72
[0;0m[0;34mRDP 0x555c9cb9a610: Sending  in S 3: syn 0, ack 1, eack 0, rst 0, seq_nr  4853, ack_nr  2391, packet_len 85 (80)
[0;0m[0;34mRDP 0x555c9cb9a610: Wake Tx task (check timeouts)
[0;0m[0;34mRDP 0x555c9cb9a610: Wake Tx task (check timeouts)
[0;0m[0;34mRDP 0x555c9cb9a610: Send CMP S 3: syn 0, ack 1, eack 0, rst 0, seq_nr  4854, ack_nr  2391, packet_len 5 (0)
[0;0m[0;34mRDP 0x555c9cb9a610: Wake Tx task (check timeouts)
[0;0m[0;34mRDP 0x555c9cb9a610: Wake Tx task (check timeouts)
[0;0m[0;34mRDP 0x555c9cb9a610: Wake Tx task (check timeouts)
[0;0m[0;34mRDP 0x555c9cb9a610: Send CMP S 3: syn 0, ack 1, eack 0, rst 0, seq_nr  4854, ack_nr  2391, packet_len 5 (0)
[0;0m[0;34mRDP 0x555c9cb9a610: Wake Tx task (check timeouts)
[0;0m[0;34mRDP 0x555c9cb9a610: Wake Tx task (check timeouts)
[0;0m[0;34mRDP 0x555c9cb9a610: Wake Tx task (check timeouts)
[0;0m[0;34mRDP 0x555c9cb9a610: Send CMP S 3: syn 0, ack 1, eack 0, rst 0, seq_nr  4854, ack_nr  2391, packet_len 5 (0)
[0;0m[0;34mRDP 0x555c9cb9a610: Wake Tx task (check timeouts)
[0;0m[1;33mRDP 0x555c9cb9a610: Peer unresponsive (now: 22710082, ts: 22709081, to: 1000), closing
[0;0m[0;34mRDP 0x555c9cb9a610: Send CMP S 4: syn 0, ack 1, eack 0, rst 1, seq_nr  4854, ack_nr  2391, packet_len 5 (0)
[0;0m[0;34mRDP 0x555c9cb9a610: csp_rdp_close(0x7), sent RST -> CLOSE_WAIT
[0;0m[1;31mRDP 0x555c9cb9a610: Cannot wait for ACKs, connection not open (4)
[0;0m[0;34mRDP 0x555c9cb9a610: csp_rdp_close(0x1) -> CLOSED
[0;0m[0;34mRDP 0x555c9cb9a610: csp_rdp_close(0x7) -> CLOSED
[0;0m[0;34mRDP 0x555c9cb9a610: Flush TX Element, time 22709081, seq 4853
[0;0m[0;34mRDP 0x555c9cb9a698: Active connect, conn state 0
[0;0m[0;34mRDP 0x555c9cb9a698: AC: Sending SYN
[0;0m[0;34mRDP 0x555c9cb9a698: Send CMP S 1: syn 1, ack 0, eack 0, rst 0, seq_nr 53253, ack_nr     0, packet_len 29 (24)
[0;0m[0;34mRDP 0x555c9cb9a698: AC: Waiting for SYN/ACK reply...
[0;0m[0;34mRDP 0x555c9cb9a698: AC: Connection Failed
[0;0m[0;34mRDP 0x555c9cb9a698: csp_rdp_close(0x2) -> CLOSE_WAIT
[0;0m[0;34mRDP 0x555c9cb9a698: csp_rdp_close(0x2), waiting for: userspace timeout
[0;0m[0;34mRDP 0x555c9cb9a698: csp_rdp_close(0x1), waiting for: timeout
[0;0mSUMMARY bundles_sent=29 n_per_bundle=2 unit_size=36 bundle_len=72 mean_send_ms=300.904
