[Sun Aug  2 17:10:17 2026] [INFO] INIT: uD3TN starting up... [components/ud3tn/init.c:39]
[Sun Aug  2 17:10:17 2026] [INFO] INIT: Configured to use EID "dtn://node-b.dtn/" and BPv7 [components/ud3tn/init.c:61]
[Sun Aug  2 17:10:17 2026] [WARNING] AgentManager: No AAP 2.0 secret specified - all clients can dispatch and control the FIB! [components/ud3tn/agent_manager.c:60]
[Sun Aug  2 17:10:17 2026] [INFO] BundleProcessor: BPA initialized for "dtn://node-b.dtn/", status reports disabled [components/ud3tn/bundle_processor.c:258]
[Sun Aug  2 17:10:17 2026] [INFO] AgentManager: Agent for receiving ADUs registered for sink_id echo with no. 1 [components/ud3tn/agent_manager.c:227]
[Sun Aug  2 17:10:17 2026] [INFO] CSP: Initialized with local address 2, port 10 [components/cla/posix/cla_csp.c:852]
[Sun Aug  2 17:10:17 2026] [INFO] AppAgent: Listening on /tmp/layer-node-b.socket [components/agents/posix/application_agent.c:668]
[Sun Aug  2 17:10:17 2026] [INFO] CSP: RX task started [components/cla/posix/cla_csp.c:392]
[Sun Aug  2 17:10:17 2026] [INFO] INIT: Limiting maximum bundle size to 65535 bytes. [components/ud3tn/init.c:167]
[Sun Aug  2 17:10:17 2026] [INFO] AAP2Agent: Listening on /tmp/layer-node-b.aap2.socket [components/aap2/aap2_agent.c:1701]
[Sun Aug  2 17:10:17 2026] [INFO] AgentManager: Agent for receiving ADUs registered for sink_id config with no. 2 [components/ud3tn/agent_manager.c:227]
[Sun Aug  2 17:10:17 2026] [INFO] AgentManager: Agent for receiving FIB entries registered with no. 2 [components/ud3tn/agent_manager.c:253]
[Sun Aug  2 17:10:17 2026] [INFO] AgentManager: Agent for dispatching bundles registered with no. 2 [components/ud3tn/agent_manager.c:301]
[Sun Aug  2 17:10:17 2026] [INFO] AgentManager: Agent for modifying FIB entries registered with no. 3 [components/ud3tn/agent_manager.c:253]
[Sun Aug  2 17:10:17 2026] [INFO] AgentManager: Agent for dispatch RPC registered with no. 3 [components/ud3tn/agent_manager.c:301]
[Sun Aug  2 17:10:19 2026] [INFO] AAP2Agent: Accepted connection from UNIX Domain Socket. [components/aap2/aap2_agent.c:259]
[Sun Aug  2 17:10:19 2026] [INFO] AAP2Agent: Received request to register for EID "<NULL>" + FIB updates. [components/aap2/aap2_agent.c:555]
[Sun Aug  2 17:10:19 2026] [INFO] AgentManager: Agent for modifying FIB entries registered with no. 4 [components/ud3tn/agent_manager.c:253]
[Sun Aug  2 17:10:19 2026] [INFO] AAP2Agent: Connection closed by client. [components/aap2/aap2_agent.c:1579]
[Sun Aug  2 17:10:19 2026] [INFO] AAP2Agent: De-registering agent no. 4 with sink_id <NULL>. [components/aap2/aap2_agent.c:496]
[Sun Aug  2 17:10:19 2026] [INFO] CSP: Starting scheduled contact to csp:1 [components/cla/posix/cla_csp.c:560]
[Sun Aug  2 17:10:19 2026] [INFO] CSP: Starting link management for csp:1 [components/cla/posix/cla_csp.c:281]
[Sun Aug  2 17:10:19 2026] [INFO] AAP2Agent: Accepted connection from UNIX Domain Socket. [components/aap2/aap2_agent.c:259]
[Sun Aug  2 17:10:19 2026] [INFO] AAP2Agent: Received request to register for EID "dtn://node-b.dtn/0df05c11-d897-47d4-97f2-64d7f01a2f1a" + dispatch bundles. [components/aap2/aap2_agent.c:555]
[Sun Aug  2 17:10:19 2026] [INFO] AgentManager: Agent for sending ADUs registered for sink_id 0df05c11-d897-47d4-97f2-64d7f01a2f1a with no. 5 [components/ud3tn/agent_manager.c:227]
[Sun Aug  2 17:10:19 2026] [INFO] AgentManager: Agent for dispatch RPC registered with no. 5 [components/ud3tn/agent_manager.c:301]
[Sun Aug  2 17:10:19 2026] [INFO] AAP2Agent: Connection closed by client. [components/aap2/aap2_agent.c:1579]
[Sun Aug  2 17:10:19 2026] [INFO] AAP2Agent: De-registering agent no. 5 with sink_id 0df05c11-d897-47d4-97f2-64d7f01a2f1a. [components/aap2/aap2_agent.c:496]
[Sun Aug  2 17:10:19 2026] [INFO] RouterAgent: Processing ADD command for node "dtn://node-a.dtn/" [components/routing/compat/router_agent.c:266]
[Sun Aug  2 17:10:19 2026] [INFO] ContactManager: Scheduled contact with "dtn://node-a.dtn/" started. [components/routing/compat/contact_manager.c:221]
[Sun Aug  2 17:10:19 2026] [INFO] CSP: Starting scheduled contact to csp:1 [components/cla/posix/cla_csp.c:560]
[Sun Aug  2 17:10:24 2026] [INFO] AAP2Agent: Accepted connection from UNIX Domain Socket. [components/aap2/aap2_agent.c:259]
[Sun Aug  2 17:10:24 2026] [INFO] AAP2Agent: Received request to register for EID "dtn://node-b.dtn/charon". [components/aap2/aap2_agent.c:555]
[Sun Aug  2 17:10:24 2026] [INFO] AgentManager: Agent for sending ADUs registered for sink_id charon with no. 6 [components/ud3tn/agent_manager.c:227]
[Sun Aug  2 17:10:24 2026] [INFO] AAP2Agent: Accepted connection from UNIX Domain Socket. [components/aap2/aap2_agent.c:259]
[Sun Aug  2 17:10:24 2026] [INFO] AAP2Agent: Received request to subscribe for EID "dtn://node-b.dtn/charon". [components/aap2/aap2_agent.c:555]
[Sun Aug  2 17:10:24 2026] [INFO] AgentManager: Agent for receiving ADUs registered for sink_id charon with no. 7 [components/ud3tn/agent_manager.c:227]
[Sun Aug  2 17:10:24 2026] [INFO] AAP2Agent: Switching control flow! [components/aap2/aap2_agent.c:676]
[Sun Aug  2 17:10:25 2026] [INFO] CSP: RX COMPLETE - Got 171 bytes from csp:1:51 (all fragments ACK'd) [components/cla/posix/cla_csp.c:432]
[Sun Aug  2 17:10:25 2026] [INFO] CSP: Starting link management for csp:1 [components/cla/posix/cla_csp.c:281]
[Sun Aug  2 17:10:25 2026] [INFO] CSP: RX COMPLETE - Got 171 bytes from csp:1:51 (all fragments ACK'd) [components/cla/posix/cla_csp.c:432]
[Sun Aug  2 17:10:25 2026] [INFO] CSP: RX loop iteration 10, last_err=0 [components/cla/posix/cla_csp.c:405]
[Sun Aug  2 17:10:25 2026] [INFO] CSP: RX COMPLETE - Got 171 bytes from csp:1:51 (all fragments ACK'd) [components/cla/posix/cla_csp.c:432]
[Sun Aug  2 17:10:25 2026] [INFO] CSP: RX COMPLETE - Got 171 bytes from csp:1:51 (all fragments ACK'd) [components/cla/posix/cla_csp.c:432]
[Sun Aug  2 17:10:26 2026] [INFO] CSP: RX COMPLETE - Got 171 bytes from csp:1:51 (all fragments ACK'd) [components/cla/posix/cla_csp.c:432]
[Sun Aug  2 17:10:26 2026] [INFO] CSP: RX COMPLETE - Got 171 bytes from csp:1:51 (all fragments ACK'd) [components/cla/posix/cla_csp.c:432]
[Sun Aug  2 17:10:26 2026] [INFO] CSP: RX COMPLETE - Got 171 bytes from csp:1:51 (all fragments ACK'd) [components/cla/posix/cla_csp.c:432]
[Sun Aug  2 17:10:26 2026] [INFO] CSP: RX COMPLETE - Got 171 bytes from csp:1:51 (all fragments ACK'd) [components/cla/posix/cla_csp.c:432]
[Sun Aug  2 17:10:26 2026] [INFO] CSP: RX COMPLETE - Got 171 bytes from csp:1:51 (all fragments ACK'd) [components/cla/posix/cla_csp.c:432]
[Sun Aug  2 17:10:26 2026] [INFO] CSP: RX COMPLETE - Got 171 bytes from csp:1:51 (all fragments ACK'd) [components/cla/posix/cla_csp.c:432]
[Sun Aug  2 17:10:26 2026] [INFO] CSP: RX COMPLETE - Got 364 bytes from csp:1:51 (all fragments ACK'd) [components/cla/posix/cla_csp.c:432]
[Sun Aug  2 17:10:27 2026] [INFO] CSP: RX COMPLETE - Got 364 bytes from csp:1:51 (all fragments ACK'd) [components/cla/posix/cla_csp.c:432]
[Sun Aug  2 17:10:27 2026] [INFO] CSP: RX loop iteration 20, last_err=0 [components/cla/posix/cla_csp.c:405]
[Sun Aug  2 17:10:27 2026] [INFO] CSP: RX COMPLETE - Got 364 bytes from csp:1:51 (all fragments ACK'd) [components/cla/posix/cla_csp.c:432]
[Sun Aug  2 17:10:27 2026] [INFO] CSP: RX COMPLETE - Got 364 bytes from csp:1:51 (all fragments ACK'd) [components/cla/posix/cla_csp.c:432]
[Sun Aug  2 17:10:27 2026] [INFO] CSP: RX COMPLETE - Got 364 bytes from csp:1:51 (all fragments ACK'd) [components/cla/posix/cla_csp.c:432]
[Sun Aug  2 17:10:27 2026] [INFO] CSP: RX COMPLETE - Got 364 bytes from csp:1:51 (all fragments ACK'd) [components/cla/posix/cla_csp.c:432]
[Sun Aug  2 17:10:27 2026] [INFO] CSP: RX COMPLETE - Got 364 bytes from csp:1:51 (all fragments ACK'd) [components/cla/posix/cla_csp.c:432]
[Sun Aug  2 17:10:27 2026] [INFO] CSP: RX COMPLETE - Got 364 bytes from csp:1:51 (all fragments ACK'd) [components/cla/posix/cla_csp.c:432]
[Sun Aug  2 17:10:27 2026] [INFO] CSP: RX COMPLETE - Got 364 bytes from csp:1:51 (all fragments ACK'd) [components/cla/posix/cla_csp.c:432]
[Sun Aug  2 17:10:27 2026] [INFO] CSP: RX COMPLETE - Got 364 bytes from csp:1:51 (all fragments ACK'd) [components/cla/posix/cla_csp.c:432]
[Sun Aug  2 17:10:28 2026] [INFO] CSP: RX COMPLETE - Got 1132 bytes from csp:1:51 (all fragments ACK'd) [components/cla/posix/cla_csp.c:432]
[Sun Aug  2 17:10:28 2026] [INFO] CSP: RX COMPLETE - Got 1132 bytes from csp:1:51 (all fragments ACK'd) [components/cla/posix/cla_csp.c:432]
[Sun Aug  2 17:10:28 2026] [INFO] CSP: RX loop iteration 30, last_err=0 [components/cla/posix/cla_csp.c:405]
[Sun Aug  2 17:10:28 2026] [INFO] CSP: RX COMPLETE - Got 1132 bytes from csp:1:51 (all fragments ACK'd) [components/cla/posix/cla_csp.c:432]
[Sun Aug  2 17:10:28 2026] [INFO] CSP: RX COMPLETE - Got 1132 bytes from csp:1:51 (all fragments ACK'd) [components/cla/posix/cla_csp.c:432]
[Sun Aug  2 17:10:28 2026] [INFO] CSP: RX COMPLETE - Got 1132 bytes from csp:1:51 (all fragments ACK'd) [components/cla/posix/cla_csp.c:432]
[Sun Aug  2 17:10:28 2026] [INFO] CSP: RX COMPLETE - Got 1132 bytes from csp:1:51 (all fragments ACK'd) [components/cla/posix/cla_csp.c:432]
[Sun Aug  2 17:10:28 2026] [INFO] CSP: RX COMPLETE - Got 1132 bytes from csp:1:51 (all fragments ACK'd) [components/cla/posix/cla_csp.c:432]
[Sun Aug  2 17:10:28 2026] [INFO] CSP: RX COMPLETE - Got 1132 bytes from csp:1:51 (all fragments ACK'd) [components/cla/posix/cla_csp.c:432]
[Sun Aug  2 17:10:28 2026] [INFO] CSP: RX COMPLETE - Got 1132 bytes from csp:1:51 (all fragments ACK'd) [components/cla/posix/cla_csp.c:432]
[Sun Aug  2 17:10:29 2026] [INFO] CSP: RX COMPLETE - Got 1132 bytes from csp:1:51 (all fragments ACK'd) [components/cla/posix/cla_csp.c:432]
[Sun Aug  2 17:10:29 2026] [INFO] CSP: RX COMPLETE - Got 1580 bytes from csp:1:51 (all fragments ACK'd) [components/cla/posix/cla_csp.c:432]
[Sun Aug  2 17:10:29 2026] [INFO] CSP: RX COMPLETE - Got 1580 bytes from csp:1:51 (all fragments ACK'd) [components/cla/posix/cla_csp.c:432]
[Sun Aug  2 17:10:29 2026] [INFO] CSP: RX loop iteration 40, last_err=0 [components/cla/posix/cla_csp.c:405]
[Sun Aug  2 17:10:29 2026] [INFO] CSP: RX COMPLETE - Got 1244 bytes from csp:1:51 (all fragments ACK'd) [components/cla/posix/cla_csp.c:432]
[Sun Aug  2 17:10:29 2026] [INFO] CSP: RX COMPLETE - Got 1580 bytes from csp:1:51 (all fragments ACK'd) [components/cla/posix/cla_csp.c:432]
[Sun Aug  2 17:10:29 2026] [INFO] CSP: RX COMPLETE - Got 1580 bytes from csp:1:51 (all fragments ACK'd) [components/cla/posix/cla_csp.c:432]
[Sun Aug  2 17:10:29 2026] [INFO] CSP: RX COMPLETE - Got 1244 bytes from csp:1:51 (all fragments ACK'd) [components/cla/posix/cla_csp.c:432]
[Sun Aug  2 17:10:29 2026] [INFO] CSP: RX COMPLETE - Got 1580 bytes from csp:1:51 (all fragments ACK'd) [components/cla/posix/cla_csp.c:432]
[Sun Aug  2 17:10:30 2026] [INFO] CSP: RX COMPLETE - Got 1580 bytes from csp:1:51 (all fragments ACK'd) [components/cla/posix/cla_csp.c:432]
[Sun Aug  2 17:10:30 2026] [INFO] CSP: RX COMPLETE - Got 1244 bytes from csp:1:51 (all fragments ACK'd) [components/cla/posix/cla_csp.c:432]
[Sun Aug  2 17:10:30 2026] [INFO] CSP: RX COMPLETE - Got 1580 bytes from csp:1:51 (all fragments ACK'd) [components/cla/posix/cla_csp.c:432]
[Sun Aug  2 17:10:30 2026] [INFO] CSP: RX COMPLETE - Got 1580 bytes from csp:1:51 (all fragments ACK'd) [components/cla/posix/cla_csp.c:432]
[Sun Aug  2 17:10:30 2026] [INFO] CSP: RX COMPLETE - Got 1244 bytes from csp:1:51 (all fragments ACK'd) [components/cla/posix/cla_csp.c:432]
[Sun Aug  2 17:10:30 2026] [INFO] CSP: RX loop iteration 50, last_err=0 [components/cla/posix/cla_csp.c:405]
[Sun Aug  2 17:10:30 2026] [INFO] CSP: RX COMPLETE - Got 1580 bytes from csp:1:51 (all fragments ACK'd) [components/cla/posix/cla_csp.c:432]
[Sun Aug  2 17:10:30 2026] [INFO] CSP: RX COMPLETE - Got 1580 bytes from csp:1:51 (all fragments ACK'd) [components/cla/posix/cla_csp.c:432]
[Sun Aug  2 17:10:30 2026] [INFO] CSP: RX COMPLETE - Got 1244 bytes from csp:1:51 (all fragments ACK'd) [components/cla/posix/cla_csp.c:432]
[Sun Aug  2 17:10:30 2026] [INFO] CSP: RX COMPLETE - Got 1580 bytes from csp:1:51 (all fragments ACK'd) [components/cla/posix/cla_csp.c:432]
[Sun Aug  2 17:10:30 2026] [INFO] CSP: RX COMPLETE - Got 1580 bytes from csp:1:51 (all fragments ACK'd) [components/cla/posix/cla_csp.c:432]
[Sun Aug  2 17:10:31 2026] [INFO] CSP: RX COMPLETE - Got 1244 bytes from csp:1:51 (all fragments ACK'd) [components/cla/posix/cla_csp.c:432]
[Sun Aug  2 17:10:31 2026] [INFO] CSP: RX COMPLETE - Got 1580 bytes from csp:1:51 (all fragments ACK'd) [components/cla/posix/cla_csp.c:432]
[Sun Aug  2 17:10:31 2026] [INFO] CSP: RX COMPLETE - Got 1580 bytes from csp:1:51 (all fragments ACK'd) [components/cla/posix/cla_csp.c:432]
[Sun Aug  2 17:10:31 2026] [INFO] CSP: RX COMPLETE - Got 1244 bytes from csp:1:51 (all fragments ACK'd) [components/cla/posix/cla_csp.c:432]
[Sun Aug  2 17:10:31 2026] [INFO] CSP: RX COMPLETE - Got 1580 bytes from csp:1:51 (all fragments ACK'd) [components/cla/posix/cla_csp.c:432]
[Sun Aug  2 17:10:31 2026] [INFO] CSP: RX loop iteration 60, last_err=0 [components/cla/posix/cla_csp.c:405]
[Sun Aug  2 17:10:31 2026] [INFO] CSP: RX COMPLETE - Got 1580 bytes from csp:1:51 (all fragments ACK'd) [components/cla/posix/cla_csp.c:432]
[Sun Aug  2 17:10:31 2026] [INFO] CSP: RX COMPLETE - Got 1244 bytes from csp:1:51 (all fragments ACK'd) [components/cla/posix/cla_csp.c:432]
[Sun Aug  2 17:10:31 2026] [INFO] CSP: RX COMPLETE - Got 1580 bytes from csp:1:51 (all fragments ACK'd) [components/cla/posix/cla_csp.c:432]
[Sun Aug  2 17:10:31 2026] [INFO] CSP: RX COMPLETE - Got 1580 bytes from csp:1:51 (all fragments ACK'd) [components/cla/posix/cla_csp.c:432]
[Sun Aug  2 17:10:31 2026] [INFO] CSP: RX COMPLETE - Got 1244 bytes from csp:1:51 (all fragments ACK'd) [components/cla/posix/cla_csp.c:432]
[Sun Aug  2 17:10:32 2026] [INFO] CSP: RX COMPLETE - Got 1580 bytes from csp:1:51 (all fragments ACK'd) [components/cla/posix/cla_csp.c:432]
[Sun Aug  2 17:10:32 2026] [INFO] CSP: RX COMPLETE - Got 1580 bytes from csp:1:51 (all fragments ACK'd) [components/cla/posix/cla_csp.c:432]
[Sun Aug  2 17:10:32 2026] [INFO] CSP: RX COMPLETE - Got 1244 bytes from csp:1:51 (all fragments ACK'd) [components/cla/posix/cla_csp.c:432]
[Sun Aug  2 17:10:32 2026] [INFO] AAP2Agent: Connection closed by client. [components/aap2/aap2_agent.c:1579]
[Sun Aug  2 17:10:32 2026] [INFO] AAP2Agent: De-registering agent no. 6 with sink_id charon. [components/aap2/aap2_agent.c:496]
[Sun Aug  2 17:11:02 2026] [INFO] CSP: RX loop iteration 70, last_err=6 [components/cla/posix/cla_csp.c:405]
[Sun Aug  2 17:11:02 2026] [INFO] CSP: RX waiting - socket=0x55ec264f69f8, init=1 [components/cla/posix/cla_csp.c:412]
[Sun Aug  2 17:12:43 2026] [INFO] CSP: RX loop iteration 80, last_err=6 [components/cla/posix/cla_csp.c:405]
[Sun Aug  2 17:12:43 2026] [INFO] CSP: RX waiting - socket=0x55ec264f69f8, init=1 [components/cla/posix/cla_csp.c:412]
[Sun Aug  2 17:14:24 2026] [INFO] CSP: RX loop iteration 90, last_err=6 [components/cla/posix/cla_csp.c:405]
[Sun Aug  2 17:14:24 2026] [INFO] CSP: RX waiting - socket=0x55ec264f69f8, init=1 [components/cla/posix/cla_csp.c:412]
[Sun Aug  2 17:16:05 2026] [INFO] CSP: RX loop iteration 100, last_err=6 [components/cla/posix/cla_csp.c:405]
[Sun Aug  2 17:16:05 2026] [INFO] CSP: RX waiting - socket=0x55ec264f69f8, init=1 [components/cla/posix/cla_csp.c:412]
[Sun Aug  2 17:17:46 2026] [INFO] CSP: RX loop iteration 110, last_err=6 [components/cla/posix/cla_csp.c:405]
[Sun Aug  2 17:17:46 2026] [INFO] CSP: RX waiting - socket=0x55ec264f69f8, init=1 [components/cla/posix/cla_csp.c:412]
[Sun Aug  2 17:19:27 2026] [INFO] CSP: RX loop iteration 120, last_err=6 [components/cla/posix/cla_csp.c:405]
[Sun Aug  2 17:19:27 2026] [INFO] CSP: RX waiting - socket=0x55ec264f69f8, init=1 [components/cla/posix/cla_csp.c:412]
[Sun Aug  2 17:21:08 2026] [INFO] CSP: RX loop iteration 130, last_err=6 [components/cla/posix/cla_csp.c:405]
[Sun Aug  2 17:21:08 2026] [INFO] CSP: RX waiting - socket=0x55ec264f69f8, init=1 [components/cla/posix/cla_csp.c:412]
[Sun Aug  2 17:22:49 2026] [INFO] CSP: RX loop iteration 140, last_err=6 [components/cla/posix/cla_csp.c:405]
[Sun Aug  2 17:22:49 2026] [INFO] CSP: RX waiting - socket=0x55ec264f69f8, init=1 [components/cla/posix/cla_csp.c:412]
[Sun Aug  2 17:24:30 2026] [INFO] CSP: RX loop iteration 150, last_err=6 [components/cla/posix/cla_csp.c:405]
[Sun Aug  2 17:24:30 2026] [INFO] CSP: RX waiting - socket=0x55ec264f69f8, init=1 [components/cla/posix/cla_csp.c:412]
[Sun Aug  2 17:26:11 2026] [INFO] CSP: RX loop iteration 160, last_err=6 [components/cla/posix/cla_csp.c:405]
[Sun Aug  2 17:26:11 2026] [INFO] CSP: RX waiting - socket=0x55ec264f69f8, init=1 [components/cla/posix/cla_csp.c:412]
[Sun Aug  2 17:27:52 2026] [INFO] CSP: RX loop iteration 170, last_err=6 [components/cla/posix/cla_csp.c:405]
[Sun Aug  2 17:27:52 2026] [INFO] CSP: RX waiting - socket=0x55ec264f69f8, init=1 [components/cla/posix/cla_csp.c:412]
[Sun Aug  2 17:29:33 2026] [INFO] CSP: RX loop iteration 180, last_err=6 [components/cla/posix/cla_csp.c:405]
[Sun Aug  2 17:29:33 2026] [INFO] CSP: RX waiting - socket=0x55ec264f69f8, init=1 [components/cla/posix/cla_csp.c:412]
[Sun Aug  2 17:31:14 2026] [INFO] CSP: RX loop iteration 190, last_err=6 [components/cla/posix/cla_csp.c:405]
[Sun Aug  2 17:31:14 2026] [INFO] CSP: RX waiting - socket=0x55ec264f69f8, init=1 [components/cla/posix/cla_csp.c:412]
[Sun Aug  2 17:32:55 2026] [INFO] CSP: RX loop iteration 200, last_err=6 [components/cla/posix/cla_csp.c:405]
[Sun Aug  2 17:32:55 2026] [INFO] CSP: RX waiting - socket=0x55ec264f69f8, init=1 [components/cla/posix/cla_csp.c:412]
[Sun Aug  2 17:34:36 2026] [INFO] CSP: RX loop iteration 210, last_err=6 [components/cla/posix/cla_csp.c:405]
[Sun Aug  2 17:34:36 2026] [INFO] CSP: RX waiting - socket=0x55ec264f69f8, init=1 [components/cla/posix/cla_csp.c:412]
[Sun Aug  2 17:36:17 2026] [INFO] CSP: RX loop iteration 220, last_err=6 [components/cla/posix/cla_csp.c:405]
[Sun Aug  2 17:36:17 2026] [INFO] CSP: RX waiting - socket=0x55ec264f69f8, init=1 [components/cla/posix/cla_csp.c:412]
[Sun Aug  2 17:37:58 2026] [INFO] CSP: RX loop iteration 230, last_err=6 [components/cla/posix/cla_csp.c:405]
[Sun Aug  2 17:37:58 2026] [INFO] CSP: RX waiting - socket=0x55ec264f69f8, init=1 [components/cla/posix/cla_csp.c:412]
[Sun Aug  2 17:39:39 2026] [INFO] CSP: RX loop iteration 240, last_err=6 [components/cla/posix/cla_csp.c:405]
[Sun Aug  2 17:39:39 2026] [INFO] CSP: RX waiting - socket=0x55ec264f69f8, init=1 [components/cla/posix/cla_csp.c:412]
[Sun Aug  2 17:41:20 2026] [INFO] CSP: RX loop iteration 250, last_err=6 [components/cla/posix/cla_csp.c:405]
[Sun Aug  2 17:41:20 2026] [INFO] CSP: RX waiting - socket=0x55ec264f69f8, init=1 [components/cla/posix/cla_csp.c:412]
[Sun Aug  2 17:43:01 2026] [INFO] CSP: RX loop iteration 260, last_err=6 [components/cla/posix/cla_csp.c:405]
[Sun Aug  2 17:43:01 2026] [INFO] CSP: RX waiting - socket=0x55ec264f69f8, init=1 [components/cla/posix/cla_csp.c:412]
[Sun Aug  2 17:44:42 2026] [INFO] CSP: RX loop iteration 270, last_err=6 [components/cla/posix/cla_csp.c:405]
[Sun Aug  2 17:44:42 2026] [INFO] CSP: RX waiting - socket=0x55ec264f69f8, init=1 [components/cla/posix/cla_csp.c:412]
[Sun Aug  2 17:46:23 2026] [INFO] CSP: RX loop iteration 280, last_err=6 [components/cla/posix/cla_csp.c:405]
[Sun Aug  2 17:46:23 2026] [INFO] CSP: RX waiting - socket=0x55ec264f69f8, init=1 [components/cla/posix/cla_csp.c:412]
[Sun Aug  2 17:48:04 2026] [INFO] CSP: RX loop iteration 290, last_err=6 [components/cla/posix/cla_csp.c:405]
[Sun Aug  2 17:48:04 2026] [INFO] CSP: RX waiting - socket=0x55ec264f69f8, init=1 [components/cla/posix/cla_csp.c:412]
[Sun Aug  2 17:49:45 2026] [INFO] CSP: RX loop iteration 300, last_err=6 [components/cla/posix/cla_csp.c:405]
[Sun Aug  2 17:49:45 2026] [INFO] CSP: RX waiting - socket=0x55ec264f69f8, init=1 [components/cla/posix/cla_csp.c:412]
[Sun Aug  2 17:51:26 2026] [INFO] CSP: RX loop iteration 310, last_err=6 [components/cla/posix/cla_csp.c:405]
[Sun Aug  2 17:51:26 2026] [INFO] CSP: RX waiting - socket=0x55ec264f69f8, init=1 [components/cla/posix/cla_csp.c:412]
[Sun Aug  2 17:53:07 2026] [INFO] CSP: RX loop iteration 320, last_err=6 [components/cla/posix/cla_csp.c:405]
[Sun Aug  2 17:53:07 2026] [INFO] CSP: RX waiting - socket=0x55ec264f69f8, init=1 [components/cla/posix/cla_csp.c:412]
[Sun Aug  2 17:54:48 2026] [INFO] CSP: RX loop iteration 330, last_err=6 [components/cla/posix/cla_csp.c:405]
[Sun Aug  2 17:54:48 2026] [INFO] CSP: RX waiting - socket=0x55ec264f69f8, init=1 [components/cla/posix/cla_csp.c:412]
[Sun Aug  2 17:56:29 2026] [INFO] CSP: RX loop iteration 340, last_err=6 [components/cla/posix/cla_csp.c:405]
[Sun Aug  2 17:56:29 2026] [INFO] CSP: RX waiting - socket=0x55ec264f69f8, init=1 [components/cla/posix/cla_csp.c:412]
[Sun Aug  2 17:58:10 2026] [INFO] CSP: RX loop iteration 350, last_err=6 [components/cla/posix/cla_csp.c:405]
[Sun Aug  2 17:58:10 2026] [INFO] CSP: RX waiting - socket=0x55ec264f69f8, init=1 [components/cla/posix/cla_csp.c:412]
[Sun Aug  2 17:59:51 2026] [INFO] CSP: RX loop iteration 360, last_err=6 [components/cla/posix/cla_csp.c:405]
[Sun Aug  2 17:59:51 2026] [INFO] CSP: RX waiting - socket=0x55ec264f69f8, init=1 [components/cla/posix/cla_csp.c:412]
[Sun Aug  2 18:01:32 2026] [INFO] CSP: RX loop iteration 370, last_err=6 [components/cla/posix/cla_csp.c:405]
[Sun Aug  2 18:01:32 2026] [INFO] CSP: RX waiting - socket=0x55ec264f69f8, init=1 [components/cla/posix/cla_csp.c:412]
[Sun Aug  2 18:03:13 2026] [INFO] CSP: RX loop iteration 380, last_err=6 [components/cla/posix/cla_csp.c:405]
[Sun Aug  2 18:03:13 2026] [INFO] CSP: RX waiting - socket=0x55ec264f69f8, init=1 [components/cla/posix/cla_csp.c:412]
[Sun Aug  2 18:04:54 2026] [INFO] CSP: RX loop iteration 390, last_err=6 [components/cla/posix/cla_csp.c:405]
[Sun Aug  2 18:04:54 2026] [INFO] CSP: RX waiting - socket=0x55ec264f69f8, init=1 [components/cla/posix/cla_csp.c:412]
[Sun Aug  2 18:06:35 2026] [INFO] CSP: RX loop iteration 400, last_err=6 [components/cla/posix/cla_csp.c:405]
[Sun Aug  2 18:06:35 2026] [INFO] CSP: RX waiting - socket=0x55ec264f69f8, init=1 [components/cla/posix/cla_csp.c:412]
[Sun Aug  2 18:08:16 2026] [INFO] CSP: RX loop iteration 410, last_err=6 [components/cla/posix/cla_csp.c:405]
[Sun Aug  2 18:08:16 2026] [INFO] CSP: RX waiting - socket=0x55ec264f69f8, init=1 [components/cla/posix/cla_csp.c:412]
[Sun Aug  2 18:09:57 2026] [INFO] CSP: RX loop iteration 420, last_err=6 [components/cla/posix/cla_csp.c:405]
[Sun Aug  2 18:09:57 2026] [INFO] CSP: RX waiting - socket=0x55ec264f69f8, init=1 [components/cla/posix/cla_csp.c:412]
[Sun Aug  2 18:11:38 2026] [INFO] CSP: RX loop iteration 430, last_err=6 [components/cla/posix/cla_csp.c:405]
[Sun Aug  2 18:11:38 2026] [INFO] CSP: RX waiting - socket=0x55ec264f69f8, init=1 [components/cla/posix/cla_csp.c:412]
[Sun Aug  2 18:13:19 2026] [INFO] CSP: RX loop iteration 440, last_err=6 [components/cla/posix/cla_csp.c:405]
[Sun Aug  2 18:13:19 2026] [INFO] CSP: RX waiting - socket=0x55ec264f69f8, init=1 [components/cla/posix/cla_csp.c:412]
[Sun Aug  2 18:15:00 2026] [INFO] CSP: RX loop iteration 450, last_err=6 [components/cla/posix/cla_csp.c:405]
[Sun Aug  2 18:15:00 2026] [INFO] CSP: RX waiting - socket=0x55ec264f69f8, init=1 [components/cla/posix/cla_csp.c:412]
[Sun Aug  2 18:16:41 2026] [INFO] CSP: RX loop iteration 460, last_err=6 [components/cla/posix/cla_csp.c:405]
[Sun Aug  2 18:16:41 2026] [INFO] CSP: RX waiting - socket=0x55ec264f69f8, init=1 [components/cla/posix/cla_csp.c:412]
[Sun Aug  2 18:18:22 2026] [INFO] CSP: RX loop iteration 470, last_err=6 [components/cla/posix/cla_csp.c:405]
[Sun Aug  2 18:18:22 2026] [INFO] CSP: RX waiting - socket=0x55ec264f69f8, init=1 [components/cla/posix/cla_csp.c:412]
[Sun Aug  2 18:20:03 2026] [INFO] CSP: RX loop iteration 480, last_err=6 [components/cla/posix/cla_csp.c:405]
[Sun Aug  2 18:20:03 2026] [INFO] CSP: RX waiting - socket=0x55ec264f69f8, init=1 [components/cla/posix/cla_csp.c:412]
[Sun Aug  2 18:21:44 2026] [INFO] CSP: RX loop iteration 490, last_err=6 [components/cla/posix/cla_csp.c:405]
[Sun Aug  2 18:21:44 2026] [INFO] CSP: RX waiting - socket=0x55ec264f69f8, init=1 [components/cla/posix/cla_csp.c:412]
[Sun Aug  2 18:23:25 2026] [INFO] CSP: RX loop iteration 500, last_err=6 [components/cla/posix/cla_csp.c:405]
[Sun Aug  2 18:23:25 2026] [INFO] CSP: RX waiting - socket=0x55ec264f69f8, init=1 [components/cla/posix/cla_csp.c:412]
[Sun Aug  2 18:25:06 2026] [INFO] CSP: RX loop iteration 510, last_err=6 [components/cla/posix/cla_csp.c:405]
[Sun Aug  2 18:25:06 2026] [INFO] CSP: RX waiting - socket=0x55ec264f69f8, init=1 [components/cla/posix/cla_csp.c:412]
[Sun Aug  2 18:26:47 2026] [INFO] CSP: RX loop iteration 520, last_err=6 [components/cla/posix/cla_csp.c:405]
[Sun Aug  2 18:26:47 2026] [INFO] CSP: RX waiting - socket=0x55ec264f69f8, init=1 [components/cla/posix/cla_csp.c:412]
[Sun Aug  2 18:28:28 2026] [INFO] CSP: RX loop iteration 530, last_err=6 [components/cla/posix/cla_csp.c:405]
[Sun Aug  2 18:28:28 2026] [INFO] CSP: RX waiting - socket=0x55ec264f69f8, init=1 [components/cla/posix/cla_csp.c:412]
[Sun Aug  2 18:30:09 2026] [INFO] CSP: RX loop iteration 540, last_err=6 [components/cla/posix/cla_csp.c:405]
[Sun Aug  2 18:30:09 2026] [INFO] CSP: RX waiting - socket=0x55ec264f69f8, init=1 [components/cla/posix/cla_csp.c:412]
[Sun Aug  2 18:31:50 2026] [INFO] CSP: RX loop iteration 550, last_err=6 [components/cla/posix/cla_csp.c:405]
[Sun Aug  2 18:31:50 2026] [INFO] CSP: RX waiting - socket=0x55ec264f69f8, init=1 [components/cla/posix/cla_csp.c:412]
[Sun Aug  2 18:33:31 2026] [INFO] CSP: RX loop iteration 560, last_err=6 [components/cla/posix/cla_csp.c:405]
[Sun Aug  2 18:33:31 2026] [INFO] CSP: RX waiting - socket=0x55ec264f69f8, init=1 [components/cla/posix/cla_csp.c:412]
[Sun Aug  2 18:35:12 2026] [INFO] CSP: RX loop iteration 570, last_err=6 [components/cla/posix/cla_csp.c:405]
[Sun Aug  2 18:35:12 2026] [INFO] CSP: RX waiting - socket=0x55ec264f69f8, init=1 [components/cla/posix/cla_csp.c:412]
[Sun Aug  2 18:36:53 2026] [INFO] CSP: RX loop iteration 580, last_err=6 [components/cla/posix/cla_csp.c:405]
[Sun Aug  2 18:36:53 2026] [INFO] CSP: RX waiting - socket=0x55ec264f69f8, init=1 [components/cla/posix/cla_csp.c:412]
[Sun Aug  2 18:38:34 2026] [INFO] CSP: RX loop iteration 590, last_err=6 [components/cla/posix/cla_csp.c:405]
[Sun Aug  2 18:38:34 2026] [INFO] CSP: RX waiting - socket=0x55ec264f69f8, init=1 [components/cla/posix/cla_csp.c:412]
[Sun Aug  2 18:40:15 2026] [INFO] CSP: RX loop iteration 600, last_err=6 [components/cla/posix/cla_csp.c:405]
[Sun Aug  2 18:40:15 2026] [INFO] CSP: RX waiting - socket=0x55ec264f69f8, init=1 [components/cla/posix/cla_csp.c:412]
[Sun Aug  2 18:41:56 2026] [INFO] CSP: RX loop iteration 610, last_err=6 [components/cla/posix/cla_csp.c:405]
[Sun Aug  2 18:41:56 2026] [INFO] CSP: RX waiting - socket=0x55ec264f69f8, init=1 [components/cla/posix/cla_csp.c:412]
[Sun Aug  2 18:43:37 2026] [INFO] CSP: RX loop iteration 620, last_err=6 [components/cla/posix/cla_csp.c:405]
[Sun Aug  2 18:43:37 2026] [INFO] CSP: RX waiting - socket=0x55ec264f69f8, init=1 [components/cla/posix/cla_csp.c:412]
[Sun Aug  2 18:45:18 2026] [INFO] CSP: RX loop iteration 630, last_err=6 [components/cla/posix/cla_csp.c:405]
[Sun Aug  2 18:45:18 2026] [INFO] CSP: RX waiting - socket=0x55ec264f69f8, init=1 [components/cla/posix/cla_csp.c:412]
[Sun Aug  2 18:46:59 2026] [INFO] CSP: RX loop iteration 640, last_err=6 [components/cla/posix/cla_csp.c:405]
[Sun Aug  2 18:46:59 2026] [INFO] CSP: RX waiting - socket=0x55ec264f69f8, init=1 [components/cla/posix/cla_csp.c:412]
[Sun Aug  2 18:48:40 2026] [INFO] CSP: RX loop iteration 650, last_err=6 [components/cla/posix/cla_csp.c:405]
[Sun Aug  2 18:48:40 2026] [INFO] CSP: RX waiting - socket=0x55ec264f69f8, init=1 [components/cla/posix/cla_csp.c:412]
[Sun Aug  2 18:50:21 2026] [INFO] CSP: RX loop iteration 660, last_err=6 [components/cla/posix/cla_csp.c:405]
[Sun Aug  2 18:50:21 2026] [INFO] CSP: RX waiting - socket=0x55ec264f69f8, init=1 [components/cla/posix/cla_csp.c:412]
[Sun Aug  2 18:52:02 2026] [INFO] CSP: RX loop iteration 670, last_err=6 [components/cla/posix/cla_csp.c:405]
[Sun Aug  2 18:52:02 2026] [INFO] CSP: RX waiting - socket=0x55ec264f69f8, init=1 [components/cla/posix/cla_csp.c:412]
[Sun Aug  2 18:53:43 2026] [INFO] CSP: RX loop iteration 680, last_err=6 [components/cla/posix/cla_csp.c:405]
[Sun Aug  2 18:53:43 2026] [INFO] CSP: RX waiting - socket=0x55ec264f69f8, init=1 [components/cla/posix/cla_csp.c:412]
[Sun Aug  2 18:55:24 2026] [INFO] CSP: RX loop iteration 690, last_err=6 [components/cla/posix/cla_csp.c:405]
[Sun Aug  2 18:55:24 2026] [INFO] CSP: RX waiting - socket=0x55ec264f69f8, init=1 [components/cla/posix/cla_csp.c:412]
[Sun Aug  2 18:57:05 2026] [INFO] CSP: RX loop iteration 700, last_err=6 [components/cla/posix/cla_csp.c:405]
[Sun Aug  2 18:57:05 2026] [INFO] CSP: RX waiting - socket=0x55ec264f69f8, init=1 [components/cla/posix/cla_csp.c:412]
[Sun Aug  2 18:58:46 2026] [INFO] CSP: RX loop iteration 710, last_err=6 [components/cla/posix/cla_csp.c:405]
[Sun Aug  2 18:58:46 2026] [INFO] CSP: RX waiting - socket=0x55ec264f69f8, init=1 [components/cla/posix/cla_csp.c:412]
[Sun Aug  2 19:00:27 2026] [INFO] CSP: RX loop iteration 720, last_err=6 [components/cla/posix/cla_csp.c:405]
[Sun Aug  2 19:00:27 2026] [INFO] CSP: RX waiting - socket=0x55ec264f69f8, init=1 [components/cla/posix/cla_csp.c:412]
[Sun Aug  2 19:02:08 2026] [INFO] CSP: RX loop iteration 730, last_err=6 [components/cla/posix/cla_csp.c:405]
[Sun Aug  2 19:02:08 2026] [INFO] CSP: RX waiting - socket=0x55ec264f69f8, init=1 [components/cla/posix/cla_csp.c:412]
[Sun Aug  2 19:03:49 2026] [INFO] CSP: RX loop iteration 740, last_err=6 [components/cla/posix/cla_csp.c:405]
[Sun Aug  2 19:03:49 2026] [INFO] CSP: RX waiting - socket=0x55ec264f69f8, init=1 [components/cla/posix/cla_csp.c:412]
[Sun Aug  2 19:05:30 2026] [INFO] CSP: RX loop iteration 750, last_err=6 [components/cla/posix/cla_csp.c:405]
[Sun Aug  2 19:05:30 2026] [INFO] CSP: RX waiting - socket=0x55ec264f69f8, init=1 [components/cla/posix/cla_csp.c:412]
[Sun Aug  2 19:07:11 2026] [INFO] CSP: RX loop iteration 760, last_err=6 [components/cla/posix/cla_csp.c:405]
[Sun Aug  2 19:07:11 2026] [INFO] CSP: RX waiting - socket=0x55ec264f69f8, init=1 [components/cla/posix/cla_csp.c:412]
[Sun Aug  2 19:08:52 2026] [INFO] CSP: RX loop iteration 770, last_err=6 [components/cla/posix/cla_csp.c:405]
[Sun Aug  2 19:08:52 2026] [INFO] CSP: RX waiting - socket=0x55ec264f69f8, init=1 [components/cla/posix/cla_csp.c:412]
[Sun Aug  2 19:10:33 2026] [INFO] CSP: RX loop iteration 780, last_err=6 [components/cla/posix/cla_csp.c:405]
[Sun Aug  2 19:10:33 2026] [INFO] CSP: RX waiting - socket=0x55ec264f69f8, init=1 [components/cla/posix/cla_csp.c:412]
[Sun Aug  2 19:12:14 2026] [INFO] CSP: RX loop iteration 790, last_err=6 [components/cla/posix/cla_csp.c:405]
[Sun Aug  2 19:12:14 2026] [INFO] CSP: RX waiting - socket=0x55ec264f69f8, init=1 [components/cla/posix/cla_csp.c:412]
[Sun Aug  2 19:13:55 2026] [INFO] CSP: RX loop iteration 800, last_err=6 [components/cla/posix/cla_csp.c:405]
[Sun Aug  2 19:13:55 2026] [INFO] CSP: RX waiting - socket=0x55ec264f69f8, init=1 [components/cla/posix/cla_csp.c:412]
[Sun Aug  2 19:15:36 2026] [INFO] CSP: RX loop iteration 810, last_err=6 [components/cla/posix/cla_csp.c:405]
[Sun Aug  2 19:15:36 2026] [INFO] CSP: RX waiting - socket=0x55ec264f69f8, init=1 [components/cla/posix/cla_csp.c:412]
[Sun Aug  2 19:17:17 2026] [INFO] CSP: RX loop iteration 820, last_err=6 [components/cla/posix/cla_csp.c:405]
[Sun Aug  2 19:17:17 2026] [INFO] CSP: RX waiting - socket=0x55ec264f69f8, init=1 [components/cla/posix/cla_csp.c:412]
[Sun Aug  2 19:18:58 2026] [INFO] CSP: RX loop iteration 830, last_err=6 [components/cla/posix/cla_csp.c:405]
[Sun Aug  2 19:18:58 2026] [INFO] CSP: RX waiting - socket=0x55ec264f69f8, init=1 [components/cla/posix/cla_csp.c:412]
[Sun Aug  2 19:20:39 2026] [INFO] CSP: RX loop iteration 840, last_err=6 [components/cla/posix/cla_csp.c:405]
[Sun Aug  2 19:20:39 2026] [INFO] CSP: RX waiting - socket=0x55ec264f69f8, init=1 [components/cla/posix/cla_csp.c:412]
[Sun Aug  2 19:22:20 2026] [INFO] CSP: RX loop iteration 850, last_err=6 [components/cla/posix/cla_csp.c:405]
[Sun Aug  2 19:22:20 2026] [INFO] CSP: RX waiting - socket=0x55ec264f69f8, init=1 [components/cla/posix/cla_csp.c:412]
[Sun Aug  2 19:24:01 2026] [INFO] CSP: RX loop iteration 860, last_err=6 [components/cla/posix/cla_csp.c:405]
[Sun Aug  2 19:24:01 2026] [INFO] CSP: RX waiting - socket=0x55ec264f69f8, init=1 [components/cla/posix/cla_csp.c:412]
[Sun Aug  2 19:25:42 2026] [INFO] CSP: RX loop iteration 870, last_err=6 [components/cla/posix/cla_csp.c:405]
[Sun Aug  2 19:25:42 2026] [INFO] CSP: RX waiting - socket=0x55ec264f69f8, init=1 [components/cla/posix/cla_csp.c:412]
[Sun Aug  2 19:27:23 2026] [INFO] CSP: RX loop iteration 880, last_err=6 [components/cla/posix/cla_csp.c:405]
[Sun Aug  2 19:27:23 2026] [INFO] CSP: RX waiting - socket=0x55ec264f69f8, init=1 [components/cla/posix/cla_csp.c:412]
[Sun Aug  2 19:29:04 2026] [INFO] CSP: RX loop iteration 890, last_err=6 [components/cla/posix/cla_csp.c:405]
[Sun Aug  2 19:29:04 2026] [INFO] CSP: RX waiting - socket=0x55ec264f69f8, init=1 [components/cla/posix/cla_csp.c:412]
[Sun Aug  2 19:30:45 2026] [INFO] CSP: RX loop iteration 900, last_err=6 [components/cla/posix/cla_csp.c:405]
[Sun Aug  2 19:30:45 2026] [INFO] CSP: RX waiting - socket=0x55ec264f69f8, init=1 [components/cla/posix/cla_csp.c:412]
[Sun Aug  2 19:32:26 2026] [INFO] CSP: RX loop iteration 910, last_err=6 [components/cla/posix/cla_csp.c:405]
[Sun Aug  2 19:32:26 2026] [INFO] CSP: RX waiting - socket=0x55ec264f69f8, init=1 [components/cla/posix/cla_csp.c:412]
[Sun Aug  2 19:34:07 2026] [INFO] CSP: RX loop iteration 920, last_err=6 [components/cla/posix/cla_csp.c:405]
[Sun Aug  2 19:34:07 2026] [INFO] CSP: RX waiting - socket=0x55ec264f69f8, init=1 [components/cla/posix/cla_csp.c:412]
[Sun Aug  2 19:35:48 2026] [INFO] CSP: RX loop iteration 930, last_err=6 [components/cla/posix/cla_csp.c:405]
[Sun Aug  2 19:35:48 2026] [INFO] CSP: RX waiting - socket=0x55ec264f69f8, init=1 [components/cla/posix/cla_csp.c:412]
[Sun Aug  2 19:37:29 2026] [INFO] CSP: RX loop iteration 940, last_err=6 [components/cla/posix/cla_csp.c:405]
[Sun Aug  2 19:37:29 2026] [INFO] CSP: RX waiting - socket=0x55ec264f69f8, init=1 [components/cla/posix/cla_csp.c:412]
