17:10:24 [32mINFO [0m [90msrc/config.c:90:[0m using IP mode with 10.1.0.1 and MTU = 1500
17:10:24 [32mINFO [0m [90msrc/aap2_client.c:136:[0m Connecting to /tmp/layer-node-a.aap2.socket
17:10:24 [32mINFO [0m [90msrc/aap2_client.c:136:[0m Connecting to /tmp/layer-node-a.aap2.socket
17:10:24 [32mINFO [0m [90msrc/tun.c:17:[0m Setting up route: ip addr add 10.1.0.1/30 dev layertun0
17:10:24 [32mINFO [0m [90msrc/tun.c:20:[0m Setting MTU: ip link set layertun0 mtu 1500 up
17:10:24 [32mINFO [0m [90msrc/tunnel.c:98:[0m Running tunnel
17:10:25 [32mINFO [0m [90msrc/aap2_client.c:418:[0m Bundle sent !
17:10:25 [36mDEBUG[0m [90msrc/aap2_client.c:334:[0m Success
17:10:25 [32mINFO [0m [90msrc/aap2_client.c:418:[0m Bundle sent !
17:10:25 [36mDEBUG[0m [90msrc/aap2_client.c:334:[0m Success
17:10:25 [32mINFO [0m [90msrc/aap2_client.c:418:[0m Bundle sent !
17:10:25 [36mDEBUG[0m [90msrc/aap2_client.c:334:[0m Success
17:10:25 [32mINFO [0m [90msrc/aap2_client.c:418:[0m Bundle sent !
17:10:25 [36mDEBUG[0m [90msrc/aap2_client.c:334:[0m Success
17:10:25 [32mINFO [0m [90msrc/aap2_client.c:418:[0m Bundle sent !
17:10:25 [36mDEBUG[0m [90msrc/aap2_client.c:334:[0m Success
17:10:25 [32mINFO [0m [90msrc/aap2_client.c:418:[0m Bundle sent !
17:10:25 [36mDEBUG[0m [90msrc/aap2_client.c:334:[0m Success
17:10:25 [32mINFO [0m [90msrc/aap2_client.c:418:[0m Bundle sent !
17:10:25 [36mDEBUG[0m [90msrc/aap2_client.c:334:[0m Success
17:10:25 [32mINFO [0m [90msrc/aap2_client.c:418:[0m Bundle sent !
17:10:25 [36mDEBUG[0m [90msrc/aap2_client.c:334:[0m Success
17:10:25 [32mINFO [0m [90msrc/aap2_client.c:418:[0m Bundle sent !
17:10:25 [36mDEBUG[0m [90msrc/aap2_client.c:334:[0m Success
17:10:25 [32mINFO [0m [90msrc/aap2_client.c:418:[0m Bundle sent !
17:10:25 [36mDEBUG[0m [90msrc/aap2_client.c:334:[0m Success
17:10:26 [32mINFO [0m [90msrc/aap2_client.c:418:[0m Bundle sent !
17:10:26 [36mDEBUG[0m [90msrc/aap2_client.c:334:[0m Success
17:10:26 [32mINFO [0m [90msrc/aap2_client.c:418:[0m Bundle sent !
17:10:26 [36mDEBUG[0m [90msrc/aap2_client.c:334:[0m Success
17:10:26 [32mINFO [0m [90msrc/aap2_client.c:418:[0m Bundle sent !
17:10:26 [36mDEBUG[0m [90msrc/aap2_client.c:334:[0m Success
17:10:26 [32mINFO [0m [90msrc/aap2_client.c:418:[0m Bundle sent !
17:10:26 [36mDEBUG[0m [90msrc/aap2_client.c:334:[0m Success
17:10:26 [32mINFO [0m [90msrc/aap2_client.c:418:[0m Bundle sent !
17:10:26 [36mDEBUG[0m [90msrc/aap2_client.c:334:[0m Success
17:10:26 [32mINFO [0m [90msrc/aap2_client.c:418:[0m Bundle sent !
17:10:26 [36mDEBUG[0m [90msrc/aap2_client.c:334:[0m Success
17:10:26 [32mINFO [0m [90msrc/aap2_client.c:418:[0m Bundle sent !
17:10:26 [36mDEBUG[0m [90msrc/aap2_client.c:334:[0m Success
17:10:26 [32mINFO [0m [90msrc/aap2_client.c:418:[0m Bundle sent !
17:10:26 [36mDEBUG[0m [90msrc/aap2_client.c:334:[0m Success
17:10:26 [32mINFO [0m [90msrc/aap2_client.c:418:[0m Bundle sent !
17:10:26 [36mDEBUG[0m [90msrc/aap2_client.c:334:[0m Success
17:10:26 [32mINFO [0m [90msrc/aap2_client.c:418:[0m Bundle sent !
17:10:26 [36mDEBUG[0m [90msrc/aap2_client.c:334:[0m Success
17:10:28 [32mINFO [0m [90msrc/aap2_client.c:418:[0m Bundle sent !
17:10:28 [36mDEBUG[0m [90msrc/aap2_client.c:334:[0m Success
17:10:28 [32mINFO [0m [90msrc/aap2_client.c:418:[0m Bundle sent !
17:10:28 [36mDEBUG[0m [90msrc/aap2_client.c:334:[0m Success
17:10:28 [32mINFO [0m [90msrc/aap2_client.c:418:[0m Bundle sent !
17:10:28 [36mDEBUG[0m [90msrc/aap2_client.c:334:[0m Success
17:10:28 [32mINFO [0m [90msrc/aap2_client.c:418:[0m Bundle sent !
17:10:28 [36mDEBUG[0m [90msrc/aap2_client.c:334:[0m Success
17:10:28 [32mINFO [0m [90msrc/aap2_client.c:418:[0m Bundle sent !
17:10:28 [36mDEBUG[0m [90msrc/aap2_client.c:334:[0m Success
17:10:28 [32mINFO [0m [90msrc/aap2_client.c:418:[0m Bundle sent !
17:10:28 [36mDEBUG[0m [90msrc/aap2_client.c:334:[0m Success
17:10:28 [32mINFO [0m [90msrc/aap2_client.c:418:[0m Bundle sent !
17:10:28 [36mDEBUG[0m [90msrc/aap2_client.c:334:[0m Success
17:10:28 [32mINFO [0m [90msrc/aap2_client.c:418:[0m Bundle sent !
17:10:28 [36mDEBUG[0m [90msrc/aap2_client.c:334:[0m Success
17:10:28 [32mINFO [0m [90msrc/aap2_client.c:418:[0m Bundle sent !
17:10:28 [36mDEBUG[0m [90msrc/aap2_client.c:334:[0m Success
17:10:28 [32mINFO [0m [90msrc/aap2_client.c:418:[0m Bundle sent !
17:10:28 [36mDEBUG[0m [90msrc/aap2_client.c:334:[0m Success
17:10:29 [32mINFO [0m [90msrc/aap2_client.c:418:[0m Bundle sent !
17:10:29 [36mDEBUG[0m [90msrc/aap2_client.c:334:[0m Success
17:10:29 [32mINFO [0m [90msrc/aap2_client.c:418:[0m Bundle sent !
17:10:29 [36mDEBUG[0m [90msrc/aap2_client.c:334:[0m Success
17:10:29 [32mINFO [0m [90msrc/aap2_client.c:418:[0m Bundle sent !
17:10:29 [36mDEBUG[0m [90msrc/aap2_client.c:334:[0m Success
17:10:29 [32mINFO [0m [90msrc/aap2_client.c:418:[0m Bundle sent !
17:10:29 [36mDEBUG[0m [90msrc/aap2_client.c:334:[0m Success
17:10:29 [32mINFO [0m [90msrc/aap2_client.c:418:[0m Bundle sent !
17:10:29 [36mDEBUG[0m [90msrc/aap2_client.c:334:[0m Success
17:10:29 [32mINFO [0m [90msrc/aap2_client.c:418:[0m Bundle sent !
17:10:29 [36mDEBUG[0m [90msrc/aap2_client.c:334:[0m Success
17:10:29 [32mINFO [0m [90msrc/aap2_client.c:418:[0m Bundle sent !
17:10:29 [36mDEBUG[0m [90msrc/aap2_client.c:334:[0m Success
17:10:29 [32mINFO [0m [90msrc/aap2_client.c:418:[0m Bundle sent !
17:10:29 [36mDEBUG[0m [90msrc/aap2_client.c:334:[0m Success
17:10:29 [32mINFO [0m [90msrc/aap2_client.c:418:[0m Bundle sent !
17:10:29 [36mDEBUG[0m [90msrc/aap2_client.c:334:[0m Success
17:10:29 [32mINFO [0m [90msrc/aap2_client.c:418:[0m Bundle sent !
17:10:29 [36mDEBUG[0m [90msrc/aap2_client.c:334:[0m Success
17:10:29 [32mINFO [0m [90msrc/aap2_client.c:418:[0m Bundle sent !
17:10:29 [36mDEBUG[0m [90msrc/aap2_client.c:334:[0m Success
17:10:29 [32mINFO [0m [90msrc/aap2_client.c:418:[0m Bundle sent !
17:10:29 [36mDEBUG[0m [90msrc/aap2_client.c:334:[0m Success
17:10:29 [32mINFO [0m [90msrc/aap2_client.c:418:[0m Bundle sent !
17:10:29 [36mDEBUG[0m [90msrc/aap2_client.c:334:[0m Success
17:10:29 [32mINFO [0m [90msrc/aap2_client.c:418:[0m Bundle sent !
17:10:29 [36mDEBUG[0m [90msrc/aap2_client.c:334:[0m Success
17:10:29 [32mINFO [0m [90msrc/aap2_client.c:418:[0m Bundle sent !
17:10:29 [36mDEBUG[0m [90msrc/aap2_client.c:334:[0m Success
17:10:29 [32mINFO [0m [90msrc/aap2_client.c:418:[0m Bundle sent !
17:10:29 [36mDEBUG[0m [90msrc/aap2_client.c:334:[0m Success
17:10:29 [32mINFO [0m [90msrc/aap2_client.c:418:[0m Bundle sent !
17:10:29 [36mDEBUG[0m [90msrc/aap2_client.c:334:[0m Success
17:10:29 [32mINFO [0m [90msrc/aap2_client.c:418:[0m Bundle sent !
17:10:29 [36mDEBUG[0m [90msrc/aap2_client.c:334:[0m Success
17:10:29 [32mINFO [0m [90msrc/aap2_client.c:418:[0m Bundle sent !
17:10:29 [36mDEBUG[0m [90msrc/aap2_client.c:334:[0m Success
17:10:29 [32mINFO [0m [90msrc/aap2_client.c:418:[0m Bundle sent !
17:10:29 [36mDEBUG[0m [90msrc/aap2_client.c:334:[0m Success
17:10:29 [32mINFO [0m [90msrc/aap2_client.c:418:[0m Bundle sent !
17:10:29 [36mDEBUG[0m [90msrc/aap2_client.c:334:[0m Success
17:10:29 [32mINFO [0m [90msrc/aap2_client.c:418:[0m Bundle sent !
17:10:29 [36mDEBUG[0m [90msrc/aap2_client.c:334:[0m Success
17:10:29 [32mINFO [0m [90msrc/aap2_client.c:418:[0m Bundle sent !
17:10:29 [36mDEBUG[0m [90msrc/aap2_client.c:334:[0m Success
17:10:29 [32mINFO [0m [90msrc/aap2_client.c:418:[0m Bundle sent !
17:10:29 [36mDEBUG[0m [90msrc/aap2_client.c:334:[0m Success
17:10:29 [32mINFO [0m [90msrc/aap2_client.c:418:[0m Bundle sent !
17:10:29 [36mDEBUG[0m [90msrc/aap2_client.c:334:[0m Success
17:10:29 [32mINFO [0m [90msrc/aap2_client.c:418:[0m Bundle sent !
17:10:29 [36mDEBUG[0m [90msrc/aap2_client.c:334:[0m Success
17:10:29 [32mINFO [0m [90msrc/aap2_client.c:418:[0m Bundle sent !
17:10:29 [36mDEBUG[0m [90msrc/aap2_client.c:334:[0m Success
17:10:29 [32mINFO [0m [90msrc/aap2_client.c:418:[0m Bundle sent !
17:10:29 [36mDEBUG[0m [90msrc/aap2_client.c:334:[0m Success
17:10:29 [32mINFO [0m [90msrc/aap2_client.c:418:[0m Bundle sent !
17:10:29 [36mDEBUG[0m [90msrc/aap2_client.c:334:[0m Success
17:10:29 [32mINFO [0m [90msrc/aap2_client.c:418:[0m Bundle sent !
17:10:29 [36mDEBUG[0m [90msrc/aap2_client.c:334:[0m Success
