[bundle_receiver] listening on addr 21  (timeout=5000 ms per bundle)
RECV_BUNDLE bundle_seq=1 n=8 bytes=288
RECV_BUNDLE bundle_seq=2 n=8 bytes=288
RECV_BUNDLE bundle_seq=3 n=8 bytes=288
RECV_BUNDLE bundle_seq=4 n=8 bytes=288
RECV_BUNDLE bundle_seq=5 n=8 bytes=288
RECV_BUNDLE bundle_seq=6 n=8 bytes=288
RECV_BUNDLE bundle_seq=7 n=8 bytes=288
RECV_BUNDLE bundle_seq=8 n=8 bytes=288
RECV_BUNDLE bundle_seq=9 n=8 bytes=288
RECV_BUNDLE bundle_seq=10 n=8 bytes=288
RECV_BUNDLE bundle_seq=11 n=8 bytes=288
RECV_BUNDLE bundle_seq=12 n=8 bytes=288
RECV_BUNDLE bundle_seq=13 n=8 bytes=288
RECV_BUNDLE bundle_seq=14 n=8 bytes=288
RECV_BUNDLE bundle_seq=15 n=8 bytes=288
RECV_BUNDLE bundle_seq=16 n=8 bytes=288
RECV_BUNDLE bundle_seq=17 n=8 bytes=288
RECV_BUNDLE bundle_seq=18 n=8 bytes=288
RECV_BUNDLE bundle_seq=19 n=8 bytes=288
RECV_BUNDLE bundle_seq=20 n=8 bytes=288
RECV_BUNDLE bundle_seq=21 n=8 bytes=288
RECV_BUNDLE bundle_seq=22 n=8 bytes=288
RECV_BUNDLE bundle_seq=23 n=8 bytes=288
RECV_BUNDLE bundle_seq=24 n=8 bytes=288
RECV_BUNDLE bundle_seq=25 n=8 bytes=288
RECV_BUNDLE bundle_seq=26 n=8 bytes=288
RECV_BUNDLE bundle_seq=27 n=8 bytes=288
RECV_BUNDLE bundle_seq=28 n=8 bytes=288
RECV_BUNDLE bundle_seq=29 n=8 bytes=288
RECV_BUNDLE bundle_seq=30 n=8 bytes=288

--- bundle measurement summary ---
bundles received: 30 / 30  (100.0%)
unit latency: min=0.271 ms  mean=0.348 ms  max=0.857 ms  stddev=0.113 ms  (n=240 units)
throughput: 3303.30 bundles/sec  26426.4 units/sec-equivalent  951.4 kB/s
le=28 n=8 bytes=288 send_time_ms=0.283
SENT bundle=29 n=8 bytes=288 send_time_ms=0.282
SENT bundle=30 n=8 bytes=288 send_time_ms=0.277
SUMMARY bundles_sent=30 n_per_bundle=8 unit_size=36 bundle_len=288 mean_send_ms=0.323
