[bundle_receiver] listening on addr 21  (timeout=5000 ms per bundle)
RECV_BUNDLE bundle_seq=1 n=16 bytes=576
RECV_BUNDLE bundle_seq=2 n=16 bytes=576
RECV_BUNDLE bundle_seq=3 n=16 bytes=576
RECV_BUNDLE bundle_seq=4 n=16 bytes=576
RECV_BUNDLE bundle_seq=5 n=16 bytes=576
RECV_BUNDLE bundle_seq=6 n=16 bytes=576
RECV_BUNDLE bundle_seq=7 n=16 bytes=576
RECV_BUNDLE bundle_seq=8 n=16 bytes=576
RECV_BUNDLE bundle_seq=9 n=16 bytes=576
RECV_BUNDLE bundle_seq=10 n=16 bytes=576
RECV_BUNDLE bundle_seq=11 n=16 bytes=576
RECV_BUNDLE bundle_seq=12 n=16 bytes=576
RECV_BUNDLE bundle_seq=13 n=16 bytes=576
RECV_BUNDLE bundle_seq=14 n=16 bytes=576
RECV_BUNDLE bundle_seq=15 n=16 bytes=576
RECV_BUNDLE bundle_seq=16 n=16 bytes=576
RECV_BUNDLE bundle_seq=17 n=16 bytes=576
RECV_BUNDLE bundle_seq=18 n=16 bytes=576
RECV_BUNDLE bundle_seq=19 n=16 bytes=576
RECV_BUNDLE bundle_seq=20 n=16 bytes=576
RECV_BUNDLE bundle_seq=21 n=16 bytes=576
RECV_BUNDLE bundle_seq=22 n=16 bytes=576
RECV_BUNDLE bundle_seq=23 n=16 bytes=576
RECV_BUNDLE bundle_seq=24 n=16 bytes=576
RECV_BUNDLE bundle_seq=25 n=16 bytes=576
RECV_BUNDLE bundle_seq=26 n=16 bytes=576
RECV_BUNDLE bundle_seq=27 n=16 bytes=576
RECV_BUNDLE bundle_seq=28 n=16 bytes=576
RECV_BUNDLE bundle_seq=29 n=16 bytes=576
RECV_BUNDLE bundle_seq=30 n=16 bytes=576

--- bundle measurement summary ---
bundles received: 30 / 30  (100.0%)
unit latency: min=0.341 ms  mean=0.420 ms  max=0.847 ms  stddev=0.120 ms  (n=480 units)
throughput: 2668.44 bundles/sec  42695.0 units/sec-equivalent  1537.0 kB/s
28 n=16 bytes=576 send_time_ms=0.340
SENT bundle=29 n=16 bytes=576 send_time_ms=0.341
SENT bundle=30 n=16 bytes=576 send_time_ms=0.338
SUMMARY bundles_sent=30 n_per_bundle=16 unit_size=36 bundle_len=576 mean_send_ms=0.392
