[bundle_receiver] listening on addr 21  (timeout=3000 ms per bundle)
RECV_BUNDLE bundle_seq=1 n=64 bytes=2304
RECV_BUNDLE bundle_seq=2 n=64 bytes=2304
RECV_BUNDLE bundle_seq=3 n=64 bytes=2304
RECV_BUNDLE bundle_seq=4 n=64 bytes=2304
RECV_BUNDLE bundle_seq=5 n=64 bytes=2304
RECV_BUNDLE bundle_seq=6 n=64 bytes=2304
RECV_BUNDLE bundle_seq=7 n=64 bytes=2304
RECV_BUNDLE bundle_seq=8 n=64 bytes=2304
RECV_BUNDLE bundle_seq=9 n=64 bytes=2304
RECV_BUNDLE bundle_seq=10 n=64 bytes=2304
RECV_BUNDLE bundle_seq=11 n=64 bytes=2304
RECV_BUNDLE bundle_seq=12 n=64 bytes=2304
RECV_BUNDLE bundle_seq=13 n=64 bytes=2304
RECV_BUNDLE bundle_seq=14 n=64 bytes=2304
RECV_BUNDLE bundle_seq=15 n=64 bytes=2304
RECV_BUNDLE bundle_seq=16 n=64 bytes=2304
RECV_BUNDLE bundle_seq=17 n=64 bytes=2304
RECV_BUNDLE bundle_seq=18 n=64 bytes=2304
RECV_BUNDLE bundle_seq=19 n=64 bytes=2304
RECV_BUNDLE bundle_seq=20 n=64 bytes=2304
RECV_BUNDLE bundle_seq=21 n=64 bytes=2304
RECV_BUNDLE bundle_seq=22 n=64 bytes=2304
RECV_BUNDLE bundle_seq=23 n=64 bytes=2304
RECV_BUNDLE bundle_seq=24 n=64 bytes=2304
RECV_BUNDLE bundle_seq=25 n=64 bytes=2304
RECV_BUNDLE bundle_seq=26 n=64 bytes=2304
RECV_BUNDLE bundle_seq=27 n=64 bytes=2304
RECV_BUNDLE bundle_seq=28 n=64 bytes=2304
RECV_BUNDLE bundle_seq=29 n=64 bytes=2304
RECV_BUNDLE bundle_seq=30 n=64 bytes=2304
RECV_BUNDLE bundle_seq=31 n=64 bytes=2304
RECV_BUNDLE bundle_seq=32 n=64 bytes=2304
cspcl_recv_bundle: Operation timed out -- stopping

--- bundle measurement summary ---
bundles received: 32
unit latency: min=0.770 ms  mean=1.017 ms  max=1.691 ms  stddev=0.248 ms  (n=2048 units)
throughput: 10.56 bundles/sec  675.6 units/sec-equivalent  24.3 kB/s
4 send_time_ms=0.852
SENT bundle=31 n=64 bytes=2304 send_time_ms=0.871
SENT bundle=32 n=64 bytes=2304 send_time_ms=0.909
cspcl_send_bundle failed at bundle=33: CSP connection failed
SUMMARY bundles_sent=32 n_per_bundle=64 unit_size=36 bundle_len=2304 mean_send_ms=0.998
