[bundle_receiver] listening on addr 21  (timeout=3000 ms per bundle)
RECV_BUNDLE bundle_seq=1 n=16 bytes=576
RECV_BUNDLE bundle_seq=2 n=16 bytes=576
RECV_BUNDLE bundle_seq=3 n=16 bytes=576
RECV_BUNDLE bundle_seq=4 n=16 bytes=576
RECV_BUNDLE bundle_seq=5 n=16 bytes=576
RECV_BUNDLE bundle_seq=6 n=16 bytes=576
RECV_BUNDLE bundle_seq=7 n=16 bytes=576
RECV_BUNDLE bundle_seq=8 n=16 bytes=576
RECV_BUNDLE bundle_seq=9 n=16 bytes=576
RECV_BUNDLE bundle_seq=10 n=16 bytes=576
RECV_BUNDLE bundle_seq=11 n=16 bytes=576
RECV_BUNDLE bundle_seq=12 n=16 bytes=576
RECV_BUNDLE bundle_seq=13 n=16 bytes=576
RECV_BUNDLE bundle_seq=14 n=16 bytes=576
RECV_BUNDLE bundle_seq=15 n=16 bytes=576
RECV_BUNDLE bundle_seq=16 n=16 bytes=576
RECV_BUNDLE bundle_seq=17 n=16 bytes=576
RECV_BUNDLE bundle_seq=18 n=16 bytes=576
RECV_BUNDLE bundle_seq=19 n=16 bytes=576
RECV_BUNDLE bundle_seq=20 n=16 bytes=576
RECV_BUNDLE bundle_seq=21 n=16 bytes=576
RECV_BUNDLE bundle_seq=22 n=16 bytes=576
RECV_BUNDLE bundle_seq=23 n=16 bytes=576
RECV_BUNDLE bundle_seq=24 n=16 bytes=576
RECV_BUNDLE bundle_seq=25 n=16 bytes=576
RECV_BUNDLE bundle_seq=26 n=16 bytes=576
RECV_BUNDLE bundle_seq=27 n=16 bytes=576
RECV_BUNDLE bundle_seq=28 n=16 bytes=576
RECV_BUNDLE bundle_seq=29 n=16 bytes=576
RECV_BUNDLE bundle_seq=30 n=16 bytes=576
RECV_BUNDLE bundle_seq=31 n=16 bytes=576
RECV_BUNDLE bundle_seq=32 n=16 bytes=576
cspcl_recv_bundle: Operation timed out -- stopping

--- bundle measurement summary ---
bundles received: 32
unit latency: min=0.351 ms  mean=0.451 ms  max=0.991 ms  stddev=0.145 ms  (n=512 units)
throughput: 10.62 bundles/sec  169.9 units/sec-equivalent  6.1 kB/s
=576 send_time_ms=0.435
SENT bundle=31 n=16 bytes=576 send_time_ms=0.437
SENT bundle=32 n=16 bytes=576 send_time_ms=0.394
cspcl_send_bundle failed at bundle=33: CSP connection failed
SUMMARY bundles_sent=32 n_per_bundle=16 unit_size=36 bundle_len=576 mean_send_ms=0.424
