[bundle_receiver] listening on addr 21  (timeout=3000 ms per bundle)
[0;34mRDP 0x55c96d895610: Received in S 0: syn 1, ack 0, eack 0, rst 0, seq_nr 10325, ack_nr     0, packet_len 29 (24)
[0;0m[0;34mRDP 0x55c96d895610: SYN-Received
[0;0m[0;34mRDP 0x55c96d895610: window size 4, conn timeout 1000, packet timeout 1000, delayed acks: 1, ack timeout 250, ack each 2 packet
[0;0m[0;34mRDP 0x55c96d895610: Send CMP S 2: syn 1, ack 1, eack 0, rst 0, seq_nr 21077, ack_nr 10325, packet_len 5 (0)
[0;0m[0;34mRDP 0x55c96d895610: Received in S 2: syn 0, ack 1, eack 0, rst 0, seq_nr 10326, ack_nr 21077, packet_len 5 (0)
[0;0m[0;34mRDP 0x55c96d895610: NC: Connection OPEN
[0;0m[0;34mRDP 0x55c96d895610: TX Element Free, time 22471173, seq 21077, una 21078
[0;0m[0;34mRDP 0x55c96d895610: Wake Tx task (check timeouts)
[0;0m[0;34mRDP 0x55c96d895610: Received in S 3: syn 0, ack 1, eack 0, rst 0, seq_nr 10326, ack_nr 21077, packet_len 157 (152)
[0;0m[0;34mRDP 0x55c96d895610: Wake Tx task (check timeouts)
[0;0m[0;34mcsp_sfp_recv_fp: 20:44, fragment 144/144
[0;0mRECV_BUNDLE bundle_seq=1 n=4 bytes=144
[0;34mRDP 0x55c96d895610: Wake Tx task (check timeouts)
[0;0m[0;34mRDP 0x55c96d895610: Wake Tx task (check timeouts)
[0;0m[0;34mRDP 0x55c96d895610: Send CMP S 3: syn 0, ack 1, eack 0, rst 0, seq_nr 21078, ack_nr 10326, packet_len 5 (0)
[0;0m[0;34mRDP 0x55c96d895610: Wake Tx task (check timeouts)
[0;0m[0;34mRDP 0x55c96d895610: Received in S 3: syn 0, ack 1, eack 0, rst 0, seq_nr 10327, ack_nr 21077, packet_len 5 (0)
[0;0m[0;34mRDP 0x55c96d895610: Wake Tx task (check timeouts)
[0;0m[0;34mRDP 0x55c96d895610: Received in S 3: syn 0, ack 1, eack 0, rst 0, seq_nr 10327, ack_nr 21077, packet_len 157 (152)
[0;0m[0;34mRDP 0x55c96d895610: Wake Tx task (check timeouts)
[0;0m[0;34mcsp_sfp_recv_fp: 20:44, fragment 144/144
[0;0mRECV_BUNDLE bundle_seq=2 n=4 bytes=144
[0;34mRDP 0x55c96d895610: Wake Tx task (check timeouts)
[0;0m[0;34mRDP 0x55c96d895610: Wake Tx task (check timeouts)
[0;0m[0;34mRDP 0x55c96d895610: Send CMP S 3: syn 0, ack 1, eack 0, rst 0, seq_nr 21078, ack_nr 10327, packet_len 5 (0)
[0;0m[0;34mRDP 0x55c96d895610: Wake Tx task (check timeouts)
[0;0m[0;34mRDP 0x55c96d895610: Received in S 3: syn 0, ack 1, eack 0, rst 0, seq_nr 10328, ack_nr 21077, packet_len 5 (0)
[0;0m[0;34mRDP 0x55c96d895610: Wake Tx task (check timeouts)
[0;0m[0;34mRDP 0x55c96d895610: Received in S 3: syn 0, ack 1, eack 0, rst 0, seq_nr 10328, ack_nr 21077, packet_len 157 (152)
[0;0m[0;34mRDP 0x55c96d895610: Wake Tx task (check timeouts)
[0;0m[0;34mcsp_sfp_recv_fp: 20:44, fragment 144/144
[0;0mRECV_BUNDLE bundle_seq=3 n=4 bytes=144
[0;34mRDP 0x55c96d895610: Wake Tx task (check timeouts)
[0;0m[0;34mRDP 0x55c96d895610: Wake Tx task (check timeouts)
[0;0m[0;34mRDP 0x55c96d895610: Received in S 3: syn 0, ack 1, eack 0, rst 0, seq_nr 10329, ack_nr 21077, packet_len 5 (0)
[0;0m[0;34mRDP 0x55c96d895610: Send CMP S 3: syn 0, ack 1, eack 0, rst 0, seq_nr 21078, ack_nr 10328, packet_len 5 (0)
[0;0m[0;34mRDP 0x55c96d895610: Wake Tx task (check timeouts)
[0;0m[0;34mRDP 0x55c96d895610: Received in S 3: syn 0, ack 1, eack 0, rst 0, seq_nr 10329, ack_nr 21077, packet_len 157 (152)
[0;0m[0;34mRDP 0x55c96d895610: Wake Tx task (check timeouts)
[0;0m[0;34mcsp_sfp_recv_fp: 20:44, fragment 144/144
[0;0mRECV_BUNDLE bundle_seq=4 n=4 bytes=144
[0;34mRDP 0x55c96d895610: Wake Tx task (check timeouts)
[0;0m[0;34mRDP 0x55c96d895610: Wake Tx task (check timeouts)
[0;0m[0;34mRDP 0x55c96d895610: Send CMP S 3: syn 0, ack 1, eack 0, rst 0, seq_nr 21078, ack_nr 10329, packet_len 5 (0)
[0;0m[0;34mRDP 0x55c96d895610: Wake Tx task (check timeouts)
[0;0m[0;34mRDP 0x55c96d895610: Received in S 3: syn 0, ack 1, eack 0, rst 0, seq_nr 10330, ack_nr 21077, packet_len 5 (0)
[0;0m[0;34mRDP 0x55c96d895610: Wake Tx task (check timeouts)
[0;0m[0;34mRDP 0x55c96d895610: Received in S 3: syn 0, ack 1, eack 0, rst 0, seq_nr 10330, ack_nr 21077, packet_len 157 (152)
[0;0m[0;34mRDP 0x55c96d895610: Wake Tx task (check timeouts)
[0;0m[0;34mcsp_sfp_recv_fp: 20:44, fragment 144/144
[0;0mRECV_BUNDLE bundle_seq=5 n=4 bytes=144
[0;34mRDP 0x55c96d895610: Wake Tx task (check timeouts)
[0;0m[0;34mRDP 0x55c96d895610: Wake Tx task (check timeouts)
[0;0m[0;34mRDP 0x55c96d895610: Received in S 3: syn 0, ack 1, eack 0, rst 0, seq_nr 10331, ack_nr 21077, packet_len 5 (0)
[0;0m[0;34mRDP 0x55c96d895610: Send CMP S 3: syn 0, ack 1, eack 0, rst 0, seq_nr 21078, ack_nr 10330, packet_len 5 (0)
[0;0m[0;34mRDP 0x55c96d895610: Wake Tx task (check timeouts)
[0;0m[0;34mRDP 0x55c96d895610: Received in S 3: syn 0, ack 1, eack 0, rst 0, seq_nr 10331, ack_nr 21077, packet_len 157 (152)
[0;0m[0;34mRDP 0x55c96d895610: Wake Tx task (check timeouts)
[0;0m[0;34mcsp_sfp_recv_fp: 20:44, fragment 144/144
[0;0mRECV_BUNDLE bundle_seq=6 n=4 bytes=144
[0;34mRDP 0x55c96d895610: Wake Tx task (check timeouts)
[0;0m[0;34mRDP 0x55c96d895610: Wake Tx task (check timeouts)
[0;0m[0;34mRDP 0x55c96d895610: Send CMP S 3: syn 0, ack 1, eack 0, rst 0, seq_nr 21078, ack_nr 10331, packet_len 5 (0)
[0;0m[0;34mRDP 0x55c96d895610: Wake Tx task (check timeouts)
[0;0m[0;34mRDP 0x55c96d895610: Received in S 3: syn 0, ack 1, eack 0, rst 0, seq_nr 10332, ack_nr 21077, packet_len 5 (0)
[0;0m[0;34mRDP 0x55c96d895610: Wake Tx task (check timeouts)
[0;0m[0;34mRDP 0x55c96d895610: Received in S 3: syn 0, ack 1, eack 0, rst 0, seq_nr 10332, ack_nr 21077, packet_len 157 (152)
[0;0m[0;34mRDP 0x55c96d895610: Wake Tx task (check timeouts)
[0;0m[0;34mcsp_sfp_recv_fp: 20:44, fragment 144/144
[0;0mRECV_BUNDLE bundle_seq=7 n=4 bytes=144
[0;34mRDP 0x55c96d895610: Wake Tx task (check timeouts)
[0;0m[0;34mRDP 0x55c96d895610: Wake Tx task (check timeouts)
[0;0m[0;34mRDP 0x55c96d895610: Received in S 3: syn 0, ack 1, eack 0, rst 0, seq_nr 10333, ack_nr 21077, packet_len 5 (0)
[0;0m[0;34mRDP 0x55c96d895610: Send CMP S 3: syn 0, ack 1, eack 0, rst 0, seq_nr 21078, ack_nr 10332, packet_len 5 (0)
[0;0m[0;34mRDP 0x55c96d895610: Wake Tx task (check timeouts)
[0;0m[0;34mRDP 0x55c96d895610: Received in S 3: syn 0, ack 1, eack 0, rst 0, seq_nr 10333, ack_nr 21077, packet_len 157 (152)
[0;0m[0;34mRDP 0x55c96d895610: Wake Tx task (check timeouts)
[0;0m[0;34mcsp_sfp_recv_fp: 20:44, fragment 144/144
[0;0mRECV_BUNDLE bundle_seq=8 n=4 bytes=144
[0;34mRDP 0x55c96d895610: Wake Tx task (check timeouts)
[0;0m[0;34mRDP 0x55c96d895610: Wake Tx task (check timeouts)
[0;0m[0;34mRDP 0x55c96d895610: Received in S 3: syn 0, ack 1, eack 0, rst 0, seq_nr 10334, ack_nr 21077, packet_len 5 (0)
[0;0m[0;34mRDP 0x55c96d895610: Send CMP S 3: syn 0, ack 1, eack 0, rst 0, seq_nr 21078, ack_nr 10333, packet_len 5 (0)
[0;0m[0;34mRDP 0x55c96d895610: Wake Tx task (check timeouts)
[0;0m[0;34mRDP 0x55c96d895610: Received in S 3: syn 0, ack 1, eack 0, rst 0, seq_nr 10334, ack_nr 21077, packet_len 157 (152)
[0;0m[0;34mRDP 0x55c96d895610: Wake Tx task (check timeouts)
[0;0m[0;34mcsp_sfp_recv_fp: 20:44, fragment 144/144
[0;0mRECV_BUNDLE bundle_seq=9 n=4 bytes=144
[0;34mRDP 0x55c96d895610: Wake Tx task (check timeouts)
[0;0m[0;34mRDP 0x55c96d895610: Wake Tx task (check timeouts)
[0;0m[0;34mRDP 0x55c96d895610: Send CMP S 3: syn 0, ack 1, eack 0, rst 0, seq_nr 21078, ack_nr 10334, packet_len 5 (0)
[0;0m[0;34mRDP 0x55c96d895610: Wake Tx task (check timeouts)
[0;0m[0;34mRDP 0x55c96d895610: Received in S 3: syn 0, ack 1, eack 0, rst 0, seq_nr 10335, ack_nr 21077, packet_len 5 (0)
[0;0m[0;34mRDP 0x55c96d895610: Wake Tx task (check timeouts)
[0;0m[0;34mRDP 0x55c96d895610: Received in S 3: syn 0, ack 1, eack 0, rst 0, seq_nr 10335, ack_nr 21077, packet_len 157 (152)
[0;0m[0;34mRDP 0x55c96d895610: Wake Tx task (check timeouts)
[0;0m[0;34mcsp_sfp_recv_fp: 20:44, fragment 144/144
[0;0mRECV_BUNDLE bundle_seq=10 n=4 bytes=144
[0;34mRDP 0x55c96d895610: Wake Tx task (check timeouts)
[0;0m[0;34mRDP 0x55c96d895610: Wake Tx task (check timeouts)
[0;0m[0;34mRDP 0x55c96d895610: Received in S 3: syn 0, ack 1, eack 0, rst 0, seq_nr 10336, ack_nr 21077, packet_len 5 (0)
[0;0m[0;34mRDP 0x55c96d895610: Send CMP S 3: syn 0, ack 1, eack 0, rst 0, seq_nr 21078, ack_nr 10335, packet_len 5 (0)
[0;0m[0;34mRDP 0x55c96d895610: Wake Tx task (check timeouts)
[0;0m[0;34mRDP 0x55c96d895610: Received in S 3: syn 0, ack 1, eack 0, rst 0, seq_nr 10336, ack_nr 21077, packet_len 157 (152)
[0;0m[0;34mRDP 0x55c96d895610: Wake Tx task (check timeouts)
[0;0m[0;34mcsp_sfp_recv_fp: 20:44, fragment 144/144
[0;0mRECV_BUNDLE bundle_seq=11 n=4 bytes=144
[0;34mRDP 0x55c96d895610: Wake Tx task (check timeouts)
[0;0m[0;34mRDP 0x55c96d895610: Wake Tx task (check timeouts)
[0;0m[0;34mRDP 0x55c96d895610: Send CMP S 3: syn 0, ack 1, eack 0, rst 0, seq_nr 21078, ack_nr 10336, packet_len 5 (0)
[0;0m[0;34mRDP 0x55c96d895610: Wake Tx task (check timeouts)
[0;0m[0;34mRDP 0x55c96d895610: Received in S 3: syn 0, ack 1, eack 0, rst 0, seq_nr 10337, ack_nr 21077, packet_len 5 (0)
[0;0m[0;34mRDP 0x55c96d895610: Wake Tx task (check timeouts)
[0;0m[0;34mRDP 0x55c96d895610: Received in S 3: syn 0, ack 1, eack 0, rst 0, seq_nr 10337, ack_nr 21077, packet_len 157 (152)
[0;0m[0;34mRDP 0x55c96d895610: Wake Tx task (check timeouts)
[0;0m[0;34mcsp_sfp_recv_fp: 20:44, fragment 144/144
[0;0mRECV_BUNDLE bundle_seq=12 n=4 bytes=144
[0;34mRDP 0x55c96d895610: Wake Tx task (check timeouts)
[0;0m[0;34mRDP 0x55c96d895610: Wake Tx task (check timeouts)
[0;0m[0;34mRDP 0x55c96d895610: Send CMP S 3: syn 0, ack 1, eack 0, rst 0, seq_nr 21078, ack_nr 10337, packet_len 5 (0)
[0;0m[0;34mRDP 0x55c96d895610: Wake Tx task (check timeouts)
[0;0m[0;34mRDP 0x55c96d895610: Received in S 3: syn 0, ack 1, eack 0, rst 0, seq_nr 10338, ack_nr 21077, packet_len 5 (0)
[0;0m[0;34mRDP 0x55c96d895610: Wake Tx task (check timeouts)
[0;0m[0;34mRDP 0x55c96d895610: Received in S 3: syn 0, ack 1, eack 0, rst 0, seq_nr 10338, ack_nr 21077, packet_len 157 (152)
[0;0m[0;34mRDP 0x55c96d895610: Wake Tx task (check timeouts)
[0;0m[0;34mcsp_sfp_recv_fp: 20:44, fragment 144/144
[0;0mRECV_BUNDLE bundle_seq=13 n=4 bytes=144
[0;34mRDP 0x55c96d895610: Wake Tx task (check timeouts)
[0;0m[0;34mRDP 0x55c96d895610: Wake Tx task (check timeouts)
[0;0m[0;34mRDP 0x55c96d895610: Send CMP S 3: syn 0, ack 1, eack 0, rst 0, seq_nr 21078, ack_nr 10338, packet_len 5 (0)
[0;0m[0;34mRDP 0x55c96d895610: Wake Tx task (check timeouts)
[0;0m[0;34mRDP 0x55c96d895610: Received in S 3: syn 0, ack 1, eack 0, rst 0, seq_nr 10339, ack_nr 21077, packet_len 5 (0)
[0;0m[0;34mRDP 0x55c96d895610: Wake Tx task (check timeouts)
[0;0m[0;34mRDP 0x55c96d895610: Received in S 3: syn 0, ack 1, eack 0, rst 0, seq_nr 10339, ack_nr 21077, packet_len 157 (152)
[0;0m[0;34mRDP 0x55c96d895610: Wake Tx task (check timeouts)
[0;0m[0;34mcsp_sfp_recv_fp: 20:44, fragment 144/144
[0;0mRECV_BUNDLE bundle_seq=14 n=4 bytes=144
[0;34mRDP 0x55c96d895610: Wake Tx task (check timeouts)
[0;0m[0;34mRDP 0x55c96d895610: Wake Tx task (check timeouts)
[0;0m[0;34mRDP 0x55c96d895610: Received in S 3: syn 0, ack 1, eack 0, rst 0, seq_nr 10340, ack_nr 21077, packet_len 5 (0)
[0;0m[0;34mRDP 0x55c96d895610: Send CMP S 3: syn 0, ack 1, eack 0, rst 0, seq_nr 21078, ack_nr 10339, packet_len 5 (0)
[0;0m[0;34mRDP 0x55c96d895610: Wake Tx task (check timeouts)
[0;0m[0;34mRDP 0x55c96d895610: Received in S 3: syn 0, ack 1, eack 0, rst 0, seq_nr 10340, ack_nr 21077, packet_len 157 (152)
[0;0m[0;34mRDP 0x55c96d895610: Wake Tx task (check timeouts)
[0;0m[0;34mcsp_sfp_recv_fp: 20:44, fragment 144/144
[0;0mRECV_BUNDLE bundle_seq=15 n=4 bytes=144
[0;34mRDP 0x55c96d895610: Wake Tx task (check timeouts)
[0;0m[0;34mRDP 0x55c96d895610: Wake Tx task (check timeouts)
[0;0m[0;34mRDP 0x55c96d895610: Send CMP S 3: syn 0, ack 1, eack 0, rst 0, seq_nr 21078, ack_nr 10340, packet_len 5 (0)
[0;0m[0;34mRDP 0x55c96d895610: Wake Tx task (check timeouts)
[0;0m[0;34mRDP 0x55c96d895610: Received in S 3: syn 0, ack 1, eack 0, rst 0, seq_nr 10341, ack_nr 21077, packet_len 5 (0)
[0;0m[0;34mRDP 0x55c96d895610: Wake Tx task (check timeouts)
[0;0m[0;34mRDP 0x55c96d895610: Received in S 3: syn 0, ack 1, eack 0, rst 0, seq_nr 10341, ack_nr 21077, packet_len 157 (152)
[0;0m[0;34mRDP 0x55c96d895610: Wake Tx task (check timeouts)
[0;0m[0;34mcsp_sfp_recv_fp: 20:44, fragment 144/144
[0;0mRECV_BUNDLE bundle_seq=16 n=4 bytes=144
[0;34mRDP 0x55c96d895610: Wake Tx task (check timeouts)
[0;0m[0;34mRDP 0x55c96d895610: Wake Tx task (check timeouts)
[0;0m[0;34mRDP 0x55c96d895610: Received in S 3: syn 0, ack 1, eack 0, rst 0, seq_nr 10342, ack_nr 21077, packet_len 5 (0)
[0;0m[0;34mRDP 0x55c96d895610: Send CMP S 3: syn 0, ack 1, eack 0, rst 0, seq_nr 21078, ack_nr 10341, packet_len 5 (0)
[0;0m[0;34mRDP 0x55c96d895610: Wake Tx task (check timeouts)
[0;0m[0;34mRDP 0x55c96d895610: Received in S 3: syn 0, ack 1, eack 0, rst 0, seq_nr 10342, ack_nr 21077, packet_len 157 (152)
[0;0m[0;34mRDP 0x55c96d895610: Wake Tx task (check timeouts)
[0;0m[0;34mcsp_sfp_recv_fp: 20:44, fragment 144/144
[0;0mRECV_BUNDLE bundle_seq=17 n=4 bytes=144
[0;34mRDP 0x55c96d895610: Wake Tx task (check timeouts)
[0;0m[0;34mRDP 0x55c96d895610: Wake Tx task (check timeouts)
[0;0m[0;34mRDP 0x55c96d895610: Received in S 3: syn 0, ack 1, eack 0, rst 0, seq_nr 10343, ack_nr 21077, packet_len 5 (0)
[0;0m[0;34mRDP 0x55c96d895610: Send CMP S 3: syn 0, ack 1, eack 0, rst 0, seq_nr 21078, ack_nr 10342, packet_len 5 (0)
[0;0m[0;34mRDP 0x55c96d895610: Wake Tx task (check timeouts)
[0;0m[0;34mRDP 0x55c96d895610: Received in S 3: syn 0, ack 1, eack 0, rst 0, seq_nr 10343, ack_nr 21077, packet_len 157 (152)
[0;0m[0;34mRDP 0x55c96d895610: Wake Tx task (check timeouts)
[0;0m[0;34mcsp_sfp_recv_fp: 20:44, fragment 144/144
[0;0mRECV_BUNDLE bundle_seq=18 n=4 bytes=144
[0;34mRDP 0x55c96d895610: Wake Tx task (check timeouts)
[0;0m[0;34mRDP 0x55c96d895610: Wake Tx task (check timeouts)
[0;0m[0;34mRDP 0x55c96d895610: Received in S 3: syn 0, ack 1, eack 0, rst 0, seq_nr 10344, ack_nr 21077, packet_len 5 (0)
[0;0m[0;34mRDP 0x55c96d895610: Send CMP S 3: syn 0, ack 1, eack 0, rst 0, seq_nr 21078, ack_nr 10343, packet_len 5 (0)
[0;0m[0;34mRDP 0x55c96d895610: Wake Tx task (check timeouts)
[0;0m[0;34mRDP 0x55c96d895610: Received in S 3: syn 0, ack 1, eack 0, rst 0, seq_nr 10344, ack_nr 21077, packet_len 157 (152)
[0;0m[0;34mRDP 0x55c96d895610: Wake Tx task (check timeouts)
[0;0m[0;34mcsp_sfp_recv_fp: 20:44, fragment 144/144
[0;0mRECV_BUNDLE bundle_seq=19 n=4 bytes=144
[0;34mRDP 0x55c96d895610: Wake Tx task (check timeouts)
[0;0m[0;34mRDP 0x55c96d895610: Wake Tx task (check timeouts)
[0;0m[0;34mRDP 0x55c96d895610: Send CMP S 3: syn 0, ack 1, eack 0, rst 0, seq_nr 21078, ack_nr 10344, packet_len 5 (0)
[0;0m[0;34mRDP 0x55c96d895610: Wake Tx task (check timeouts)
[0;0m[0;34mRDP 0x55c96d895610: Received in S 3: syn 0, ack 1, eack 0, rst 0, seq_nr 10345, ack_nr 21077, packet_len 5 (0)
[0;0m[0;34mRDP 0x55c96d895610: Wake Tx task (check timeouts)
[0;0m[0;34mRDP 0x55c96d895610: Received in S 3: syn 0, ack 1, eack 0, rst 0, seq_nr 10345, ack_nr 21077, packet_len 157 (152)
[0;0m[0;34mRDP 0x55c96d895610: Wake Tx task (check timeouts)
[0;0m[0;34mcsp_sfp_recv_fp: 20:44, fragment 144/144
[0;0mRECV_BUNDLE bundle_seq=20 n=4 bytes=144
[0;34mRDP 0x55c96d895610: Wake Tx task (check timeouts)
[0;0m[0;34mRDP 0x55c96d895610: Wake Tx task (check timeouts)
[0;0m[0;34mRDP 0x55c96d895610: Send CMP S 3: syn 0, ack 1, eack 0, rst 0, seq_nr 21078, ack_nr 10345, packet_len 5 (0)
[0;0m[0;34mRDP 0x55c96d895610: Wake Tx task (check timeouts)
[0;0m[0;34mRDP 0x55c96d895610: Received in S 3: syn 0, ack 1, eack 0, rst 0, seq_nr 10346, ack_nr 21077, packet_len 5 (0)
[0;0m[0;34mRDP 0x55c96d895610: Wake Tx task (check timeouts)
[0;0m[0;34mRDP 0x55c96d895610: Received in S 3: syn 0, ack 1, eack 0, rst 0, seq_nr 10346, ack_nr 21077, packet_len 157 (152)
[0;0m[0;34mRDP 0x55c96d895610: Wake Tx task (check timeouts)
[0;0m[0;34mcsp_sfp_recv_fp: 20:44, fragment 144/144
[0;0mRECV_BUNDLE bundle_seq=21 n=4 bytes=144
[0;34mRDP 0x55c96d895610: Wake Tx task (check timeouts)
[0;0m[0;34mRDP 0x55c96d895610: Wake Tx task (check timeouts)
[0;0m[0;34mRDP 0x55c96d895610: Send CMP S 3: syn 0, ack 1, eack 0, rst 0, seq_nr 21078, ack_nr 10346, packet_len 5 (0)
[0;0m[0;34mRDP 0x55c96d895610: Wake Tx task (check timeouts)
[0;0m[0;34mRDP 0x55c96d895610: Received in S 3: syn 0, ack 1, eack 0, rst 0, seq_nr 10347, ack_nr 21077, packet_len 5 (0)
[0;0m[0;34mRDP 0x55c96d895610: Wake Tx task (check timeouts)
[0;0m[0;34mRDP 0x55c96d895610: Received in S 3: syn 0, ack 1, eack 0, rst 0, seq_nr 10347, ack_nr 21077, packet_len 157 (152)
[0;0m[0;34mRDP 0x55c96d895610: Wake Tx task (check timeouts)
[0;0m[0;34mcsp_sfp_recv_fp: 20:44, fragment 144/144
[0;0mRECV_BUNDLE bundle_seq=22 n=4 bytes=144
[0;34mRDP 0x55c96d895610: Wake Tx task (check timeouts)
[0;0m[0;34mRDP 0x55c96d895610: Wake Tx task (check timeouts)
[0;0m[0;34mRDP 0x55c96d895610: Send CMP S 3: syn 0, ack 1, eack 0, rst 0, seq_nr 21078, ack_nr 10347, packet_len 5 (0)
[0;0m[0;34mRDP 0x55c96d895610: Wake Tx task (check timeouts)
[0;0m[0;34mRDP 0x55c96d895610: Received in S 3: syn 0, ack 1, eack 0, rst 0, seq_nr 10348, ack_nr 21077, packet_len 5 (0)
[0;0m[0;34mRDP 0x55c96d895610: Wake Tx task (check timeouts)
[0;0m[0;34mRDP 0x55c96d895610: Received in S 3: syn 0, ack 1, eack 0, rst 0, seq_nr 10348, ack_nr 21077, packet_len 157 (152)
[0;0m[0;34mRDP 0x55c96d895610: Wake Tx task (check timeouts)
[0;0m[0;34mcsp_sfp_recv_fp: 20:44, fragment 144/144
[0;0mRECV_BUNDLE bundle_seq=23 n=4 bytes=144
[0;34mRDP 0x55c96d895610: Wake Tx task (check timeouts)
[0;0m[0;34mRDP 0x55c96d895610: Wake Tx task (check timeouts)
[0;0m[0;34mRDP 0x55c96d895610: Send CMP S 3: syn 0, ack 1, eack 0, rst 0, seq_nr 21078, ack_nr 10348, packet_len 5 (0)
[0;0m[0;34mRDP 0x55c96d895610: Wake Tx task (check timeouts)
[0;0m[0;34mRDP 0x55c96d895610: Received in S 3: syn 0, ack 1, eack 0, rst 0, seq_nr 10349, ack_nr 21077, packet_len 5 (0)
[0;0m[0;34mRDP 0x55c96d895610: Wake Tx task (check timeouts)
[0;0m[0;34mRDP 0x55c96d895610: Received in S 3: syn 0, ack 1, eack 0, rst 0, seq_nr 10349, ack_nr 21077, packet_len 157 (152)
[0;0m[0;34mRDP 0x55c96d895610: Wake Tx task (check timeouts)
[0;0m[0;34mcsp_sfp_recv_fp: 20:44, fragment 144/144
[0;0mRECV_BUNDLE bundle_seq=24 n=4 bytes=144
[0;34mRDP 0x55c96d895610: Wake Tx task (check timeouts)
[0;0m[0;34mRDP 0x55c96d895610: Wake Tx task (check timeouts)
[0;0m[0;34mRDP 0x55c96d895610: Send CMP S 3: syn 0, ack 1, eack 0, rst 0, seq_nr 21078, ack_nr 10349, packet_len 5 (0)
[0;0m[0;34mRDP 0x55c96d895610: Wake Tx task (check timeouts)
[0;0m[0;34mRDP 0x55c96d895610: Received in S 3: syn 0, ack 1, eack 0, rst 0, seq_nr 10350, ack_nr 21077, packet_len 5 (0)
[0;0m[0;34mRDP 0x55c96d895610: Wake Tx task (check timeouts)
[0;0m[0;34mRDP 0x55c96d895610: Received in S 3: syn 0, ack 1, eack 0, rst 0, seq_nr 10350, ack_nr 21077, packet_len 157 (152)
[0;0m[0;34mRDP 0x55c96d895610: Wake Tx task (check timeouts)
[0;0m[0;34mcsp_sfp_recv_fp: 20:44, fragment 144/144
[0;0mRECV_BUNDLE bundle_seq=25 n=4 bytes=144
[0;34mRDP 0x55c96d895610: Wake Tx task (check timeouts)
[0;0m[0;34mRDP 0x55c96d895610: Wake Tx task (check timeouts)
[0;0m[0;34mRDP 0x55c96d895610: Send CMP S 3: syn 0, ack 1, eack 0, rst 0, seq_nr 21078, ack_nr 10350, packet_len 5 (0)
[0;0m[0;34mRDP 0x55c96d895610: Wake Tx task (check timeouts)
[0;0m[0;34mRDP 0x55c96d895610: Received in S 3: syn 0, ack 1, eack 0, rst 0, seq_nr 10351, ack_nr 21077, packet_len 5 (0)
[0;0m[0;34mRDP 0x55c96d895610: Wake Tx task (check timeouts)
[0;0m[0;34mRDP 0x55c96d895610: Received in S 3: syn 0, ack 1, eack 0, rst 0, seq_nr 10351, ack_nr 21077, packet_len 157 (152)
[0;0m[0;34mRDP 0x55c96d895610: Wake Tx task (check timeouts)
[0;0m[0;34mcsp_sfp_recv_fp: 20:44, fragment 144/144
[0;0mRECV_BUNDLE bundle_seq=26 n=4 bytes=144
[0;34mRDP 0x55c96d895610: Wake Tx task (check timeouts)
[0;0m[0;34mRDP 0x55c96d895610: Wake Tx task (check timeouts)
[0;0m[0;34mRDP 0x55c96d895610: Send CMP S 3: syn 0, ack 1, eack 0, rst 0, seq_nr 21078, ack_nr 10351, packet_len 5 (0)
[0;0m[0;34mRDP 0x55c96d895610: Wake Tx task (check timeouts)
[0;0m[0;34mRDP 0x55c96d895610: Received in S 3: syn 0, ack 1, eack 0, rst 0, seq_nr 10352, ack_nr 21077, packet_len 5 (0)
[0;0m[0;34mRDP 0x55c96d895610: Wake Tx task (check timeouts)
[0;0m[0;34mRDP 0x55c96d895610: Received in S 3: syn 0, ack 1, eack 0, rst 0, seq_nr 10352, ack_nr 21077, packet_len 157 (152)
[0;0m[0;34mRDP 0x55c96d895610: Wake Tx task (check timeouts)
[0;0m[0;34mcsp_sfp_recv_fp: 20:44, fragment 144/144
[0;0mRECV_BUNDLE bundle_seq=27 n=4 bytes=144
[0;34mRDP 0x55c96d895610: Wake Tx task (check timeouts)
[0;0m[0;34mRDP 0x55c96d895610: Wake Tx task (check timeouts)
[0;0m[0;34mRDP 0x55c96d895610: Received in S 3: syn 0, ack 1, eack 0, rst 0, seq_nr 10353, ack_nr 21077, packet_len 5 (0)
[0;0m[0;34mRDP 0x55c96d895610: Send CMP S 3: syn 0, ack 1, eack 0, rst 0, seq_nr 21078, ack_nr 10352, packet_len 5 (0)
[0;0m[0;34mRDP 0x55c96d895610: Wake Tx task (check timeouts)
[0;0m[0;34mRDP 0x55c96d895610: Received in S 3: syn 0, ack 1, eack 0, rst 0, seq_nr 10353, ack_nr 21077, packet_len 157 (152)
[0;0m[0;34mRDP 0x55c96d895610: Wake Tx task (check timeouts)
[0;0m[0;34mcsp_sfp_recv_fp: 20:44, fragment 144/144
[0;0mRECV_BUNDLE bundle_seq=28 n=4 bytes=144
[0;34mRDP 0x55c96d895610: Wake Tx task (check timeouts)
[0;0m[0;34mRDP 0x55c96d895610: Wake Tx task (check timeouts)
[0;0m[0;34mRDP 0x55c96d895610: Send CMP S 3: syn 0, ack 1, eack 0, rst 0, seq_nr 21078, ack_nr 10353, packet_len 5 (0)
[0;0m[0;34mRDP 0x55c96d895610: Wake Tx task (check timeouts)
[0;0m[0;34mRDP 0x55c96d895610: Received in S 3: syn 0, ack 1, eack 0, rst 0, seq_nr 10354, ack_nr 21077, packet_len 5 (0)
[0;0m[0;34mRDP 0x55c96d895610: Wake Tx task (check timeouts)
[0;0m[0;34mRDP 0x55c96d895610: Received in S 3: syn 0, ack 1, eack 0, rst 0, seq_nr 10354, ack_nr 21077, packet_len 157 (152)
[0;0m[0;34mRDP 0x55c96d895610: Wake Tx task (check timeouts)
[0;0m[0;34mcsp_sfp_recv_fp: 20:44, fragment 144/144
[0;0mRECV_BUNDLE bundle_seq=29 n=4 bytes=144
[0;34mRDP 0x55c96d895610: Wake Tx task (check timeouts)
[0;0m[0;34mRDP 0x55c96d895610: Wake Tx task (check timeouts)
[0;0m[0;34mRDP 0x55c96d895610: Received in S 3: syn 0, ack 1, eack 0, rst 0, seq_nr 10355, ack_nr 21077, packet_len 5 (0)
[0;0m[0;34mRDP 0x55c96d895610: Send CMP S 3: syn 0, ack 1, eack 0, rst 0, seq_nr 21078, ack_nr 10354, packet_len 5 (0)
[0;0m[0;34mRDP 0x55c96d895610: Wake Tx task (check timeouts)
[0;0m[0;34mRDP 0x55c96d895610: Received in S 3: syn 0, ack 1, eack 0, rst 0, seq_nr 10355, ack_nr 21077, packet_len 157 (152)
[0;0m[0;34mRDP 0x55c96d895610: Wake Tx task (check timeouts)
[0;0m[0;34mcsp_sfp_recv_fp: 20:44, fragment 144/144
[0;0mRECV_BUNDLE bundle_seq=30 n=4 bytes=144
[0;34mRDP 0x55c96d895610: Wake Tx task (check timeouts)
[0;0m[0;34mRDP 0x55c96d895610: Wake Tx task (check timeouts)
[0;0m[0;34mRDP 0x55c96d895610: Send CMP S 3: syn 0, ack 1, eack 0, rst 0, seq_nr 21078, ack_nr 10355, packet_len 5 (0)
[0;0m[0;34mRDP 0x55c96d895610: Wake Tx task (check timeouts)
[0;0m[0;34mRDP 0x55c96d895610: Received in S 3: syn 0, ack 1, eack 0, rst 0, seq_nr 10356, ack_nr 21077, packet_len 5 (0)
[0;0m[0;34mRDP 0x55c96d895610: Wake Tx task (check timeouts)
[0;0m[0;34mRDP 0x55c96d895610: Received in S 3: syn 0, ack 1, eack 0, rst 0, seq_nr 10356, ack_nr 21077, packet_len 157 (152)
[0;0m[0;34mRDP 0x55c96d895610: Wake Tx task (check timeouts)
[0;0m[0;34mcsp_sfp_recv_fp: 20:44, fragment 144/144
[0;0mRECV_BUNDLE bundle_seq=31 n=4 bytes=144
[0;34mRDP 0x55c96d895610: Wake Tx task (check timeouts)
[0;0m[0;34mRDP 0x55c96d895610: Wake Tx task (check timeouts)
[0;0m[0;34mRDP 0x55c96d895610: Received in S 3: syn 0, ack 1, eack 0, rst 0, seq_nr 10357, ack_nr 21077, packet_len 5 (0)
[0;0m[0;34mRDP 0x55c96d895610: Send CMP S 3: syn 0, ack 1, eack 0, rst 0, seq_nr 21078, ack_nr 10356, packet_len 5 (0)
[0;0m[0;34mRDP 0x55c96d895610: Wake Tx task (check timeouts)
[0;0m[0;34mRDP 0x55c96d895610: Received in S 3: syn 0, ack 1, eack 0, rst 0, seq_nr 10357, ack_nr 21077, packet_len 157 (152)
[0;0m[0;34mRDP 0x55c96d895610: Wake Tx task (check timeouts)
[0;0m[0;34mcsp_sfp_recv_fp: 20:44, fragment 144/144
[0;0mRECV_BUNDLE bundle_seq=32 n=4 bytes=144
[0;34mRDP 0x55c96d895610: Wake Tx task (check timeouts)
[0;0m[0;34mRDP 0x55c96d895610: Wake Tx task (check timeouts)
[0;0m[0;34mRDP 0x55c96d895610: Received in S 3: syn 0, ack 1, eack 0, rst 0, seq_nr 10358, ack_nr 21077, packet_len 5 (0)
[0;0m[0;34mRDP 0x55c96d895610: Send CMP S 3: syn 0, ack 1, eack 0, rst 0, seq_nr 21078, ack_nr 10357, packet_len 5 (0)
[0;0m[0;34mRDP 0x55c96d895610: Wake Tx task (check timeouts)
[0;0m[0;34mRDP 0x55c96d895610: Received in S 3: syn 0, ack 1, eack 0, rst 0, seq_nr 10358, ack_nr 21077, packet_len 157 (152)
[0;0m[0;34mRDP 0x55c96d895610: Wake Tx task (check timeouts)
[0;0m[0;34mcsp_sfp_recv_fp: 20:44, fragment 144/144
[0;0mRECV_BUNDLE bundle_seq=33 n=4 bytes=144
[0;34mRDP 0x55c96d895610: Wake Tx task (check timeouts)
[0;0m[0;34mRDP 0x55c96d895610: Wake Tx task (check timeouts)
[0;0m[0;34mRDP 0x55c96d895610: Received in S 3: syn 0, ack 1, eack 0, rst 0, seq_nr 10359, ack_nr 21077, packet_len 5 (0)
[0;0m[0;34mRDP 0x55c96d895610: Send CMP S 3: syn 0, ack 1, eack 0, rst 0, seq_nr 21078, ack_nr 10358, packet_len 5 (0)
[0;0m[0;34mRDP 0x55c96d895610: Wake Tx task (check timeouts)
[0;0m[0;34mRDP 0x55c96d895610: Received in S 3: syn 0, ack 1, eack 0, rst 0, seq_nr 10359, ack_nr 21077, packet_len 157 (152)
[0;0m[0;34mRDP 0x55c96d895610: Wake Tx task (check timeouts)
[0;0m[0;34mcsp_sfp_recv_fp: 20:44, fragment 144/144
[0;0mRECV_BUNDLE bundle_seq=34 n=4 bytes=144
cspcl_recv_bundle: Operation timed out -- stopping
[0;34mRDP 0x55c96d895610: Wake Tx task (check timeouts)
[0;0m[0;34mRDP 0x55c96d895610: Wake Tx task (check timeouts)
[0;0m[0;34mRDP 0x55c96d895610: Received in S 3: syn 0, ack 1, eack 0, rst 0, seq_nr 10360, ack_nr 21077, packet_len 5 (0)
[0;0m[0;34mRDP 0x55c96d895610: Send CMP S 3: syn 0, ack 1, eack 0, rst 0, seq_nr 21078, ack_nr 10359, packet_len 5 (0)
[0;0m[0;34mRDP 0x55c96d895610: Wake Tx task (check timeouts)
[0;0m[0;34mRDP 0x55c96d895610: Wake Tx task (check timeouts)
[0;0m[0;34mRDP 0x55c96d895610: Wake Tx task (check timeouts)
[0;0m[0;34mRDP 0x55c96d895610: Send CMP S 3: syn 0, ack 1, eack 0, rst 0, seq_nr 21078, ack_nr 10359, packet_len 5 (0)
[0;0m[0;34mRDP 0x55c96d895610: Wake Tx task (check timeouts)
[0;0m[0;34mRDP 0x55c96d895610: Wake Tx task (check timeouts)
[0;0m[0;34mRDP 0x55c96d895610: Wake Tx task (check timeouts)
[0;0m[0;34mRDP 0x55c96d895610: Send CMP S 3: syn 0, ack 1, eack 0, rst 0, seq_nr 21078, ack_nr 10359, packet_len 5 (0)
[0;0m[0;34mRDP 0x55c96d895610: Wake Tx task (check timeouts)
[0;0m[0;34mRDP 0x55c96d895610: Wake Tx task (check timeouts)
[0;0m[0;34mRDP 0x55c96d895610: Wake Tx task (check timeouts)
[0;0m[0;34mRDP 0x55c96d895610: Send CMP S 3: syn 0, ack 1, eack 0, rst 0, seq_nr 21078, ack_nr 10359, packet_len 5 (0)
[0;0m[0;34mRDP 0x55c96d895610: Wake Tx task (check timeouts)
[0;0m[0;34mRDP 0x55c96d895610: Wake Tx task (check timeouts)
[0;0m[0;34mRDP 0x55c96d895610: Wake Tx task (check timeouts)
[0;0m[0;34mRDP 0x55c96d895610: Send CMP S 3: syn 0, ack 1, eack 0, rst 0, seq_nr 21078, ack_nr 10359, packet_len 5 (0)
[0;0m[0;34mRDP 0x55c96d895610: Wake Tx task (check timeouts)
[0;0m[0;34mRDP 0x55c96d895610: Wake Tx task (check timeouts)
[0;0m[0;34mRDP 0x55c96d895610: Wake Tx task (check timeouts)
[0;0m[0;34mRDP 0x55c96d895610: Send CMP S 3: syn 0, ack 1, eack 0, rst 0, seq_nr 21078, ack_nr 10359, packet_len 5 (0)
[0;0m[0;34mRDP 0x55c96d895610: Wake Tx task (check timeouts)
[0;0m[0;34mRDP 0x55c96d895610: Wake Tx task (check timeouts)
[0;0m[0;34mRDP 0x55c96d895610: Wake Tx task (check timeouts)
[0;0m[0;34mRDP 0x55c96d895610: Send CMP S 3: syn 0, ack 1, eack 0, rst 0, seq_nr 21078, ack_nr 10359, packet_len 5 (0)
[0;0m[0;34mRDP 0x55c96d895610: Wake Tx task (check timeouts)
[0;0m[0;34mRDP 0x55c96d895610: Wake Tx task (check timeouts)
[0;0m[0;34mRDP 0x55c96d895610: Wake Tx task (check timeouts)
[0;0m[0;34mRDP 0x55c96d895610: Send CMP S 3: syn 0, ack 1, eack 0, rst 0, seq_nr 21078, ack_nr 10359, packet_len 5 (0)
[0;0m[0;34mRDP 0x55c96d895610: Wake Tx task (check timeouts)
[0;0m[0;34mRDP 0x55c96d895610: Wake Tx task (check timeouts)
[0;0m[0;34mRDP 0x55c96d895610: Wake Tx task (check timeouts)
[0;0m[0;34mRDP 0x55c96d895610: Send CMP S 3: syn 0, ack 1, eack 0, rst 0, seq_nr 21078, ack_nr 10359, packet_len 5 (0)
[0;0m[0;34mRDP 0x55c96d895610: Wake Tx task (check timeouts)
[0;0m[0;34mRDP 0x55c96d895610: Wake Tx task (check timeouts)
[0;0m[0;34mRDP 0x55c96d895610: Wake Tx task (check timeouts)
[0;0m[0;34mRDP 0x55c96d895610: Send CMP S 3: syn 0, ack 1, eack 0, rst 0, seq_nr 21078, ack_nr 10359, packet_len 5 (0)
[0;0m[0;34mRDP 0x55c96d895610: Wake Tx task (check timeouts)
[0;0m
--- bundle measurement summary ---
bundles received: 34
unit latency: min=0.090 ms  mean=0.254 ms  max=0.551 ms  stddev=0.082 ms  (n=136 units)
throughput: 2.63 bundles/sec  10.5 units/sec-equivalent  0.4 kB/s
[0;34mRDP 0x561f8a8f8610: Wake Tx task (check timeouts)
[0;0mSENT bundle=33 n=4 bytes=144 send_time_ms=300.718
[0;34mcsp_sfp_send_own_memcpy: 21:10, sending at 0x561f8a9067b0 size 144
[0;0m[0;34mRDP 0x561f8a8f8610: Sending  in S 3: syn 0, ack 1, eack 0, rst 0, seq_nr 10359, ack_nr 21077, packet_len 157 (152)
[0;0m[0;34mRDP 0x561f8a8f8610: Wake Tx task (check timeouts)
[0;0m[0;34mRDP 0x561f8a8f8610: Wake Tx task (check timeouts)
[0;0m[0;34mRDP 0x561f8a8f8610: Send CMP S 3: syn 0, ack 1, eack 0, rst 0, seq_nr 10360, ack_nr 21077, packet_len 5 (0)
[0;0m[0;34mRDP 0x561f8a8f8610: Wake Tx task (check timeouts)
[0;0m[0;34mRDP 0x561f8a8f8610: Received in S 3: syn 0, ack 1, eack 0, rst 0, seq_nr 21078, ack_nr 10359, packet_len 5 (0)
[0;0m[0;34mRDP 0x561f8a8f8610: TX Element Free, time 22481099, seq 10359, una 10360
[0;0m[0;34mRDP 0x561f8a8f8610: Wake Tx task (check timeouts)
[0;0mSENT bundle=34 n=4 bytes=144 send_time_ms=301.140
SUMMARY bundles_sent=34 n_per_bundle=4 unit_size=36 bundle_len=144 mean_send_ms=300.770
