[bundle_receiver] listening on addr 21  (timeout=5000 ms per bundle)
RECV_BUNDLE bundle_seq=1 n=64 bytes=2304
RECV_BUNDLE bundle_seq=2 n=64 bytes=2304
RECV_BUNDLE bundle_seq=3 n=64 bytes=2304
RECV_BUNDLE bundle_seq=4 n=64 bytes=2304
RECV_BUNDLE bundle_seq=5 n=64 bytes=2304
RECV_BUNDLE bundle_seq=6 n=64 bytes=2304
RECV_BUNDLE bundle_seq=7 n=64 bytes=2304
RECV_BUNDLE bundle_seq=8 n=64 bytes=2304
RECV_BUNDLE bundle_seq=9 n=64 bytes=2304
RECV_BUNDLE bundle_seq=10 n=64 bytes=2304
RECV_BUNDLE bundle_seq=11 n=64 bytes=2304
RECV_BUNDLE bundle_seq=12 n=64 bytes=2304
RECV_BUNDLE bundle_seq=13 n=64 bytes=2304
RECV_BUNDLE bundle_seq=14 n=64 bytes=2304
RECV_BUNDLE bundle_seq=15 n=64 bytes=2304
RECV_BUNDLE bundle_seq=16 n=64 bytes=2304
RECV_BUNDLE bundle_seq=17 n=64 bytes=2304
RECV_BUNDLE bundle_seq=18 n=64 bytes=2304
RECV_BUNDLE bundle_seq=19 n=64 bytes=2304
RECV_BUNDLE bundle_seq=20 n=64 bytes=2304
RECV_BUNDLE bundle_seq=21 n=64 bytes=2304
RECV_BUNDLE bundle_seq=22 n=64 bytes=2304
RECV_BUNDLE bundle_seq=23 n=64 bytes=2304
RECV_BUNDLE bundle_seq=24 n=64 bytes=2304
RECV_BUNDLE bundle_seq=25 n=64 bytes=2304
RECV_BUNDLE bundle_seq=26 n=64 bytes=2304
RECV_BUNDLE bundle_seq=27 n=64 bytes=2304
RECV_BUNDLE bundle_seq=28 n=64 bytes=2304
RECV_BUNDLE bundle_seq=29 n=64 bytes=2304
RECV_BUNDLE bundle_seq=30 n=64 bytes=2304

--- bundle measurement summary ---
bundles received: 30 / 30  (100.0%)
unit latency: min=0.624 ms  mean=0.920 ms  max=1.529 ms  stddev=0.233 ms  (n=1920 units)
throughput: 1160.63 bundles/sec  74280.2 units/sec-equivalent  2674.1 kB/s
n=64 bytes=2304 send_time_ms=0.636
SENT bundle=29 n=64 bytes=2304 send_time_ms=0.637
SENT bundle=30 n=64 bytes=2304 send_time_ms=0.669
SUMMARY bundles_sent=30 n_per_bundle=64 unit_size=36 bundle_len=2304 mean_send_ms=0.900
