[bundle_receiver] listening on addr 21  (timeout=3000 ms per bundle)
[0;34mRDP 0x55a87ae2b610: Received in S 0: syn 1, ack 0, eack 0, rst 0, seq_nr 12145, ack_nr     0, packet_len 29 (24)
[0;0m[0;34mRDP 0x55a87ae2b610: SYN-Received
[0;0m[0;34mRDP 0x55a87ae2b610: window size 4, conn timeout 1000, packet timeout 1000, delayed acks: 1, ack timeout 250, ack each 2 packet
[0;0m[0;34mRDP 0x55a87ae2b610: Send CMP S 2: syn 1, ack 1, eack 0, rst 0, seq_nr 21853, ack_nr 12145, packet_len 5 (0)
[0;0m[0;34mRDP 0x55a87ae2b610: Received in S 2: syn 0, ack 1, eack 0, rst 0, seq_nr 12146, ack_nr 21853, packet_len 5 (0)
[0;0m[0;34mRDP 0x55a87ae2b610: NC: Connection OPEN
[0;0m[0;34mRDP 0x55a87ae2b610: TX Element Free, time 22421937, seq 21853, una 21854
[0;0m[0;34mRDP 0x55a87ae2b610: Wake Tx task (check timeouts)
[0;0m[0;34mRDP 0x55a87ae2b610: Received in S 3: syn 0, ack 1, eack 0, rst 0, seq_nr 12146, ack_nr 21853, packet_len 49 (44)
[0;0m[0;34mRDP 0x55a87ae2b610: Wake Tx task (check timeouts)
[0;0m[0;34mcsp_sfp_recv_fp: 20:55, fragment 36/36
[0;0mRECV_BUNDLE bundle_seq=1 n=1 bytes=36
[0;34mRDP 0x55a87ae2b610: Wake Tx task (check timeouts)
[0;0m[0;34mRDP 0x55a87ae2b610: Wake Tx task (check timeouts)
[0;0m[0;34mRDP 0x55a87ae2b610: Received in S 3: syn 0, ack 1, eack 0, rst 0, seq_nr 12147, ack_nr 21853, packet_len 5 (0)
[0;0m[0;34mRDP 0x55a87ae2b610: Send CMP S 3: syn 0, ack 1, eack 0, rst 0, seq_nr 21854, ack_nr 12146, packet_len 5 (0)
[0;0m[0;34mRDP 0x55a87ae2b610: Wake Tx task (check timeouts)
[0;0m[0;34mRDP 0x55a87ae2b610: Received in S 3: syn 0, ack 1, eack 0, rst 0, seq_nr 12147, ack_nr 21853, packet_len 49 (44)
[0;0m[0;34mRDP 0x55a87ae2b610: Wake Tx task (check timeouts)
[0;0m[0;34mcsp_sfp_recv_fp: 20:55, fragment 36/36
[0;0mRECV_BUNDLE bundle_seq=2 n=1 bytes=36
[0;34mRDP 0x55a87ae2b610: Wake Tx task (check timeouts)
[0;0m[0;34mRDP 0x55a87ae2b610: Wake Tx task (check timeouts)
[0;0m[0;34mRDP 0x55a87ae2b610: Send CMP S 3: syn 0, ack 1, eack 0, rst 0, seq_nr 21854, ack_nr 12147, packet_len 5 (0)
[0;0m[0;34mRDP 0x55a87ae2b610: Wake Tx task (check timeouts)
[0;0m[0;34mRDP 0x55a87ae2b610: Received in S 3: syn 0, ack 1, eack 0, rst 0, seq_nr 12148, ack_nr 21853, packet_len 5 (0)
[0;0m[0;34mRDP 0x55a87ae2b610: Wake Tx task (check timeouts)
[0;0m[0;34mRDP 0x55a87ae2b610: Received in S 3: syn 0, ack 1, eack 0, rst 0, seq_nr 12148, ack_nr 21853, packet_len 49 (44)
[0;0m[0;34mRDP 0x55a87ae2b610: Wake Tx task (check timeouts)
[0;0m[0;34mcsp_sfp_recv_fp: 20:55, fragment 36/36
[0;0mRECV_BUNDLE bundle_seq=3 n=1 bytes=36
[0;34mRDP 0x55a87ae2b610: Wake Tx task (check timeouts)
[0;0m[0;34mRDP 0x55a87ae2b610: Wake Tx task (check timeouts)
[0;0m[0;34mRDP 0x55a87ae2b610: Received in S 3: syn 0, ack 1, eack 0, rst 0, seq_nr 12149, ack_nr 21853, packet_len 5 (0)
[0;0m[0;34mRDP 0x55a87ae2b610: Send CMP S 3: syn 0, ack 1, eack 0, rst 0, seq_nr 21854, ack_nr 12148, packet_len 5 (0)
[0;0m[0;34mRDP 0x55a87ae2b610: Wake Tx task (check timeouts)
[0;0m[0;34mRDP 0x55a87ae2b610: Received in S 3: syn 0, ack 1, eack 0, rst 0, seq_nr 12149, ack_nr 21853, packet_len 49 (44)
[0;0m[0;34mRDP 0x55a87ae2b610: Wake Tx task (check timeouts)
[0;0m[0;34mcsp_sfp_recv_fp: 20:55, fragment 36/36
[0;0mRECV_BUNDLE bundle_seq=4 n=1 bytes=36
[0;34mRDP 0x55a87ae2b610: Wake Tx task (check timeouts)
[0;0m[0;34mRDP 0x55a87ae2b610: Wake Tx task (check timeouts)
[0;0m[0;34mRDP 0x55a87ae2b610: Send CMP S 3: syn 0, ack 1, eack 0, rst 0, seq_nr 21854, ack_nr 12149, packet_len 5 (0)
[0;0m[0;34mRDP 0x55a87ae2b610: Wake Tx task (check timeouts)
[0;0m[0;34mRDP 0x55a87ae2b610: Received in S 3: syn 0, ack 1, eack 0, rst 0, seq_nr 12150, ack_nr 21853, packet_len 5 (0)
[0;0m[0;34mRDP 0x55a87ae2b610: Wake Tx task (check timeouts)
[0;0m[0;34mRDP 0x55a87ae2b610: Received in S 3: syn 0, ack 1, eack 0, rst 0, seq_nr 12150, ack_nr 21853, packet_len 49 (44)
[0;0m[0;34mRDP 0x55a87ae2b610: Wake Tx task (check timeouts)
[0;0m[0;34mcsp_sfp_recv_fp: 20:55, fragment 36/36
[0;0mRECV_BUNDLE bundle_seq=5 n=1 bytes=36
[0;34mRDP 0x55a87ae2b610: Wake Tx task (check timeouts)
[0;0m[0;34mRDP 0x55a87ae2b610: Wake Tx task (check timeouts)
[0;0m[0;34mRDP 0x55a87ae2b610: Received in S 3: syn 0, ack 1, eack 0, rst 0, seq_nr 12151, ack_nr 21853, packet_len 5 (0)
[0;0m[0;34mRDP 0x55a87ae2b610: Send CMP S 3: syn 0, ack 1, eack 0, rst 0, seq_nr 21854, ack_nr 12150, packet_len 5 (0)
[0;0m[0;34mRDP 0x55a87ae2b610: Wake Tx task (check timeouts)
[0;0m[0;34mRDP 0x55a87ae2b610: Received in S 3: syn 0, ack 1, eack 0, rst 0, seq_nr 12151, ack_nr 21853, packet_len 49 (44)
[0;0m[0;34mRDP 0x55a87ae2b610: Wake Tx task (check timeouts)
[0;0m[0;34mcsp_sfp_recv_fp: 20:55, fragment 36/36
[0;0mRECV_BUNDLE bundle_seq=6 n=1 bytes=36
[0;34mRDP 0x55a87ae2b610: Wake Tx task (check timeouts)
[0;0m[0;34mRDP 0x55a87ae2b610: Wake Tx task (check timeouts)
[0;0m[0;34mRDP 0x55a87ae2b610: Send CMP S 3: syn 0, ack 1, eack 0, rst 0, seq_nr 21854, ack_nr 12151, packet_len 5 (0)
[0;0m[0;34mRDP 0x55a87ae2b610: Wake Tx task (check timeouts)
[0;0m[0;34mRDP 0x55a87ae2b610: Received in S 3: syn 0, ack 1, eack 0, rst 0, seq_nr 12152, ack_nr 21853, packet_len 5 (0)
[0;0m[0;34mRDP 0x55a87ae2b610: Wake Tx task (check timeouts)
[0;0m[0;34mRDP 0x55a87ae2b610: Received in S 3: syn 0, ack 1, eack 0, rst 0, seq_nr 12152, ack_nr 21853, packet_len 49 (44)
[0;0m[0;34mRDP 0x55a87ae2b610: Wake Tx task (check timeouts)
[0;0m[0;34mcsp_sfp_recv_fp: 20:55, fragment 36/36
[0;0mRECV_BUNDLE bundle_seq=7 n=1 bytes=36
[0;34mRDP 0x55a87ae2b610: Wake Tx task (check timeouts)
[0;0m[0;34mRDP 0x55a87ae2b610: Wake Tx task (check timeouts)
[0;0m[0;34mRDP 0x55a87ae2b610: Received in S 3: syn 0, ack 1, eack 0, rst 0, seq_nr 12153, ack_nr 21853, packet_len 5 (0)
[0;0m[0;34mRDP 0x55a87ae2b610: Send CMP S 3: syn 0, ack 1, eack 0, rst 0, seq_nr 21854, ack_nr 12152, packet_len 5 (0)
[0;0m[0;34mRDP 0x55a87ae2b610: Wake Tx task (check timeouts)
[0;0m[0;34mRDP 0x55a87ae2b610: Received in S 3: syn 0, ack 1, eack 0, rst 0, seq_nr 12153, ack_nr 21853, packet_len 49 (44)
[0;0m[0;34mRDP 0x55a87ae2b610: Wake Tx task (check timeouts)
[0;0m[0;34mcsp_sfp_recv_fp: 20:55, fragment 36/36
[0;0mRECV_BUNDLE bundle_seq=8 n=1 bytes=36
[0;34mRDP 0x55a87ae2b610: Wake Tx task (check timeouts)
[0;0m[0;34mRDP 0x55a87ae2b610: Wake Tx task (check timeouts)
[0;0m[0;34mRDP 0x55a87ae2b610: Send CMP S 3: syn 0, ack 1, eack 0, rst 0, seq_nr 21854, ack_nr 12153, packet_len 5 (0)
[0;0m[0;34mRDP 0x55a87ae2b610: Wake Tx task (check timeouts)
[0;0m[0;34mRDP 0x55a87ae2b610: Received in S 3: syn 0, ack 1, eack 0, rst 0, seq_nr 12154, ack_nr 21853, packet_len 5 (0)
[0;0m[0;34mRDP 0x55a87ae2b610: Wake Tx task (check timeouts)
[0;0m[0;34mRDP 0x55a87ae2b610: Received in S 3: syn 0, ack 1, eack 0, rst 0, seq_nr 12154, ack_nr 21853, packet_len 49 (44)
[0;0m[0;34mRDP 0x55a87ae2b610: Wake Tx task (check timeouts)
[0;0m[0;34mcsp_sfp_recv_fp: 20:55, fragment 36/36
[0;0mRECV_BUNDLE bundle_seq=9 n=1 bytes=36
[0;34mRDP 0x55a87ae2b610: Wake Tx task (check timeouts)
[0;0m[0;34mRDP 0x55a87ae2b610: Wake Tx task (check timeouts)
[0;0m[0;34mRDP 0x55a87ae2b610: Send CMP S 3: syn 0, ack 1, eack 0, rst 0, seq_nr 21854, ack_nr 12154, packet_len 5 (0)
[0;0m[0;34mRDP 0x55a87ae2b610: Wake Tx task (check timeouts)
[0;0m[0;34mRDP 0x55a87ae2b610: Received in S 3: syn 0, ack 1, eack 0, rst 0, seq_nr 12155, ack_nr 21853, packet_len 5 (0)
[0;0m[0;34mRDP 0x55a87ae2b610: Wake Tx task (check timeouts)
[0;0m[0;34mRDP 0x55a87ae2b610: Received in S 3: syn 0, ack 1, eack 0, rst 0, seq_nr 12155, ack_nr 21853, packet_len 49 (44)
[0;0m[0;34mRDP 0x55a87ae2b610: Wake Tx task (check timeouts)
[0;0m[0;34mcsp_sfp_recv_fp: 20:55, fragment 36/36
[0;0mRECV_BUNDLE bundle_seq=10 n=1 bytes=36
[0;34mRDP 0x55a87ae2b610: Wake Tx task (check timeouts)
[0;0m[0;34mRDP 0x55a87ae2b610: Wake Tx task (check timeouts)
[0;0m[0;34mRDP 0x55a87ae2b610: Received in S 3: syn 0, ack 1, eack 0, rst 0, seq_nr 12156, ack_nr 21853, packet_len 5 (0)
[0;0m[0;34mRDP 0x55a87ae2b610: Send CMP S 3: syn 0, ack 1, eack 0, rst 0, seq_nr 21854, ack_nr 12155, packet_len 5 (0)
[0;0m[0;34mRDP 0x55a87ae2b610: Wake Tx task (check timeouts)
[0;0m[0;34mRDP 0x55a87ae2b610: Received in S 3: syn 0, ack 1, eack 0, rst 0, seq_nr 12156, ack_nr 21853, packet_len 49 (44)
[0;0m[0;34mRDP 0x55a87ae2b610: Wake Tx task (check timeouts)
[0;0m[0;34mcsp_sfp_recv_fp: 20:55, fragment 36/36
[0;0mRECV_BUNDLE bundle_seq=11 n=1 bytes=36
[0;34mRDP 0x55a87ae2b610: Wake Tx task (check timeouts)
[0;0m[0;34mRDP 0x55a87ae2b610: Wake Tx task (check timeouts)
[0;0m[0;34mRDP 0x55a87ae2b610: Send CMP S 3: syn 0, ack 1, eack 0, rst 0, seq_nr 21854, ack_nr 12156, packet_len 5 (0)
[0;0m[0;34mRDP 0x55a87ae2b610: Wake Tx task (check timeouts)
[0;0m[0;34mRDP 0x55a87ae2b610: Received in S 3: syn 0, ack 1, eack 0, rst 0, seq_nr 12157, ack_nr 21853, packet_len 5 (0)
[0;0m[0;34mRDP 0x55a87ae2b610: Wake Tx task (check timeouts)
[0;0m[0;34mRDP 0x55a87ae2b610: Received in S 3: syn 0, ack 1, eack 0, rst 0, seq_nr 12157, ack_nr 21853, packet_len 49 (44)
[0;0m[0;34mRDP 0x55a87ae2b610: Wake Tx task (check timeouts)
[0;0m[0;34mcsp_sfp_recv_fp: 20:55, fragment 36/36
[0;0mRECV_BUNDLE bundle_seq=12 n=1 bytes=36
[0;34mRDP 0x55a87ae2b610: Wake Tx task (check timeouts)
[0;0m[0;34mRDP 0x55a87ae2b610: Wake Tx task (check timeouts)
[0;0m[0;34mRDP 0x55a87ae2b610: Received in S 3: syn 0, ack 1, eack 0, rst 0, seq_nr 12158, ack_nr 21853, packet_len 5 (0)
[0;0m[0;34mRDP 0x55a87ae2b610: Send CMP S 3: syn 0, ack 1, eack 0, rst 0, seq_nr 21854, ack_nr 12157, packet_len 5 (0)
[0;0m[0;34mRDP 0x55a87ae2b610: Wake Tx task (check timeouts)
[0;0m[0;34mRDP 0x55a87ae2b610: Received in S 3: syn 0, ack 1, eack 0, rst 0, seq_nr 12158, ack_nr 21853, packet_len 49 (44)
[0;0m[0;34mRDP 0x55a87ae2b610: Wake Tx task (check timeouts)
[0;0m[0;34mcsp_sfp_recv_fp: 20:55, fragment 36/36
[0;0mRECV_BUNDLE bundle_seq=13 n=1 bytes=36
[0;34mRDP 0x55a87ae2b610: Wake Tx task (check timeouts)
[0;0m[0;34mRDP 0x55a87ae2b610: Wake Tx task (check timeouts)
[0;0m[0;34mRDP 0x55a87ae2b610: Received in S 3: syn 0, ack 1, eack 0, rst 0, seq_nr 12159, ack_nr 21853, packet_len 5 (0)
[0;0m[0;34mRDP 0x55a87ae2b610: Send CMP S 3: syn 0, ack 1, eack 0, rst 0, seq_nr 21854, ack_nr 12158, packet_len 5 (0)
[0;0m[0;34mRDP 0x55a87ae2b610: Wake Tx task (check timeouts)
[0;0m[0;34mRDP 0x55a87ae2b610: Received in S 3: syn 0, ack 1, eack 0, rst 0, seq_nr 12159, ack_nr 21853, packet_len 49 (44)
[0;0m[0;34mRDP 0x55a87ae2b610: Wake Tx task (check timeouts)
[0;0m[0;34mcsp_sfp_recv_fp: 20:55, fragment 36/36
[0;0mRECV_BUNDLE bundle_seq=14 n=1 bytes=36
[0;34mRDP 0x55a87ae2b610: Wake Tx task (check timeouts)
[0;0m[0;34mRDP 0x55a87ae2b610: Wake Tx task (check timeouts)
[0;0m[0;34mRDP 0x55a87ae2b610: Received in S 3: syn 0, ack 1, eack 0, rst 0, seq_nr 12160, ack_nr 21853, packet_len 5 (0)
[0;0m[0;34mRDP 0x55a87ae2b610: Send CMP S 3: syn 0, ack 1, eack 0, rst 0, seq_nr 21854, ack_nr 12159, packet_len 5 (0)
[0;0m[0;34mRDP 0x55a87ae2b610: Wake Tx task (check timeouts)
[0;0m[0;34mRDP 0x55a87ae2b610: Received in S 3: syn 0, ack 1, eack 0, rst 0, seq_nr 12160, ack_nr 21853, packet_len 49 (44)
[0;0m[0;34mRDP 0x55a87ae2b610: Wake Tx task (check timeouts)
[0;0m[0;34mcsp_sfp_recv_fp: 20:55, fragment 36/36
[0;0mRECV_BUNDLE bundle_seq=15 n=1 bytes=36
[0;34mRDP 0x55a87ae2b610: Wake Tx task (check timeouts)
[0;0m[0;34mRDP 0x55a87ae2b610: Wake Tx task (check timeouts)
[0;0m[0;34mRDP 0x55a87ae2b610: Received in S 3: syn 0, ack 1, eack 0, rst 0, seq_nr 12161, ack_nr 21853, packet_len 5 (0)
[0;0m[0;34mRDP 0x55a87ae2b610: Send CMP S 3: syn 0, ack 1, eack 0, rst 0, seq_nr 21854, ack_nr 12160, packet_len 5 (0)
[0;0m[0;34mRDP 0x55a87ae2b610: Wake Tx task (check timeouts)
[0;0m[0;34mRDP 0x55a87ae2b610: Received in S 3: syn 0, ack 1, eack 0, rst 0, seq_nr 12161, ack_nr 21853, packet_len 49 (44)
[0;0m[0;34mRDP 0x55a87ae2b610: Wake Tx task (check timeouts)
[0;0m[0;34mcsp_sfp_recv_fp: 20:55, fragment 36/36
[0;0mRECV_BUNDLE bundle_seq=16 n=1 bytes=36
[0;34mRDP 0x55a87ae2b610: Wake Tx task (check timeouts)
[0;0m[0;34mRDP 0x55a87ae2b610: Wake Tx task (check timeouts)
[0;0m[0;34mRDP 0x55a87ae2b610: Received in S 3: syn 0, ack 1, eack 0, rst 0, seq_nr 12162, ack_nr 21853, packet_len 5 (0)
[0;0m[0;34mRDP 0x55a87ae2b610: Send CMP S 3: syn 0, ack 1, eack 0, rst 0, seq_nr 21854, ack_nr 12161, packet_len 5 (0)
[0;0m[0;34mRDP 0x55a87ae2b610: Wake Tx task (check timeouts)
[0;0m[0;34mRDP 0x55a87ae2b610: Received in S 3: syn 0, ack 1, eack 0, rst 0, seq_nr 12162, ack_nr 21853, packet_len 49 (44)
[0;0m[0;34mRDP 0x55a87ae2b610: Wake Tx task (check timeouts)
[0;0m[0;34mcsp_sfp_recv_fp: 20:55, fragment 36/36
[0;0mRECV_BUNDLE bundle_seq=17 n=1 bytes=36
[0;34mRDP 0x55a87ae2b610: Wake Tx task (check timeouts)
[0;0m[0;34mRDP 0x55a87ae2b610: Wake Tx task (check timeouts)
[0;0m[0;34mRDP 0x55a87ae2b610: Received in S 3: syn 0, ack 1, eack 0, rst 0, seq_nr 12163, ack_nr 21853, packet_len 5 (0)
[0;0m[0;34mRDP 0x55a87ae2b610: Send CMP S 3: syn 0, ack 1, eack 0, rst 0, seq_nr 21854, ack_nr 12162, packet_len 5 (0)
[0;0m[0;34mRDP 0x55a87ae2b610: Wake Tx task (check timeouts)
[0;0m[0;34mRDP 0x55a87ae2b610: Received in S 3: syn 0, ack 1, eack 0, rst 0, seq_nr 12163, ack_nr 21853, packet_len 49 (44)
[0;0m[0;34mRDP 0x55a87ae2b610: Wake Tx task (check timeouts)
[0;0m[0;34mcsp_sfp_recv_fp: 20:55, fragment 36/36
[0;0mRECV_BUNDLE bundle_seq=18 n=1 bytes=36
[0;34mRDP 0x55a87ae2b610: Wake Tx task (check timeouts)
[0;0m[0;34mRDP 0x55a87ae2b610: Wake Tx task (check timeouts)
[0;0m[0;34mRDP 0x55a87ae2b610: Received in S 3: syn 0, ack 1, eack 0, rst 0, seq_nr 12164, ack_nr 21853, packet_len 5 (0)
[0;0m[0;34mRDP 0x55a87ae2b610: Send CMP S 3: syn 0, ack 1, eack 0, rst 0, seq_nr 21854, ack_nr 12163, packet_len 5 (0)
[0;0m[0;34mRDP 0x55a87ae2b610: Wake Tx task (check timeouts)
[0;0m[0;34mRDP 0x55a87ae2b610: Received in S 3: syn 0, ack 1, eack 0, rst 0, seq_nr 12164, ack_nr 21853, packet_len 49 (44)
[0;0m[0;34mRDP 0x55a87ae2b610: Wake Tx task (check timeouts)
[0;0m[0;34mcsp_sfp_recv_fp: 20:55, fragment 36/36
[0;0mRECV_BUNDLE bundle_seq=19 n=1 bytes=36
[0;34mRDP 0x55a87ae2b610: Wake Tx task (check timeouts)
[0;0m[0;34mRDP 0x55a87ae2b610: Wake Tx task (check timeouts)
[0;0m[0;34mRDP 0x55a87ae2b610: Received in S 3: syn 0, ack 1, eack 0, rst 0, seq_nr 12165, ack_nr 21853, packet_len 5 (0)
[0;0m[0;34mRDP 0x55a87ae2b610: Send CMP S 3: syn 0, ack 1, eack 0, rst 0, seq_nr 21854, ack_nr 12164, packet_len 5 (0)
[0;0m[0;34mRDP 0x55a87ae2b610: Wake Tx task (check timeouts)
[0;0m[0;34mRDP 0x55a87ae2b610: Received in S 3: syn 0, ack 1, eack 0, rst 0, seq_nr 12165, ack_nr 21853, packet_len 49 (44)
[0;0m[0;34mRDP 0x55a87ae2b610: Wake Tx task (check timeouts)
[0;0m[0;34mcsp_sfp_recv_fp: 20:55, fragment 36/36
[0;0mRECV_BUNDLE bundle_seq=20 n=1 bytes=36
[0;34mRDP 0x55a87ae2b610: Wake Tx task (check timeouts)
[0;0m[0;34mRDP 0x55a87ae2b610: Wake Tx task (check timeouts)
[0;0m[0;34mRDP 0x55a87ae2b610: Send CMP S 3: syn 0, ack 1, eack 0, rst 0, seq_nr 21854, ack_nr 12165, packet_len 5 (0)
[0;0m[0;34mRDP 0x55a87ae2b610: Wake Tx task (check timeouts)
[0;0m[0;34mRDP 0x55a87ae2b610: Received in S 3: syn 0, ack 1, eack 0, rst 0, seq_nr 12166, ack_nr 21853, packet_len 5 (0)
[0;0m[0;34mRDP 0x55a87ae2b610: Wake Tx task (check timeouts)
[0;0m[0;34mRDP 0x55a87ae2b610: Received in S 3: syn 0, ack 1, eack 0, rst 0, seq_nr 12166, ack_nr 21853, packet_len 49 (44)
[0;0m[0;34mRDP 0x55a87ae2b610: Wake Tx task (check timeouts)
[0;0m[0;34mcsp_sfp_recv_fp: 20:55, fragment 36/36
[0;0mRECV_BUNDLE bundle_seq=21 n=1 bytes=36
[0;34mRDP 0x55a87ae2b610: Wake Tx task (check timeouts)
[0;0m[0;34mRDP 0x55a87ae2b610: Wake Tx task (check timeouts)
[0;0m[0;34mRDP 0x55a87ae2b610: Received in S 3: syn 0, ack 1, eack 0, rst 0, seq_nr 12167, ack_nr 21853, packet_len 5 (0)
[0;0m[0;34mRDP 0x55a87ae2b610: Send CMP S 3: syn 0, ack 1, eack 0, rst 0, seq_nr 21854, ack_nr 12166, packet_len 5 (0)
[0;0m[0;34mRDP 0x55a87ae2b610: Wake Tx task (check timeouts)
[0;0m[0;34mRDP 0x55a87ae2b610: Received in S 3: syn 0, ack 1, eack 0, rst 0, seq_nr 12167, ack_nr 21853, packet_len 49 (44)
[0;0m[0;34mRDP 0x55a87ae2b610: Wake Tx task (check timeouts)
[0;0m[0;34mcsp_sfp_recv_fp: 20:55, fragment 36/36
[0;0mRECV_BUNDLE bundle_seq=22 n=1 bytes=36
[0;34mRDP 0x55a87ae2b610: Wake Tx task (check timeouts)
[0;0m[0;34mRDP 0x55a87ae2b610: Wake Tx task (check timeouts)
[0;0m[0;34mRDP 0x55a87ae2b610: Received in S 3: syn 0, ack 1, eack 0, rst 0, seq_nr 12168, ack_nr 21853, packet_len 5 (0)
[0;0m[0;34mRDP 0x55a87ae2b610: Send CMP S 3: syn 0, ack 1, eack 0, rst 0, seq_nr 21854, ack_nr 12167, packet_len 5 (0)
[0;0m[0;34mRDP 0x55a87ae2b610: Wake Tx task (check timeouts)
[0;0m[0;34mRDP 0x55a87ae2b610: Received in S 3: syn 0, ack 1, eack 0, rst 0, seq_nr 12168, ack_nr 21853, packet_len 49 (44)
[0;0m[0;34mRDP 0x55a87ae2b610: Wake Tx task (check timeouts)
[0;0m[0;34mcsp_sfp_recv_fp: 20:55, fragment 36/36
[0;0mRECV_BUNDLE bundle_seq=23 n=1 bytes=36
[0;34mRDP 0x55a87ae2b610: Wake Tx task (check timeouts)
[0;0m[0;34mRDP 0x55a87ae2b610: Wake Tx task (check timeouts)
[0;0m[0;34mRDP 0x55a87ae2b610: Received in S 3: syn 0, ack 1, eack 0, rst 0, seq_nr 12169, ack_nr 21853, packet_len 5 (0)
[0;0m[0;34mRDP 0x55a87ae2b610: Send CMP S 3: syn 0, ack 1, eack 0, rst 0, seq_nr 21854, ack_nr 12168, packet_len 5 (0)
[0;0m[0;34mRDP 0x55a87ae2b610: Wake Tx task (check timeouts)
[0;0m[0;34mRDP 0x55a87ae2b610: Received in S 3: syn 0, ack 1, eack 0, rst 0, seq_nr 12169, ack_nr 21853, packet_len 49 (44)
[0;0m[0;34mRDP 0x55a87ae2b610: Wake Tx task (check timeouts)
[0;0m[0;34mcsp_sfp_recv_fp: 20:55, fragment 36/36
[0;0mRECV_BUNDLE bundle_seq=24 n=1 bytes=36
[0;34mRDP 0x55a87ae2b610: Wake Tx task (check timeouts)
[0;0m[0;34mRDP 0x55a87ae2b610: Wake Tx task (check timeouts)
[0;0m[0;34mRDP 0x55a87ae2b610: Received in S 3: syn 0, ack 1, eack 0, rst 0, seq_nr 12170, ack_nr 21853, packet_len 5 (0)
[0;0m[0;34mRDP 0x55a87ae2b610: Send CMP S 3: syn 0, ack 1, eack 0, rst 0, seq_nr 21854, ack_nr 12169, packet_len 5 (0)
[0;0m[0;34mRDP 0x55a87ae2b610: Wake Tx task (check timeouts)
[0;0m[0;34mRDP 0x55a87ae2b610: Received in S 3: syn 0, ack 1, eack 0, rst 0, seq_nr 12170, ack_nr 21853, packet_len 49 (44)
[0;0m[0;34mRDP 0x55a87ae2b610: Wake Tx task (check timeouts)
[0;0m[0;34mcsp_sfp_recv_fp: 20:55, fragment 36/36
[0;0mRECV_BUNDLE bundle_seq=25 n=1 bytes=36
[0;34mRDP 0x55a87ae2b610: Wake Tx task (check timeouts)
[0;0m[0;34mRDP 0x55a87ae2b610: Wake Tx task (check timeouts)
[0;0m[0;34mRDP 0x55a87ae2b610: Received in S 3: syn 0, ack 1, eack 0, rst 0, seq_nr 12171, ack_nr 21853, packet_len 5 (0)
[0;0m[0;34mRDP 0x55a87ae2b610: Send CMP S 3: syn 0, ack 1, eack 0, rst 0, seq_nr 21854, ack_nr 12170, packet_len 5 (0)
[0;0m[0;34mRDP 0x55a87ae2b610: Wake Tx task (check timeouts)
[0;0m[0;34mRDP 0x55a87ae2b610: Received in S 3: syn 0, ack 1, eack 0, rst 0, seq_nr 12171, ack_nr 21853, packet_len 49 (44)
[0;0m[0;34mRDP 0x55a87ae2b610: Wake Tx task (check timeouts)
[0;0m[0;34mcsp_sfp_recv_fp: 20:55, fragment 36/36
[0;0mRECV_BUNDLE bundle_seq=26 n=1 bytes=36
[0;34mRDP 0x55a87ae2b610: Wake Tx task (check timeouts)
[0;0m[0;34mRDP 0x55a87ae2b610: Wake Tx task (check timeouts)
[0;0m[0;34mRDP 0x55a87ae2b610: Send CMP S 3: syn 0, ack 1, eack 0, rst 0, seq_nr 21854, ack_nr 12171, packet_len 5 (0)
[0;0m[0;34mRDP 0x55a87ae2b610: Wake Tx task (check timeouts)
[0;0m[0;34mRDP 0x55a87ae2b610: Received in S 3: syn 0, ack 1, eack 0, rst 0, seq_nr 12172, ack_nr 21853, packet_len 5 (0)
[0;0m[0;34mRDP 0x55a87ae2b610: Wake Tx task (check timeouts)
[0;0m[0;34mRDP 0x55a87ae2b610: Received in S 3: syn 0, ack 1, eack 0, rst 0, seq_nr 12172, ack_nr 21853, packet_len 49 (44)
[0;0m[0;34mRDP 0x55a87ae2b610: Wake Tx task (check timeouts)
[0;0m[0;34mcsp_sfp_recv_fp: 20:55, fragment 36/36
[0;0mRECV_BUNDLE bundle_seq=27 n=1 bytes=36
[0;34mRDP 0x55a87ae2b610: Wake Tx task (check timeouts)
[0;0m[0;34mRDP 0x55a87ae2b610: Wake Tx task (check timeouts)
[0;0m[0;34mRDP 0x55a87ae2b610: Received in S 3: syn 0, ack 1, eack 0, rst 0, seq_nr 12173, ack_nr 21853, packet_len 5 (0)
[0;0m[0;34mRDP 0x55a87ae2b610: Send CMP S 3: syn 0, ack 1, eack 0, rst 0, seq_nr 21854, ack_nr 12172, packet_len 5 (0)
[0;0m[0;34mRDP 0x55a87ae2b610: Wake Tx task (check timeouts)
[0;0m[0;34mRDP 0x55a87ae2b610: Received in S 3: syn 0, ack 1, eack 0, rst 0, seq_nr 12173, ack_nr 21853, packet_len 49 (44)
[0;0m[0;34mRDP 0x55a87ae2b610: Wake Tx task (check timeouts)
[0;0m[0;34mcsp_sfp_recv_fp: 20:55, fragment 36/36
[0;0mRECV_BUNDLE bundle_seq=28 n=1 bytes=36
[0;34mRDP 0x55a87ae2b610: Wake Tx task (check timeouts)
[0;0m[0;34mRDP 0x55a87ae2b610: Wake Tx task (check timeouts)
[0;0m[0;34mRDP 0x55a87ae2b610: Received in S 3: syn 0, ack 1, eack 0, rst 0, seq_nr 12174, ack_nr 21853, packet_len 5 (0)
[0;0m[0;34mRDP 0x55a87ae2b610: Send CMP S 3: syn 0, ack 1, eack 0, rst 0, seq_nr 21854, ack_nr 12173, packet_len 5 (0)
[0;0m[0;34mRDP 0x55a87ae2b610: Wake Tx task (check timeouts)
[0;0m[0;34mRDP 0x55a87ae2b610: Received in S 3: syn 0, ack 1, eack 0, rst 0, seq_nr 12174, ack_nr 21853, packet_len 49 (44)
[0;0m[0;34mRDP 0x55a87ae2b610: Wake Tx task (check timeouts)
[0;0m[0;34mcsp_sfp_recv_fp: 20:55, fragment 36/36
[0;0mRECV_BUNDLE bundle_seq=29 n=1 bytes=36
[0;34mRDP 0x55a87ae2b610: Wake Tx task (check timeouts)
[0;0m[0;34mRDP 0x55a87ae2b610: Wake Tx task (check timeouts)
[0;0m[0;34mRDP 0x55a87ae2b610: Received in S 3: syn 0, ack 1, eack 0, rst 0, seq_nr 12175, ack_nr 21853, packet_len 5 (0)
[0;0m[0;34mRDP 0x55a87ae2b610: Send CMP S 3: syn 0, ack 1, eack 0, rst 0, seq_nr 21854, ack_nr 12174, packet_len 5 (0)
[0;0m[0;34mRDP 0x55a87ae2b610: Wake Tx task (check timeouts)
[0;0m[0;34mRDP 0x55a87ae2b610: Received in S 3: syn 0, ack 1, eack 0, rst 0, seq_nr 12175, ack_nr 21853, packet_len 49 (44)
[0;0m[0;34mRDP 0x55a87ae2b610: Wake Tx task (check timeouts)
[0;0m[0;34mcsp_sfp_recv_fp: 20:55, fragment 36/36
[0;0mRECV_BUNDLE bundle_seq=30 n=1 bytes=36
[0;34mRDP 0x55a87ae2b610: Wake Tx task (check timeouts)
[0;0m[0;34mRDP 0x55a87ae2b610: Wake Tx task (check timeouts)
[0;0m[0;34mRDP 0x55a87ae2b610: Send CMP S 3: syn 0, ack 1, eack 0, rst 0, seq_nr 21854, ack_nr 12175, packet_len 5 (0)
[0;0m[0;34mRDP 0x55a87ae2b610: Wake Tx task (check timeouts)
[0;0m[0;34mRDP 0x55a87ae2b610: Received in S 3: syn 0, ack 1, eack 0, rst 0, seq_nr 12176, ack_nr 21853, packet_len 5 (0)
[0;0m[0;34mRDP 0x55a87ae2b610: Wake Tx task (check timeouts)
[0;0m[0;34mRDP 0x55a87ae2b610: Received in S 3: syn 0, ack 1, eack 0, rst 0, seq_nr 12176, ack_nr 21853, packet_len 49 (44)
[0;0m[0;34mRDP 0x55a87ae2b610: Wake Tx task (check timeouts)
[0;0m[0;34mcsp_sfp_recv_fp: 20:55, fragment 36/36
[0;0mRECV_BUNDLE bundle_seq=31 n=1 bytes=36
[0;34mRDP 0x55a87ae2b610: Wake Tx task (check timeouts)
[0;0m[0;34mRDP 0x55a87ae2b610: Wake Tx task (check timeouts)
[0;0m[0;34mRDP 0x55a87ae2b610: Received in S 3: syn 0, ack 1, eack 0, rst 0, seq_nr 12177, ack_nr 21853, packet_len 5 (0)
[0;0m[0;34mRDP 0x55a87ae2b610: Send CMP S 3: syn 0, ack 1, eack 0, rst 0, seq_nr 21854, ack_nr 12176, packet_len 5 (0)
[0;0m[0;34mRDP 0x55a87ae2b610: Wake Tx task (check timeouts)
[0;0m[0;34mRDP 0x55a87ae2b610: Received in S 3: syn 0, ack 1, eack 0, rst 0, seq_nr 12177, ack_nr 21853, packet_len 49 (44)
[0;0m[0;34mRDP 0x55a87ae2b610: Wake Tx task (check timeouts)
[0;0m[0;34mcsp_sfp_recv_fp: 20:55, fragment 36/36
[0;0mRECV_BUNDLE bundle_seq=32 n=1 bytes=36
[0;34mRDP 0x55a87ae2b610: Wake Tx task (check timeouts)
[0;0m[0;34mRDP 0x55a87ae2b610: Wake Tx task (check timeouts)
[0;0m[0;34mRDP 0x55a87ae2b610: Send CMP S 3: syn 0, ack 1, eack 0, rst 0, seq_nr 21854, ack_nr 12177, packet_len 5 (0)
[0;0m[0;34mRDP 0x55a87ae2b610: Wake Tx task (check timeouts)
[0;0m[0;34mRDP 0x55a87ae2b610: Received in S 3: syn 0, ack 1, eack 0, rst 0, seq_nr 12178, ack_nr 21853, packet_len 5 (0)
[0;0m[0;34mRDP 0x55a87ae2b610: Wake Tx task (check timeouts)
[0;0m[0;34mRDP 0x55a87ae2b610: Received in S 3: syn 0, ack 1, eack 0, rst 0, seq_nr 12178, ack_nr 21853, packet_len 49 (44)
[0;0m[0;34mRDP 0x55a87ae2b610: Wake Tx task (check timeouts)
[0;0m[0;34mcsp_sfp_recv_fp: 20:55, fragment 36/36
[0;0mRECV_BUNDLE bundle_seq=33 n=1 bytes=36
[0;34mRDP 0x55a87ae2b610: Wake Tx task (check timeouts)
[0;0m[0;34mRDP 0x55a87ae2b610: Wake Tx task (check timeouts)
[0;0m[0;34mRDP 0x55a87ae2b610: Received in S 3: syn 0, ack 1, eack 0, rst 0, seq_nr 12179, ack_nr 21853, packet_len 5 (0)
[0;0m[0;34mRDP 0x55a87ae2b610: Send CMP S 3: syn 0, ack 1, eack 0, rst 0, seq_nr 21854, ack_nr 12178, packet_len 5 (0)
[0;0m[0;34mRDP 0x55a87ae2b610: Wake Tx task (check timeouts)
[0;0m[0;34mRDP 0x55a87ae2b610: Received in S 3: syn 0, ack 1, eack 0, rst 0, seq_nr 12179, ack_nr 21853, packet_len 49 (44)
[0;0m[0;34mRDP 0x55a87ae2b610: Wake Tx task (check timeouts)
[0;0m[0;34mcsp_sfp_recv_fp: 20:55, fragment 36/36
[0;0mRECV_BUNDLE bundle_seq=34 n=1 bytes=36
cspcl_recv_bundle: Operation timed out -- stopping
[0;34mRDP 0x55a87ae2b610: Wake Tx task (check timeouts)
[0;0m[0;34mRDP 0x55a87ae2b610: Wake Tx task (check timeouts)
[0;0m[0;34mRDP 0x55a87ae2b610: Send CMP S 3: syn 0, ack 1, eack 0, rst 0, seq_nr 21854, ack_nr 12179, packet_len 5 (0)
[0;0m[0;34mRDP 0x55a87ae2b610: Wake Tx task (check timeouts)
[0;0m[0;34mRDP 0x55a87ae2b610: Received in S 3: syn 0, ack 1, eack 0, rst 0, seq_nr 12180, ack_nr 21853, packet_len 5 (0)
[0;0m[0;34mRDP 0x55a87ae2b610: Wake Tx task (check timeouts)
[0;0m[0;34mRDP 0x55a87ae2b610: Wake Tx task (check timeouts)
[0;0m[0;34mRDP 0x55a87ae2b610: Wake Tx task (check timeouts)
[0;0m[0;34mRDP 0x55a87ae2b610: Send CMP S 3: syn 0, ack 1, eack 0, rst 0, seq_nr 21854, ack_nr 12179, packet_len 5 (0)
[0;0m[0;34mRDP 0x55a87ae2b610: Wake Tx task (check timeouts)
[0;0m[0;34mRDP 0x55a87ae2b610: Wake Tx task (check timeouts)
[0;0m[0;34mRDP 0x55a87ae2b610: Wake Tx task (check timeouts)
[0;0m[0;34mRDP 0x55a87ae2b610: Send CMP S 3: syn 0, ack 1, eack 0, rst 0, seq_nr 21854, ack_nr 12179, packet_len 5 (0)
[0;0m[0;34mRDP 0x55a87ae2b610: Wake Tx task (check timeouts)
[0;0m[0;34mRDP 0x55a87ae2b610: Wake Tx task (check timeouts)
[0;0m[0;34mRDP 0x55a87ae2b610: Wake Tx task (check timeouts)
[0;0m[0;34mRDP 0x55a87ae2b610: Send CMP S 3: syn 0, ack 1, eack 0, rst 0, seq_nr 21854, ack_nr 12179, packet_len 5 (0)
[0;0m[0;34mRDP 0x55a87ae2b610: Wake Tx task (check timeouts)
[0;0m[0;34mRDP 0x55a87ae2b610: Wake Tx task (check timeouts)
[0;0m[0;34mRDP 0x55a87ae2b610: Wake Tx task (check timeouts)
[0;0m[0;34mRDP 0x55a87ae2b610: Send CMP S 3: syn 0, ack 1, eack 0, rst 0, seq_nr 21854, ack_nr 12179, packet_len 5 (0)
[0;0m[0;34mRDP 0x55a87ae2b610: Wake Tx task (check timeouts)
[0;0m[0;34mRDP 0x55a87ae2b610: Wake Tx task (check timeouts)
[0;0m[0;34mRDP 0x55a87ae2b610: Wake Tx task (check timeouts)
[0;0m[0;34mRDP 0x55a87ae2b610: Send CMP S 3: syn 0, ack 1, eack 0, rst 0, seq_nr 21854, ack_nr 12179, packet_len 5 (0)
[0;0m[0;34mRDP 0x55a87ae2b610: Wake Tx task (check timeouts)
[0;0m[0;34mRDP 0x55a87ae2b610: Wake Tx task (check timeouts)
[0;0m[0;34mRDP 0x55a87ae2b610: Wake Tx task (check timeouts)
[0;0m[0;34mRDP 0x55a87ae2b610: Send CMP S 3: syn 0, ack 1, eack 0, rst 0, seq_nr 21854, ack_nr 12179, packet_len 5 (0)
[0;0m[0;34mRDP 0x55a87ae2b610: Wake Tx task (check timeouts)
[0;0m[0;34mRDP 0x55a87ae2b610: Wake Tx task (check timeouts)
[0;0m[0;34mRDP 0x55a87ae2b610: Wake Tx task (check timeouts)
[0;0m[0;34mRDP 0x55a87ae2b610: Send CMP S 3: syn 0, ack 1, eack 0, rst 0, seq_nr 21854, ack_nr 12179, packet_len 5 (0)
[0;0m[0;34mRDP 0x55a87ae2b610: Wake Tx task (check timeouts)
[0;0m[0;34mRDP 0x55a87ae2b610: Wake Tx task (check timeouts)
[0;0m[0;34mRDP 0x55a87ae2b610: Wake Tx task (check timeouts)
[0;0m[0;34mRDP 0x55a87ae2b610: Send CMP S 3: syn 0, ack 1, eack 0, rst 0, seq_nr 21854, ack_nr 12179, packet_len 5 (0)
[0;0m[0;34mRDP 0x55a87ae2b610: Wake Tx task (check timeouts)
[0;0m[0;34mRDP 0x55a87ae2b610: Wake Tx task (check timeouts)
[0;0m[0;34mRDP 0x55a87ae2b610: Wake Tx task (check timeouts)
[0;0m[0;34mRDP 0x55a87ae2b610: Send CMP S 3: syn 0, ack 1, eack 0, rst 0, seq_nr 21854, ack_nr 12179, packet_len 5 (0)
[0;0m[0;34mRDP 0x55a87ae2b610: Wake Tx task (check timeouts)
[0;0m
--- bundle measurement summary ---
bundles received: 34
unit latency: min=0.186 ms  mean=0.359 ms  max=0.744 ms  stddev=0.125 ms  (n=34 units)
throughput: 2.62 bundles/sec  2.6 units/sec-equivalent  0.1 kB/s
3: syn 0, ack 1, eack 0, rst 0, seq_nr 12178, ack_nr 21853, packet_len 49 (44)
[0;0m[0;34mRDP 0x55e99c38e610: Wake Tx task (check timeouts)
[0;0m[0;34mRDP 0x55e99c38e610: Wake Tx task (check timeouts)
[0;0m[0;34mRDP 0x55e99c38e610: Send CMP S 3: syn 0, ack 1, eack 0, rst 0, seq_nr 12179, ack_nr 21853, packet_len 5 (0)
[0;0m[0;34mRDP 0x55e99c38e610: Wake Tx task (check timeouts)
[0;0m[0;34mRDP 0x55e99c38e610: Received in S 3: syn 0, ack 1, eack 0, rst 0, seq_nr 21854, ack_nr 12178, packet_len 5 (0)
[0;0m[0;34mRDP 0x55e99c38e610: TX Element Free, time 22431570, seq 12178, una 12179
[0;0m[0;34mRDP 0x55e99c38e610: Wake Tx task (check timeouts)
[0;0mSENT bundle=33 n=1 bytes=36 send_time_ms=301.105
[0;34mcsp_sfp_send_own_memcpy: 21:10, sending at 0x55e99c39c7b0 size 36
[0;0m[0;34mRDP 0x55e99c38e610: Sending  in S 3: syn 0, ack 1, eack 0, rst 0, seq_nr 12179, ack_nr 21853, packet_len 49 (44)
[0;0m[0;34mRDP 0x55e99c38e610: Wake Tx task (check timeouts)
[0;0m[0;34mRDP 0x55e99c38e610: Wake Tx task (check timeouts)
[0;0m[0;34mRDP 0x55e99c38e610: Send CMP S 3: syn 0, ack 1, eack 0, rst 0, seq_nr 12180, ack_nr 21853, packet_len 5 (0)
[0;0m[0;34mRDP 0x55e99c38e610: Wake Tx task (check timeouts)
[0;0m[0;34mRDP 0x55e99c38e610: Received in S 3: syn 0, ack 1, eack 0, rst 0, seq_nr 21854, ack_nr 12179, packet_len 5 (0)
[0;0m[0;34mRDP 0x55e99c38e610: TX Element Free, time 22431871, seq 12179, una 12180
[0;0m[0;34mRDP 0x55e99c38e610: Wake Tx task (check timeouts)
[0;0mSENT bundle=34 n=1 bytes=36 send_time_ms=301.073
SUMMARY bundles_sent=34 n_per_bundle=1 unit_size=36 bundle_len=36 mean_send_ms=300.964
