[bundle_receiver] listening on addr 21  (timeout=5000 ms per bundle)
RECV_BUNDLE bundle_seq=1 n=1 bytes=36
RECV_BUNDLE bundle_seq=2 n=1 bytes=36
RECV_BUNDLE bundle_seq=3 n=1 bytes=36
RECV_BUNDLE bundle_seq=4 n=1 bytes=36
RECV_BUNDLE bundle_seq=5 n=1 bytes=36
RECV_BUNDLE bundle_seq=6 n=1 bytes=36
RECV_BUNDLE bundle_seq=7 n=1 bytes=36
RECV_BUNDLE bundle_seq=8 n=1 bytes=36
RECV_BUNDLE bundle_seq=9 n=1 bytes=36
RECV_BUNDLE bundle_seq=10 n=1 bytes=36
RECV_BUNDLE bundle_seq=11 n=1 bytes=36
RECV_BUNDLE bundle_seq=12 n=1 bytes=36
RECV_BUNDLE bundle_seq=13 n=1 bytes=36
RECV_BUNDLE bundle_seq=14 n=1 bytes=36
RECV_BUNDLE bundle_seq=15 n=1 bytes=36
RECV_BUNDLE bundle_seq=16 n=1 bytes=36
RECV_BUNDLE bundle_seq=17 n=1 bytes=36
RECV_BUNDLE bundle_seq=18 n=1 bytes=36
RECV_BUNDLE bundle_seq=19 n=1 bytes=36
RECV_BUNDLE bundle_seq=20 n=1 bytes=36
RECV_BUNDLE bundle_seq=21 n=1 bytes=36
RECV_BUNDLE bundle_seq=22 n=1 bytes=36
RECV_BUNDLE bundle_seq=23 n=1 bytes=36
RECV_BUNDLE bundle_seq=24 n=1 bytes=36
RECV_BUNDLE bundle_seq=25 n=1 bytes=36
RECV_BUNDLE bundle_seq=26 n=1 bytes=36
RECV_BUNDLE bundle_seq=27 n=1 bytes=36
RECV_BUNDLE bundle_seq=28 n=1 bytes=36
RECV_BUNDLE bundle_seq=29 n=1 bytes=36
RECV_BUNDLE bundle_seq=30 n=1 bytes=36

--- bundle measurement summary ---
bundles received: 30 / 30  (100.0%)
unit latency: min=0.231 ms  mean=0.294 ms  max=0.815 ms  stddev=0.128 ms  (n=30 units)
throughput: 3823.25 bundles/sec  3823.3 units/sec-equivalent  137.6 kB/s
bundle=28 n=1 bytes=36 send_time_ms=0.230
SENT bundle=29 n=1 bytes=36 send_time_ms=0.236
SENT bundle=30 n=1 bytes=36 send_time_ms=0.230
SUMMARY bundles_sent=30 n_per_bundle=1 unit_size=36 bundle_len=36 mean_send_ms=0.273
