[bundle_receiver] listening on addr 21  (timeout=5000 ms per bundle)
RECV_BUNDLE bundle_seq=1 n=4 bytes=144
RECV_BUNDLE bundle_seq=2 n=4 bytes=144
RECV_BUNDLE bundle_seq=3 n=4 bytes=144
RECV_BUNDLE bundle_seq=4 n=4 bytes=144
RECV_BUNDLE bundle_seq=5 n=4 bytes=144
RECV_BUNDLE bundle_seq=6 n=4 bytes=144
RECV_BUNDLE bundle_seq=7 n=4 bytes=144
RECV_BUNDLE bundle_seq=8 n=4 bytes=144
RECV_BUNDLE bundle_seq=9 n=4 bytes=144
RECV_BUNDLE bundle_seq=10 n=4 bytes=144
RECV_BUNDLE bundle_seq=11 n=4 bytes=144
RECV_BUNDLE bundle_seq=12 n=4 bytes=144
RECV_BUNDLE bundle_seq=13 n=4 bytes=144
RECV_BUNDLE bundle_seq=14 n=4 bytes=144
RECV_BUNDLE bundle_seq=15 n=4 bytes=144
RECV_BUNDLE bundle_seq=16 n=4 bytes=144
RECV_BUNDLE bundle_seq=17 n=4 bytes=144
RECV_BUNDLE bundle_seq=18 n=4 bytes=144
RECV_BUNDLE bundle_seq=19 n=4 bytes=144
RECV_BUNDLE bundle_seq=20 n=4 bytes=144
RECV_BUNDLE bundle_seq=21 n=4 bytes=144
RECV_BUNDLE bundle_seq=22 n=4 bytes=144
RECV_BUNDLE bundle_seq=23 n=4 bytes=144
RECV_BUNDLE bundle_seq=24 n=4 bytes=144
RECV_BUNDLE bundle_seq=25 n=4 bytes=144
RECV_BUNDLE bundle_seq=26 n=4 bytes=144
RECV_BUNDLE bundle_seq=27 n=4 bytes=144
RECV_BUNDLE bundle_seq=28 n=4 bytes=144
RECV_BUNDLE bundle_seq=29 n=4 bytes=144
RECV_BUNDLE bundle_seq=30 n=4 bytes=144

--- bundle measurement summary ---
bundles received: 30 / 30  (100.0%)
unit latency: min=0.219 ms  mean=0.346 ms  max=1.188 ms  stddev=0.207 ms  (n=120 units)
throughput: 3686.37 bundles/sec  14745.5 units/sec-equivalent  530.8 kB/s
le=28 n=4 bytes=144 send_time_ms=0.219
SENT bundle=29 n=4 bytes=144 send_time_ms=0.219
SENT bundle=30 n=4 bytes=144 send_time_ms=0.226
SUMMARY bundles_sent=30 n_per_bundle=4 unit_size=36 bundle_len=144 mean_send_ms=0.283
