[bundle_receiver] listening on addr 21  (timeout=3000 ms per bundle)
RECV_BUNDLE bundle_seq=1 n=32 bytes=1152
RECV_BUNDLE bundle_seq=2 n=32 bytes=1152
RECV_BUNDLE bundle_seq=3 n=32 bytes=1152
RECV_BUNDLE bundle_seq=4 n=32 bytes=1152
RECV_BUNDLE bundle_seq=5 n=32 bytes=1152
RECV_BUNDLE bundle_seq=6 n=32 bytes=1152
RECV_BUNDLE bundle_seq=7 n=32 bytes=1152
RECV_BUNDLE bundle_seq=8 n=32 bytes=1152
RECV_BUNDLE bundle_seq=9 n=32 bytes=1152
RECV_BUNDLE bundle_seq=10 n=32 bytes=1152
RECV_BUNDLE bundle_seq=11 n=32 bytes=1152
RECV_BUNDLE bundle_seq=12 n=32 bytes=1152
RECV_BUNDLE bundle_seq=13 n=32 bytes=1152
RECV_BUNDLE bundle_seq=14 n=32 bytes=1152
RECV_BUNDLE bundle_seq=15 n=32 bytes=1152
RECV_BUNDLE bundle_seq=16 n=32 bytes=1152
RECV_BUNDLE bundle_seq=17 n=32 bytes=1152
RECV_BUNDLE bundle_seq=18 n=32 bytes=1152
RECV_BUNDLE bundle_seq=19 n=32 bytes=1152
RECV_BUNDLE bundle_seq=20 n=32 bytes=1152
RECV_BUNDLE bundle_seq=21 n=32 bytes=1152
RECV_BUNDLE bundle_seq=22 n=32 bytes=1152
RECV_BUNDLE bundle_seq=23 n=32 bytes=1152
RECV_BUNDLE bundle_seq=24 n=32 bytes=1152
RECV_BUNDLE bundle_seq=25 n=32 bytes=1152
RECV_BUNDLE bundle_seq=26 n=32 bytes=1152
RECV_BUNDLE bundle_seq=27 n=32 bytes=1152
RECV_BUNDLE bundle_seq=28 n=32 bytes=1152
RECV_BUNDLE bundle_seq=29 n=32 bytes=1152
RECV_BUNDLE bundle_seq=30 n=32 bytes=1152
RECV_BUNDLE bundle_seq=31 n=32 bytes=1152
RECV_BUNDLE bundle_seq=32 n=32 bytes=1152
cspcl_recv_bundle: Operation timed out -- stopping

--- bundle measurement summary ---
bundles received: 32
unit latency: min=0.521 ms  mean=0.689 ms  max=1.053 ms  stddev=0.138 ms  (n=1024 units)
throughput: 10.59 bundles/sec  338.9 units/sec-equivalent  12.2 kB/s
2 send_time_ms=0.595
SENT bundle=31 n=32 bytes=1152 send_time_ms=0.640
SENT bundle=32 n=32 bytes=1152 send_time_ms=0.636
cspcl_send_bundle failed at bundle=33: CSP connection failed
SUMMARY bundles_sent=32 n_per_bundle=32 unit_size=36 bundle_len=1152 mean_send_ms=0.663
