16:57:23 [32mINFO [0m [90msrc/config.c:90:[0m using IP mode with 10.1.0.1 and MTU = 1500
16:57:23 [32mINFO [0m [90msrc/aap2_client.c:136:[0m Connecting to /tmp/layer-node-a.aap2.socket
16:57:23 [32mINFO [0m [90msrc/aap2_client.c:136:[0m Connecting to /tmp/layer-node-a.aap2.socket
16:57:23 [32mINFO [0m [90msrc/tun.c:17:[0m Setting up route: ip addr add 10.1.0.1/30 dev layertun0
16:57:23 [32mINFO [0m [90msrc/tun.c:20:[0m Setting MTU: ip link set layertun0 mtu 1500 up
16:57:23 [32mINFO [0m [90msrc/tunnel.c:98:[0m Running tunnel
16:57:24 [32mINFO [0m [90msrc/aap2_client.c:418:[0m Bundle sent !
16:57:24 [36mDEBUG[0m [90msrc/aap2_client.c:334:[0m Success
16:57:24 [32mINFO [0m [90msrc/aap2_client.c:418:[0m Bundle sent !
16:57:24 [36mDEBUG[0m [90msrc/aap2_client.c:334:[0m Success
16:57:24 [32mINFO [0m [90msrc/aap2_client.c:418:[0m Bundle sent !
16:57:24 [36mDEBUG[0m [90msrc/aap2_client.c:334:[0m Success
16:57:24 [32mINFO [0m [90msrc/aap2_client.c:418:[0m Bundle sent !
16:57:24 [36mDEBUG[0m [90msrc/aap2_client.c:334:[0m Success
16:57:24 [32mINFO [0m [90msrc/aap2_client.c:418:[0m Bundle sent !
16:57:24 [36mDEBUG[0m [90msrc/aap2_client.c:334:[0m Success
16:57:24 [32mINFO [0m [90msrc/aap2_client.c:418:[0m Bundle sent !
16:57:24 [36mDEBUG[0m [90msrc/aap2_client.c:334:[0m Success
16:57:24 [32mINFO [0m [90msrc/aap2_client.c:418:[0m Bundle sent !
16:57:24 [36mDEBUG[0m [90msrc/aap2_client.c:334:[0m Success
16:57:24 [32mINFO [0m [90msrc/aap2_client.c:418:[0m Bundle sent !
16:57:24 [36mDEBUG[0m [90msrc/aap2_client.c:334:[0m Success
16:57:24 [32mINFO [0m [90msrc/aap2_client.c:418:[0m Bundle sent !
16:57:24 [36mDEBUG[0m [90msrc/aap2_client.c:334:[0m Success
16:57:24 [32mINFO [0m [90msrc/aap2_client.c:418:[0m Bundle sent !
16:57:24 [36mDEBUG[0m [90msrc/aap2_client.c:334:[0m Success
16:57:25 [32mINFO [0m [90msrc/aap2_client.c:418:[0m Bundle sent !
16:57:25 [36mDEBUG[0m [90msrc/aap2_client.c:334:[0m Success
16:57:25 [32mINFO [0m [90msrc/aap2_client.c:418:[0m Bundle sent !
16:57:25 [36mDEBUG[0m [90msrc/aap2_client.c:334:[0m Success
16:57:25 [32mINFO [0m [90msrc/aap2_client.c:418:[0m Bundle sent !
16:57:25 [36mDEBUG[0m [90msrc/aap2_client.c:334:[0m Success
16:57:25 [32mINFO [0m [90msrc/aap2_client.c:418:[0m Bundle sent !
16:57:25 [36mDEBUG[0m [90msrc/aap2_client.c:334:[0m Success
16:57:25 [32mINFO [0m [90msrc/aap2_client.c:418:[0m Bundle sent !
16:57:25 [36mDEBUG[0m [90msrc/aap2_client.c:334:[0m Success
16:57:25 [32mINFO [0m [90msrc/aap2_client.c:418:[0m Bundle sent !
16:57:25 [36mDEBUG[0m [90msrc/aap2_client.c:334:[0m Success
16:57:25 [32mINFO [0m [90msrc/aap2_client.c:418:[0m Bundle sent !
16:57:25 [36mDEBUG[0m [90msrc/aap2_client.c:334:[0m Success
16:57:25 [32mINFO [0m [90msrc/aap2_client.c:418:[0m Bundle sent !
16:57:25 [36mDEBUG[0m [90msrc/aap2_client.c:334:[0m Success
16:57:25 [32mINFO [0m [90msrc/aap2_client.c:418:[0m Bundle sent !
16:57:25 [36mDEBUG[0m [90msrc/aap2_client.c:334:[0m Success
16:57:25 [32mINFO [0m [90msrc/aap2_client.c:418:[0m Bundle sent !
16:57:25 [36mDEBUG[0m [90msrc/aap2_client.c:334:[0m Success
16:57:27 [32mINFO [0m [90msrc/aap2_client.c:418:[0m Bundle sent !
16:57:27 [36mDEBUG[0m [90msrc/aap2_client.c:334:[0m Success
16:57:27 [32mINFO [0m [90msrc/aap2_client.c:418:[0m Bundle sent !
16:57:27 [36mDEBUG[0m [90msrc/aap2_client.c:334:[0m Success
16:57:27 [32mINFO [0m [90msrc/aap2_client.c:418:[0m Bundle sent !
16:57:27 [36mDEBUG[0m [90msrc/aap2_client.c:334:[0m Success
16:57:27 [32mINFO [0m [90msrc/aap2_client.c:418:[0m Bundle sent !
16:57:27 [36mDEBUG[0m [90msrc/aap2_client.c:334:[0m Success
16:57:27 [32mINFO [0m [90msrc/aap2_client.c:418:[0m Bundle sent !
16:57:27 [36mDEBUG[0m [90msrc/aap2_client.c:334:[0m Success
16:57:27 [32mINFO [0m [90msrc/aap2_client.c:418:[0m Bundle sent !
16:57:27 [36mDEBUG[0m [90msrc/aap2_client.c:334:[0m Success
16:57:27 [32mINFO [0m [90msrc/aap2_client.c:418:[0m Bundle sent !
16:57:27 [36mDEBUG[0m [90msrc/aap2_client.c:334:[0m Success
16:57:27 [32mINFO [0m [90msrc/aap2_client.c:418:[0m Bundle sent !
16:57:27 [36mDEBUG[0m [90msrc/aap2_client.c:334:[0m Success
16:57:27 [32mINFO [0m [90msrc/aap2_client.c:418:[0m Bundle sent !
16:57:27 [36mDEBUG[0m [90msrc/aap2_client.c:334:[0m Success
16:57:27 [32mINFO [0m [90msrc/aap2_client.c:418:[0m Bundle sent !
16:57:27 [36mDEBUG[0m [90msrc/aap2_client.c:334:[0m Success
16:57:28 [32mINFO [0m [90msrc/aap2_client.c:418:[0m Bundle sent !
16:57:28 [36mDEBUG[0m [90msrc/aap2_client.c:334:[0m Success
16:57:28 [32mINFO [0m [90msrc/aap2_client.c:418:[0m Bundle sent !
16:57:28 [36mDEBUG[0m [90msrc/aap2_client.c:334:[0m Success
16:57:28 [32mINFO [0m [90msrc/aap2_client.c:418:[0m Bundle sent !
16:57:28 [36mDEBUG[0m [90msrc/aap2_client.c:334:[0m Success
16:57:28 [32mINFO [0m [90msrc/aap2_client.c:418:[0m Bundle sent !
16:57:28 [36mDEBUG[0m [90msrc/aap2_client.c:334:[0m Success
16:57:28 [32mINFO [0m [90msrc/aap2_client.c:418:[0m Bundle sent !
16:57:28 [36mDEBUG[0m [90msrc/aap2_client.c:334:[0m Success
16:57:28 [32mINFO [0m [90msrc/aap2_client.c:418:[0m Bundle sent !
16:57:28 [36mDEBUG[0m [90msrc/aap2_client.c:334:[0m Success
16:57:28 [32mINFO [0m [90msrc/aap2_client.c:418:[0m Bundle sent !
16:57:28 [36mDEBUG[0m [90msrc/aap2_client.c:334:[0m Success
16:57:28 [32mINFO [0m [90msrc/aap2_client.c:418:[0m Bundle sent !
16:57:28 [36mDEBUG[0m [90msrc/aap2_client.c:334:[0m Success
16:57:28 [32mINFO [0m [90msrc/aap2_client.c:418:[0m Bundle sent !
16:57:28 [36mDEBUG[0m [90msrc/aap2_client.c:334:[0m Success
16:57:28 [32mINFO [0m [90msrc/aap2_client.c:418:[0m Bundle sent !
16:57:28 [36mDEBUG[0m [90msrc/aap2_client.c:334:[0m Success
16:57:28 [32mINFO [0m [90msrc/aap2_client.c:418:[0m Bundle sent !
16:57:28 [36mDEBUG[0m [90msrc/aap2_client.c:334:[0m Success
16:57:28 [32mINFO [0m [90msrc/aap2_client.c:418:[0m Bundle sent !
16:57:28 [36mDEBUG[0m [90msrc/aap2_client.c:334:[0m Success
16:57:28 [32mINFO [0m [90msrc/aap2_client.c:418:[0m Bundle sent !
16:57:28 [36mDEBUG[0m [90msrc/aap2_client.c:334:[0m Success
16:57:28 [32mINFO [0m [90msrc/aap2_client.c:418:[0m Bundle sent !
16:57:28 [36mDEBUG[0m [90msrc/aap2_client.c:334:[0m Success
16:57:28 [32mINFO [0m [90msrc/aap2_client.c:418:[0m Bundle sent !
16:57:28 [36mDEBUG[0m [90msrc/aap2_client.c:334:[0m Success
16:57:28 [32mINFO [0m [90msrc/aap2_client.c:418:[0m Bundle sent !
16:57:28 [36mDEBUG[0m [90msrc/aap2_client.c:334:[0m Success
16:57:28 [32mINFO [0m [90msrc/aap2_client.c:418:[0m Bundle sent !
16:57:28 [36mDEBUG[0m [90msrc/aap2_client.c:334:[0m Success
16:57:28 [32mINFO [0m [90msrc/aap2_client.c:418:[0m Bundle sent !
16:57:28 [36mDEBUG[0m [90msrc/aap2_client.c:334:[0m Success
16:57:28 [32mINFO [0m [90msrc/aap2_client.c:418:[0m Bundle sent !
16:57:28 [36mDEBUG[0m [90msrc/aap2_client.c:334:[0m Success
16:57:28 [32mINFO [0m [90msrc/aap2_client.c:418:[0m Bundle sent !
16:57:28 [36mDEBUG[0m [90msrc/aap2_client.c:334:[0m Success
16:57:28 [32mINFO [0m [90msrc/aap2_client.c:418:[0m Bundle sent !
16:57:28 [36mDEBUG[0m [90msrc/aap2_client.c:334:[0m Success
16:57:28 [32mINFO [0m [90msrc/aap2_client.c:418:[0m Bundle sent !
16:57:28 [36mDEBUG[0m [90msrc/aap2_client.c:334:[0m Success
16:57:28 [32mINFO [0m [90msrc/aap2_client.c:418:[0m Bundle sent !
16:57:28 [36mDEBUG[0m [90msrc/aap2_client.c:334:[0m Success
16:57:28 [32mINFO [0m [90msrc/aap2_client.c:418:[0m Bundle sent !
16:57:28 [36mDEBUG[0m [90msrc/aap2_client.c:334:[0m Success
16:57:28 [32mINFO [0m [90msrc/aap2_client.c:418:[0m Bundle sent !
16:57:28 [36mDEBUG[0m [90msrc/aap2_client.c:334:[0m Success
16:57:28 [32mINFO [0m [90msrc/aap2_client.c:418:[0m Bundle sent !
16:57:28 [36mDEBUG[0m [90msrc/aap2_client.c:334:[0m Success
16:57:28 [32mINFO [0m [90msrc/aap2_client.c:418:[0m Bundle sent !
16:57:28 [36mDEBUG[0m [90msrc/aap2_client.c:334:[0m Success
16:57:28 [32mINFO [0m [90msrc/aap2_client.c:418:[0m Bundle sent !
16:57:28 [36mDEBUG[0m [90msrc/aap2_client.c:334:[0m Success
16:57:28 [32mINFO [0m [90msrc/aap2_client.c:418:[0m Bundle sent !
16:57:28 [36mDEBUG[0m [90msrc/aap2_client.c:334:[0m Success
16:57:28 [32mINFO [0m [90msrc/aap2_client.c:418:[0m Bundle sent !
16:57:28 [36mDEBUG[0m [90msrc/aap2_client.c:334:[0m Success
