listening on :4000  (will print stats after 30 packets)
RECV seq=1 latency=2465.284ms size=4096
RECV seq=2 latency=2470.630ms size=4096
RECV seq=3 latency=3273.270ms size=4096
RECV seq=4 latency=2467.934ms size=4096
RECV seq=5 latency=2373.452ms size=4096
RECV seq=6 latency=2474.167ms size=4096
RECV seq=7 latency=2464.846ms size=4096
RECV seq=8 latency=2468.817ms size=4096
RECV seq=9 latency=3484.931ms size=4096
RECV seq=10 latency=2401.772ms size=4096
RECV seq=11 latency=2471.305ms size=4096
RECV seq=12 latency=2472.634ms size=4096
RECV seq=13 latency=2472.441ms size=4096
RECV seq=14 latency=3376.026ms size=4096
RECV seq=15 latency=3243.973ms size=4096
RECV seq=16 latency=2471.998ms size=4096
RECV seq=17 latency=3242.746ms size=4096
RECV seq=18 latency=2466.846ms size=4096
RECV seq=19 latency=2475.744ms size=4096
RECV seq=20 latency=2476.607ms size=4096
RECV seq=21 latency=3283.214ms size=4096
RECV seq=22 latency=2472.146ms size=4096
RECV seq=23 latency=2470.562ms size=4096
RECV seq=24 latency=2467.946ms size=4096
RECV seq=25 latency=2472.612ms size=4096
RECV seq=26 latency=3573.812ms size=4096
RECV seq=27 latency=2472.691ms size=4096
RECV seq=28 latency=2470.379ms size=4096
RECV seq=29 latency=2473.580ms size=4096
RECV seq=30 latency=2466.641ms size=4096

--- measurement summary ---
received : 30 / 30  (100.0% delivery rate)
latency  : min=2373.452 ms  mean=2671.300 ms  max=3573.812 ms  stddev=381.691 ms
